[2026-06-10T21:57:31.214+0000] {local_task_job_runner.py:120} INFO - ::group::Pre task execution logs
[2026-06-10T21:57:31.237+0000] {taskinstance.py:2076} INFO - Dependencies all met for dep_context=non-requeueable deps ti=<TaskInstance: dag_backfill.fetch_backfill manual__2026-06-10T21:57:24.232105+00:00 [queued]>
[2026-06-10T21:57:31.245+0000] {taskinstance.py:2076} INFO - Dependencies all met for dep_context=requeueable deps ti=<TaskInstance: dag_backfill.fetch_backfill manual__2026-06-10T21:57:24.232105+00:00 [queued]>
[2026-06-10T21:57:31.245+0000] {taskinstance.py:2306} INFO - Starting attempt 1 of 4
[2026-06-10T21:57:31.256+0000] {taskinstance.py:2330} INFO - Executing <Task(PythonOperator): fetch_backfill> on 2026-06-10 21:57:24.232105+00:00
[2026-06-10T21:57:31.265+0000] {warnings.py:110} WARNING - /home/***/.local/lib/python3.12/site-packages/***/task/task_runner/standard_task_runner.py:61: DeprecationWarning: This process (pid=158) is multi-threaded, use of fork() may lead to deadlocks in the child.
  pid = os.fork()

[2026-06-10T21:57:31.266+0000] {standard_task_runner.py:63} INFO - Started process 160 to run task
[2026-06-10T21:57:31.267+0000] {standard_task_runner.py:90} INFO - Running: ['***', 'tasks', 'run', 'dag_backfill', 'fetch_backfill', 'manual__2026-06-10T21:57:24.232105+00:00', '--job-id', '3', '--raw', '--subdir', 'DAGS_FOLDER/dag_backfill.py', '--cfg-path', '/tmp/tmpg_e72e2_']
[2026-06-10T21:57:31.269+0000] {standard_task_runner.py:91} INFO - Job 3: Subtask fetch_backfill
[2026-06-10T21:57:31.312+0000] {task_command.py:426} INFO - Running <TaskInstance: dag_backfill.fetch_backfill manual__2026-06-10T21:57:24.232105+00:00 [running]> on host 57d0d2489a04
[2026-06-10T21:57:31.388+0000] {taskinstance.py:2648} INFO - Exporting env vars: AIRFLOW_CTX_DAG_OWNER='***' AIRFLOW_CTX_DAG_ID='dag_backfill' AIRFLOW_CTX_TASK_ID='fetch_backfill' AIRFLOW_CTX_EXECUTION_DATE='2026-06-10T21:57:24.232105+00:00' AIRFLOW_CTX_TRY_NUMBER='1' AIRFLOW_CTX_DAG_RUN_ID='manual__2026-06-10T21:57:24.232105+00:00'
[2026-06-10T21:57:31.390+0000] {taskinstance.py:430} INFO - ::endgroup::
[2026-06-10T21:57:31.878+0000] {logging_mixin.py:188} INFO - BTCUSDT: fetched 1000 candles so far
[2026-06-10T21:57:32.285+0000] {logging_mixin.py:188} INFO - BTCUSDT: fetched 2000 candles so far
[2026-06-10T21:57:32.681+0000] {logging_mixin.py:188} INFO - BTCUSDT: fetched 3000 candles so far
[2026-06-10T21:57:33.025+0000] {logging_mixin.py:188} INFO - BTCUSDT: fetched 4000 candles so far
[2026-06-10T21:57:33.406+0000] {logging_mixin.py:188} INFO - BTCUSDT: fetched 5000 candles so far
[2026-06-10T21:57:33.679+0000] {logging_mixin.py:188} INFO - BTCUSDT: fetched 6000 candles so far
[2026-06-10T21:57:33.842+0000] {logging_mixin.py:188} INFO - BTCUSDT: fetched 7000 candles so far
[2026-06-10T21:57:34.164+0000] {logging_mixin.py:188} INFO - BTCUSDT: fetched 8000 candles so far
[2026-06-10T21:57:34.346+0000] {logging_mixin.py:188} INFO - BTCUSDT: fetched 8760 candles so far
[2026-06-10T21:57:34.472+0000] {logging_mixin.py:188} INFO - BTCUSDT: total 8760 candles saved to staging
[2026-06-10T21:57:34.619+0000] {logging_mixin.py:188} INFO - ETHUSDT: fetched 1000 candles so far
[2026-06-10T21:57:34.746+0000] {logging_mixin.py:188} INFO - ETHUSDT: fetched 2000 candles so far
[2026-06-10T21:57:34.871+0000] {logging_mixin.py:188} INFO - ETHUSDT: fetched 3000 candles so far
[2026-06-10T21:57:35.068+0000] {logging_mixin.py:188} INFO - ETHUSDT: fetched 4000 candles so far
[2026-06-10T21:57:35.204+0000] {logging_mixin.py:188} INFO - ETHUSDT: fetched 5000 candles so far
[2026-06-10T21:57:35.336+0000] {logging_mixin.py:188} INFO - ETHUSDT: fetched 6000 candles so far
[2026-06-10T21:57:35.459+0000] {logging_mixin.py:188} INFO - ETHUSDT: fetched 7000 candles so far
[2026-06-10T21:57:35.607+0000] {logging_mixin.py:188} INFO - ETHUSDT: fetched 8000 candles so far
[2026-06-10T21:57:35.750+0000] {logging_mixin.py:188} INFO - ETHUSDT: fetched 8760 candles so far
[2026-06-10T21:57:35.895+0000] {logging_mixin.py:188} INFO - ETHUSDT: total 8760 candles saved to staging
[2026-06-10T21:57:36.047+0000] {logging_mixin.py:188} INFO - BNBUSDT: fetched 1000 candles so far
[2026-06-10T21:57:36.438+0000] {logging_mixin.py:188} INFO - BNBUSDT: fetched 2000 candles so far
[2026-06-10T21:57:36.836+0000] {logging_mixin.py:188} INFO - BNBUSDT: fetched 3000 candles so far
[2026-06-10T21:57:36.965+0000] {logging_mixin.py:188} INFO - BNBUSDT: fetched 4000 candles so far
[2026-06-10T21:57:37.099+0000] {logging_mixin.py:188} INFO - BNBUSDT: fetched 5000 candles so far
[2026-06-10T21:57:37.330+0000] {logging_mixin.py:188} INFO - BNBUSDT: fetched 6000 candles so far
[2026-06-10T21:57:37.881+0000] {logging_mixin.py:188} INFO - BNBUSDT: fetched 7000 candles so far
[2026-06-10T21:57:38.145+0000] {logging_mixin.py:188} INFO - BNBUSDT: fetched 8000 candles so far
[2026-06-10T21:57:38.401+0000] {logging_mixin.py:188} INFO - BNBUSDT: fetched 8760 candles so far
[2026-06-10T21:57:38.445+0000] {logging_mixin.py:188} INFO - BNBUSDT: total 8760 candles saved to staging
[2026-06-10T21:57:38.649+0000] {logging_mixin.py:188} INFO - XRPUSDT: fetched 1000 candles so far
[2026-06-10T21:57:38.829+0000] {logging_mixin.py:188} INFO - XRPUSDT: fetched 2000 candles so far
[2026-06-10T21:57:38.960+0000] {logging_mixin.py:188} INFO - XRPUSDT: fetched 3000 candles so far
[2026-06-10T21:57:39.224+0000] {logging_mixin.py:188} INFO - XRPUSDT: fetched 4000 candles so far
[2026-06-10T21:57:39.376+0000] {logging_mixin.py:188} INFO - XRPUSDT: fetched 5000 candles so far
[2026-06-10T21:57:39.545+0000] {logging_mixin.py:188} INFO - XRPUSDT: fetched 6000 candles so far
[2026-06-10T21:57:39.700+0000] {logging_mixin.py:188} INFO - XRPUSDT: fetched 7000 candles so far
[2026-06-10T21:57:39.843+0000] {logging_mixin.py:188} INFO - XRPUSDT: fetched 8000 candles so far
[2026-06-10T21:57:39.991+0000] {logging_mixin.py:188} INFO - XRPUSDT: fetched 8760 candles so far
[2026-06-10T21:57:40.032+0000] {logging_mixin.py:188} INFO - XRPUSDT: total 8760 candles saved to staging
[2026-06-10T21:57:40.305+0000] {logging_mixin.py:188} INFO - SOLUSDT: fetched 1000 candles so far
[2026-06-10T21:57:40.603+0000] {logging_mixin.py:188} INFO - SOLUSDT: fetched 2000 candles so far
[2026-06-10T21:57:40.967+0000] {logging_mixin.py:188} INFO - SOLUSDT: fetched 3000 candles so far
[2026-06-10T21:57:41.218+0000] {logging_mixin.py:188} INFO - SOLUSDT: fetched 4000 candles so far
[2026-06-10T21:57:41.418+0000] {logging_mixin.py:188} INFO - SOLUSDT: fetched 5000 candles so far
[2026-06-10T21:57:41.623+0000] {logging_mixin.py:188} INFO - SOLUSDT: fetched 6000 candles so far
[2026-06-10T21:57:41.908+0000] {logging_mixin.py:188} INFO - SOLUSDT: fetched 7000 candles so far
[2026-06-10T21:57:42.115+0000] {logging_mixin.py:188} INFO - SOLUSDT: fetched 8000 candles so far
[2026-06-10T21:57:42.235+0000] {logging_mixin.py:188} INFO - SOLUSDT: fetched 8760 candles so far
[2026-06-10T21:57:42.287+0000] {logging_mixin.py:188} INFO - SOLUSDT: total 8760 candles saved to staging
[2026-06-10T21:57:42.412+0000] {logging_mixin.py:188} INFO - DOGEUSDT: fetched 1000 candles so far
[2026-06-10T21:57:42.607+0000] {logging_mixin.py:188} INFO - DOGEUSDT: fetched 2000 candles so far
[2026-06-10T21:57:42.736+0000] {logging_mixin.py:188} INFO - DOGEUSDT: fetched 3000 candles so far
[2026-06-10T21:57:42.897+0000] {logging_mixin.py:188} INFO - DOGEUSDT: fetched 4000 candles so far
[2026-06-10T21:57:43.089+0000] {logging_mixin.py:188} INFO - DOGEUSDT: fetched 5000 candles so far
[2026-06-10T21:57:43.212+0000] {logging_mixin.py:188} INFO - DOGEUSDT: fetched 6000 candles so far
[2026-06-10T21:57:43.337+0000] {logging_mixin.py:188} INFO - DOGEUSDT: fetched 7000 candles so far
[2026-06-10T21:57:43.600+0000] {logging_mixin.py:188} INFO - DOGEUSDT: fetched 8000 candles so far
[2026-06-10T21:57:43.820+0000] {logging_mixin.py:188} INFO - DOGEUSDT: fetched 8760 candles so far
[2026-06-10T21:57:44.007+0000] {logging_mixin.py:188} INFO - DOGEUSDT: total 8760 candles saved to staging
[2026-06-10T21:57:44.206+0000] {logging_mixin.py:188} INFO - AVAXUSDT: fetched 1000 candles so far
[2026-06-10T21:57:44.373+0000] {logging_mixin.py:188} INFO - AVAXUSDT: fetched 2000 candles so far
[2026-06-10T21:57:44.526+0000] {logging_mixin.py:188} INFO - AVAXUSDT: fetched 3000 candles so far
[2026-06-10T21:57:44.668+0000] {logging_mixin.py:188} INFO - AVAXUSDT: fetched 4000 candles so far
[2026-06-10T21:57:44.860+0000] {logging_mixin.py:188} INFO - AVAXUSDT: fetched 5000 candles so far
[2026-06-10T21:57:45.028+0000] {logging_mixin.py:188} INFO - AVAXUSDT: fetched 6000 candles so far
[2026-06-10T21:57:45.274+0000] {logging_mixin.py:188} INFO - AVAXUSDT: fetched 7000 candles so far
[2026-06-10T21:57:45.458+0000] {logging_mixin.py:188} INFO - AVAXUSDT: fetched 8000 candles so far
[2026-06-10T21:57:45.700+0000] {logging_mixin.py:188} INFO - AVAXUSDT: fetched 8760 candles so far
[2026-06-10T21:57:45.885+0000] {logging_mixin.py:188} INFO - AVAXUSDT: total 8760 candles saved to staging
[2026-06-10T21:57:46.080+0000] {logging_mixin.py:188} INFO - LINKUSDT: fetched 1000 candles so far
[2026-06-10T21:57:46.480+0000] {logging_mixin.py:188} INFO - LINKUSDT: fetched 2000 candles so far
[2026-06-10T21:57:46.604+0000] {logging_mixin.py:188} INFO - LINKUSDT: fetched 3000 candles so far
[2026-06-10T21:57:46.735+0000] {logging_mixin.py:188} INFO - LINKUSDT: fetched 4000 candles so far
[2026-06-10T21:57:46.997+0000] {logging_mixin.py:188} INFO - LINKUSDT: fetched 5000 candles so far
[2026-06-10T21:57:47.434+0000] {logging_mixin.py:188} INFO - LINKUSDT: fetched 6000 candles so far
[2026-06-10T21:57:47.824+0000] {logging_mixin.py:188} INFO - LINKUSDT: fetched 7000 candles so far
[2026-06-10T21:57:47.951+0000] {logging_mixin.py:188} INFO - LINKUSDT: fetched 8000 candles so far
[2026-06-10T21:57:48.137+0000] {logging_mixin.py:188} INFO - LINKUSDT: fetched 8760 candles so far
[2026-06-10T21:57:48.178+0000] {logging_mixin.py:188} INFO - LINKUSDT: total 8760 candles saved to staging
[2026-06-10T21:57:48.454+0000] {logging_mixin.py:188} INFO - ADAUSDT: fetched 1000 candles so far
[2026-06-10T21:57:48.623+0000] {logging_mixin.py:188} INFO - ADAUSDT: fetched 2000 candles so far
[2026-06-10T21:57:48.761+0000] {logging_mixin.py:188} INFO - ADAUSDT: fetched 3000 candles so far
[2026-06-10T21:57:48.900+0000] {logging_mixin.py:188} INFO - ADAUSDT: fetched 4000 candles so far
[2026-06-10T21:57:49.032+0000] {logging_mixin.py:188} INFO - ADAUSDT: fetched 5000 candles so far
[2026-06-10T21:57:49.160+0000] {logging_mixin.py:188} INFO - ADAUSDT: fetched 6000 candles so far
[2026-06-10T21:57:49.281+0000] {logging_mixin.py:188} INFO - ADAUSDT: fetched 7000 candles so far
[2026-06-10T21:57:49.412+0000] {logging_mixin.py:188} INFO - ADAUSDT: fetched 8000 candles so far
[2026-06-10T21:57:49.635+0000] {logging_mixin.py:188} INFO - ADAUSDT: fetched 8760 candles so far
[2026-06-10T21:57:49.718+0000] {logging_mixin.py:188} INFO - ADAUSDT: total 8760 candles saved to staging
[2026-06-10T21:57:49.885+0000] {logging_mixin.py:188} INFO - LTCUSDT: fetched 1000 candles so far
[2026-06-10T21:57:50.063+0000] {logging_mixin.py:188} INFO - LTCUSDT: fetched 2000 candles so far
[2026-06-10T21:57:50.189+0000] {logging_mixin.py:188} INFO - LTCUSDT: fetched 3000 candles so far
[2026-06-10T21:57:50.384+0000] {logging_mixin.py:188} INFO - LTCUSDT: fetched 4000 candles so far
[2026-06-10T21:57:50.642+0000] {logging_mixin.py:188} INFO - LTCUSDT: fetched 5000 candles so far
[2026-06-10T21:57:50.842+0000] {logging_mixin.py:188} INFO - LTCUSDT: fetched 6000 candles so far
[2026-06-10T21:57:50.966+0000] {logging_mixin.py:188} INFO - LTCUSDT: fetched 7000 candles so far
[2026-06-10T21:57:51.220+0000] {logging_mixin.py:188} INFO - LTCUSDT: fetched 8000 candles so far
[2026-06-10T21:57:51.412+0000] {logging_mixin.py:188} INFO - LTCUSDT: fetched 8760 candles so far
[2026-06-10T21:57:51.464+0000] {logging_mixin.py:188} INFO - LTCUSDT: total 8760 candles saved to staging
[2026-06-10T21:57:51.467+0000] {python.py:237} INFO - Done. Returned value was: None
[2026-06-10T21:57:51.468+0000] {taskinstance.py:441} INFO - ::group::Post task execution logs
[2026-06-10T21:57:51.476+0000] {taskinstance.py:1206} INFO - Marking task as SUCCESS. dag_id=dag_backfill, task_id=fetch_backfill, run_id=manual__2026-06-10T21:57:24.232105+00:00, execution_date=20260610T215724, start_date=20260610T215731, end_date=20260610T215751
[2026-06-10T21:57:51.530+0000] {local_task_job_runner.py:240} INFO - Task exited with return code 0
[2026-06-10T21:57:51.546+0000] {taskinstance.py:3498} INFO - 1 downstream tasks scheduled from follow-on schedule check
[2026-06-10T21:57:51.547+0000] {local_task_job_runner.py:222} INFO - ::endgroup::
