[2026-06-12T23:00:02.789+0000] {local_task_job_runner.py:120} INFO - ::group::Pre task execution logs
[2026-06-12T23:00:02.849+0000] {taskinstance.py:2076} INFO - Dependencies all met for dep_context=non-requeueable deps ti=<TaskInstance: dag_incremental.fetch_incremental scheduled__2026-06-12T22:00:00+00:00 [queued]>
[2026-06-12T23:00:02.858+0000] {taskinstance.py:2076} INFO - Dependencies all met for dep_context=requeueable deps ti=<TaskInstance: dag_incremental.fetch_incremental scheduled__2026-06-12T22:00:00+00:00 [queued]>
[2026-06-12T23:00:02.859+0000] {taskinstance.py:2306} INFO - Starting attempt 1 of 4
[2026-06-12T23:00:02.881+0000] {taskinstance.py:2330} INFO - Executing <Task(PythonOperator): fetch_incremental> on 2026-06-12 22:00:00+00:00
[2026-06-12T23:00:02.900+0000] {standard_task_runner.py:90} INFO - Running: ['***', 'tasks', 'run', 'dag_incremental', 'fetch_incremental', 'scheduled__2026-06-12T22:00:00+00:00', '--job-id', '33', '--raw', '--subdir', 'DAGS_FOLDER/dag_incremental.py', '--cfg-path', '/tmp/tmp5qzze22f']
[2026-06-12T23:00:02.899+0000] {warnings.py:110} WARNING - /home/***/.local/lib/python3.12/site-packages/***/task/task_runner/standard_task_runner.py:61: DeprecationWarning: This process (pid=715) is multi-threaded, use of fork() may lead to deadlocks in the child.
  pid = os.fork()

[2026-06-12T23:00:02.903+0000] {standard_task_runner.py:63} INFO - Started process 717 to run task
[2026-06-12T23:00:02.903+0000] {standard_task_runner.py:91} INFO - Job 33: Subtask fetch_incremental
[2026-06-12T23:00:03.065+0000] {task_command.py:426} INFO - Running <TaskInstance: dag_incremental.fetch_incremental scheduled__2026-06-12T22:00:00+00:00 [running]> on host 1fca64daf2a8
[2026-06-12T23:00:03.324+0000] {taskinstance.py:2648} INFO - Exporting env vars: AIRFLOW_CTX_DAG_OWNER='***' AIRFLOW_CTX_DAG_ID='dag_incremental' AIRFLOW_CTX_TASK_ID='fetch_incremental' AIRFLOW_CTX_EXECUTION_DATE='2026-06-12T22:00:00+00:00' AIRFLOW_CTX_TRY_NUMBER='1' AIRFLOW_CTX_DAG_RUN_ID='scheduled__2026-06-12T22:00:00+00:00'
[2026-06-12T23:00:03.327+0000] {taskinstance.py:430} INFO - ::endgroup::
[2026-06-12T23:00:04.909+0000] {logging_mixin.py:188} INFO - BTCUSDT: resuming from 2026-06-12 23:00:00
[2026-06-12T23:00:05.616+0000] {logging_mixin.py:188} INFO - BTCUSDT: 1 candles uploaded to staging
[2026-06-12T23:00:06.048+0000] {logging_mixin.py:188} INFO - ETHUSDT: resuming from 2026-06-12 23:00:00
[2026-06-12T23:00:06.341+0000] {logging_mixin.py:188} INFO - ETHUSDT: 1 candles uploaded to staging
[2026-06-12T23:00:06.685+0000] {logging_mixin.py:188} INFO - BNBUSDT: resuming from 2026-06-12 23:00:00
[2026-06-12T23:00:06.890+0000] {logging_mixin.py:188} INFO - BNBUSDT: 1 candles uploaded to staging
[2026-06-12T23:00:07.271+0000] {logging_mixin.py:188} INFO - XRPUSDT: resuming from 2026-06-12 23:00:00
[2026-06-12T23:00:07.605+0000] {logging_mixin.py:188} INFO - XRPUSDT: 1 candles uploaded to staging
[2026-06-12T23:00:08.098+0000] {logging_mixin.py:188} INFO - SOLUSDT: resuming from 2026-06-12 23:00:00
[2026-06-12T23:00:08.331+0000] {logging_mixin.py:188} INFO - SOLUSDT: 1 candles uploaded to staging
[2026-06-12T23:00:08.682+0000] {logging_mixin.py:188} INFO - DOGEUSDT: resuming from 2026-06-12 23:00:00
[2026-06-12T23:00:09.025+0000] {logging_mixin.py:188} INFO - DOGEUSDT: 1 candles uploaded to staging
[2026-06-12T23:00:09.348+0000] {logging_mixin.py:188} INFO - AVAXUSDT: resuming from 2026-06-12 23:00:00
[2026-06-12T23:00:09.588+0000] {logging_mixin.py:188} INFO - AVAXUSDT: 1 candles uploaded to staging
[2026-06-12T23:00:09.966+0000] {logging_mixin.py:188} INFO - LINKUSDT: resuming from 2026-06-12 23:00:00
[2026-06-12T23:00:10.355+0000] {logging_mixin.py:188} INFO - LINKUSDT: 1 candles uploaded to staging
[2026-06-12T23:00:10.678+0000] {logging_mixin.py:188} INFO - ADAUSDT: resuming from 2026-06-12 23:00:00
[2026-06-12T23:00:10.854+0000] {logging_mixin.py:188} INFO - ADAUSDT: 1 candles uploaded to staging
[2026-06-12T23:00:11.211+0000] {logging_mixin.py:188} INFO - LTCUSDT: resuming from 2026-06-12 23:00:00
[2026-06-12T23:00:11.396+0000] {logging_mixin.py:188} INFO - LTCUSDT: 1 candles uploaded to staging
[2026-06-12T23:00:11.398+0000] {python.py:237} INFO - Done. Returned value was: None
[2026-06-12T23:00:11.400+0000] {taskinstance.py:441} INFO - ::group::Post task execution logs
[2026-06-12T23:00:11.414+0000] {taskinstance.py:1206} INFO - Marking task as SUCCESS. dag_id=dag_incremental, task_id=fetch_incremental, run_id=scheduled__2026-06-12T22:00:00+00:00, execution_date=20260612T220000, start_date=20260612T230002, end_date=20260612T230011
[2026-06-12T23:00:11.484+0000] {local_task_job_runner.py:240} INFO - Task exited with return code 0
[2026-06-12T23:00:11.510+0000] {taskinstance.py:3498} INFO - 1 downstream tasks scheduled from follow-on schedule check
[2026-06-12T23:00:11.513+0000] {local_task_job_runner.py:222} INFO - ::endgroup::
