[2026-06-08T20:18:40.981+0000] {processor.py:161} INFO - Started process (PID=55) to work on /opt/airflow/dags/dag_binance_to_gcs.py
[2026-06-08T20:18:40.986+0000] {processor.py:830} INFO - Processing file /opt/airflow/dags/dag_binance_to_gcs.py for tasks to queue
[2026-06-08T20:18:40.993+0000] {logging_mixin.py:188} INFO - [2026-06-08T20:18:40.993+0000] {dagbag.py:545} INFO - Filling up the DagBag from /opt/airflow/dags/dag_binance_to_gcs.py
[2026-06-08T20:18:41.087+0000] {processor.py:840} INFO - DAG(s) 'dag_binance_to_gcs' retrieved from /opt/airflow/dags/dag_binance_to_gcs.py
[2026-06-08T20:18:42.458+0000] {logging_mixin.py:188} INFO - [2026-06-08T20:18:42.453+0000] {override.py:1829} INFO - Created Permission View: can read on DAG:dag_binance_to_gcs
[2026-06-08T20:18:42.561+0000] {logging_mixin.py:188} INFO - [2026-06-08T20:18:42.544+0000] {override.py:1829} INFO - Created Permission View: can delete on DAG:dag_binance_to_gcs
[2026-06-08T20:18:42.692+0000] {logging_mixin.py:188} INFO - [2026-06-08T20:18:42.692+0000] {override.py:1829} INFO - Created Permission View: can edit on DAG:dag_binance_to_gcs
[2026-06-08T20:18:42.704+0000] {logging_mixin.py:188} INFO - [2026-06-08T20:18:42.704+0000] {dag.py:3096} INFO - Sync 1 DAGs
[2026-06-08T20:18:43.011+0000] {logging_mixin.py:188} INFO - [2026-06-08T20:18:43.007+0000] {dag.py:3118} INFO - Creating ORM DAG for dag_binance_to_gcs
[2026-06-08T20:18:43.473+0000] {logging_mixin.py:188} INFO - [2026-06-08T20:18:43.473+0000] {dag.py:3954} INFO - Setting next_dagrun for dag_binance_to_gcs to 2026-06-08 19:00:00+00:00, run_after=2026-06-08 20:00:00+00:00
[2026-06-08T20:18:43.633+0000] {processor.py:183} INFO - Processing /opt/airflow/dags/dag_binance_to_gcs.py took 2.676 seconds
[2026-06-08T20:19:13.866+0000] {processor.py:161} INFO - Started process (PID=114) to work on /opt/airflow/dags/dag_binance_to_gcs.py
[2026-06-08T20:19:13.867+0000] {processor.py:830} INFO - Processing file /opt/airflow/dags/dag_binance_to_gcs.py for tasks to queue
[2026-06-08T20:19:13.869+0000] {logging_mixin.py:188} INFO - [2026-06-08T20:19:13.868+0000] {dagbag.py:545} INFO - Filling up the DagBag from /opt/airflow/dags/dag_binance_to_gcs.py
[2026-06-08T20:19:13.880+0000] {processor.py:840} INFO - DAG(s) 'dag_binance_to_gcs' retrieved from /opt/airflow/dags/dag_binance_to_gcs.py
[2026-06-08T20:19:13.911+0000] {logging_mixin.py:188} INFO - [2026-06-08T20:19:13.911+0000] {dag.py:3096} INFO - Sync 1 DAGs
[2026-06-08T20:19:13.936+0000] {logging_mixin.py:188} INFO - [2026-06-08T20:19:13.936+0000] {dag.py:3954} INFO - Setting next_dagrun for dag_binance_to_gcs to 2026-06-08 19:00:00+00:00, run_after=2026-06-08 20:00:00+00:00
[2026-06-08T20:19:13.954+0000] {processor.py:183} INFO - Processing /opt/airflow/dags/dag_binance_to_gcs.py took 0.108 seconds
[2026-06-08T20:19:44.254+0000] {processor.py:161} INFO - Started process (PID=173) to work on /opt/airflow/dags/dag_binance_to_gcs.py
[2026-06-08T20:19:44.255+0000] {processor.py:830} INFO - Processing file /opt/airflow/dags/dag_binance_to_gcs.py for tasks to queue
[2026-06-08T20:19:44.257+0000] {logging_mixin.py:188} INFO - [2026-06-08T20:19:44.257+0000] {dagbag.py:545} INFO - Filling up the DagBag from /opt/airflow/dags/dag_binance_to_gcs.py
[2026-06-08T20:19:44.265+0000] {processor.py:840} INFO - DAG(s) 'dag_binance_to_gcs' retrieved from /opt/airflow/dags/dag_binance_to_gcs.py
[2026-06-08T20:19:44.284+0000] {logging_mixin.py:188} INFO - [2026-06-08T20:19:44.284+0000] {dag.py:3096} INFO - Sync 1 DAGs
[2026-06-08T20:19:44.309+0000] {logging_mixin.py:188} INFO - [2026-06-08T20:19:44.309+0000] {dag.py:3954} INFO - Setting next_dagrun for dag_binance_to_gcs to 2026-06-08 19:00:00+00:00, run_after=2026-06-08 20:00:00+00:00
[2026-06-08T20:19:44.325+0000] {processor.py:183} INFO - Processing /opt/airflow/dags/dag_binance_to_gcs.py took 0.076 seconds
[2026-06-08T20:20:14.594+0000] {processor.py:161} INFO - Started process (PID=232) to work on /opt/airflow/dags/dag_binance_to_gcs.py
[2026-06-08T20:20:14.595+0000] {processor.py:830} INFO - Processing file /opt/airflow/dags/dag_binance_to_gcs.py for tasks to queue
[2026-06-08T20:20:14.596+0000] {logging_mixin.py:188} INFO - [2026-06-08T20:20:14.596+0000] {dagbag.py:545} INFO - Filling up the DagBag from /opt/airflow/dags/dag_binance_to_gcs.py
[2026-06-08T20:20:14.603+0000] {processor.py:840} INFO - DAG(s) 'dag_binance_to_gcs' retrieved from /opt/airflow/dags/dag_binance_to_gcs.py
[2026-06-08T20:20:14.632+0000] {logging_mixin.py:188} INFO - [2026-06-08T20:20:14.632+0000] {dag.py:3096} INFO - Sync 1 DAGs
[2026-06-08T20:20:14.668+0000] {logging_mixin.py:188} INFO - [2026-06-08T20:20:14.668+0000] {dag.py:3954} INFO - Setting next_dagrun for dag_binance_to_gcs to 2026-06-08 19:00:00+00:00, run_after=2026-06-08 20:00:00+00:00
[2026-06-08T20:20:14.694+0000] {processor.py:183} INFO - Processing /opt/airflow/dags/dag_binance_to_gcs.py took 0.106 seconds
[2026-06-08T20:20:45.135+0000] {processor.py:161} INFO - Started process (PID=290) to work on /opt/airflow/dags/dag_binance_to_gcs.py
[2026-06-08T20:20:45.138+0000] {processor.py:830} INFO - Processing file /opt/airflow/dags/dag_binance_to_gcs.py for tasks to queue
[2026-06-08T20:20:45.142+0000] {logging_mixin.py:188} INFO - [2026-06-08T20:20:45.142+0000] {dagbag.py:545} INFO - Filling up the DagBag from /opt/airflow/dags/dag_binance_to_gcs.py
[2026-06-08T20:20:45.154+0000] {processor.py:840} INFO - DAG(s) 'dag_binance_to_gcs' retrieved from /opt/airflow/dags/dag_binance_to_gcs.py
[2026-06-08T20:20:45.181+0000] {logging_mixin.py:188} INFO - [2026-06-08T20:20:45.181+0000] {dag.py:3096} INFO - Sync 1 DAGs
[2026-06-08T20:20:45.216+0000] {logging_mixin.py:188} INFO - [2026-06-08T20:20:45.216+0000] {dag.py:3954} INFO - Setting next_dagrun for dag_binance_to_gcs to 2026-06-08 20:00:00+00:00, run_after=2026-06-08 21:00:00+00:00
[2026-06-08T20:20:45.244+0000] {processor.py:183} INFO - Processing /opt/airflow/dags/dag_binance_to_gcs.py took 0.116 seconds
[2026-06-08T20:21:15.626+0000] {processor.py:161} INFO - Started process (PID=349) to work on /opt/airflow/dags/dag_binance_to_gcs.py
[2026-06-08T20:21:15.627+0000] {processor.py:830} INFO - Processing file /opt/airflow/dags/dag_binance_to_gcs.py for tasks to queue
[2026-06-08T20:21:15.629+0000] {logging_mixin.py:188} INFO - [2026-06-08T20:21:15.628+0000] {dagbag.py:545} INFO - Filling up the DagBag from /opt/airflow/dags/dag_binance_to_gcs.py
[2026-06-08T20:21:15.639+0000] {processor.py:840} INFO - DAG(s) 'dag_binance_to_gcs' retrieved from /opt/airflow/dags/dag_binance_to_gcs.py
[2026-06-08T20:21:15.657+0000] {logging_mixin.py:188} INFO - [2026-06-08T20:21:15.657+0000] {dag.py:3096} INFO - Sync 1 DAGs
[2026-06-08T20:21:15.682+0000] {logging_mixin.py:188} INFO - [2026-06-08T20:21:15.682+0000] {dag.py:3954} INFO - Setting next_dagrun for dag_binance_to_gcs to 2026-06-08 20:00:00+00:00, run_after=2026-06-08 21:00:00+00:00
[2026-06-08T20:21:15.699+0000] {processor.py:183} INFO - Processing /opt/airflow/dags/dag_binance_to_gcs.py took 0.078 seconds
[2026-06-08T20:21:46.291+0000] {processor.py:161} INFO - Started process (PID=407) to work on /opt/airflow/dags/dag_binance_to_gcs.py
[2026-06-08T20:21:46.294+0000] {processor.py:830} INFO - Processing file /opt/airflow/dags/dag_binance_to_gcs.py for tasks to queue
[2026-06-08T20:21:46.300+0000] {logging_mixin.py:188} INFO - [2026-06-08T20:21:46.298+0000] {dagbag.py:545} INFO - Filling up the DagBag from /opt/airflow/dags/dag_binance_to_gcs.py
[2026-06-08T20:21:46.312+0000] {processor.py:840} INFO - DAG(s) 'dag_binance_to_gcs' retrieved from /opt/airflow/dags/dag_binance_to_gcs.py
[2026-06-08T20:21:46.359+0000] {logging_mixin.py:188} INFO - [2026-06-08T20:21:46.359+0000] {dag.py:3096} INFO - Sync 1 DAGs
[2026-06-08T20:21:46.423+0000] {logging_mixin.py:188} INFO - [2026-06-08T20:21:46.423+0000] {dag.py:3954} INFO - Setting next_dagrun for dag_binance_to_gcs to 2026-06-08 20:00:00+00:00, run_after=2026-06-08 21:00:00+00:00
[2026-06-08T20:21:46.479+0000] {processor.py:183} INFO - Processing /opt/airflow/dags/dag_binance_to_gcs.py took 0.206 seconds
[2026-06-08T20:22:16.744+0000] {processor.py:161} INFO - Started process (PID=466) to work on /opt/airflow/dags/dag_binance_to_gcs.py
[2026-06-08T20:22:16.745+0000] {processor.py:830} INFO - Processing file /opt/airflow/dags/dag_binance_to_gcs.py for tasks to queue
[2026-06-08T20:22:16.746+0000] {logging_mixin.py:188} INFO - [2026-06-08T20:22:16.746+0000] {dagbag.py:545} INFO - Filling up the DagBag from /opt/airflow/dags/dag_binance_to_gcs.py
[2026-06-08T20:22:16.753+0000] {processor.py:840} INFO - DAG(s) 'dag_binance_to_gcs' retrieved from /opt/airflow/dags/dag_binance_to_gcs.py
[2026-06-08T20:22:16.771+0000] {logging_mixin.py:188} INFO - [2026-06-08T20:22:16.771+0000] {dag.py:3096} INFO - Sync 1 DAGs
[2026-06-08T20:22:16.794+0000] {logging_mixin.py:188} INFO - [2026-06-08T20:22:16.794+0000] {dag.py:3954} INFO - Setting next_dagrun for dag_binance_to_gcs to 2026-06-08 20:00:00+00:00, run_after=2026-06-08 21:00:00+00:00
[2026-06-08T20:22:16.812+0000] {processor.py:183} INFO - Processing /opt/airflow/dags/dag_binance_to_gcs.py took 0.073 seconds
[2026-06-08T20:22:46.881+0000] {processor.py:161} INFO - Started process (PID=525) to work on /opt/airflow/dags/dag_binance_to_gcs.py
[2026-06-08T20:22:46.882+0000] {processor.py:830} INFO - Processing file /opt/airflow/dags/dag_binance_to_gcs.py for tasks to queue
[2026-06-08T20:22:46.883+0000] {logging_mixin.py:188} INFO - [2026-06-08T20:22:46.883+0000] {dagbag.py:545} INFO - Filling up the DagBag from /opt/airflow/dags/dag_binance_to_gcs.py
[2026-06-08T20:22:46.890+0000] {processor.py:840} INFO - DAG(s) 'dag_binance_to_gcs' retrieved from /opt/airflow/dags/dag_binance_to_gcs.py
[2026-06-08T20:22:46.907+0000] {logging_mixin.py:188} INFO - [2026-06-08T20:22:46.907+0000] {dag.py:3096} INFO - Sync 1 DAGs
[2026-06-08T20:22:46.930+0000] {logging_mixin.py:188} INFO - [2026-06-08T20:22:46.929+0000] {dag.py:3954} INFO - Setting next_dagrun for dag_binance_to_gcs to 2026-06-08 20:00:00+00:00, run_after=2026-06-08 21:00:00+00:00
[2026-06-08T20:22:46.948+0000] {processor.py:183} INFO - Processing /opt/airflow/dags/dag_binance_to_gcs.py took 0.072 seconds
[2026-06-08T20:23:17.539+0000] {processor.py:161} INFO - Started process (PID=590) to work on /opt/airflow/dags/dag_binance_to_gcs.py
[2026-06-08T20:23:17.540+0000] {processor.py:830} INFO - Processing file /opt/airflow/dags/dag_binance_to_gcs.py for tasks to queue
[2026-06-08T20:23:17.542+0000] {logging_mixin.py:188} INFO - [2026-06-08T20:23:17.541+0000] {dagbag.py:545} INFO - Filling up the DagBag from /opt/airflow/dags/dag_binance_to_gcs.py
[2026-06-08T20:23:17.558+0000] {processor.py:840} INFO - DAG(s) 'dag_binance_to_gcs' retrieved from /opt/airflow/dags/dag_binance_to_gcs.py
[2026-06-08T20:23:17.601+0000] {logging_mixin.py:188} INFO - [2026-06-08T20:23:17.600+0000] {dag.py:3096} INFO - Sync 1 DAGs
[2026-06-08T20:23:17.670+0000] {logging_mixin.py:188} INFO - [2026-06-08T20:23:17.665+0000] {dag.py:3954} INFO - Setting next_dagrun for dag_binance_to_gcs to 2026-06-08 20:00:00+00:00, run_after=2026-06-08 21:00:00+00:00
[2026-06-08T20:23:17.734+0000] {processor.py:183} INFO - Processing /opt/airflow/dags/dag_binance_to_gcs.py took 0.203 seconds
