[2026-06-11T22:35:08.666+0000] {local_task_job_runner.py:120} INFO - ::group::Pre task execution logs
[2026-06-11T22:35:08.748+0000] {taskinstance.py:2076} INFO - Dependencies all met for dep_context=non-requeueable deps ti=<TaskInstance: dag_incremental.fetch_incremental scheduled__2026-06-11T21:00:00+00:00 [queued]>
[2026-06-11T22:35:08.759+0000] {taskinstance.py:2076} INFO - Dependencies all met for dep_context=requeueable deps ti=<TaskInstance: dag_incremental.fetch_incremental scheduled__2026-06-11T21:00:00+00:00 [queued]>
[2026-06-11T22:35:08.759+0000] {taskinstance.py:2306} INFO - Starting attempt 1 of 4
[2026-06-11T22:35:08.787+0000] {taskinstance.py:2330} INFO - Executing <Task(PythonOperator): fetch_incremental> on 2026-06-11 21:00:00+00:00
[2026-06-11T22:35:08.815+0000] {standard_task_runner.py:90} INFO - Running: ['***', 'tasks', 'run', 'dag_incremental', 'fetch_incremental', 'scheduled__2026-06-11T21:00:00+00:00', '--job-id', '18', '--raw', '--subdir', 'DAGS_FOLDER/dag_incremental.py', '--cfg-path', '/tmp/tmpabdfrrrk']
[2026-06-11T22:35:08.820+0000] {standard_task_runner.py:91} INFO - Job 18: Subtask fetch_incremental
[2026-06-11T22:35:08.809+0000] {warnings.py:110} WARNING - /home/***/.local/lib/python3.12/site-packages/***/task/task_runner/standard_task_runner.py:61: DeprecationWarning: This process (pid=440) is multi-threaded, use of fork() may lead to deadlocks in the child.
  pid = os.fork()

[2026-06-11T22:35:08.822+0000] {standard_task_runner.py:63} INFO - Started process 442 to run task
[2026-06-11T22:35:08.972+0000] {task_command.py:426} INFO - Running <TaskInstance: dag_incremental.fetch_incremental scheduled__2026-06-11T21:00:00+00:00 [running]> on host 1fca64daf2a8
[2026-06-11T22:35:09.089+0000] {taskinstance.py:2648} INFO - Exporting env vars: AIRFLOW_CTX_DAG_OWNER='***' AIRFLOW_CTX_DAG_ID='dag_incremental' AIRFLOW_CTX_TASK_ID='fetch_incremental' AIRFLOW_CTX_EXECUTION_DATE='2026-06-11T21:00:00+00:00' AIRFLOW_CTX_TRY_NUMBER='1' AIRFLOW_CTX_DAG_RUN_ID='scheduled__2026-06-11T21:00:00+00:00'
[2026-06-11T22:35:09.090+0000] {taskinstance.py:430} INFO - ::endgroup::
[2026-06-11T22:35:09.647+0000] {logging_mixin.py:188} INFO - BTCUSDT: resuming from 2026-06-11 23:00:00
[2026-06-11T22:35:09.647+0000] {logging_mixin.py:188} INFO - BTCUSDT: already up to date, skipping
[2026-06-11T22:35:09.865+0000] {logging_mixin.py:188} INFO - ETHUSDT: resuming from 2026-06-11 23:00:00
[2026-06-11T22:35:09.865+0000] {logging_mixin.py:188} INFO - ETHUSDT: already up to date, skipping
[2026-06-11T22:35:10.073+0000] {logging_mixin.py:188} INFO - BNBUSDT: resuming from 2026-06-11 23:00:00
[2026-06-11T22:35:10.073+0000] {logging_mixin.py:188} INFO - BNBUSDT: already up to date, skipping
[2026-06-11T22:35:10.266+0000] {logging_mixin.py:188} INFO - XRPUSDT: resuming from 2026-06-11 23:00:00
[2026-06-11T22:35:10.266+0000] {logging_mixin.py:188} INFO - XRPUSDT: already up to date, skipping
[2026-06-11T22:35:10.480+0000] {logging_mixin.py:188} INFO - SOLUSDT: resuming from 2026-06-11 23:00:00
[2026-06-11T22:35:10.480+0000] {logging_mixin.py:188} INFO - SOLUSDT: already up to date, skipping
[2026-06-11T22:35:10.669+0000] {logging_mixin.py:188} INFO - DOGEUSDT: resuming from 2026-06-11 23:00:00
[2026-06-11T22:35:10.670+0000] {logging_mixin.py:188} INFO - DOGEUSDT: already up to date, skipping
[2026-06-11T22:35:10.866+0000] {logging_mixin.py:188} INFO - AVAXUSDT: resuming from 2026-06-11 23:00:00
[2026-06-11T22:35:10.866+0000] {logging_mixin.py:188} INFO - AVAXUSDT: already up to date, skipping
[2026-06-11T22:35:11.059+0000] {logging_mixin.py:188} INFO - LINKUSDT: resuming from 2026-06-11 23:00:00
[2026-06-11T22:35:11.059+0000] {logging_mixin.py:188} INFO - LINKUSDT: already up to date, skipping
[2026-06-11T22:35:11.250+0000] {logging_mixin.py:188} INFO - ADAUSDT: resuming from 2026-06-11 23:00:00
[2026-06-11T22:35:11.251+0000] {logging_mixin.py:188} INFO - ADAUSDT: already up to date, skipping
[2026-06-11T22:35:11.438+0000] {logging_mixin.py:188} INFO - LTCUSDT: resuming from 2026-06-11 23:00:00
[2026-06-11T22:35:11.438+0000] {logging_mixin.py:188} INFO - LTCUSDT: already up to date, skipping
[2026-06-11T22:35:11.439+0000] {python.py:237} INFO - Done. Returned value was: None
[2026-06-11T22:35:11.439+0000] {taskinstance.py:441} INFO - ::group::Post task execution logs
[2026-06-11T22:35:11.447+0000] {taskinstance.py:1206} INFO - Marking task as SUCCESS. dag_id=dag_incremental, task_id=fetch_incremental, run_id=scheduled__2026-06-11T21:00:00+00:00, execution_date=20260611T210000, start_date=20260611T223508, end_date=20260611T223511
[2026-06-11T22:35:11.507+0000] {local_task_job_runner.py:240} INFO - Task exited with return code 0
[2026-06-11T22:35:11.535+0000] {taskinstance.py:3498} INFO - 1 downstream tasks scheduled from follow-on schedule check
[2026-06-11T22:35:11.536+0000] {local_task_job_runner.py:222} INFO - ::endgroup::
