[2026-06-10T22:26:16.753+0000] {local_task_job_runner.py:120} INFO - ::group::Pre task execution logs
[2026-06-10T22:26:16.780+0000] {taskinstance.py:2076} INFO - Dependencies all met for dep_context=non-requeueable deps ti=<TaskInstance: dag_backfill.fetch_backfill manual__2026-06-10T22:26:13.296257+00:00 [queued]>
[2026-06-10T22:26:16.788+0000] {taskinstance.py:2076} INFO - Dependencies all met for dep_context=requeueable deps ti=<TaskInstance: dag_backfill.fetch_backfill manual__2026-06-10T22:26:13.296257+00:00 [queued]>
[2026-06-10T22:26:16.788+0000] {taskinstance.py:2306} INFO - Starting attempt 1 of 4
[2026-06-10T22:26:16.805+0000] {taskinstance.py:2330} INFO - Executing <Task(PythonOperator): fetch_backfill> on 2026-06-10 22:26:13.296257+00:00
[2026-06-10T22:26:16.821+0000] {warnings.py:110} WARNING - /home/***/.local/lib/python3.12/site-packages/***/task/task_runner/standard_task_runner.py:61: DeprecationWarning: This process (pid=229) is multi-threaded, use of fork() may lead to deadlocks in the child.
  pid = os.fork()

[2026-06-10T22:26:16.825+0000] {standard_task_runner.py:63} INFO - Started process 231 to run task
[2026-06-10T22:26:16.824+0000] {standard_task_runner.py:90} INFO - Running: ['***', 'tasks', 'run', 'dag_backfill', 'fetch_backfill', 'manual__2026-06-10T22:26:13.296257+00:00', '--job-id', '12', '--raw', '--subdir', 'DAGS_FOLDER/dag_backfill.py', '--cfg-path', '/tmp/tmp1v6r74r6']
[2026-06-10T22:26:16.827+0000] {standard_task_runner.py:91} INFO - Job 12: Subtask fetch_backfill
[2026-06-10T22:26:16.879+0000] {task_command.py:426} INFO - Running <TaskInstance: dag_backfill.fetch_backfill manual__2026-06-10T22:26:13.296257+00:00 [running]> on host 1fca64daf2a8
[2026-06-10T22:26:16.951+0000] {taskinstance.py:2648} INFO - Exporting env vars: AIRFLOW_CTX_DAG_OWNER='***' AIRFLOW_CTX_DAG_ID='dag_backfill' AIRFLOW_CTX_TASK_ID='fetch_backfill' AIRFLOW_CTX_EXECUTION_DATE='2026-06-10T22:26:13.296257+00:00' AIRFLOW_CTX_TRY_NUMBER='1' AIRFLOW_CTX_DAG_RUN_ID='manual__2026-06-10T22:26:13.296257+00:00'
[2026-06-10T22:26:16.953+0000] {taskinstance.py:430} INFO - ::endgroup::
[2026-06-10T22:26:17.092+0000] {logging_mixin.py:188} INFO - BTCUSDT: fetched 1000 candles so far
[2026-06-10T22:26:17.458+0000] {logging_mixin.py:188} INFO - BTCUSDT: fetched 2000 candles so far
[2026-06-10T22:26:17.810+0000] {logging_mixin.py:188} INFO - BTCUSDT: fetched 3000 candles so far
[2026-06-10T22:26:18.031+0000] {logging_mixin.py:188} INFO - BTCUSDT: fetched 4000 candles so far
[2026-06-10T22:26:18.177+0000] {logging_mixin.py:188} INFO - BTCUSDT: fetched 5000 candles so far
[2026-06-10T22:26:18.448+0000] {logging_mixin.py:188} INFO - BTCUSDT: fetched 6000 candles so far
[2026-06-10T22:26:18.914+0000] {logging_mixin.py:188} INFO - BTCUSDT: fetched 7000 candles so far
[2026-06-10T22:26:19.101+0000] {logging_mixin.py:188} INFO - BTCUSDT: fetched 8000 candles so far
[2026-06-10T22:26:19.227+0000] {logging_mixin.py:188} INFO - BTCUSDT: fetched 8760 candles so far
[2026-06-10T22:26:19.270+0000] {logging_mixin.py:188} INFO - BTCUSDT: total 8760 candles saved to staging
[2026-06-10T22:26:19.490+0000] {logging_mixin.py:188} INFO - ETHUSDT: fetched 1000 candles so far
[2026-06-10T22:26:19.657+0000] {logging_mixin.py:188} INFO - ETHUSDT: fetched 2000 candles so far
[2026-06-10T22:26:19.889+0000] {logging_mixin.py:188} INFO - ETHUSDT: fetched 3000 candles so far
[2026-06-10T22:26:20.076+0000] {logging_mixin.py:188} INFO - ETHUSDT: fetched 4000 candles so far
[2026-06-10T22:26:20.233+0000] {logging_mixin.py:188} INFO - ETHUSDT: fetched 5000 candles so far
[2026-06-10T22:26:20.438+0000] {logging_mixin.py:188} INFO - ETHUSDT: fetched 6000 candles so far
[2026-06-10T22:26:20.621+0000] {logging_mixin.py:188} INFO - ETHUSDT: fetched 7000 candles so far
[2026-06-10T22:26:20.784+0000] {logging_mixin.py:188} INFO - ETHUSDT: fetched 8000 candles so far
[2026-06-10T22:26:20.943+0000] {logging_mixin.py:188} INFO - ETHUSDT: fetched 8760 candles so far
[2026-06-10T22:26:20.988+0000] {logging_mixin.py:188} INFO - ETHUSDT: total 8760 candles saved to staging
[2026-06-10T22:26:21.118+0000] {logging_mixin.py:188} INFO - BNBUSDT: fetched 1000 candles so far
[2026-06-10T22:26:21.241+0000] {logging_mixin.py:188} INFO - BNBUSDT: fetched 2000 candles so far
[2026-06-10T22:26:21.368+0000] {logging_mixin.py:188} INFO - BNBUSDT: fetched 3000 candles so far
[2026-06-10T22:26:21.519+0000] {logging_mixin.py:188} INFO - BNBUSDT: fetched 4000 candles so far
[2026-06-10T22:26:21.652+0000] {logging_mixin.py:188} INFO - BNBUSDT: fetched 5000 candles so far
[2026-06-10T22:26:21.774+0000] {logging_mixin.py:188} INFO - BNBUSDT: fetched 6000 candles so far
[2026-06-10T22:26:21.898+0000] {logging_mixin.py:188} INFO - BNBUSDT: fetched 7000 candles so far
[2026-06-10T22:26:22.111+0000] {logging_mixin.py:188} INFO - BNBUSDT: fetched 8000 candles so far
[2026-06-10T22:26:22.270+0000] {logging_mixin.py:188} INFO - BNBUSDT: fetched 8760 candles so far
[2026-06-10T22:26:22.424+0000] {logging_mixin.py:188} INFO - BNBUSDT: total 8760 candles saved to staging
[2026-06-10T22:26:22.583+0000] {logging_mixin.py:188} INFO - XRPUSDT: fetched 1000 candles so far
[2026-06-10T22:26:22.747+0000] {logging_mixin.py:188} INFO - XRPUSDT: fetched 2000 candles so far
[2026-06-10T22:26:22.880+0000] {logging_mixin.py:188} INFO - XRPUSDT: fetched 3000 candles so far
[2026-06-10T22:26:23.008+0000] {logging_mixin.py:188} INFO - XRPUSDT: fetched 4000 candles so far
[2026-06-10T22:26:23.144+0000] {logging_mixin.py:188} INFO - XRPUSDT: fetched 5000 candles so far
[2026-06-10T22:26:23.459+0000] {logging_mixin.py:188} INFO - XRPUSDT: fetched 6000 candles so far
[2026-06-10T22:26:23.612+0000] {logging_mixin.py:188} INFO - XRPUSDT: fetched 7000 candles so far
[2026-06-10T22:26:23.735+0000] {logging_mixin.py:188} INFO - XRPUSDT: fetched 8000 candles so far
[2026-06-10T22:26:23.862+0000] {logging_mixin.py:188} INFO - XRPUSDT: fetched 8760 candles so far
[2026-06-10T22:26:23.946+0000] {logging_mixin.py:188} INFO - XRPUSDT: total 8760 candles saved to staging
[2026-06-10T22:26:24.103+0000] {logging_mixin.py:188} INFO - SOLUSDT: fetched 1000 candles so far
[2026-06-10T22:26:24.241+0000] {logging_mixin.py:188} INFO - SOLUSDT: fetched 2000 candles so far
[2026-06-10T22:26:24.373+0000] {logging_mixin.py:188} INFO - SOLUSDT: fetched 3000 candles so far
[2026-06-10T22:26:24.495+0000] {logging_mixin.py:188} INFO - SOLUSDT: fetched 4000 candles so far
[2026-06-10T22:26:24.621+0000] {logging_mixin.py:188} INFO - SOLUSDT: fetched 5000 candles so far
[2026-06-10T22:26:24.751+0000] {logging_mixin.py:188} INFO - SOLUSDT: fetched 6000 candles so far
[2026-06-10T22:26:24.880+0000] {logging_mixin.py:188} INFO - SOLUSDT: fetched 7000 candles so far
[2026-06-10T22:26:25.002+0000] {logging_mixin.py:188} INFO - SOLUSDT: fetched 8000 candles so far
[2026-06-10T22:26:25.123+0000] {logging_mixin.py:188} INFO - SOLUSDT: fetched 8760 candles so far
[2026-06-10T22:26:25.178+0000] {logging_mixin.py:188} INFO - SOLUSDT: total 8760 candles saved to staging
[2026-06-10T22:26:25.322+0000] {logging_mixin.py:188} INFO - DOGEUSDT: fetched 1000 candles so far
[2026-06-10T22:26:25.548+0000] {logging_mixin.py:188} INFO - DOGEUSDT: fetched 2000 candles so far
[2026-06-10T22:26:25.769+0000] {logging_mixin.py:188} INFO - DOGEUSDT: fetched 3000 candles so far
[2026-06-10T22:26:25.941+0000] {logging_mixin.py:188} INFO - DOGEUSDT: fetched 4000 candles so far
[2026-06-10T22:26:26.075+0000] {logging_mixin.py:188} INFO - DOGEUSDT: fetched 5000 candles so far
[2026-06-10T22:26:26.210+0000] {logging_mixin.py:188} INFO - DOGEUSDT: fetched 6000 candles so far
[2026-06-10T22:26:26.388+0000] {logging_mixin.py:188} INFO - DOGEUSDT: fetched 7000 candles so far
[2026-06-10T22:26:26.513+0000] {logging_mixin.py:188} INFO - DOGEUSDT: fetched 8000 candles so far
[2026-06-10T22:26:26.637+0000] {logging_mixin.py:188} INFO - DOGEUSDT: fetched 8760 candles so far
[2026-06-10T22:26:26.684+0000] {logging_mixin.py:188} INFO - DOGEUSDT: total 8760 candles saved to staging
[2026-06-10T22:26:26.813+0000] {logging_mixin.py:188} INFO - AVAXUSDT: fetched 1000 candles so far
[2026-06-10T22:26:27.034+0000] {logging_mixin.py:188} INFO - AVAXUSDT: fetched 2000 candles so far
[2026-06-10T22:26:27.166+0000] {logging_mixin.py:188} INFO - AVAXUSDT: fetched 3000 candles so far
[2026-06-10T22:26:27.294+0000] {logging_mixin.py:188} INFO - AVAXUSDT: fetched 4000 candles so far
[2026-06-10T22:26:27.444+0000] {logging_mixin.py:188} INFO - AVAXUSDT: fetched 5000 candles so far
[2026-06-10T22:26:27.576+0000] {logging_mixin.py:188} INFO - AVAXUSDT: fetched 6000 candles so far
[2026-06-10T22:26:27.706+0000] {logging_mixin.py:188} INFO - AVAXUSDT: fetched 7000 candles so far
[2026-06-10T22:26:28.109+0000] {logging_mixin.py:188} INFO - AVAXUSDT: fetched 8000 candles so far
[2026-06-10T22:26:28.253+0000] {logging_mixin.py:188} INFO - AVAXUSDT: fetched 8760 candles so far
[2026-06-10T22:26:28.302+0000] {logging_mixin.py:188} INFO - AVAXUSDT: total 8760 candles saved to staging
[2026-06-10T22:26:28.428+0000] {logging_mixin.py:188} INFO - LINKUSDT: fetched 1000 candles so far
[2026-06-10T22:26:28.579+0000] {logging_mixin.py:188} INFO - LINKUSDT: fetched 2000 candles so far
[2026-06-10T22:26:28.802+0000] {logging_mixin.py:188} INFO - LINKUSDT: fetched 3000 candles so far
[2026-06-10T22:26:28.964+0000] {logging_mixin.py:188} INFO - LINKUSDT: fetched 4000 candles so far
[2026-06-10T22:26:29.151+0000] {logging_mixin.py:188} INFO - LINKUSDT: fetched 5000 candles so far
[2026-06-10T22:26:29.357+0000] {logging_mixin.py:188} INFO - LINKUSDT: fetched 6000 candles so far
[2026-06-10T22:26:29.520+0000] {logging_mixin.py:188} INFO - LINKUSDT: fetched 7000 candles so far
[2026-06-10T22:26:29.651+0000] {logging_mixin.py:188} INFO - LINKUSDT: fetched 8000 candles so far
[2026-06-10T22:26:29.768+0000] {logging_mixin.py:188} INFO - LINKUSDT: fetched 8760 candles so far
[2026-06-10T22:26:29.811+0000] {logging_mixin.py:188} INFO - LINKUSDT: total 8760 candles saved to staging
[2026-06-10T22:26:29.957+0000] {logging_mixin.py:188} INFO - ADAUSDT: fetched 1000 candles so far
[2026-06-10T22:26:30.087+0000] {logging_mixin.py:188} INFO - ADAUSDT: fetched 2000 candles so far
[2026-06-10T22:26:30.213+0000] {logging_mixin.py:188} INFO - ADAUSDT: fetched 3000 candles so far
[2026-06-10T22:26:30.338+0000] {logging_mixin.py:188} INFO - ADAUSDT: fetched 4000 candles so far
[2026-06-10T22:26:30.470+0000] {logging_mixin.py:188} INFO - ADAUSDT: fetched 5000 candles so far
[2026-06-10T22:26:30.667+0000] {logging_mixin.py:188} INFO - ADAUSDT: fetched 6000 candles so far
[2026-06-10T22:26:30.943+0000] {logging_mixin.py:188} INFO - ADAUSDT: fetched 7000 candles so far
[2026-06-10T22:26:31.073+0000] {logging_mixin.py:188} INFO - ADAUSDT: fetched 8000 candles so far
[2026-06-10T22:26:31.193+0000] {logging_mixin.py:188} INFO - ADAUSDT: fetched 8760 candles so far
[2026-06-10T22:26:31.239+0000] {logging_mixin.py:188} INFO - ADAUSDT: total 8760 candles saved to staging
[2026-06-10T22:26:31.379+0000] {logging_mixin.py:188} INFO - LTCUSDT: fetched 1000 candles so far
[2026-06-10T22:26:31.510+0000] {logging_mixin.py:188} INFO - LTCUSDT: fetched 2000 candles so far
[2026-06-10T22:26:31.644+0000] {logging_mixin.py:188} INFO - LTCUSDT: fetched 3000 candles so far
[2026-06-10T22:26:31.776+0000] {logging_mixin.py:188} INFO - LTCUSDT: fetched 4000 candles so far
[2026-06-10T22:26:31.903+0000] {logging_mixin.py:188} INFO - LTCUSDT: fetched 5000 candles so far
[2026-06-10T22:26:32.035+0000] {logging_mixin.py:188} INFO - LTCUSDT: fetched 6000 candles so far
[2026-06-10T22:26:32.162+0000] {logging_mixin.py:188} INFO - LTCUSDT: fetched 7000 candles so far
[2026-06-10T22:26:32.288+0000] {logging_mixin.py:188} INFO - LTCUSDT: fetched 8000 candles so far
[2026-06-10T22:26:32.410+0000] {logging_mixin.py:188} INFO - LTCUSDT: fetched 8760 candles so far
[2026-06-10T22:26:32.478+0000] {logging_mixin.py:188} INFO - LTCUSDT: total 8760 candles saved to staging
[2026-06-10T22:26:32.483+0000] {python.py:237} INFO - Done. Returned value was: None
[2026-06-10T22:26:32.484+0000] {taskinstance.py:441} INFO - ::group::Post task execution logs
[2026-06-10T22:26:32.499+0000] {taskinstance.py:1206} INFO - Marking task as SUCCESS. dag_id=dag_backfill, task_id=fetch_backfill, run_id=manual__2026-06-10T22:26:13.296257+00:00, execution_date=20260610T222613, start_date=20260610T222616, end_date=20260610T222632
[2026-06-10T22:26:32.563+0000] {local_task_job_runner.py:240} INFO - Task exited with return code 0
[2026-06-10T22:26:32.597+0000] {taskinstance.py:3498} INFO - 1 downstream tasks scheduled from follow-on schedule check
[2026-06-10T22:26:32.599+0000] {local_task_job_runner.py:222} INFO - ::endgroup::
