[2026-06-10T22:17:28.680+0000] {local_task_job_runner.py:120} INFO - ::group::Pre task execution logs
[2026-06-10T22:17:28.701+0000] {taskinstance.py:2076} INFO - Dependencies all met for dep_context=non-requeueable deps ti=<TaskInstance: dag_backfill.fetch_backfill manual__2026-06-10T22:17:23.095050+00:00 [queued]>
[2026-06-10T22:17:28.707+0000] {taskinstance.py:2076} INFO - Dependencies all met for dep_context=requeueable deps ti=<TaskInstance: dag_backfill.fetch_backfill manual__2026-06-10T22:17:23.095050+00:00 [queued]>
[2026-06-10T22:17:28.707+0000] {taskinstance.py:2306} INFO - Starting attempt 1 of 4
[2026-06-10T22:17:28.718+0000] {taskinstance.py:2330} INFO - Executing <Task(PythonOperator): fetch_backfill> on 2026-06-10 22:17:23.095050+00:00
[2026-06-10T22:17:28.727+0000] {warnings.py:110} WARNING - /home/***/.local/lib/python3.12/site-packages/***/task/task_runner/standard_task_runner.py:61: DeprecationWarning: This process (pid=106) is multi-threaded, use of fork() may lead to deadlocks in the child.
  pid = os.fork()

[2026-06-10T22:17:28.728+0000] {standard_task_runner.py:63} INFO - Started process 108 to run task
[2026-06-10T22:17:28.729+0000] {standard_task_runner.py:90} INFO - Running: ['***', 'tasks', 'run', 'dag_backfill', 'fetch_backfill', 'manual__2026-06-10T22:17:23.095050+00:00', '--job-id', '10', '--raw', '--subdir', 'DAGS_FOLDER/dag_backfill.py', '--cfg-path', '/tmp/tmpd4ela3oc']
[2026-06-10T22:17:28.731+0000] {standard_task_runner.py:91} INFO - Job 10: Subtask fetch_backfill
[2026-06-10T22:17:28.771+0000] {task_command.py:426} INFO - Running <TaskInstance: dag_backfill.fetch_backfill manual__2026-06-10T22:17:23.095050+00:00 [running]> on host 1fca64daf2a8
[2026-06-10T22:17:28.846+0000] {taskinstance.py:2648} INFO - Exporting env vars: AIRFLOW_CTX_DAG_OWNER='***' AIRFLOW_CTX_DAG_ID='dag_backfill' AIRFLOW_CTX_TASK_ID='fetch_backfill' AIRFLOW_CTX_EXECUTION_DATE='2026-06-10T22:17:23.095050+00:00' AIRFLOW_CTX_TRY_NUMBER='1' AIRFLOW_CTX_DAG_RUN_ID='manual__2026-06-10T22:17:23.095050+00:00'
[2026-06-10T22:17:28.848+0000] {taskinstance.py:430} INFO - ::endgroup::
[2026-06-10T22:17:29.235+0000] {logging_mixin.py:188} INFO - BTCUSDT: fetched 1000 candles so far
[2026-06-10T22:17:29.531+0000] {logging_mixin.py:188} INFO - BTCUSDT: fetched 2000 candles so far
[2026-06-10T22:17:29.695+0000] {logging_mixin.py:188} INFO - BTCUSDT: fetched 3000 candles so far
[2026-06-10T22:17:30.064+0000] {logging_mixin.py:188} INFO - BTCUSDT: fetched 4000 candles so far
[2026-06-10T22:17:30.342+0000] {logging_mixin.py:188} INFO - BTCUSDT: fetched 5000 candles so far
[2026-06-10T22:17:30.560+0000] {logging_mixin.py:188} INFO - BTCUSDT: fetched 6000 candles so far
[2026-06-10T22:17:30.934+0000] {logging_mixin.py:188} INFO - BTCUSDT: fetched 7000 candles so far
[2026-06-10T22:17:31.110+0000] {logging_mixin.py:188} INFO - BTCUSDT: fetched 8000 candles so far
[2026-06-10T22:17:31.230+0000] {logging_mixin.py:188} INFO - BTCUSDT: fetched 8760 candles so far
[2026-06-10T22:17:31.274+0000] {logging_mixin.py:188} INFO - BTCUSDT: total 8760 candles saved to staging
[2026-06-10T22:17:31.647+0000] {logging_mixin.py:188} INFO - ETHUSDT: fetched 1000 candles so far
[2026-06-10T22:17:31.772+0000] {logging_mixin.py:188} INFO - ETHUSDT: fetched 2000 candles so far
[2026-06-10T22:17:32.140+0000] {logging_mixin.py:188} INFO - ETHUSDT: fetched 3000 candles so far
[2026-06-10T22:17:32.269+0000] {logging_mixin.py:188} INFO - ETHUSDT: fetched 4000 candles so far
[2026-06-10T22:17:32.406+0000] {logging_mixin.py:188} INFO - ETHUSDT: fetched 5000 candles so far
[2026-06-10T22:17:32.595+0000] {logging_mixin.py:188} INFO - ETHUSDT: fetched 6000 candles so far
[2026-06-10T22:17:32.758+0000] {logging_mixin.py:188} INFO - ETHUSDT: fetched 7000 candles so far
[2026-06-10T22:17:32.934+0000] {logging_mixin.py:188} INFO - ETHUSDT: fetched 8000 candles so far
[2026-06-10T22:17:33.057+0000] {logging_mixin.py:188} INFO - ETHUSDT: fetched 8760 candles so far
[2026-06-10T22:17:33.100+0000] {logging_mixin.py:188} INFO - ETHUSDT: total 8760 candles saved to staging
[2026-06-10T22:17:33.228+0000] {logging_mixin.py:188} INFO - BNBUSDT: fetched 1000 candles so far
[2026-06-10T22:17:33.380+0000] {logging_mixin.py:188} INFO - BNBUSDT: fetched 2000 candles so far
[2026-06-10T22:17:33.545+0000] {logging_mixin.py:188} INFO - BNBUSDT: fetched 3000 candles so far
[2026-06-10T22:17:33.725+0000] {logging_mixin.py:188} INFO - BNBUSDT: fetched 4000 candles so far
[2026-06-10T22:17:33.882+0000] {logging_mixin.py:188} INFO - BNBUSDT: fetched 5000 candles so far
[2026-06-10T22:17:34.008+0000] {logging_mixin.py:188} INFO - BNBUSDT: fetched 6000 candles so far
[2026-06-10T22:17:34.157+0000] {logging_mixin.py:188} INFO - BNBUSDT: fetched 7000 candles so far
[2026-06-10T22:17:34.287+0000] {logging_mixin.py:188} INFO - BNBUSDT: fetched 8000 candles so far
[2026-06-10T22:17:34.486+0000] {logging_mixin.py:188} INFO - BNBUSDT: fetched 8760 candles so far
[2026-06-10T22:17:34.687+0000] {logging_mixin.py:188} INFO - BNBUSDT: total 8760 candles saved to staging
[2026-06-10T22:17:34.872+0000] {logging_mixin.py:188} INFO - XRPUSDT: fetched 1000 candles so far
[2026-06-10T22:17:35.000+0000] {logging_mixin.py:188} INFO - XRPUSDT: fetched 2000 candles so far
[2026-06-10T22:17:35.167+0000] {logging_mixin.py:188} INFO - XRPUSDT: fetched 3000 candles so far
[2026-06-10T22:17:35.424+0000] {logging_mixin.py:188} INFO - XRPUSDT: fetched 4000 candles so far
[2026-06-10T22:17:35.600+0000] {logging_mixin.py:188} INFO - XRPUSDT: fetched 5000 candles so far
[2026-06-10T22:17:35.940+0000] {logging_mixin.py:188} INFO - XRPUSDT: fetched 6000 candles so far
[2026-06-10T22:17:36.173+0000] {logging_mixin.py:188} INFO - XRPUSDT: fetched 7000 candles so far
[2026-06-10T22:17:36.320+0000] {logging_mixin.py:188} INFO - XRPUSDT: fetched 8000 candles so far
[2026-06-10T22:17:36.444+0000] {logging_mixin.py:188} INFO - XRPUSDT: fetched 8760 candles so far
[2026-06-10T22:17:36.489+0000] {logging_mixin.py:188} INFO - XRPUSDT: total 8760 candles saved to staging
[2026-06-10T22:17:36.667+0000] {logging_mixin.py:188} INFO - SOLUSDT: fetched 1000 candles so far
[2026-06-10T22:17:36.797+0000] {logging_mixin.py:188} INFO - SOLUSDT: fetched 2000 candles so far
[2026-06-10T22:17:36.928+0000] {logging_mixin.py:188} INFO - SOLUSDT: fetched 3000 candles so far
[2026-06-10T22:17:37.233+0000] {logging_mixin.py:188} INFO - SOLUSDT: fetched 4000 candles so far
[2026-06-10T22:17:37.476+0000] {logging_mixin.py:188} INFO - SOLUSDT: fetched 5000 candles so far
[2026-06-10T22:17:37.619+0000] {logging_mixin.py:188} INFO - SOLUSDT: fetched 6000 candles so far
[2026-06-10T22:17:37.747+0000] {logging_mixin.py:188} INFO - SOLUSDT: fetched 7000 candles so far
[2026-06-10T22:17:37.870+0000] {logging_mixin.py:188} INFO - SOLUSDT: fetched 8000 candles so far
[2026-06-10T22:17:37.993+0000] {logging_mixin.py:188} INFO - SOLUSDT: fetched 8760 candles so far
[2026-06-10T22:17:38.039+0000] {logging_mixin.py:188} INFO - SOLUSDT: total 8760 candles saved to staging
[2026-06-10T22:17:38.174+0000] {logging_mixin.py:188} INFO - DOGEUSDT: fetched 1000 candles so far
[2026-06-10T22:17:38.400+0000] {logging_mixin.py:188} INFO - DOGEUSDT: fetched 2000 candles so far
[2026-06-10T22:17:38.572+0000] {logging_mixin.py:188} INFO - DOGEUSDT: fetched 3000 candles so far
[2026-06-10T22:17:38.701+0000] {logging_mixin.py:188} INFO - DOGEUSDT: fetched 4000 candles so far
[2026-06-10T22:17:38.828+0000] {logging_mixin.py:188} INFO - DOGEUSDT: fetched 5000 candles so far
[2026-06-10T22:17:38.954+0000] {logging_mixin.py:188} INFO - DOGEUSDT: fetched 6000 candles so far
[2026-06-10T22:17:39.092+0000] {logging_mixin.py:188} INFO - DOGEUSDT: fetched 7000 candles so far
[2026-06-10T22:17:39.219+0000] {logging_mixin.py:188} INFO - DOGEUSDT: fetched 8000 candles so far
[2026-06-10T22:17:39.336+0000] {logging_mixin.py:188} INFO - DOGEUSDT: fetched 8760 candles so far
[2026-06-10T22:17:39.403+0000] {logging_mixin.py:188} INFO - DOGEUSDT: total 8760 candles saved to staging
[2026-06-10T22:17:39.563+0000] {logging_mixin.py:188} INFO - AVAXUSDT: fetched 1000 candles so far
[2026-06-10T22:17:39.689+0000] {logging_mixin.py:188} INFO - AVAXUSDT: fetched 2000 candles so far
[2026-06-10T22:17:39.826+0000] {logging_mixin.py:188} INFO - AVAXUSDT: fetched 3000 candles so far
[2026-06-10T22:17:39.963+0000] {logging_mixin.py:188} INFO - AVAXUSDT: fetched 4000 candles so far
[2026-06-10T22:17:40.089+0000] {logging_mixin.py:188} INFO - AVAXUSDT: fetched 5000 candles so far
[2026-06-10T22:17:40.232+0000] {logging_mixin.py:188} INFO - AVAXUSDT: fetched 6000 candles so far
[2026-06-10T22:17:40.387+0000] {logging_mixin.py:188} INFO - AVAXUSDT: fetched 7000 candles so far
[2026-06-10T22:17:40.937+0000] {logging_mixin.py:188} INFO - AVAXUSDT: fetched 8000 candles so far
[2026-06-10T22:17:41.429+0000] {logging_mixin.py:188} INFO - AVAXUSDT: fetched 8760 candles so far
[2026-06-10T22:17:42.036+0000] {logging_mixin.py:188} INFO - AVAXUSDT: total 8760 candles saved to staging
[2026-06-10T22:17:42.377+0000] {logging_mixin.py:188} INFO - LINKUSDT: fetched 1000 candles so far
[2026-06-10T22:17:42.721+0000] {logging_mixin.py:188} INFO - LINKUSDT: fetched 2000 candles so far
[2026-06-10T22:17:42.951+0000] {logging_mixin.py:188} INFO - LINKUSDT: fetched 3000 candles so far
[2026-06-10T22:17:43.107+0000] {logging_mixin.py:188} INFO - LINKUSDT: fetched 4000 candles so far
[2026-06-10T22:17:43.279+0000] {logging_mixin.py:188} INFO - LINKUSDT: fetched 5000 candles so far
[2026-06-10T22:17:43.452+0000] {logging_mixin.py:188} INFO - LINKUSDT: fetched 6000 candles so far
[2026-06-10T22:17:43.600+0000] {logging_mixin.py:188} INFO - LINKUSDT: fetched 7000 candles so far
[2026-06-10T22:17:43.843+0000] {logging_mixin.py:188} INFO - LINKUSDT: fetched 8000 candles so far
[2026-06-10T22:17:44.054+0000] {logging_mixin.py:188} INFO - LINKUSDT: fetched 8760 candles so far
[2026-06-10T22:17:44.151+0000] {logging_mixin.py:188} INFO - LINKUSDT: total 8760 candles saved to staging
[2026-06-10T22:17:44.353+0000] {logging_mixin.py:188} INFO - ADAUSDT: fetched 1000 candles so far
[2026-06-10T22:17:44.569+0000] {logging_mixin.py:188} INFO - ADAUSDT: fetched 2000 candles so far
[2026-06-10T22:17:44.753+0000] {logging_mixin.py:188} INFO - ADAUSDT: fetched 3000 candles so far
[2026-06-10T22:17:45.158+0000] {logging_mixin.py:188} INFO - ADAUSDT: fetched 4000 candles so far
[2026-06-10T22:17:45.504+0000] {logging_mixin.py:188} INFO - ADAUSDT: fetched 5000 candles so far
[2026-06-10T22:17:45.729+0000] {logging_mixin.py:188} INFO - ADAUSDT: fetched 6000 candles so far
[2026-06-10T22:17:46.085+0000] {logging_mixin.py:188} INFO - ADAUSDT: fetched 7000 candles so far
[2026-06-10T22:17:46.389+0000] {logging_mixin.py:188} INFO - ADAUSDT: fetched 8000 candles so far
[2026-06-10T22:17:46.748+0000] {logging_mixin.py:188} INFO - ADAUSDT: fetched 8760 candles so far
[2026-06-10T22:17:46.963+0000] {logging_mixin.py:188} INFO - ADAUSDT: total 8760 candles saved to staging
[2026-06-10T22:17:47.154+0000] {logging_mixin.py:188} INFO - LTCUSDT: fetched 1000 candles so far
[2026-06-10T22:17:47.543+0000] {logging_mixin.py:188} INFO - LTCUSDT: fetched 2000 candles so far
[2026-06-10T22:17:47.899+0000] {logging_mixin.py:188} INFO - LTCUSDT: fetched 3000 candles so far
[2026-06-10T22:17:48.132+0000] {logging_mixin.py:188} INFO - LTCUSDT: fetched 4000 candles so far
[2026-06-10T22:17:48.305+0000] {logging_mixin.py:188} INFO - LTCUSDT: fetched 5000 candles so far
[2026-06-10T22:17:48.452+0000] {logging_mixin.py:188} INFO - LTCUSDT: fetched 6000 candles so far
[2026-06-10T22:17:48.602+0000] {logging_mixin.py:188} INFO - LTCUSDT: fetched 7000 candles so far
[2026-06-10T22:17:48.760+0000] {logging_mixin.py:188} INFO - LTCUSDT: fetched 8000 candles so far
[2026-06-10T22:17:48.916+0000] {logging_mixin.py:188} INFO - LTCUSDT: fetched 8760 candles so far
[2026-06-10T22:17:49.069+0000] {logging_mixin.py:188} INFO - LTCUSDT: total 8760 candles saved to staging
[2026-06-10T22:17:49.074+0000] {python.py:237} INFO - Done. Returned value was: None
[2026-06-10T22:17:49.075+0000] {taskinstance.py:441} INFO - ::group::Post task execution logs
[2026-06-10T22:17:49.092+0000] {taskinstance.py:1206} INFO - Marking task as SUCCESS. dag_id=dag_backfill, task_id=fetch_backfill, run_id=manual__2026-06-10T22:17:23.095050+00:00, execution_date=20260610T221723, start_date=20260610T221728, end_date=20260610T221749
[2026-06-10T22:17:49.148+0000] {local_task_job_runner.py:240} INFO - Task exited with return code 0
[2026-06-10T22:17:49.177+0000] {taskinstance.py:3498} INFO - 1 downstream tasks scheduled from follow-on schedule check
[2026-06-10T22:17:49.180+0000] {local_task_job_runner.py:222} INFO - ::endgroup::
