[2026-06-09T20:27:49.959+0000] {processor.py:161} INFO - Started process (PID=117) to work on /home/airflow/.local/lib/python3.12/site-packages/airflow/example_dags/tutorial_dag.py
[2026-06-09T20:27:49.962+0000] {processor.py:830} INFO - Processing file /home/airflow/.local/lib/python3.12/site-packages/airflow/example_dags/tutorial_dag.py for tasks to queue
[2026-06-09T20:27:49.966+0000] {logging_mixin.py:188} INFO - [2026-06-09T20:27:49.965+0000] {dagbag.py:545} INFO - Filling up the DagBag from /home/airflow/.local/lib/python3.12/site-packages/airflow/example_dags/tutorial_dag.py
[2026-06-09T20:27:49.983+0000] {processor.py:840} INFO - DAG(s) 'tutorial_dag' retrieved from /home/airflow/.local/lib/python3.12/site-packages/airflow/example_dags/tutorial_dag.py
[2026-06-09T20:27:50.656+0000] {logging_mixin.py:188} INFO - [2026-06-09T20:27:50.655+0000] {override.py:1829} INFO - Created Permission View: can edit on DAG:tutorial_dag
[2026-06-09T20:27:50.699+0000] {logging_mixin.py:188} INFO - [2026-06-09T20:27:50.698+0000] {override.py:1829} INFO - Created Permission View: can read on DAG:tutorial_dag
[2026-06-09T20:27:50.743+0000] {logging_mixin.py:188} INFO - [2026-06-09T20:27:50.742+0000] {override.py:1829} INFO - Created Permission View: can delete on DAG:tutorial_dag
[2026-06-09T20:27:50.745+0000] {logging_mixin.py:188} INFO - [2026-06-09T20:27:50.745+0000] {dag.py:3096} INFO - Sync 1 DAGs
[2026-06-09T20:27:50.840+0000] {logging_mixin.py:188} INFO - [2026-06-09T20:27:50.825+0000] {dag.py:3118} INFO - Creating ORM DAG for tutorial_dag
[2026-06-09T20:27:50.847+0000] {logging_mixin.py:188} INFO - [2026-06-09T20:27:50.846+0000] {dag.py:3954} INFO - Setting next_dagrun for tutorial_dag to None, run_after=None
[2026-06-09T20:27:50.955+0000] {processor.py:183} INFO - Processing /home/airflow/.local/lib/python3.12/site-packages/airflow/example_dags/tutorial_dag.py took 1.011 seconds
[2026-06-09T20:28:22.000+0000] {processor.py:161} INFO - Started process (PID=177) to work on /home/airflow/.local/lib/python3.12/site-packages/airflow/example_dags/tutorial_dag.py
[2026-06-09T20:28:22.004+0000] {processor.py:830} INFO - Processing file /home/airflow/.local/lib/python3.12/site-packages/airflow/example_dags/tutorial_dag.py for tasks to queue
[2026-06-09T20:28:22.007+0000] {logging_mixin.py:188} INFO - [2026-06-09T20:28:22.007+0000] {dagbag.py:545} INFO - Filling up the DagBag from /home/airflow/.local/lib/python3.12/site-packages/airflow/example_dags/tutorial_dag.py
[2026-06-09T20:28:22.026+0000] {processor.py:840} INFO - DAG(s) 'tutorial_dag' retrieved from /home/airflow/.local/lib/python3.12/site-packages/airflow/example_dags/tutorial_dag.py
[2026-06-09T20:28:22.072+0000] {logging_mixin.py:188} INFO - [2026-06-09T20:28:22.072+0000] {dag.py:3096} INFO - Sync 1 DAGs
[2026-06-09T20:28:22.096+0000] {logging_mixin.py:188} INFO - [2026-06-09T20:28:22.096+0000] {dag.py:3954} INFO - Setting next_dagrun for tutorial_dag to None, run_after=None
[2026-06-09T20:28:22.119+0000] {processor.py:183} INFO - Processing /home/airflow/.local/lib/python3.12/site-packages/airflow/example_dags/tutorial_dag.py took 0.127 seconds
[2026-06-09T20:28:52.866+0000] {processor.py:161} INFO - Started process (PID=237) to work on /home/airflow/.local/lib/python3.12/site-packages/airflow/example_dags/tutorial_dag.py
[2026-06-09T20:28:52.867+0000] {processor.py:830} INFO - Processing file /home/airflow/.local/lib/python3.12/site-packages/airflow/example_dags/tutorial_dag.py for tasks to queue
[2026-06-09T20:28:52.869+0000] {logging_mixin.py:188} INFO - [2026-06-09T20:28:52.869+0000] {dagbag.py:545} INFO - Filling up the DagBag from /home/airflow/.local/lib/python3.12/site-packages/airflow/example_dags/tutorial_dag.py
[2026-06-09T20:28:52.875+0000] {processor.py:840} INFO - DAG(s) 'tutorial_dag' retrieved from /home/airflow/.local/lib/python3.12/site-packages/airflow/example_dags/tutorial_dag.py
[2026-06-09T20:28:52.904+0000] {logging_mixin.py:188} INFO - [2026-06-09T20:28:52.904+0000] {dag.py:3096} INFO - Sync 1 DAGs
[2026-06-09T20:28:52.925+0000] {logging_mixin.py:188} INFO - [2026-06-09T20:28:52.925+0000] {dag.py:3954} INFO - Setting next_dagrun for tutorial_dag to None, run_after=None
[2026-06-09T20:28:52.968+0000] {processor.py:183} INFO - Processing /home/airflow/.local/lib/python3.12/site-packages/airflow/example_dags/tutorial_dag.py took 0.109 seconds
[2026-06-09T20:29:23.157+0000] {processor.py:161} INFO - Started process (PID=297) to work on /home/airflow/.local/lib/python3.12/site-packages/airflow/example_dags/tutorial_dag.py
[2026-06-09T20:29:23.157+0000] {processor.py:830} INFO - Processing file /home/airflow/.local/lib/python3.12/site-packages/airflow/example_dags/tutorial_dag.py for tasks to queue
[2026-06-09T20:29:23.160+0000] {logging_mixin.py:188} INFO - [2026-06-09T20:29:23.159+0000] {dagbag.py:545} INFO - Filling up the DagBag from /home/airflow/.local/lib/python3.12/site-packages/airflow/example_dags/tutorial_dag.py
[2026-06-09T20:29:23.166+0000] {processor.py:840} INFO - DAG(s) 'tutorial_dag' retrieved from /home/airflow/.local/lib/python3.12/site-packages/airflow/example_dags/tutorial_dag.py
[2026-06-09T20:29:23.194+0000] {logging_mixin.py:188} INFO - [2026-06-09T20:29:23.194+0000] {dag.py:3096} INFO - Sync 1 DAGs
[2026-06-09T20:29:23.211+0000] {logging_mixin.py:188} INFO - [2026-06-09T20:29:23.211+0000] {dag.py:3954} INFO - Setting next_dagrun for tutorial_dag to None, run_after=None
[2026-06-09T20:29:23.233+0000] {processor.py:183} INFO - Processing /home/airflow/.local/lib/python3.12/site-packages/airflow/example_dags/tutorial_dag.py took 0.083 seconds
[2026-06-09T20:29:53.326+0000] {processor.py:161} INFO - Started process (PID=357) to work on /home/airflow/.local/lib/python3.12/site-packages/airflow/example_dags/tutorial_dag.py
[2026-06-09T20:29:53.327+0000] {processor.py:830} INFO - Processing file /home/airflow/.local/lib/python3.12/site-packages/airflow/example_dags/tutorial_dag.py for tasks to queue
[2026-06-09T20:29:53.330+0000] {logging_mixin.py:188} INFO - [2026-06-09T20:29:53.330+0000] {dagbag.py:545} INFO - Filling up the DagBag from /home/airflow/.local/lib/python3.12/site-packages/airflow/example_dags/tutorial_dag.py
[2026-06-09T20:29:53.344+0000] {processor.py:840} INFO - DAG(s) 'tutorial_dag' retrieved from /home/airflow/.local/lib/python3.12/site-packages/airflow/example_dags/tutorial_dag.py
[2026-06-09T20:29:53.382+0000] {logging_mixin.py:188} INFO - [2026-06-09T20:29:53.382+0000] {dag.py:3096} INFO - Sync 1 DAGs
[2026-06-09T20:29:53.412+0000] {logging_mixin.py:188} INFO - [2026-06-09T20:29:53.411+0000] {dag.py:3954} INFO - Setting next_dagrun for tutorial_dag to None, run_after=None
[2026-06-09T20:29:53.443+0000] {processor.py:183} INFO - Processing /home/airflow/.local/lib/python3.12/site-packages/airflow/example_dags/tutorial_dag.py took 0.127 seconds
[2026-06-09T20:30:24.006+0000] {processor.py:161} INFO - Started process (PID=417) to work on /home/airflow/.local/lib/python3.12/site-packages/airflow/example_dags/tutorial_dag.py
[2026-06-09T20:30:24.007+0000] {processor.py:830} INFO - Processing file /home/airflow/.local/lib/python3.12/site-packages/airflow/example_dags/tutorial_dag.py for tasks to queue
[2026-06-09T20:30:24.010+0000] {logging_mixin.py:188} INFO - [2026-06-09T20:30:24.009+0000] {dagbag.py:545} INFO - Filling up the DagBag from /home/airflow/.local/lib/python3.12/site-packages/airflow/example_dags/tutorial_dag.py
[2026-06-09T20:30:24.016+0000] {processor.py:840} INFO - DAG(s) 'tutorial_dag' retrieved from /home/airflow/.local/lib/python3.12/site-packages/airflow/example_dags/tutorial_dag.py
[2026-06-09T20:30:24.044+0000] {logging_mixin.py:188} INFO - [2026-06-09T20:30:24.044+0000] {dag.py:3096} INFO - Sync 1 DAGs
[2026-06-09T20:30:24.062+0000] {logging_mixin.py:188} INFO - [2026-06-09T20:30:24.062+0000] {dag.py:3954} INFO - Setting next_dagrun for tutorial_dag to None, run_after=None
[2026-06-09T20:30:24.086+0000] {processor.py:183} INFO - Processing /home/airflow/.local/lib/python3.12/site-packages/airflow/example_dags/tutorial_dag.py took 0.086 seconds
[2026-06-09T20:30:55.071+0000] {processor.py:161} INFO - Started process (PID=478) to work on /home/airflow/.local/lib/python3.12/site-packages/airflow/example_dags/tutorial_dag.py
[2026-06-09T20:30:55.074+0000] {processor.py:830} INFO - Processing file /home/airflow/.local/lib/python3.12/site-packages/airflow/example_dags/tutorial_dag.py for tasks to queue
[2026-06-09T20:30:55.079+0000] {logging_mixin.py:188} INFO - [2026-06-09T20:30:55.079+0000] {dagbag.py:545} INFO - Filling up the DagBag from /home/airflow/.local/lib/python3.12/site-packages/airflow/example_dags/tutorial_dag.py
[2026-06-09T20:30:55.115+0000] {processor.py:840} INFO - DAG(s) 'tutorial_dag' retrieved from /home/airflow/.local/lib/python3.12/site-packages/airflow/example_dags/tutorial_dag.py
[2026-06-09T20:30:55.188+0000] {logging_mixin.py:188} INFO - [2026-06-09T20:30:55.188+0000] {dag.py:3096} INFO - Sync 1 DAGs
[2026-06-09T20:30:55.221+0000] {logging_mixin.py:188} INFO - [2026-06-09T20:30:55.221+0000] {dag.py:3954} INFO - Setting next_dagrun for tutorial_dag to None, run_after=None
[2026-06-09T20:30:55.272+0000] {processor.py:183} INFO - Processing /home/airflow/.local/lib/python3.12/site-packages/airflow/example_dags/tutorial_dag.py took 0.233 seconds
[2026-06-09T20:31:25.436+0000] {processor.py:161} INFO - Started process (PID=538) to work on /home/airflow/.local/lib/python3.12/site-packages/airflow/example_dags/tutorial_dag.py
[2026-06-09T20:31:25.436+0000] {processor.py:830} INFO - Processing file /home/airflow/.local/lib/python3.12/site-packages/airflow/example_dags/tutorial_dag.py for tasks to queue
[2026-06-09T20:31:25.441+0000] {logging_mixin.py:188} INFO - [2026-06-09T20:31:25.440+0000] {dagbag.py:545} INFO - Filling up the DagBag from /home/airflow/.local/lib/python3.12/site-packages/airflow/example_dags/tutorial_dag.py
[2026-06-09T20:31:25.454+0000] {processor.py:840} INFO - DAG(s) 'tutorial_dag' retrieved from /home/airflow/.local/lib/python3.12/site-packages/airflow/example_dags/tutorial_dag.py
[2026-06-09T20:31:25.521+0000] {logging_mixin.py:188} INFO - [2026-06-09T20:31:25.521+0000] {dag.py:3096} INFO - Sync 1 DAGs
[2026-06-09T20:31:25.549+0000] {logging_mixin.py:188} INFO - [2026-06-09T20:31:25.548+0000] {dag.py:3954} INFO - Setting next_dagrun for tutorial_dag to None, run_after=None
[2026-06-09T20:31:25.591+0000] {processor.py:183} INFO - Processing /home/airflow/.local/lib/python3.12/site-packages/airflow/example_dags/tutorial_dag.py took 0.171 seconds
[2026-06-09T20:31:55.766+0000] {processor.py:161} INFO - Started process (PID=598) to work on /home/airflow/.local/lib/python3.12/site-packages/airflow/example_dags/tutorial_dag.py
[2026-06-09T20:31:55.766+0000] {processor.py:830} INFO - Processing file /home/airflow/.local/lib/python3.12/site-packages/airflow/example_dags/tutorial_dag.py for tasks to queue
[2026-06-09T20:31:55.768+0000] {logging_mixin.py:188} INFO - [2026-06-09T20:31:55.768+0000] {dagbag.py:545} INFO - Filling up the DagBag from /home/airflow/.local/lib/python3.12/site-packages/airflow/example_dags/tutorial_dag.py
[2026-06-09T20:31:55.773+0000] {processor.py:840} INFO - DAG(s) 'tutorial_dag' retrieved from /home/airflow/.local/lib/python3.12/site-packages/airflow/example_dags/tutorial_dag.py
[2026-06-09T20:31:55.792+0000] {logging_mixin.py:188} INFO - [2026-06-09T20:31:55.791+0000] {dag.py:3096} INFO - Sync 1 DAGs
[2026-06-09T20:31:55.803+0000] {logging_mixin.py:188} INFO - [2026-06-09T20:31:55.803+0000] {dag.py:3954} INFO - Setting next_dagrun for tutorial_dag to None, run_after=None
[2026-06-09T20:31:55.819+0000] {processor.py:183} INFO - Processing /home/airflow/.local/lib/python3.12/site-packages/airflow/example_dags/tutorial_dag.py took 0.059 seconds
[2026-06-09T20:32:26.560+0000] {processor.py:161} INFO - Started process (PID=657) to work on /home/airflow/.local/lib/python3.12/site-packages/airflow/example_dags/tutorial_dag.py
[2026-06-09T20:32:26.561+0000] {processor.py:830} INFO - Processing file /home/airflow/.local/lib/python3.12/site-packages/airflow/example_dags/tutorial_dag.py for tasks to queue
[2026-06-09T20:32:26.563+0000] {logging_mixin.py:188} INFO - [2026-06-09T20:32:26.562+0000] {dagbag.py:545} INFO - Filling up the DagBag from /home/airflow/.local/lib/python3.12/site-packages/airflow/example_dags/tutorial_dag.py
[2026-06-09T20:32:26.568+0000] {processor.py:840} INFO - DAG(s) 'tutorial_dag' retrieved from /home/airflow/.local/lib/python3.12/site-packages/airflow/example_dags/tutorial_dag.py
[2026-06-09T20:32:26.590+0000] {logging_mixin.py:188} INFO - [2026-06-09T20:32:26.589+0000] {dag.py:3096} INFO - Sync 1 DAGs
[2026-06-09T20:32:26.601+0000] {logging_mixin.py:188} INFO - [2026-06-09T20:32:26.601+0000] {dag.py:3954} INFO - Setting next_dagrun for tutorial_dag to None, run_after=None
[2026-06-09T20:32:26.617+0000] {processor.py:183} INFO - Processing /home/airflow/.local/lib/python3.12/site-packages/airflow/example_dags/tutorial_dag.py took 0.065 seconds
[2026-06-09T20:32:57.171+0000] {processor.py:161} INFO - Started process (PID=717) to work on /home/airflow/.local/lib/python3.12/site-packages/airflow/example_dags/tutorial_dag.py
[2026-06-09T20:32:57.172+0000] {processor.py:830} INFO - Processing file /home/airflow/.local/lib/python3.12/site-packages/airflow/example_dags/tutorial_dag.py for tasks to queue
[2026-06-09T20:32:57.174+0000] {logging_mixin.py:188} INFO - [2026-06-09T20:32:57.173+0000] {dagbag.py:545} INFO - Filling up the DagBag from /home/airflow/.local/lib/python3.12/site-packages/airflow/example_dags/tutorial_dag.py
[2026-06-09T20:32:57.178+0000] {processor.py:840} INFO - DAG(s) 'tutorial_dag' retrieved from /home/airflow/.local/lib/python3.12/site-packages/airflow/example_dags/tutorial_dag.py
[2026-06-09T20:32:57.197+0000] {logging_mixin.py:188} INFO - [2026-06-09T20:32:57.197+0000] {dag.py:3096} INFO - Sync 1 DAGs
[2026-06-09T20:32:57.209+0000] {logging_mixin.py:188} INFO - [2026-06-09T20:32:57.209+0000] {dag.py:3954} INFO - Setting next_dagrun for tutorial_dag to None, run_after=None
[2026-06-09T20:32:57.225+0000] {processor.py:183} INFO - Processing /home/airflow/.local/lib/python3.12/site-packages/airflow/example_dags/tutorial_dag.py took 0.060 seconds
[2026-06-09T20:33:27.991+0000] {processor.py:161} INFO - Started process (PID=777) to work on /home/airflow/.local/lib/python3.12/site-packages/airflow/example_dags/tutorial_dag.py
[2026-06-09T20:33:27.992+0000] {processor.py:830} INFO - Processing file /home/airflow/.local/lib/python3.12/site-packages/airflow/example_dags/tutorial_dag.py for tasks to queue
[2026-06-09T20:33:27.993+0000] {logging_mixin.py:188} INFO - [2026-06-09T20:33:27.993+0000] {dagbag.py:545} INFO - Filling up the DagBag from /home/airflow/.local/lib/python3.12/site-packages/airflow/example_dags/tutorial_dag.py
[2026-06-09T20:33:27.998+0000] {processor.py:840} INFO - DAG(s) 'tutorial_dag' retrieved from /home/airflow/.local/lib/python3.12/site-packages/airflow/example_dags/tutorial_dag.py
[2026-06-09T20:33:28.016+0000] {logging_mixin.py:188} INFO - [2026-06-09T20:33:28.016+0000] {dag.py:3096} INFO - Sync 1 DAGs
[2026-06-09T20:33:28.028+0000] {logging_mixin.py:188} INFO - [2026-06-09T20:33:28.028+0000] {dag.py:3954} INFO - Setting next_dagrun for tutorial_dag to None, run_after=None
[2026-06-09T20:33:28.045+0000] {processor.py:183} INFO - Processing /home/airflow/.local/lib/python3.12/site-packages/airflow/example_dags/tutorial_dag.py took 0.060 seconds
[2026-06-09T20:33:58.643+0000] {processor.py:161} INFO - Started process (PID=837) to work on /home/airflow/.local/lib/python3.12/site-packages/airflow/example_dags/tutorial_dag.py
[2026-06-09T20:33:58.644+0000] {processor.py:830} INFO - Processing file /home/airflow/.local/lib/python3.12/site-packages/airflow/example_dags/tutorial_dag.py for tasks to queue
[2026-06-09T20:33:58.646+0000] {logging_mixin.py:188} INFO - [2026-06-09T20:33:58.645+0000] {dagbag.py:545} INFO - Filling up the DagBag from /home/airflow/.local/lib/python3.12/site-packages/airflow/example_dags/tutorial_dag.py
[2026-06-09T20:33:58.650+0000] {processor.py:840} INFO - DAG(s) 'tutorial_dag' retrieved from /home/airflow/.local/lib/python3.12/site-packages/airflow/example_dags/tutorial_dag.py
[2026-06-09T20:33:58.668+0000] {logging_mixin.py:188} INFO - [2026-06-09T20:33:58.668+0000] {dag.py:3096} INFO - Sync 1 DAGs
[2026-06-09T20:33:58.680+0000] {logging_mixin.py:188} INFO - [2026-06-09T20:33:58.680+0000] {dag.py:3954} INFO - Setting next_dagrun for tutorial_dag to None, run_after=None
[2026-06-09T20:33:58.696+0000] {processor.py:183} INFO - Processing /home/airflow/.local/lib/python3.12/site-packages/airflow/example_dags/tutorial_dag.py took 0.058 seconds
[2026-06-09T20:34:29.189+0000] {processor.py:161} INFO - Started process (PID=897) to work on /home/airflow/.local/lib/python3.12/site-packages/airflow/example_dags/tutorial_dag.py
[2026-06-09T20:34:29.190+0000] {processor.py:830} INFO - Processing file /home/airflow/.local/lib/python3.12/site-packages/airflow/example_dags/tutorial_dag.py for tasks to queue
[2026-06-09T20:34:29.191+0000] {logging_mixin.py:188} INFO - [2026-06-09T20:34:29.191+0000] {dagbag.py:545} INFO - Filling up the DagBag from /home/airflow/.local/lib/python3.12/site-packages/airflow/example_dags/tutorial_dag.py
[2026-06-09T20:34:29.196+0000] {processor.py:840} INFO - DAG(s) 'tutorial_dag' retrieved from /home/airflow/.local/lib/python3.12/site-packages/airflow/example_dags/tutorial_dag.py
[2026-06-09T20:34:29.215+0000] {logging_mixin.py:188} INFO - [2026-06-09T20:34:29.215+0000] {dag.py:3096} INFO - Sync 1 DAGs
[2026-06-09T20:34:29.234+0000] {logging_mixin.py:188} INFO - [2026-06-09T20:34:29.233+0000] {dag.py:3954} INFO - Setting next_dagrun for tutorial_dag to None, run_after=None
[2026-06-09T20:34:29.251+0000] {processor.py:183} INFO - Processing /home/airflow/.local/lib/python3.12/site-packages/airflow/example_dags/tutorial_dag.py took 0.068 seconds
[2026-06-09T20:34:59.472+0000] {processor.py:161} INFO - Started process (PID=957) to work on /home/airflow/.local/lib/python3.12/site-packages/airflow/example_dags/tutorial_dag.py
[2026-06-09T20:34:59.473+0000] {processor.py:830} INFO - Processing file /home/airflow/.local/lib/python3.12/site-packages/airflow/example_dags/tutorial_dag.py for tasks to queue
[2026-06-09T20:34:59.475+0000] {logging_mixin.py:188} INFO - [2026-06-09T20:34:59.475+0000] {dagbag.py:545} INFO - Filling up the DagBag from /home/airflow/.local/lib/python3.12/site-packages/airflow/example_dags/tutorial_dag.py
[2026-06-09T20:34:59.482+0000] {processor.py:840} INFO - DAG(s) 'tutorial_dag' retrieved from /home/airflow/.local/lib/python3.12/site-packages/airflow/example_dags/tutorial_dag.py
[2026-06-09T20:34:59.508+0000] {logging_mixin.py:188} INFO - [2026-06-09T20:34:59.508+0000] {dag.py:3096} INFO - Sync 1 DAGs
[2026-06-09T20:34:59.524+0000] {logging_mixin.py:188} INFO - [2026-06-09T20:34:59.524+0000] {dag.py:3954} INFO - Setting next_dagrun for tutorial_dag to None, run_after=None
[2026-06-09T20:34:59.544+0000] {processor.py:183} INFO - Processing /home/airflow/.local/lib/python3.12/site-packages/airflow/example_dags/tutorial_dag.py took 0.079 seconds
[2026-06-09T20:35:29.850+0000] {processor.py:161} INFO - Started process (PID=1017) to work on /home/airflow/.local/lib/python3.12/site-packages/airflow/example_dags/tutorial_dag.py
[2026-06-09T20:35:29.851+0000] {processor.py:830} INFO - Processing file /home/airflow/.local/lib/python3.12/site-packages/airflow/example_dags/tutorial_dag.py for tasks to queue
[2026-06-09T20:35:29.853+0000] {logging_mixin.py:188} INFO - [2026-06-09T20:35:29.853+0000] {dagbag.py:545} INFO - Filling up the DagBag from /home/airflow/.local/lib/python3.12/site-packages/airflow/example_dags/tutorial_dag.py
[2026-06-09T20:35:29.860+0000] {processor.py:840} INFO - DAG(s) 'tutorial_dag' retrieved from /home/airflow/.local/lib/python3.12/site-packages/airflow/example_dags/tutorial_dag.py
[2026-06-09T20:35:29.884+0000] {logging_mixin.py:188} INFO - [2026-06-09T20:35:29.884+0000] {dag.py:3096} INFO - Sync 1 DAGs
[2026-06-09T20:35:29.901+0000] {logging_mixin.py:188} INFO - [2026-06-09T20:35:29.900+0000] {dag.py:3954} INFO - Setting next_dagrun for tutorial_dag to None, run_after=None
[2026-06-09T20:35:29.921+0000] {processor.py:183} INFO - Processing /home/airflow/.local/lib/python3.12/site-packages/airflow/example_dags/tutorial_dag.py took 0.078 seconds
[2026-06-09T20:35:59.982+0000] {processor.py:161} INFO - Started process (PID=1076) to work on /home/airflow/.local/lib/python3.12/site-packages/airflow/example_dags/tutorial_dag.py
[2026-06-09T20:35:59.983+0000] {processor.py:830} INFO - Processing file /home/airflow/.local/lib/python3.12/site-packages/airflow/example_dags/tutorial_dag.py for tasks to queue
[2026-06-09T20:35:59.985+0000] {logging_mixin.py:188} INFO - [2026-06-09T20:35:59.985+0000] {dagbag.py:545} INFO - Filling up the DagBag from /home/airflow/.local/lib/python3.12/site-packages/airflow/example_dags/tutorial_dag.py
[2026-06-09T20:35:59.992+0000] {processor.py:840} INFO - DAG(s) 'tutorial_dag' retrieved from /home/airflow/.local/lib/python3.12/site-packages/airflow/example_dags/tutorial_dag.py
[2026-06-09T20:36:00.018+0000] {logging_mixin.py:188} INFO - [2026-06-09T20:36:00.017+0000] {dag.py:3096} INFO - Sync 1 DAGs
[2026-06-09T20:36:00.035+0000] {logging_mixin.py:188} INFO - [2026-06-09T20:36:00.034+0000] {dag.py:3954} INFO - Setting next_dagrun for tutorial_dag to None, run_after=None
[2026-06-09T20:36:00.055+0000] {processor.py:183} INFO - Processing /home/airflow/.local/lib/python3.12/site-packages/airflow/example_dags/tutorial_dag.py took 0.080 seconds
[2026-06-09T20:36:30.589+0000] {processor.py:161} INFO - Started process (PID=1134) to work on /home/airflow/.local/lib/python3.12/site-packages/airflow/example_dags/tutorial_dag.py
[2026-06-09T20:36:30.590+0000] {processor.py:830} INFO - Processing file /home/airflow/.local/lib/python3.12/site-packages/airflow/example_dags/tutorial_dag.py for tasks to queue
[2026-06-09T20:36:30.592+0000] {logging_mixin.py:188} INFO - [2026-06-09T20:36:30.592+0000] {dagbag.py:545} INFO - Filling up the DagBag from /home/airflow/.local/lib/python3.12/site-packages/airflow/example_dags/tutorial_dag.py
[2026-06-09T20:36:30.599+0000] {processor.py:840} INFO - DAG(s) 'tutorial_dag' retrieved from /home/airflow/.local/lib/python3.12/site-packages/airflow/example_dags/tutorial_dag.py
[2026-06-09T20:36:30.627+0000] {logging_mixin.py:188} INFO - [2026-06-09T20:36:30.626+0000] {dag.py:3096} INFO - Sync 1 DAGs
[2026-06-09T20:36:30.647+0000] {logging_mixin.py:188} INFO - [2026-06-09T20:36:30.647+0000] {dag.py:3954} INFO - Setting next_dagrun for tutorial_dag to None, run_after=None
[2026-06-09T20:36:30.673+0000] {processor.py:183} INFO - Processing /home/airflow/.local/lib/python3.12/site-packages/airflow/example_dags/tutorial_dag.py took 0.092 seconds
[2026-06-09T20:37:01.203+0000] {processor.py:161} INFO - Started process (PID=1194) to work on /home/airflow/.local/lib/python3.12/site-packages/airflow/example_dags/tutorial_dag.py
[2026-06-09T20:37:01.204+0000] {processor.py:830} INFO - Processing file /home/airflow/.local/lib/python3.12/site-packages/airflow/example_dags/tutorial_dag.py for tasks to queue
[2026-06-09T20:37:01.206+0000] {logging_mixin.py:188} INFO - [2026-06-09T20:37:01.206+0000] {dagbag.py:545} INFO - Filling up the DagBag from /home/airflow/.local/lib/python3.12/site-packages/airflow/example_dags/tutorial_dag.py
[2026-06-09T20:37:01.213+0000] {processor.py:840} INFO - DAG(s) 'tutorial_dag' retrieved from /home/airflow/.local/lib/python3.12/site-packages/airflow/example_dags/tutorial_dag.py
[2026-06-09T20:37:01.237+0000] {logging_mixin.py:188} INFO - [2026-06-09T20:37:01.237+0000] {dag.py:3096} INFO - Sync 1 DAGs
[2026-06-09T20:37:01.255+0000] {logging_mixin.py:188} INFO - [2026-06-09T20:37:01.255+0000] {dag.py:3954} INFO - Setting next_dagrun for tutorial_dag to None, run_after=None
[2026-06-09T20:37:01.276+0000] {processor.py:183} INFO - Processing /home/airflow/.local/lib/python3.12/site-packages/airflow/example_dags/tutorial_dag.py took 0.083 seconds
[2026-06-09T20:37:31.747+0000] {processor.py:161} INFO - Started process (PID=1254) to work on /home/airflow/.local/lib/python3.12/site-packages/airflow/example_dags/tutorial_dag.py
[2026-06-09T20:37:31.748+0000] {processor.py:830} INFO - Processing file /home/airflow/.local/lib/python3.12/site-packages/airflow/example_dags/tutorial_dag.py for tasks to queue
[2026-06-09T20:37:31.749+0000] {logging_mixin.py:188} INFO - [2026-06-09T20:37:31.749+0000] {dagbag.py:545} INFO - Filling up the DagBag from /home/airflow/.local/lib/python3.12/site-packages/airflow/example_dags/tutorial_dag.py
[2026-06-09T20:37:31.754+0000] {processor.py:840} INFO - DAG(s) 'tutorial_dag' retrieved from /home/airflow/.local/lib/python3.12/site-packages/airflow/example_dags/tutorial_dag.py
[2026-06-09T20:37:31.773+0000] {logging_mixin.py:188} INFO - [2026-06-09T20:37:31.773+0000] {dag.py:3096} INFO - Sync 1 DAGs
[2026-06-09T20:37:31.785+0000] {logging_mixin.py:188} INFO - [2026-06-09T20:37:31.785+0000] {dag.py:3954} INFO - Setting next_dagrun for tutorial_dag to None, run_after=None
[2026-06-09T20:37:31.802+0000] {processor.py:183} INFO - Processing /home/airflow/.local/lib/python3.12/site-packages/airflow/example_dags/tutorial_dag.py took 0.060 seconds
[2026-06-09T20:38:02.031+0000] {processor.py:161} INFO - Started process (PID=1313) to work on /home/airflow/.local/lib/python3.12/site-packages/airflow/example_dags/tutorial_dag.py
[2026-06-09T20:38:02.032+0000] {processor.py:830} INFO - Processing file /home/airflow/.local/lib/python3.12/site-packages/airflow/example_dags/tutorial_dag.py for tasks to queue
[2026-06-09T20:38:02.033+0000] {logging_mixin.py:188} INFO - [2026-06-09T20:38:02.033+0000] {dagbag.py:545} INFO - Filling up the DagBag from /home/airflow/.local/lib/python3.12/site-packages/airflow/example_dags/tutorial_dag.py
[2026-06-09T20:38:02.038+0000] {processor.py:840} INFO - DAG(s) 'tutorial_dag' retrieved from /home/airflow/.local/lib/python3.12/site-packages/airflow/example_dags/tutorial_dag.py
[2026-06-09T20:38:02.057+0000] {logging_mixin.py:188} INFO - [2026-06-09T20:38:02.056+0000] {dag.py:3096} INFO - Sync 1 DAGs
[2026-06-09T20:38:02.068+0000] {logging_mixin.py:188} INFO - [2026-06-09T20:38:02.068+0000] {dag.py:3954} INFO - Setting next_dagrun for tutorial_dag to None, run_after=None
[2026-06-09T20:38:02.084+0000] {processor.py:183} INFO - Processing /home/airflow/.local/lib/python3.12/site-packages/airflow/example_dags/tutorial_dag.py took 0.058 seconds
[2026-06-09T20:38:32.189+0000] {processor.py:161} INFO - Started process (PID=1373) to work on /home/airflow/.local/lib/python3.12/site-packages/airflow/example_dags/tutorial_dag.py
[2026-06-09T20:38:32.190+0000] {processor.py:830} INFO - Processing file /home/airflow/.local/lib/python3.12/site-packages/airflow/example_dags/tutorial_dag.py for tasks to queue
[2026-06-09T20:38:32.192+0000] {logging_mixin.py:188} INFO - [2026-06-09T20:38:32.191+0000] {dagbag.py:545} INFO - Filling up the DagBag from /home/airflow/.local/lib/python3.12/site-packages/airflow/example_dags/tutorial_dag.py
[2026-06-09T20:38:32.197+0000] {processor.py:840} INFO - DAG(s) 'tutorial_dag' retrieved from /home/airflow/.local/lib/python3.12/site-packages/airflow/example_dags/tutorial_dag.py
[2026-06-09T20:38:32.215+0000] {logging_mixin.py:188} INFO - [2026-06-09T20:38:32.215+0000] {dag.py:3096} INFO - Sync 1 DAGs
[2026-06-09T20:38:32.230+0000] {logging_mixin.py:188} INFO - [2026-06-09T20:38:32.230+0000] {dag.py:3954} INFO - Setting next_dagrun for tutorial_dag to None, run_after=None
[2026-06-09T20:38:32.252+0000] {processor.py:183} INFO - Processing /home/airflow/.local/lib/python3.12/site-packages/airflow/example_dags/tutorial_dag.py took 0.068 seconds
[2026-06-09T20:39:02.449+0000] {processor.py:161} INFO - Started process (PID=1432) to work on /home/airflow/.local/lib/python3.12/site-packages/airflow/example_dags/tutorial_dag.py
[2026-06-09T20:39:02.450+0000] {processor.py:830} INFO - Processing file /home/airflow/.local/lib/python3.12/site-packages/airflow/example_dags/tutorial_dag.py for tasks to queue
[2026-06-09T20:39:02.452+0000] {logging_mixin.py:188} INFO - [2026-06-09T20:39:02.452+0000] {dagbag.py:545} INFO - Filling up the DagBag from /home/airflow/.local/lib/python3.12/site-packages/airflow/example_dags/tutorial_dag.py
[2026-06-09T20:39:02.459+0000] {processor.py:840} INFO - DAG(s) 'tutorial_dag' retrieved from /home/airflow/.local/lib/python3.12/site-packages/airflow/example_dags/tutorial_dag.py
[2026-06-09T20:39:02.485+0000] {logging_mixin.py:188} INFO - [2026-06-09T20:39:02.484+0000] {dag.py:3096} INFO - Sync 1 DAGs
[2026-06-09T20:39:02.502+0000] {logging_mixin.py:188} INFO - [2026-06-09T20:39:02.502+0000] {dag.py:3954} INFO - Setting next_dagrun for tutorial_dag to None, run_after=None
[2026-06-09T20:39:02.528+0000] {processor.py:183} INFO - Processing /home/airflow/.local/lib/python3.12/site-packages/airflow/example_dags/tutorial_dag.py took 0.093 seconds
[2026-06-09T20:39:32.947+0000] {processor.py:161} INFO - Started process (PID=1492) to work on /home/airflow/.local/lib/python3.12/site-packages/airflow/example_dags/tutorial_dag.py
[2026-06-09T20:39:32.948+0000] {processor.py:830} INFO - Processing file /home/airflow/.local/lib/python3.12/site-packages/airflow/example_dags/tutorial_dag.py for tasks to queue
[2026-06-09T20:39:32.949+0000] {logging_mixin.py:188} INFO - [2026-06-09T20:39:32.949+0000] {dagbag.py:545} INFO - Filling up the DagBag from /home/airflow/.local/lib/python3.12/site-packages/airflow/example_dags/tutorial_dag.py
[2026-06-09T20:39:32.954+0000] {processor.py:840} INFO - DAG(s) 'tutorial_dag' retrieved from /home/airflow/.local/lib/python3.12/site-packages/airflow/example_dags/tutorial_dag.py
[2026-06-09T20:39:32.972+0000] {logging_mixin.py:188} INFO - [2026-06-09T20:39:32.972+0000] {dag.py:3096} INFO - Sync 1 DAGs
[2026-06-09T20:39:32.985+0000] {logging_mixin.py:188} INFO - [2026-06-09T20:39:32.984+0000] {dag.py:3954} INFO - Setting next_dagrun for tutorial_dag to None, run_after=None
[2026-06-09T20:39:33.000+0000] {processor.py:183} INFO - Processing /home/airflow/.local/lib/python3.12/site-packages/airflow/example_dags/tutorial_dag.py took 0.059 seconds
[2026-06-09T20:40:03.502+0000] {processor.py:161} INFO - Started process (PID=1552) to work on /home/airflow/.local/lib/python3.12/site-packages/airflow/example_dags/tutorial_dag.py
[2026-06-09T20:40:03.503+0000] {processor.py:830} INFO - Processing file /home/airflow/.local/lib/python3.12/site-packages/airflow/example_dags/tutorial_dag.py for tasks to queue
[2026-06-09T20:40:03.505+0000] {logging_mixin.py:188} INFO - [2026-06-09T20:40:03.504+0000] {dagbag.py:545} INFO - Filling up the DagBag from /home/airflow/.local/lib/python3.12/site-packages/airflow/example_dags/tutorial_dag.py
[2026-06-09T20:40:03.511+0000] {processor.py:840} INFO - DAG(s) 'tutorial_dag' retrieved from /home/airflow/.local/lib/python3.12/site-packages/airflow/example_dags/tutorial_dag.py
[2026-06-09T20:40:03.538+0000] {logging_mixin.py:188} INFO - [2026-06-09T20:40:03.538+0000] {dag.py:3096} INFO - Sync 1 DAGs
[2026-06-09T20:40:03.555+0000] {logging_mixin.py:188} INFO - [2026-06-09T20:40:03.555+0000] {dag.py:3954} INFO - Setting next_dagrun for tutorial_dag to None, run_after=None
[2026-06-09T20:40:03.576+0000] {processor.py:183} INFO - Processing /home/airflow/.local/lib/python3.12/site-packages/airflow/example_dags/tutorial_dag.py took 0.082 seconds
[2026-06-09T20:40:34.207+0000] {processor.py:161} INFO - Started process (PID=1612) to work on /home/airflow/.local/lib/python3.12/site-packages/airflow/example_dags/tutorial_dag.py
[2026-06-09T20:40:34.208+0000] {processor.py:830} INFO - Processing file /home/airflow/.local/lib/python3.12/site-packages/airflow/example_dags/tutorial_dag.py for tasks to queue
[2026-06-09T20:40:34.210+0000] {logging_mixin.py:188} INFO - [2026-06-09T20:40:34.210+0000] {dagbag.py:545} INFO - Filling up the DagBag from /home/airflow/.local/lib/python3.12/site-packages/airflow/example_dags/tutorial_dag.py
[2026-06-09T20:40:34.215+0000] {processor.py:840} INFO - DAG(s) 'tutorial_dag' retrieved from /home/airflow/.local/lib/python3.12/site-packages/airflow/example_dags/tutorial_dag.py
[2026-06-09T20:40:34.241+0000] {logging_mixin.py:188} INFO - [2026-06-09T20:40:34.240+0000] {dag.py:3096} INFO - Sync 1 DAGs
[2026-06-09T20:40:34.258+0000] {logging_mixin.py:188} INFO - [2026-06-09T20:40:34.257+0000] {dag.py:3954} INFO - Setting next_dagrun for tutorial_dag to None, run_after=None
[2026-06-09T20:40:34.278+0000] {processor.py:183} INFO - Processing /home/airflow/.local/lib/python3.12/site-packages/airflow/example_dags/tutorial_dag.py took 0.078 seconds
[2026-06-09T20:41:04.800+0000] {processor.py:161} INFO - Started process (PID=1672) to work on /home/airflow/.local/lib/python3.12/site-packages/airflow/example_dags/tutorial_dag.py
[2026-06-09T20:41:04.803+0000] {processor.py:830} INFO - Processing file /home/airflow/.local/lib/python3.12/site-packages/airflow/example_dags/tutorial_dag.py for tasks to queue
[2026-06-09T20:41:04.806+0000] {logging_mixin.py:188} INFO - [2026-06-09T20:41:04.806+0000] {dagbag.py:545} INFO - Filling up the DagBag from /home/airflow/.local/lib/python3.12/site-packages/airflow/example_dags/tutorial_dag.py
[2026-06-09T20:41:04.815+0000] {processor.py:840} INFO - DAG(s) 'tutorial_dag' retrieved from /home/airflow/.local/lib/python3.12/site-packages/airflow/example_dags/tutorial_dag.py
[2026-06-09T20:41:04.842+0000] {logging_mixin.py:188} INFO - [2026-06-09T20:41:04.842+0000] {dag.py:3096} INFO - Sync 1 DAGs
[2026-06-09T20:41:04.863+0000] {logging_mixin.py:188} INFO - [2026-06-09T20:41:04.862+0000] {dag.py:3954} INFO - Setting next_dagrun for tutorial_dag to None, run_after=None
[2026-06-09T20:41:04.899+0000] {processor.py:183} INFO - Processing /home/airflow/.local/lib/python3.12/site-packages/airflow/example_dags/tutorial_dag.py took 0.121 seconds
[2026-06-09T20:41:36.189+0000] {processor.py:161} INFO - Started process (PID=1732) to work on /home/airflow/.local/lib/python3.12/site-packages/airflow/example_dags/tutorial_dag.py
[2026-06-09T20:41:36.190+0000] {processor.py:830} INFO - Processing file /home/airflow/.local/lib/python3.12/site-packages/airflow/example_dags/tutorial_dag.py for tasks to queue
[2026-06-09T20:41:36.192+0000] {logging_mixin.py:188} INFO - [2026-06-09T20:41:36.192+0000] {dagbag.py:545} INFO - Filling up the DagBag from /home/airflow/.local/lib/python3.12/site-packages/airflow/example_dags/tutorial_dag.py
[2026-06-09T20:41:36.199+0000] {processor.py:840} INFO - DAG(s) 'tutorial_dag' retrieved from /home/airflow/.local/lib/python3.12/site-packages/airflow/example_dags/tutorial_dag.py
[2026-06-09T20:41:36.267+0000] {logging_mixin.py:188} INFO - [2026-06-09T20:41:36.266+0000] {dag.py:3096} INFO - Sync 1 DAGs
[2026-06-09T20:41:36.301+0000] {logging_mixin.py:188} INFO - [2026-06-09T20:41:36.301+0000] {dag.py:3954} INFO - Setting next_dagrun for tutorial_dag to None, run_after=None
[2026-06-09T20:41:36.339+0000] {processor.py:183} INFO - Processing /home/airflow/.local/lib/python3.12/site-packages/airflow/example_dags/tutorial_dag.py took 0.158 seconds
[2026-06-09T20:42:07.408+0000] {processor.py:161} INFO - Started process (PID=1792) to work on /home/airflow/.local/lib/python3.12/site-packages/airflow/example_dags/tutorial_dag.py
[2026-06-09T20:42:07.409+0000] {processor.py:830} INFO - Processing file /home/airflow/.local/lib/python3.12/site-packages/airflow/example_dags/tutorial_dag.py for tasks to queue
[2026-06-09T20:42:07.411+0000] {logging_mixin.py:188} INFO - [2026-06-09T20:42:07.411+0000] {dagbag.py:545} INFO - Filling up the DagBag from /home/airflow/.local/lib/python3.12/site-packages/airflow/example_dags/tutorial_dag.py
[2026-06-09T20:42:07.419+0000] {processor.py:840} INFO - DAG(s) 'tutorial_dag' retrieved from /home/airflow/.local/lib/python3.12/site-packages/airflow/example_dags/tutorial_dag.py
[2026-06-09T20:42:07.447+0000] {logging_mixin.py:188} INFO - [2026-06-09T20:42:07.447+0000] {dag.py:3096} INFO - Sync 1 DAGs
[2026-06-09T20:42:07.467+0000] {logging_mixin.py:188} INFO - [2026-06-09T20:42:07.466+0000] {dag.py:3954} INFO - Setting next_dagrun for tutorial_dag to None, run_after=None
[2026-06-09T20:42:07.504+0000] {processor.py:183} INFO - Processing /home/airflow/.local/lib/python3.12/site-packages/airflow/example_dags/tutorial_dag.py took 0.114 seconds
[2026-06-09T20:42:38.485+0000] {processor.py:161} INFO - Started process (PID=1852) to work on /home/airflow/.local/lib/python3.12/site-packages/airflow/example_dags/tutorial_dag.py
[2026-06-09T20:42:38.489+0000] {processor.py:830} INFO - Processing file /home/airflow/.local/lib/python3.12/site-packages/airflow/example_dags/tutorial_dag.py for tasks to queue
[2026-06-09T20:42:38.494+0000] {logging_mixin.py:188} INFO - [2026-06-09T20:42:38.491+0000] {dagbag.py:545} INFO - Filling up the DagBag from /home/airflow/.local/lib/python3.12/site-packages/airflow/example_dags/tutorial_dag.py
[2026-06-09T20:42:38.507+0000] {processor.py:840} INFO - DAG(s) 'tutorial_dag' retrieved from /home/airflow/.local/lib/python3.12/site-packages/airflow/example_dags/tutorial_dag.py
[2026-06-09T20:42:38.561+0000] {logging_mixin.py:188} INFO - [2026-06-09T20:42:38.561+0000] {dag.py:3096} INFO - Sync 1 DAGs
[2026-06-09T20:42:38.596+0000] {logging_mixin.py:188} INFO - [2026-06-09T20:42:38.596+0000] {dag.py:3954} INFO - Setting next_dagrun for tutorial_dag to None, run_after=None
[2026-06-09T20:42:38.636+0000] {processor.py:183} INFO - Processing /home/airflow/.local/lib/python3.12/site-packages/airflow/example_dags/tutorial_dag.py took 0.183 seconds
[2026-06-09T20:43:08.977+0000] {processor.py:161} INFO - Started process (PID=1912) to work on /home/airflow/.local/lib/python3.12/site-packages/airflow/example_dags/tutorial_dag.py
[2026-06-09T20:43:08.978+0000] {processor.py:830} INFO - Processing file /home/airflow/.local/lib/python3.12/site-packages/airflow/example_dags/tutorial_dag.py for tasks to queue
[2026-06-09T20:43:08.981+0000] {logging_mixin.py:188} INFO - [2026-06-09T20:43:08.980+0000] {dagbag.py:545} INFO - Filling up the DagBag from /home/airflow/.local/lib/python3.12/site-packages/airflow/example_dags/tutorial_dag.py
[2026-06-09T20:43:08.988+0000] {processor.py:840} INFO - DAG(s) 'tutorial_dag' retrieved from /home/airflow/.local/lib/python3.12/site-packages/airflow/example_dags/tutorial_dag.py
[2026-06-09T20:43:09.013+0000] {logging_mixin.py:188} INFO - [2026-06-09T20:43:09.013+0000] {dag.py:3096} INFO - Sync 1 DAGs
[2026-06-09T20:43:09.030+0000] {logging_mixin.py:188} INFO - [2026-06-09T20:43:09.030+0000] {dag.py:3954} INFO - Setting next_dagrun for tutorial_dag to None, run_after=None
[2026-06-09T20:43:09.070+0000] {processor.py:183} INFO - Processing /home/airflow/.local/lib/python3.12/site-packages/airflow/example_dags/tutorial_dag.py took 0.100 seconds
[2026-06-09T20:43:39.153+0000] {processor.py:161} INFO - Started process (PID=1972) to work on /home/airflow/.local/lib/python3.12/site-packages/airflow/example_dags/tutorial_dag.py
[2026-06-09T20:43:39.154+0000] {processor.py:830} INFO - Processing file /home/airflow/.local/lib/python3.12/site-packages/airflow/example_dags/tutorial_dag.py for tasks to queue
[2026-06-09T20:43:39.157+0000] {logging_mixin.py:188} INFO - [2026-06-09T20:43:39.156+0000] {dagbag.py:545} INFO - Filling up the DagBag from /home/airflow/.local/lib/python3.12/site-packages/airflow/example_dags/tutorial_dag.py
[2026-06-09T20:43:39.168+0000] {processor.py:840} INFO - DAG(s) 'tutorial_dag' retrieved from /home/airflow/.local/lib/python3.12/site-packages/airflow/example_dags/tutorial_dag.py
[2026-06-09T20:43:39.194+0000] {logging_mixin.py:188} INFO - [2026-06-09T20:43:39.194+0000] {dag.py:3096} INFO - Sync 1 DAGs
[2026-06-09T20:43:39.212+0000] {logging_mixin.py:188} INFO - [2026-06-09T20:43:39.211+0000] {dag.py:3954} INFO - Setting next_dagrun for tutorial_dag to None, run_after=None
[2026-06-09T20:43:39.236+0000] {processor.py:183} INFO - Processing /home/airflow/.local/lib/python3.12/site-packages/airflow/example_dags/tutorial_dag.py took 0.091 seconds
[2026-06-09T20:44:09.979+0000] {processor.py:161} INFO - Started process (PID=2032) to work on /home/airflow/.local/lib/python3.12/site-packages/airflow/example_dags/tutorial_dag.py
[2026-06-09T20:44:09.980+0000] {processor.py:830} INFO - Processing file /home/airflow/.local/lib/python3.12/site-packages/airflow/example_dags/tutorial_dag.py for tasks to queue
[2026-06-09T20:44:09.982+0000] {logging_mixin.py:188} INFO - [2026-06-09T20:44:09.981+0000] {dagbag.py:545} INFO - Filling up the DagBag from /home/airflow/.local/lib/python3.12/site-packages/airflow/example_dags/tutorial_dag.py
[2026-06-09T20:44:09.990+0000] {processor.py:840} INFO - DAG(s) 'tutorial_dag' retrieved from /home/airflow/.local/lib/python3.12/site-packages/airflow/example_dags/tutorial_dag.py
[2026-06-09T20:44:10.015+0000] {logging_mixin.py:188} INFO - [2026-06-09T20:44:10.015+0000] {dag.py:3096} INFO - Sync 1 DAGs
[2026-06-09T20:44:10.033+0000] {logging_mixin.py:188} INFO - [2026-06-09T20:44:10.032+0000] {dag.py:3954} INFO - Setting next_dagrun for tutorial_dag to None, run_after=None
[2026-06-09T20:44:10.056+0000] {processor.py:183} INFO - Processing /home/airflow/.local/lib/python3.12/site-packages/airflow/example_dags/tutorial_dag.py took 0.084 seconds
[2026-06-09T20:44:40.353+0000] {processor.py:161} INFO - Started process (PID=2092) to work on /home/airflow/.local/lib/python3.12/site-packages/airflow/example_dags/tutorial_dag.py
[2026-06-09T20:44:40.354+0000] {processor.py:830} INFO - Processing file /home/airflow/.local/lib/python3.12/site-packages/airflow/example_dags/tutorial_dag.py for tasks to queue
[2026-06-09T20:44:40.356+0000] {logging_mixin.py:188} INFO - [2026-06-09T20:44:40.356+0000] {dagbag.py:545} INFO - Filling up the DagBag from /home/airflow/.local/lib/python3.12/site-packages/airflow/example_dags/tutorial_dag.py
[2026-06-09T20:44:40.363+0000] {processor.py:840} INFO - DAG(s) 'tutorial_dag' retrieved from /home/airflow/.local/lib/python3.12/site-packages/airflow/example_dags/tutorial_dag.py
[2026-06-09T20:44:40.389+0000] {logging_mixin.py:188} INFO - [2026-06-09T20:44:40.389+0000] {dag.py:3096} INFO - Sync 1 DAGs
[2026-06-09T20:44:40.407+0000] {logging_mixin.py:188} INFO - [2026-06-09T20:44:40.407+0000] {dag.py:3954} INFO - Setting next_dagrun for tutorial_dag to None, run_after=None
[2026-06-09T20:44:40.429+0000] {processor.py:183} INFO - Processing /home/airflow/.local/lib/python3.12/site-packages/airflow/example_dags/tutorial_dag.py took 0.084 seconds
[2026-06-09T20:45:10.734+0000] {processor.py:161} INFO - Started process (PID=2152) to work on /home/airflow/.local/lib/python3.12/site-packages/airflow/example_dags/tutorial_dag.py
[2026-06-09T20:45:10.735+0000] {processor.py:830} INFO - Processing file /home/airflow/.local/lib/python3.12/site-packages/airflow/example_dags/tutorial_dag.py for tasks to queue
[2026-06-09T20:45:10.740+0000] {logging_mixin.py:188} INFO - [2026-06-09T20:45:10.739+0000] {dagbag.py:545} INFO - Filling up the DagBag from /home/airflow/.local/lib/python3.12/site-packages/airflow/example_dags/tutorial_dag.py
[2026-06-09T20:45:10.757+0000] {processor.py:840} INFO - DAG(s) 'tutorial_dag' retrieved from /home/airflow/.local/lib/python3.12/site-packages/airflow/example_dags/tutorial_dag.py
[2026-06-09T20:45:10.805+0000] {logging_mixin.py:188} INFO - [2026-06-09T20:45:10.805+0000] {dag.py:3096} INFO - Sync 1 DAGs
[2026-06-09T20:45:10.843+0000] {logging_mixin.py:188} INFO - [2026-06-09T20:45:10.842+0000] {dag.py:3954} INFO - Setting next_dagrun for tutorial_dag to None, run_after=None
[2026-06-09T20:45:10.885+0000] {processor.py:183} INFO - Processing /home/airflow/.local/lib/python3.12/site-packages/airflow/example_dags/tutorial_dag.py took 0.181 seconds
[2026-06-09T20:45:41.641+0000] {processor.py:161} INFO - Started process (PID=2212) to work on /home/airflow/.local/lib/python3.12/site-packages/airflow/example_dags/tutorial_dag.py
[2026-06-09T20:45:41.642+0000] {processor.py:830} INFO - Processing file /home/airflow/.local/lib/python3.12/site-packages/airflow/example_dags/tutorial_dag.py for tasks to queue
[2026-06-09T20:45:41.644+0000] {logging_mixin.py:188} INFO - [2026-06-09T20:45:41.644+0000] {dagbag.py:545} INFO - Filling up the DagBag from /home/airflow/.local/lib/python3.12/site-packages/airflow/example_dags/tutorial_dag.py
[2026-06-09T20:45:41.651+0000] {processor.py:840} INFO - DAG(s) 'tutorial_dag' retrieved from /home/airflow/.local/lib/python3.12/site-packages/airflow/example_dags/tutorial_dag.py
[2026-06-09T20:45:41.676+0000] {logging_mixin.py:188} INFO - [2026-06-09T20:45:41.676+0000] {dag.py:3096} INFO - Sync 1 DAGs
[2026-06-09T20:45:41.694+0000] {logging_mixin.py:188} INFO - [2026-06-09T20:45:41.694+0000] {dag.py:3954} INFO - Setting next_dagrun for tutorial_dag to None, run_after=None
[2026-06-09T20:45:41.720+0000] {processor.py:183} INFO - Processing /home/airflow/.local/lib/python3.12/site-packages/airflow/example_dags/tutorial_dag.py took 0.086 seconds
[2026-06-09T20:46:12.108+0000] {processor.py:161} INFO - Started process (PID=2272) to work on /home/airflow/.local/lib/python3.12/site-packages/airflow/example_dags/tutorial_dag.py
[2026-06-09T20:46:12.109+0000] {processor.py:830} INFO - Processing file /home/airflow/.local/lib/python3.12/site-packages/airflow/example_dags/tutorial_dag.py for tasks to queue
[2026-06-09T20:46:12.111+0000] {logging_mixin.py:188} INFO - [2026-06-09T20:46:12.111+0000] {dagbag.py:545} INFO - Filling up the DagBag from /home/airflow/.local/lib/python3.12/site-packages/airflow/example_dags/tutorial_dag.py
[2026-06-09T20:46:12.121+0000] {processor.py:840} INFO - DAG(s) 'tutorial_dag' retrieved from /home/airflow/.local/lib/python3.12/site-packages/airflow/example_dags/tutorial_dag.py
[2026-06-09T20:46:12.203+0000] {logging_mixin.py:188} INFO - [2026-06-09T20:46:12.203+0000] {dag.py:3096} INFO - Sync 1 DAGs
[2026-06-09T20:46:12.229+0000] {logging_mixin.py:188} INFO - [2026-06-09T20:46:12.229+0000] {dag.py:3954} INFO - Setting next_dagrun for tutorial_dag to None, run_after=None
[2026-06-09T20:46:12.269+0000] {processor.py:183} INFO - Processing /home/airflow/.local/lib/python3.12/site-packages/airflow/example_dags/tutorial_dag.py took 0.179 seconds
[2026-06-09T20:46:42.594+0000] {processor.py:161} INFO - Started process (PID=2331) to work on /home/airflow/.local/lib/python3.12/site-packages/airflow/example_dags/tutorial_dag.py
[2026-06-09T20:46:42.595+0000] {processor.py:830} INFO - Processing file /home/airflow/.local/lib/python3.12/site-packages/airflow/example_dags/tutorial_dag.py for tasks to queue
[2026-06-09T20:46:42.597+0000] {logging_mixin.py:188} INFO - [2026-06-09T20:46:42.597+0000] {dagbag.py:545} INFO - Filling up the DagBag from /home/airflow/.local/lib/python3.12/site-packages/airflow/example_dags/tutorial_dag.py
[2026-06-09T20:46:42.605+0000] {processor.py:840} INFO - DAG(s) 'tutorial_dag' retrieved from /home/airflow/.local/lib/python3.12/site-packages/airflow/example_dags/tutorial_dag.py
[2026-06-09T20:46:42.637+0000] {logging_mixin.py:188} INFO - [2026-06-09T20:46:42.637+0000] {dag.py:3096} INFO - Sync 1 DAGs
[2026-06-09T20:46:42.655+0000] {logging_mixin.py:188} INFO - [2026-06-09T20:46:42.654+0000] {dag.py:3954} INFO - Setting next_dagrun for tutorial_dag to None, run_after=None
[2026-06-09T20:46:42.686+0000] {processor.py:183} INFO - Processing /home/airflow/.local/lib/python3.12/site-packages/airflow/example_dags/tutorial_dag.py took 0.099 seconds
[2026-06-09T20:47:13.319+0000] {processor.py:161} INFO - Started process (PID=2391) to work on /home/airflow/.local/lib/python3.12/site-packages/airflow/example_dags/tutorial_dag.py
[2026-06-09T20:47:13.320+0000] {processor.py:830} INFO - Processing file /home/airflow/.local/lib/python3.12/site-packages/airflow/example_dags/tutorial_dag.py for tasks to queue
[2026-06-09T20:47:13.322+0000] {logging_mixin.py:188} INFO - [2026-06-09T20:47:13.322+0000] {dagbag.py:545} INFO - Filling up the DagBag from /home/airflow/.local/lib/python3.12/site-packages/airflow/example_dags/tutorial_dag.py
[2026-06-09T20:47:13.329+0000] {processor.py:840} INFO - DAG(s) 'tutorial_dag' retrieved from /home/airflow/.local/lib/python3.12/site-packages/airflow/example_dags/tutorial_dag.py
[2026-06-09T20:47:13.382+0000] {logging_mixin.py:188} INFO - [2026-06-09T20:47:13.381+0000] {dag.py:3096} INFO - Sync 1 DAGs
[2026-06-09T20:47:13.436+0000] {logging_mixin.py:188} INFO - [2026-06-09T20:47:13.436+0000] {dag.py:3954} INFO - Setting next_dagrun for tutorial_dag to None, run_after=None
[2026-06-09T20:47:13.460+0000] {processor.py:183} INFO - Processing /home/airflow/.local/lib/python3.12/site-packages/airflow/example_dags/tutorial_dag.py took 0.148 seconds
[2026-06-09T20:47:44.191+0000] {processor.py:161} INFO - Started process (PID=2457) to work on /home/airflow/.local/lib/python3.12/site-packages/airflow/example_dags/tutorial_dag.py
[2026-06-09T20:47:44.192+0000] {processor.py:830} INFO - Processing file /home/airflow/.local/lib/python3.12/site-packages/airflow/example_dags/tutorial_dag.py for tasks to queue
[2026-06-09T20:47:44.195+0000] {logging_mixin.py:188} INFO - [2026-06-09T20:47:44.195+0000] {dagbag.py:545} INFO - Filling up the DagBag from /home/airflow/.local/lib/python3.12/site-packages/airflow/example_dags/tutorial_dag.py
[2026-06-09T20:47:44.206+0000] {processor.py:840} INFO - DAG(s) 'tutorial_dag' retrieved from /home/airflow/.local/lib/python3.12/site-packages/airflow/example_dags/tutorial_dag.py
[2026-06-09T20:47:44.263+0000] {logging_mixin.py:188} INFO - [2026-06-09T20:47:44.263+0000] {dag.py:3096} INFO - Sync 1 DAGs
[2026-06-09T20:47:44.297+0000] {logging_mixin.py:188} INFO - [2026-06-09T20:47:44.296+0000] {dag.py:3954} INFO - Setting next_dagrun for tutorial_dag to None, run_after=None
[2026-06-09T20:47:44.412+0000] {processor.py:183} INFO - Processing /home/airflow/.local/lib/python3.12/site-packages/airflow/example_dags/tutorial_dag.py took 0.236 seconds
[2026-06-09T20:48:14.575+0000] {processor.py:161} INFO - Started process (PID=2517) to work on /home/airflow/.local/lib/python3.12/site-packages/airflow/example_dags/tutorial_dag.py
[2026-06-09T20:48:14.576+0000] {processor.py:830} INFO - Processing file /home/airflow/.local/lib/python3.12/site-packages/airflow/example_dags/tutorial_dag.py for tasks to queue
[2026-06-09T20:48:14.578+0000] {logging_mixin.py:188} INFO - [2026-06-09T20:48:14.578+0000] {dagbag.py:545} INFO - Filling up the DagBag from /home/airflow/.local/lib/python3.12/site-packages/airflow/example_dags/tutorial_dag.py
[2026-06-09T20:48:14.585+0000] {processor.py:840} INFO - DAG(s) 'tutorial_dag' retrieved from /home/airflow/.local/lib/python3.12/site-packages/airflow/example_dags/tutorial_dag.py
[2026-06-09T20:48:14.613+0000] {logging_mixin.py:188} INFO - [2026-06-09T20:48:14.612+0000] {dag.py:3096} INFO - Sync 1 DAGs
[2026-06-09T20:48:14.631+0000] {logging_mixin.py:188} INFO - [2026-06-09T20:48:14.631+0000] {dag.py:3954} INFO - Setting next_dagrun for tutorial_dag to None, run_after=None
[2026-06-09T20:48:14.669+0000] {processor.py:183} INFO - Processing /home/airflow/.local/lib/python3.12/site-packages/airflow/example_dags/tutorial_dag.py took 0.101 seconds
[2026-06-09T20:48:44.965+0000] {processor.py:161} INFO - Started process (PID=2576) to work on /home/airflow/.local/lib/python3.12/site-packages/airflow/example_dags/tutorial_dag.py
[2026-06-09T20:48:44.966+0000] {processor.py:830} INFO - Processing file /home/airflow/.local/lib/python3.12/site-packages/airflow/example_dags/tutorial_dag.py for tasks to queue
[2026-06-09T20:48:44.968+0000] {logging_mixin.py:188} INFO - [2026-06-09T20:48:44.967+0000] {dagbag.py:545} INFO - Filling up the DagBag from /home/airflow/.local/lib/python3.12/site-packages/airflow/example_dags/tutorial_dag.py
[2026-06-09T20:48:44.975+0000] {processor.py:840} INFO - DAG(s) 'tutorial_dag' retrieved from /home/airflow/.local/lib/python3.12/site-packages/airflow/example_dags/tutorial_dag.py
[2026-06-09T20:48:45.003+0000] {logging_mixin.py:188} INFO - [2026-06-09T20:48:45.002+0000] {dag.py:3096} INFO - Sync 1 DAGs
[2026-06-09T20:48:45.022+0000] {logging_mixin.py:188} INFO - [2026-06-09T20:48:45.022+0000] {dag.py:3954} INFO - Setting next_dagrun for tutorial_dag to None, run_after=None
[2026-06-09T20:48:45.045+0000] {processor.py:183} INFO - Processing /home/airflow/.local/lib/python3.12/site-packages/airflow/example_dags/tutorial_dag.py took 0.089 seconds
[2026-06-09T20:49:15.268+0000] {processor.py:161} INFO - Started process (PID=2635) to work on /home/airflow/.local/lib/python3.12/site-packages/airflow/example_dags/tutorial_dag.py
[2026-06-09T20:49:15.269+0000] {processor.py:830} INFO - Processing file /home/airflow/.local/lib/python3.12/site-packages/airflow/example_dags/tutorial_dag.py for tasks to queue
[2026-06-09T20:49:15.271+0000] {logging_mixin.py:188} INFO - [2026-06-09T20:49:15.271+0000] {dagbag.py:545} INFO - Filling up the DagBag from /home/airflow/.local/lib/python3.12/site-packages/airflow/example_dags/tutorial_dag.py
[2026-06-09T20:49:15.278+0000] {processor.py:840} INFO - DAG(s) 'tutorial_dag' retrieved from /home/airflow/.local/lib/python3.12/site-packages/airflow/example_dags/tutorial_dag.py
[2026-06-09T20:49:15.308+0000] {logging_mixin.py:188} INFO - [2026-06-09T20:49:15.307+0000] {dag.py:3096} INFO - Sync 1 DAGs
[2026-06-09T20:49:15.332+0000] {logging_mixin.py:188} INFO - [2026-06-09T20:49:15.331+0000] {dag.py:3954} INFO - Setting next_dagrun for tutorial_dag to None, run_after=None
[2026-06-09T20:49:15.361+0000] {processor.py:183} INFO - Processing /home/airflow/.local/lib/python3.12/site-packages/airflow/example_dags/tutorial_dag.py took 0.102 seconds
[2026-06-09T20:49:45.948+0000] {processor.py:161} INFO - Started process (PID=2696) to work on /home/airflow/.local/lib/python3.12/site-packages/airflow/example_dags/tutorial_dag.py
[2026-06-09T20:49:45.948+0000] {processor.py:830} INFO - Processing file /home/airflow/.local/lib/python3.12/site-packages/airflow/example_dags/tutorial_dag.py for tasks to queue
[2026-06-09T20:49:45.950+0000] {logging_mixin.py:188} INFO - [2026-06-09T20:49:45.950+0000] {dagbag.py:545} INFO - Filling up the DagBag from /home/airflow/.local/lib/python3.12/site-packages/airflow/example_dags/tutorial_dag.py
[2026-06-09T20:49:45.958+0000] {processor.py:840} INFO - DAG(s) 'tutorial_dag' retrieved from /home/airflow/.local/lib/python3.12/site-packages/airflow/example_dags/tutorial_dag.py
[2026-06-09T20:49:45.982+0000] {logging_mixin.py:188} INFO - [2026-06-09T20:49:45.982+0000] {dag.py:3096} INFO - Sync 1 DAGs
[2026-06-09T20:49:45.999+0000] {logging_mixin.py:188} INFO - [2026-06-09T20:49:45.999+0000] {dag.py:3954} INFO - Setting next_dagrun for tutorial_dag to None, run_after=None
[2026-06-09T20:49:46.022+0000] {processor.py:183} INFO - Processing /home/airflow/.local/lib/python3.12/site-packages/airflow/example_dags/tutorial_dag.py took 0.082 seconds
[2026-06-09T20:50:16.257+0000] {processor.py:161} INFO - Started process (PID=2756) to work on /home/airflow/.local/lib/python3.12/site-packages/airflow/example_dags/tutorial_dag.py
[2026-06-09T20:50:16.258+0000] {processor.py:830} INFO - Processing file /home/airflow/.local/lib/python3.12/site-packages/airflow/example_dags/tutorial_dag.py for tasks to queue
[2026-06-09T20:50:16.261+0000] {logging_mixin.py:188} INFO - [2026-06-09T20:50:16.260+0000] {dagbag.py:545} INFO - Filling up the DagBag from /home/airflow/.local/lib/python3.12/site-packages/airflow/example_dags/tutorial_dag.py
[2026-06-09T20:50:16.267+0000] {processor.py:840} INFO - DAG(s) 'tutorial_dag' retrieved from /home/airflow/.local/lib/python3.12/site-packages/airflow/example_dags/tutorial_dag.py
[2026-06-09T20:50:16.299+0000] {logging_mixin.py:188} INFO - [2026-06-09T20:50:16.299+0000] {dag.py:3096} INFO - Sync 1 DAGs
[2026-06-09T20:50:16.318+0000] {logging_mixin.py:188} INFO - [2026-06-09T20:50:16.317+0000] {dag.py:3954} INFO - Setting next_dagrun for tutorial_dag to None, run_after=None
[2026-06-09T20:50:16.341+0000] {processor.py:183} INFO - Processing /home/airflow/.local/lib/python3.12/site-packages/airflow/example_dags/tutorial_dag.py took 0.091 seconds
[2026-06-09T20:50:46.711+0000] {processor.py:161} INFO - Started process (PID=2816) to work on /home/airflow/.local/lib/python3.12/site-packages/airflow/example_dags/tutorial_dag.py
[2026-06-09T20:50:46.712+0000] {processor.py:830} INFO - Processing file /home/airflow/.local/lib/python3.12/site-packages/airflow/example_dags/tutorial_dag.py for tasks to queue
[2026-06-09T20:50:46.714+0000] {logging_mixin.py:188} INFO - [2026-06-09T20:50:46.714+0000] {dagbag.py:545} INFO - Filling up the DagBag from /home/airflow/.local/lib/python3.12/site-packages/airflow/example_dags/tutorial_dag.py
[2026-06-09T20:50:46.721+0000] {processor.py:840} INFO - DAG(s) 'tutorial_dag' retrieved from /home/airflow/.local/lib/python3.12/site-packages/airflow/example_dags/tutorial_dag.py
[2026-06-09T20:50:46.751+0000] {logging_mixin.py:188} INFO - [2026-06-09T20:50:46.750+0000] {dag.py:3096} INFO - Sync 1 DAGs
[2026-06-09T20:50:46.771+0000] {logging_mixin.py:188} INFO - [2026-06-09T20:50:46.771+0000] {dag.py:3954} INFO - Setting next_dagrun for tutorial_dag to None, run_after=None
[2026-06-09T20:50:46.808+0000] {processor.py:183} INFO - Processing /home/airflow/.local/lib/python3.12/site-packages/airflow/example_dags/tutorial_dag.py took 0.105 seconds
[2026-06-09T20:51:16.924+0000] {processor.py:161} INFO - Started process (PID=2876) to work on /home/airflow/.local/lib/python3.12/site-packages/airflow/example_dags/tutorial_dag.py
[2026-06-09T20:51:16.926+0000] {processor.py:830} INFO - Processing file /home/airflow/.local/lib/python3.12/site-packages/airflow/example_dags/tutorial_dag.py for tasks to queue
[2026-06-09T20:51:16.928+0000] {logging_mixin.py:188} INFO - [2026-06-09T20:51:16.927+0000] {dagbag.py:545} INFO - Filling up the DagBag from /home/airflow/.local/lib/python3.12/site-packages/airflow/example_dags/tutorial_dag.py
[2026-06-09T20:51:16.935+0000] {processor.py:840} INFO - DAG(s) 'tutorial_dag' retrieved from /home/airflow/.local/lib/python3.12/site-packages/airflow/example_dags/tutorial_dag.py
[2026-06-09T20:51:16.962+0000] {logging_mixin.py:188} INFO - [2026-06-09T20:51:16.962+0000] {dag.py:3096} INFO - Sync 1 DAGs
[2026-06-09T20:51:16.981+0000] {logging_mixin.py:188} INFO - [2026-06-09T20:51:16.981+0000] {dag.py:3954} INFO - Setting next_dagrun for tutorial_dag to None, run_after=None
[2026-06-09T20:51:17.004+0000] {processor.py:183} INFO - Processing /home/airflow/.local/lib/python3.12/site-packages/airflow/example_dags/tutorial_dag.py took 0.087 seconds
[2026-06-09T20:51:47.352+0000] {processor.py:161} INFO - Started process (PID=2936) to work on /home/airflow/.local/lib/python3.12/site-packages/airflow/example_dags/tutorial_dag.py
[2026-06-09T20:51:47.353+0000] {processor.py:830} INFO - Processing file /home/airflow/.local/lib/python3.12/site-packages/airflow/example_dags/tutorial_dag.py for tasks to queue
[2026-06-09T20:51:47.355+0000] {logging_mixin.py:188} INFO - [2026-06-09T20:51:47.355+0000] {dagbag.py:545} INFO - Filling up the DagBag from /home/airflow/.local/lib/python3.12/site-packages/airflow/example_dags/tutorial_dag.py
[2026-06-09T20:51:47.363+0000] {processor.py:840} INFO - DAG(s) 'tutorial_dag' retrieved from /home/airflow/.local/lib/python3.12/site-packages/airflow/example_dags/tutorial_dag.py
[2026-06-09T20:51:47.388+0000] {logging_mixin.py:188} INFO - [2026-06-09T20:51:47.388+0000] {dag.py:3096} INFO - Sync 1 DAGs
[2026-06-09T20:51:47.410+0000] {logging_mixin.py:188} INFO - [2026-06-09T20:51:47.410+0000] {dag.py:3954} INFO - Setting next_dagrun for tutorial_dag to None, run_after=None
[2026-06-09T20:51:47.434+0000] {processor.py:183} INFO - Processing /home/airflow/.local/lib/python3.12/site-packages/airflow/example_dags/tutorial_dag.py took 0.089 seconds
[2026-06-09T20:52:17.996+0000] {processor.py:161} INFO - Started process (PID=2995) to work on /home/airflow/.local/lib/python3.12/site-packages/airflow/example_dags/tutorial_dag.py
[2026-06-09T20:52:17.997+0000] {processor.py:830} INFO - Processing file /home/airflow/.local/lib/python3.12/site-packages/airflow/example_dags/tutorial_dag.py for tasks to queue
[2026-06-09T20:52:17.999+0000] {logging_mixin.py:188} INFO - [2026-06-09T20:52:17.999+0000] {dagbag.py:545} INFO - Filling up the DagBag from /home/airflow/.local/lib/python3.12/site-packages/airflow/example_dags/tutorial_dag.py
[2026-06-09T20:52:18.005+0000] {processor.py:840} INFO - DAG(s) 'tutorial_dag' retrieved from /home/airflow/.local/lib/python3.12/site-packages/airflow/example_dags/tutorial_dag.py
[2026-06-09T20:52:18.030+0000] {logging_mixin.py:188} INFO - [2026-06-09T20:52:18.030+0000] {dag.py:3096} INFO - Sync 1 DAGs
[2026-06-09T20:52:18.049+0000] {logging_mixin.py:188} INFO - [2026-06-09T20:52:18.048+0000] {dag.py:3954} INFO - Setting next_dagrun for tutorial_dag to None, run_after=None
[2026-06-09T20:52:18.072+0000] {processor.py:183} INFO - Processing /home/airflow/.local/lib/python3.12/site-packages/airflow/example_dags/tutorial_dag.py took 0.083 seconds
[2026-06-09T20:52:49.139+0000] {processor.py:161} INFO - Started process (PID=3055) to work on /home/airflow/.local/lib/python3.12/site-packages/airflow/example_dags/tutorial_dag.py
[2026-06-09T20:52:49.140+0000] {processor.py:830} INFO - Processing file /home/airflow/.local/lib/python3.12/site-packages/airflow/example_dags/tutorial_dag.py for tasks to queue
[2026-06-09T20:52:49.142+0000] {logging_mixin.py:188} INFO - [2026-06-09T20:52:49.142+0000] {dagbag.py:545} INFO - Filling up the DagBag from /home/airflow/.local/lib/python3.12/site-packages/airflow/example_dags/tutorial_dag.py
[2026-06-09T20:52:49.149+0000] {processor.py:840} INFO - DAG(s) 'tutorial_dag' retrieved from /home/airflow/.local/lib/python3.12/site-packages/airflow/example_dags/tutorial_dag.py
[2026-06-09T20:52:49.178+0000] {logging_mixin.py:188} INFO - [2026-06-09T20:52:49.177+0000] {dag.py:3096} INFO - Sync 1 DAGs
[2026-06-09T20:52:49.195+0000] {logging_mixin.py:188} INFO - [2026-06-09T20:52:49.195+0000] {dag.py:3954} INFO - Setting next_dagrun for tutorial_dag to None, run_after=None
[2026-06-09T20:52:49.218+0000] {processor.py:183} INFO - Processing /home/airflow/.local/lib/python3.12/site-packages/airflow/example_dags/tutorial_dag.py took 0.087 seconds
[2026-06-09T20:53:20.154+0000] {processor.py:161} INFO - Started process (PID=3115) to work on /home/airflow/.local/lib/python3.12/site-packages/airflow/example_dags/tutorial_dag.py
[2026-06-09T20:53:20.155+0000] {processor.py:830} INFO - Processing file /home/airflow/.local/lib/python3.12/site-packages/airflow/example_dags/tutorial_dag.py for tasks to queue
[2026-06-09T20:53:20.157+0000] {logging_mixin.py:188} INFO - [2026-06-09T20:53:20.156+0000] {dagbag.py:545} INFO - Filling up the DagBag from /home/airflow/.local/lib/python3.12/site-packages/airflow/example_dags/tutorial_dag.py
[2026-06-09T20:53:20.163+0000] {processor.py:840} INFO - DAG(s) 'tutorial_dag' retrieved from /home/airflow/.local/lib/python3.12/site-packages/airflow/example_dags/tutorial_dag.py
[2026-06-09T20:53:20.203+0000] {logging_mixin.py:188} INFO - [2026-06-09T20:53:20.203+0000] {dag.py:3096} INFO - Sync 1 DAGs
[2026-06-09T20:53:20.221+0000] {logging_mixin.py:188} INFO - [2026-06-09T20:53:20.219+0000] {dag.py:3954} INFO - Setting next_dagrun for tutorial_dag to None, run_after=None
[2026-06-09T20:53:20.244+0000] {processor.py:183} INFO - Processing /home/airflow/.local/lib/python3.12/site-packages/airflow/example_dags/tutorial_dag.py took 0.098 seconds
[2026-06-09T20:55:12.259+0000] {processor.py:161} INFO - Started process (PID=110) to work on /home/airflow/.local/lib/python3.12/site-packages/airflow/example_dags/tutorial_dag.py
[2026-06-09T20:55:12.263+0000] {processor.py:830} INFO - Processing file /home/airflow/.local/lib/python3.12/site-packages/airflow/example_dags/tutorial_dag.py for tasks to queue
[2026-06-09T20:55:12.265+0000] {logging_mixin.py:188} INFO - [2026-06-09T20:55:12.264+0000] {dagbag.py:545} INFO - Filling up the DagBag from /home/airflow/.local/lib/python3.12/site-packages/airflow/example_dags/tutorial_dag.py
[2026-06-09T20:55:12.288+0000] {processor.py:840} INFO - DAG(s) 'tutorial_dag' retrieved from /home/airflow/.local/lib/python3.12/site-packages/airflow/example_dags/tutorial_dag.py
[2026-06-09T20:55:12.699+0000] {logging_mixin.py:188} INFO - [2026-06-09T20:55:12.697+0000] {dag.py:3096} INFO - Sync 1 DAGs
[2026-06-09T20:55:12.715+0000] {logging_mixin.py:188} INFO - [2026-06-09T20:55:12.714+0000] {dag.py:3954} INFO - Setting next_dagrun for tutorial_dag to None, run_after=None
[2026-06-09T20:55:12.746+0000] {processor.py:183} INFO - Processing /home/airflow/.local/lib/python3.12/site-packages/airflow/example_dags/tutorial_dag.py took 0.500 seconds
[2026-06-09T20:55:43.707+0000] {processor.py:161} INFO - Started process (PID=170) to work on /home/airflow/.local/lib/python3.12/site-packages/airflow/example_dags/tutorial_dag.py
[2026-06-09T20:55:43.707+0000] {processor.py:830} INFO - Processing file /home/airflow/.local/lib/python3.12/site-packages/airflow/example_dags/tutorial_dag.py for tasks to queue
[2026-06-09T20:55:43.709+0000] {logging_mixin.py:188} INFO - [2026-06-09T20:55:43.709+0000] {dagbag.py:545} INFO - Filling up the DagBag from /home/airflow/.local/lib/python3.12/site-packages/airflow/example_dags/tutorial_dag.py
[2026-06-09T20:55:43.716+0000] {processor.py:840} INFO - DAG(s) 'tutorial_dag' retrieved from /home/airflow/.local/lib/python3.12/site-packages/airflow/example_dags/tutorial_dag.py
[2026-06-09T20:55:43.742+0000] {logging_mixin.py:188} INFO - [2026-06-09T20:55:43.741+0000] {dag.py:3096} INFO - Sync 1 DAGs
[2026-06-09T20:55:43.762+0000] {logging_mixin.py:188} INFO - [2026-06-09T20:55:43.762+0000] {dag.py:3954} INFO - Setting next_dagrun for tutorial_dag to None, run_after=None
[2026-06-09T20:55:43.783+0000] {processor.py:183} INFO - Processing /home/airflow/.local/lib/python3.12/site-packages/airflow/example_dags/tutorial_dag.py took 0.083 seconds
[2026-06-09T20:56:13.904+0000] {processor.py:161} INFO - Started process (PID=230) to work on /home/airflow/.local/lib/python3.12/site-packages/airflow/example_dags/tutorial_dag.py
[2026-06-09T20:56:13.911+0000] {processor.py:830} INFO - Processing file /home/airflow/.local/lib/python3.12/site-packages/airflow/example_dags/tutorial_dag.py for tasks to queue
[2026-06-09T20:56:13.917+0000] {logging_mixin.py:188} INFO - [2026-06-09T20:56:13.916+0000] {dagbag.py:545} INFO - Filling up the DagBag from /home/airflow/.local/lib/python3.12/site-packages/airflow/example_dags/tutorial_dag.py
[2026-06-09T20:56:13.949+0000] {processor.py:840} INFO - DAG(s) 'tutorial_dag' retrieved from /home/airflow/.local/lib/python3.12/site-packages/airflow/example_dags/tutorial_dag.py
[2026-06-09T20:56:13.975+0000] {logging_mixin.py:188} INFO - [2026-06-09T20:56:13.974+0000] {dag.py:3096} INFO - Sync 1 DAGs
[2026-06-09T20:56:13.993+0000] {logging_mixin.py:188} INFO - [2026-06-09T20:56:13.993+0000] {dag.py:3954} INFO - Setting next_dagrun for tutorial_dag to None, run_after=None
[2026-06-09T20:56:14.043+0000] {processor.py:183} INFO - Processing /home/airflow/.local/lib/python3.12/site-packages/airflow/example_dags/tutorial_dag.py took 0.161 seconds
[2026-06-09T20:56:44.540+0000] {processor.py:161} INFO - Started process (PID=290) to work on /home/airflow/.local/lib/python3.12/site-packages/airflow/example_dags/tutorial_dag.py
[2026-06-09T20:56:44.544+0000] {processor.py:830} INFO - Processing file /home/airflow/.local/lib/python3.12/site-packages/airflow/example_dags/tutorial_dag.py for tasks to queue
[2026-06-09T20:56:44.548+0000] {logging_mixin.py:188} INFO - [2026-06-09T20:56:44.548+0000] {dagbag.py:545} INFO - Filling up the DagBag from /home/airflow/.local/lib/python3.12/site-packages/airflow/example_dags/tutorial_dag.py
[2026-06-09T20:56:44.563+0000] {processor.py:840} INFO - DAG(s) 'tutorial_dag' retrieved from /home/airflow/.local/lib/python3.12/site-packages/airflow/example_dags/tutorial_dag.py
[2026-06-09T20:56:44.596+0000] {logging_mixin.py:188} INFO - [2026-06-09T20:56:44.596+0000] {dag.py:3096} INFO - Sync 1 DAGs
[2026-06-09T20:56:44.615+0000] {logging_mixin.py:188} INFO - [2026-06-09T20:56:44.614+0000] {dag.py:3954} INFO - Setting next_dagrun for tutorial_dag to None, run_after=None
[2026-06-09T20:56:44.707+0000] {processor.py:183} INFO - Processing /home/airflow/.local/lib/python3.12/site-packages/airflow/example_dags/tutorial_dag.py took 0.195 seconds
[2026-06-09T20:57:14.973+0000] {processor.py:161} INFO - Started process (PID=350) to work on /home/airflow/.local/lib/python3.12/site-packages/airflow/example_dags/tutorial_dag.py
[2026-06-09T20:57:14.974+0000] {processor.py:830} INFO - Processing file /home/airflow/.local/lib/python3.12/site-packages/airflow/example_dags/tutorial_dag.py for tasks to queue
[2026-06-09T20:57:14.977+0000] {logging_mixin.py:188} INFO - [2026-06-09T20:57:14.976+0000] {dagbag.py:545} INFO - Filling up the DagBag from /home/airflow/.local/lib/python3.12/site-packages/airflow/example_dags/tutorial_dag.py
[2026-06-09T20:57:14.983+0000] {processor.py:840} INFO - DAG(s) 'tutorial_dag' retrieved from /home/airflow/.local/lib/python3.12/site-packages/airflow/example_dags/tutorial_dag.py
[2026-06-09T20:57:15.009+0000] {logging_mixin.py:188} INFO - [2026-06-09T20:57:15.008+0000] {dag.py:3096} INFO - Sync 1 DAGs
[2026-06-09T20:57:15.025+0000] {logging_mixin.py:188} INFO - [2026-06-09T20:57:15.025+0000] {dag.py:3954} INFO - Setting next_dagrun for tutorial_dag to None, run_after=None
[2026-06-09T20:57:15.045+0000] {processor.py:183} INFO - Processing /home/airflow/.local/lib/python3.12/site-packages/airflow/example_dags/tutorial_dag.py took 0.080 seconds
[2026-06-09T20:57:46.172+0000] {processor.py:161} INFO - Started process (PID=409) to work on /home/airflow/.local/lib/python3.12/site-packages/airflow/example_dags/tutorial_dag.py
[2026-06-09T20:57:46.174+0000] {processor.py:830} INFO - Processing file /home/airflow/.local/lib/python3.12/site-packages/airflow/example_dags/tutorial_dag.py for tasks to queue
[2026-06-09T20:57:46.180+0000] {logging_mixin.py:188} INFO - [2026-06-09T20:57:46.178+0000] {dagbag.py:545} INFO - Filling up the DagBag from /home/airflow/.local/lib/python3.12/site-packages/airflow/example_dags/tutorial_dag.py
[2026-06-09T20:57:46.195+0000] {processor.py:840} INFO - DAG(s) 'tutorial_dag' retrieved from /home/airflow/.local/lib/python3.12/site-packages/airflow/example_dags/tutorial_dag.py
[2026-06-09T20:57:46.276+0000] {logging_mixin.py:188} INFO - [2026-06-09T20:57:46.273+0000] {dag.py:3096} INFO - Sync 1 DAGs
[2026-06-09T20:57:46.335+0000] {logging_mixin.py:188} INFO - [2026-06-09T20:57:46.334+0000] {dag.py:3954} INFO - Setting next_dagrun for tutorial_dag to None, run_after=None
[2026-06-09T20:57:46.388+0000] {processor.py:183} INFO - Processing /home/airflow/.local/lib/python3.12/site-packages/airflow/example_dags/tutorial_dag.py took 0.234 seconds
[2026-06-09T20:58:16.619+0000] {processor.py:161} INFO - Started process (PID=469) to work on /home/airflow/.local/lib/python3.12/site-packages/airflow/example_dags/tutorial_dag.py
[2026-06-09T20:58:16.620+0000] {processor.py:830} INFO - Processing file /home/airflow/.local/lib/python3.12/site-packages/airflow/example_dags/tutorial_dag.py for tasks to queue
[2026-06-09T20:58:16.621+0000] {logging_mixin.py:188} INFO - [2026-06-09T20:58:16.621+0000] {dagbag.py:545} INFO - Filling up the DagBag from /home/airflow/.local/lib/python3.12/site-packages/airflow/example_dags/tutorial_dag.py
[2026-06-09T20:58:16.626+0000] {processor.py:840} INFO - DAG(s) 'tutorial_dag' retrieved from /home/airflow/.local/lib/python3.12/site-packages/airflow/example_dags/tutorial_dag.py
[2026-06-09T20:58:16.643+0000] {logging_mixin.py:188} INFO - [2026-06-09T20:58:16.643+0000] {dag.py:3096} INFO - Sync 1 DAGs
[2026-06-09T20:58:16.657+0000] {logging_mixin.py:188} INFO - [2026-06-09T20:58:16.656+0000] {dag.py:3954} INFO - Setting next_dagrun for tutorial_dag to None, run_after=None
[2026-06-09T20:58:16.676+0000] {processor.py:183} INFO - Processing /home/airflow/.local/lib/python3.12/site-packages/airflow/example_dags/tutorial_dag.py took 0.062 seconds
[2026-06-09T20:58:47.332+0000] {processor.py:161} INFO - Started process (PID=529) to work on /home/airflow/.local/lib/python3.12/site-packages/airflow/example_dags/tutorial_dag.py
[2026-06-09T20:58:47.333+0000] {processor.py:830} INFO - Processing file /home/airflow/.local/lib/python3.12/site-packages/airflow/example_dags/tutorial_dag.py for tasks to queue
[2026-06-09T20:58:47.334+0000] {logging_mixin.py:188} INFO - [2026-06-09T20:58:47.334+0000] {dagbag.py:545} INFO - Filling up the DagBag from /home/airflow/.local/lib/python3.12/site-packages/airflow/example_dags/tutorial_dag.py
[2026-06-09T20:58:47.339+0000] {processor.py:840} INFO - DAG(s) 'tutorial_dag' retrieved from /home/airflow/.local/lib/python3.12/site-packages/airflow/example_dags/tutorial_dag.py
[2026-06-09T20:58:47.360+0000] {logging_mixin.py:188} INFO - [2026-06-09T20:58:47.359+0000] {dag.py:3096} INFO - Sync 1 DAGs
[2026-06-09T20:58:47.372+0000] {logging_mixin.py:188} INFO - [2026-06-09T20:58:47.371+0000] {dag.py:3954} INFO - Setting next_dagrun for tutorial_dag to None, run_after=None
[2026-06-09T20:58:47.388+0000] {processor.py:183} INFO - Processing /home/airflow/.local/lib/python3.12/site-packages/airflow/example_dags/tutorial_dag.py took 0.062 seconds
[2026-06-09T20:59:18.073+0000] {processor.py:161} INFO - Started process (PID=589) to work on /home/airflow/.local/lib/python3.12/site-packages/airflow/example_dags/tutorial_dag.py
[2026-06-09T20:59:18.075+0000] {processor.py:830} INFO - Processing file /home/airflow/.local/lib/python3.12/site-packages/airflow/example_dags/tutorial_dag.py for tasks to queue
[2026-06-09T20:59:18.077+0000] {logging_mixin.py:188} INFO - [2026-06-09T20:59:18.076+0000] {dagbag.py:545} INFO - Filling up the DagBag from /home/airflow/.local/lib/python3.12/site-packages/airflow/example_dags/tutorial_dag.py
[2026-06-09T20:59:18.083+0000] {processor.py:840} INFO - DAG(s) 'tutorial_dag' retrieved from /home/airflow/.local/lib/python3.12/site-packages/airflow/example_dags/tutorial_dag.py
[2026-06-09T20:59:18.110+0000] {logging_mixin.py:188} INFO - [2026-06-09T20:59:18.109+0000] {dag.py:3096} INFO - Sync 1 DAGs
[2026-06-09T20:59:18.132+0000] {logging_mixin.py:188} INFO - [2026-06-09T20:59:18.131+0000] {dag.py:3954} INFO - Setting next_dagrun for tutorial_dag to None, run_after=None
[2026-06-09T20:59:18.161+0000] {processor.py:183} INFO - Processing /home/airflow/.local/lib/python3.12/site-packages/airflow/example_dags/tutorial_dag.py took 0.108 seconds
[2026-06-09T21:01:11.306+0000] {processor.py:161} INFO - Started process (PID=110) to work on /home/airflow/.local/lib/python3.12/site-packages/airflow/example_dags/tutorial_dag.py
[2026-06-09T21:01:11.309+0000] {processor.py:830} INFO - Processing file /home/airflow/.local/lib/python3.12/site-packages/airflow/example_dags/tutorial_dag.py for tasks to queue
[2026-06-09T21:01:11.317+0000] {logging_mixin.py:188} INFO - [2026-06-09T21:01:11.316+0000] {dagbag.py:545} INFO - Filling up the DagBag from /home/airflow/.local/lib/python3.12/site-packages/airflow/example_dags/tutorial_dag.py
[2026-06-09T21:01:11.342+0000] {processor.py:840} INFO - DAG(s) 'tutorial_dag' retrieved from /home/airflow/.local/lib/python3.12/site-packages/airflow/example_dags/tutorial_dag.py
[2026-06-09T21:01:11.760+0000] {logging_mixin.py:188} INFO - [2026-06-09T21:01:11.759+0000] {dag.py:3096} INFO - Sync 1 DAGs
[2026-06-09T21:01:11.816+0000] {logging_mixin.py:188} INFO - [2026-06-09T21:01:11.816+0000] {dag.py:3954} INFO - Setting next_dagrun for tutorial_dag to None, run_after=None
[2026-06-09T21:01:11.934+0000] {processor.py:183} INFO - Processing /home/airflow/.local/lib/python3.12/site-packages/airflow/example_dags/tutorial_dag.py took 0.640 seconds
[2026-06-09T21:01:42.935+0000] {processor.py:161} INFO - Started process (PID=170) to work on /home/airflow/.local/lib/python3.12/site-packages/airflow/example_dags/tutorial_dag.py
[2026-06-09T21:01:42.940+0000] {processor.py:830} INFO - Processing file /home/airflow/.local/lib/python3.12/site-packages/airflow/example_dags/tutorial_dag.py for tasks to queue
[2026-06-09T21:01:42.946+0000] {logging_mixin.py:188} INFO - [2026-06-09T21:01:42.943+0000] {dagbag.py:545} INFO - Filling up the DagBag from /home/airflow/.local/lib/python3.12/site-packages/airflow/example_dags/tutorial_dag.py
[2026-06-09T21:01:42.962+0000] {processor.py:840} INFO - DAG(s) 'tutorial_dag' retrieved from /home/airflow/.local/lib/python3.12/site-packages/airflow/example_dags/tutorial_dag.py
[2026-06-09T21:01:42.998+0000] {logging_mixin.py:188} INFO - [2026-06-09T21:01:42.997+0000] {dag.py:3096} INFO - Sync 1 DAGs
[2026-06-09T21:01:43.015+0000] {logging_mixin.py:188} INFO - [2026-06-09T21:01:43.015+0000] {dag.py:3954} INFO - Setting next_dagrun for tutorial_dag to None, run_after=None
[2026-06-09T21:01:43.040+0000] {processor.py:183} INFO - Processing /home/airflow/.local/lib/python3.12/site-packages/airflow/example_dags/tutorial_dag.py took 0.122 seconds
[2026-06-09T21:02:13.239+0000] {processor.py:161} INFO - Started process (PID=230) to work on /home/airflow/.local/lib/python3.12/site-packages/airflow/example_dags/tutorial_dag.py
[2026-06-09T21:02:13.243+0000] {processor.py:830} INFO - Processing file /home/airflow/.local/lib/python3.12/site-packages/airflow/example_dags/tutorial_dag.py for tasks to queue
[2026-06-09T21:02:13.251+0000] {logging_mixin.py:188} INFO - [2026-06-09T21:02:13.250+0000] {dagbag.py:545} INFO - Filling up the DagBag from /home/airflow/.local/lib/python3.12/site-packages/airflow/example_dags/tutorial_dag.py
[2026-06-09T21:02:13.304+0000] {processor.py:840} INFO - DAG(s) 'tutorial_dag' retrieved from /home/airflow/.local/lib/python3.12/site-packages/airflow/example_dags/tutorial_dag.py
[2026-06-09T21:02:13.399+0000] {logging_mixin.py:188} INFO - [2026-06-09T21:02:13.398+0000] {dag.py:3096} INFO - Sync 1 DAGs
[2026-06-09T21:02:13.454+0000] {logging_mixin.py:188} INFO - [2026-06-09T21:02:13.453+0000] {dag.py:3954} INFO - Setting next_dagrun for tutorial_dag to None, run_after=None
[2026-06-09T21:02:13.522+0000] {processor.py:183} INFO - Processing /home/airflow/.local/lib/python3.12/site-packages/airflow/example_dags/tutorial_dag.py took 0.367 seconds
[2026-06-09T21:02:43.775+0000] {processor.py:161} INFO - Started process (PID=290) to work on /home/airflow/.local/lib/python3.12/site-packages/airflow/example_dags/tutorial_dag.py
[2026-06-09T21:02:43.776+0000] {processor.py:830} INFO - Processing file /home/airflow/.local/lib/python3.12/site-packages/airflow/example_dags/tutorial_dag.py for tasks to queue
[2026-06-09T21:02:43.778+0000] {logging_mixin.py:188} INFO - [2026-06-09T21:02:43.778+0000] {dagbag.py:545} INFO - Filling up the DagBag from /home/airflow/.local/lib/python3.12/site-packages/airflow/example_dags/tutorial_dag.py
[2026-06-09T21:02:43.785+0000] {processor.py:840} INFO - DAG(s) 'tutorial_dag' retrieved from /home/airflow/.local/lib/python3.12/site-packages/airflow/example_dags/tutorial_dag.py
[2026-06-09T21:02:43.810+0000] {logging_mixin.py:188} INFO - [2026-06-09T21:02:43.809+0000] {dag.py:3096} INFO - Sync 1 DAGs
[2026-06-09T21:02:43.828+0000] {logging_mixin.py:188} INFO - [2026-06-09T21:02:43.827+0000] {dag.py:3954} INFO - Setting next_dagrun for tutorial_dag to None, run_after=None
[2026-06-09T21:02:43.848+0000] {processor.py:183} INFO - Processing /home/airflow/.local/lib/python3.12/site-packages/airflow/example_dags/tutorial_dag.py took 0.080 seconds
[2026-06-09T21:03:14.224+0000] {processor.py:161} INFO - Started process (PID=350) to work on /home/airflow/.local/lib/python3.12/site-packages/airflow/example_dags/tutorial_dag.py
[2026-06-09T21:03:14.225+0000] {processor.py:830} INFO - Processing file /home/airflow/.local/lib/python3.12/site-packages/airflow/example_dags/tutorial_dag.py for tasks to queue
[2026-06-09T21:03:14.227+0000] {logging_mixin.py:188} INFO - [2026-06-09T21:03:14.227+0000] {dagbag.py:545} INFO - Filling up the DagBag from /home/airflow/.local/lib/python3.12/site-packages/airflow/example_dags/tutorial_dag.py
[2026-06-09T21:03:14.234+0000] {processor.py:840} INFO - DAG(s) 'tutorial_dag' retrieved from /home/airflow/.local/lib/python3.12/site-packages/airflow/example_dags/tutorial_dag.py
[2026-06-09T21:03:14.278+0000] {logging_mixin.py:188} INFO - [2026-06-09T21:03:14.277+0000] {dag.py:3096} INFO - Sync 1 DAGs
[2026-06-09T21:03:14.294+0000] {logging_mixin.py:188} INFO - [2026-06-09T21:03:14.294+0000] {dag.py:3954} INFO - Setting next_dagrun for tutorial_dag to None, run_after=None
[2026-06-09T21:03:14.315+0000] {processor.py:183} INFO - Processing /home/airflow/.local/lib/python3.12/site-packages/airflow/example_dags/tutorial_dag.py took 0.098 seconds
[2026-06-09T21:03:44.984+0000] {processor.py:161} INFO - Started process (PID=410) to work on /home/airflow/.local/lib/python3.12/site-packages/airflow/example_dags/tutorial_dag.py
[2026-06-09T21:03:44.985+0000] {processor.py:830} INFO - Processing file /home/airflow/.local/lib/python3.12/site-packages/airflow/example_dags/tutorial_dag.py for tasks to queue
[2026-06-09T21:03:44.987+0000] {logging_mixin.py:188} INFO - [2026-06-09T21:03:44.987+0000] {dagbag.py:545} INFO - Filling up the DagBag from /home/airflow/.local/lib/python3.12/site-packages/airflow/example_dags/tutorial_dag.py
[2026-06-09T21:03:44.994+0000] {processor.py:840} INFO - DAG(s) 'tutorial_dag' retrieved from /home/airflow/.local/lib/python3.12/site-packages/airflow/example_dags/tutorial_dag.py
[2026-06-09T21:03:45.045+0000] {logging_mixin.py:188} INFO - [2026-06-09T21:03:45.044+0000] {dag.py:3096} INFO - Sync 1 DAGs
[2026-06-09T21:03:45.091+0000] {logging_mixin.py:188} INFO - [2026-06-09T21:03:45.091+0000] {dag.py:3954} INFO - Setting next_dagrun for tutorial_dag to None, run_after=None
[2026-06-09T21:03:45.163+0000] {processor.py:183} INFO - Processing /home/airflow/.local/lib/python3.12/site-packages/airflow/example_dags/tutorial_dag.py took 0.186 seconds
[2026-06-09T21:05:10.795+0000] {processor.py:161} INFO - Started process (PID=110) to work on /home/airflow/.local/lib/python3.12/site-packages/airflow/example_dags/tutorial_dag.py
[2026-06-09T21:05:10.802+0000] {processor.py:830} INFO - Processing file /home/airflow/.local/lib/python3.12/site-packages/airflow/example_dags/tutorial_dag.py for tasks to queue
[2026-06-09T21:05:10.812+0000] {logging_mixin.py:188} INFO - [2026-06-09T21:05:10.809+0000] {dagbag.py:545} INFO - Filling up the DagBag from /home/airflow/.local/lib/python3.12/site-packages/airflow/example_dags/tutorial_dag.py
[2026-06-09T21:05:10.843+0000] {processor.py:840} INFO - DAG(s) 'tutorial_dag' retrieved from /home/airflow/.local/lib/python3.12/site-packages/airflow/example_dags/tutorial_dag.py
[2026-06-09T21:05:11.145+0000] {logging_mixin.py:188} INFO - [2026-06-09T21:05:11.144+0000] {dag.py:3096} INFO - Sync 1 DAGs
[2026-06-09T21:05:11.165+0000] {logging_mixin.py:188} INFO - [2026-06-09T21:05:11.163+0000] {dag.py:3954} INFO - Setting next_dagrun for tutorial_dag to None, run_after=None
[2026-06-09T21:05:11.207+0000] {processor.py:183} INFO - Processing /home/airflow/.local/lib/python3.12/site-packages/airflow/example_dags/tutorial_dag.py took 0.430 seconds
[2026-06-09T21:05:42.364+0000] {processor.py:161} INFO - Started process (PID=170) to work on /home/airflow/.local/lib/python3.12/site-packages/airflow/example_dags/tutorial_dag.py
[2026-06-09T21:05:42.367+0000] {processor.py:830} INFO - Processing file /home/airflow/.local/lib/python3.12/site-packages/airflow/example_dags/tutorial_dag.py for tasks to queue
[2026-06-09T21:05:42.371+0000] {logging_mixin.py:188} INFO - [2026-06-09T21:05:42.371+0000] {dagbag.py:545} INFO - Filling up the DagBag from /home/airflow/.local/lib/python3.12/site-packages/airflow/example_dags/tutorial_dag.py
[2026-06-09T21:05:42.388+0000] {processor.py:840} INFO - DAG(s) 'tutorial_dag' retrieved from /home/airflow/.local/lib/python3.12/site-packages/airflow/example_dags/tutorial_dag.py
[2026-06-09T21:05:42.439+0000] {logging_mixin.py:188} INFO - [2026-06-09T21:05:42.439+0000] {dag.py:3096} INFO - Sync 1 DAGs
[2026-06-09T21:05:42.462+0000] {logging_mixin.py:188} INFO - [2026-06-09T21:05:42.461+0000] {dag.py:3954} INFO - Setting next_dagrun for tutorial_dag to None, run_after=None
[2026-06-09T21:05:42.489+0000] {processor.py:183} INFO - Processing /home/airflow/.local/lib/python3.12/site-packages/airflow/example_dags/tutorial_dag.py took 0.140 seconds
[2026-06-09T21:06:12.671+0000] {processor.py:161} INFO - Started process (PID=230) to work on /home/airflow/.local/lib/python3.12/site-packages/airflow/example_dags/tutorial_dag.py
[2026-06-09T21:06:12.674+0000] {processor.py:830} INFO - Processing file /home/airflow/.local/lib/python3.12/site-packages/airflow/example_dags/tutorial_dag.py for tasks to queue
[2026-06-09T21:06:12.676+0000] {logging_mixin.py:188} INFO - [2026-06-09T21:06:12.676+0000] {dagbag.py:545} INFO - Filling up the DagBag from /home/airflow/.local/lib/python3.12/site-packages/airflow/example_dags/tutorial_dag.py
[2026-06-09T21:06:12.690+0000] {processor.py:840} INFO - DAG(s) 'tutorial_dag' retrieved from /home/airflow/.local/lib/python3.12/site-packages/airflow/example_dags/tutorial_dag.py
[2026-06-09T21:06:12.747+0000] {logging_mixin.py:188} INFO - [2026-06-09T21:06:12.747+0000] {dag.py:3096} INFO - Sync 1 DAGs
[2026-06-09T21:06:12.781+0000] {logging_mixin.py:188} INFO - [2026-06-09T21:06:12.780+0000] {dag.py:3954} INFO - Setting next_dagrun for tutorial_dag to None, run_after=None
[2026-06-09T21:06:12.872+0000] {processor.py:183} INFO - Processing /home/airflow/.local/lib/python3.12/site-packages/airflow/example_dags/tutorial_dag.py took 0.218 seconds
[2026-06-09T21:06:43.216+0000] {processor.py:161} INFO - Started process (PID=290) to work on /home/airflow/.local/lib/python3.12/site-packages/airflow/example_dags/tutorial_dag.py
[2026-06-09T21:06:43.217+0000] {processor.py:830} INFO - Processing file /home/airflow/.local/lib/python3.12/site-packages/airflow/example_dags/tutorial_dag.py for tasks to queue
[2026-06-09T21:06:43.219+0000] {logging_mixin.py:188} INFO - [2026-06-09T21:06:43.219+0000] {dagbag.py:545} INFO - Filling up the DagBag from /home/airflow/.local/lib/python3.12/site-packages/airflow/example_dags/tutorial_dag.py
[2026-06-09T21:06:43.226+0000] {processor.py:840} INFO - DAG(s) 'tutorial_dag' retrieved from /home/airflow/.local/lib/python3.12/site-packages/airflow/example_dags/tutorial_dag.py
[2026-06-09T21:06:43.278+0000] {logging_mixin.py:188} INFO - [2026-06-09T21:06:43.278+0000] {dag.py:3096} INFO - Sync 1 DAGs
[2026-06-09T21:06:43.299+0000] {logging_mixin.py:188} INFO - [2026-06-09T21:06:43.299+0000] {dag.py:3954} INFO - Setting next_dagrun for tutorial_dag to None, run_after=None
[2026-06-09T21:06:43.336+0000] {processor.py:183} INFO - Processing /home/airflow/.local/lib/python3.12/site-packages/airflow/example_dags/tutorial_dag.py took 0.127 seconds
[2026-06-09T21:07:13.425+0000] {processor.py:161} INFO - Started process (PID=350) to work on /home/airflow/.local/lib/python3.12/site-packages/airflow/example_dags/tutorial_dag.py
[2026-06-09T21:07:13.426+0000] {processor.py:830} INFO - Processing file /home/airflow/.local/lib/python3.12/site-packages/airflow/example_dags/tutorial_dag.py for tasks to queue
[2026-06-09T21:07:13.428+0000] {logging_mixin.py:188} INFO - [2026-06-09T21:07:13.427+0000] {dagbag.py:545} INFO - Filling up the DagBag from /home/airflow/.local/lib/python3.12/site-packages/airflow/example_dags/tutorial_dag.py
[2026-06-09T21:07:13.441+0000] {processor.py:840} INFO - DAG(s) 'tutorial_dag' retrieved from /home/airflow/.local/lib/python3.12/site-packages/airflow/example_dags/tutorial_dag.py
[2026-06-09T21:07:13.469+0000] {logging_mixin.py:188} INFO - [2026-06-09T21:07:13.469+0000] {dag.py:3096} INFO - Sync 1 DAGs
[2026-06-09T21:07:13.490+0000] {logging_mixin.py:188} INFO - [2026-06-09T21:07:13.489+0000] {dag.py:3954} INFO - Setting next_dagrun for tutorial_dag to None, run_after=None
[2026-06-09T21:07:13.514+0000] {processor.py:183} INFO - Processing /home/airflow/.local/lib/python3.12/site-packages/airflow/example_dags/tutorial_dag.py took 0.096 seconds
[2026-06-09T21:07:44.302+0000] {processor.py:161} INFO - Started process (PID=410) to work on /home/airflow/.local/lib/python3.12/site-packages/airflow/example_dags/tutorial_dag.py
[2026-06-09T21:07:44.303+0000] {processor.py:830} INFO - Processing file /home/airflow/.local/lib/python3.12/site-packages/airflow/example_dags/tutorial_dag.py for tasks to queue
[2026-06-09T21:07:44.305+0000] {logging_mixin.py:188} INFO - [2026-06-09T21:07:44.304+0000] {dagbag.py:545} INFO - Filling up the DagBag from /home/airflow/.local/lib/python3.12/site-packages/airflow/example_dags/tutorial_dag.py
[2026-06-09T21:07:44.310+0000] {processor.py:840} INFO - DAG(s) 'tutorial_dag' retrieved from /home/airflow/.local/lib/python3.12/site-packages/airflow/example_dags/tutorial_dag.py
[2026-06-09T21:07:44.335+0000] {logging_mixin.py:188} INFO - [2026-06-09T21:07:44.335+0000] {dag.py:3096} INFO - Sync 1 DAGs
[2026-06-09T21:07:44.355+0000] {logging_mixin.py:188} INFO - [2026-06-09T21:07:44.355+0000] {dag.py:3954} INFO - Setting next_dagrun for tutorial_dag to None, run_after=None
[2026-06-09T21:07:44.378+0000] {processor.py:183} INFO - Processing /home/airflow/.local/lib/python3.12/site-packages/airflow/example_dags/tutorial_dag.py took 0.089 seconds
[2026-06-09T21:08:15.175+0000] {processor.py:161} INFO - Started process (PID=470) to work on /home/airflow/.local/lib/python3.12/site-packages/airflow/example_dags/tutorial_dag.py
[2026-06-09T21:08:15.176+0000] {processor.py:830} INFO - Processing file /home/airflow/.local/lib/python3.12/site-packages/airflow/example_dags/tutorial_dag.py for tasks to queue
[2026-06-09T21:08:15.178+0000] {logging_mixin.py:188} INFO - [2026-06-09T21:08:15.178+0000] {dagbag.py:545} INFO - Filling up the DagBag from /home/airflow/.local/lib/python3.12/site-packages/airflow/example_dags/tutorial_dag.py
[2026-06-09T21:08:15.185+0000] {processor.py:840} INFO - DAG(s) 'tutorial_dag' retrieved from /home/airflow/.local/lib/python3.12/site-packages/airflow/example_dags/tutorial_dag.py
[2026-06-09T21:08:15.212+0000] {logging_mixin.py:188} INFO - [2026-06-09T21:08:15.212+0000] {dag.py:3096} INFO - Sync 1 DAGs
[2026-06-09T21:08:15.230+0000] {logging_mixin.py:188} INFO - [2026-06-09T21:08:15.229+0000] {dag.py:3954} INFO - Setting next_dagrun for tutorial_dag to None, run_after=None
[2026-06-09T21:08:15.254+0000] {processor.py:183} INFO - Processing /home/airflow/.local/lib/python3.12/site-packages/airflow/example_dags/tutorial_dag.py took 0.086 seconds
[2026-06-09T21:08:47.326+0000] {processor.py:161} INFO - Started process (PID=530) to work on /home/airflow/.local/lib/python3.12/site-packages/airflow/example_dags/tutorial_dag.py
[2026-06-09T21:08:47.327+0000] {processor.py:830} INFO - Processing file /home/airflow/.local/lib/python3.12/site-packages/airflow/example_dags/tutorial_dag.py for tasks to queue
[2026-06-09T21:08:47.330+0000] {logging_mixin.py:188} INFO - [2026-06-09T21:08:47.329+0000] {dagbag.py:545} INFO - Filling up the DagBag from /home/airflow/.local/lib/python3.12/site-packages/airflow/example_dags/tutorial_dag.py
[2026-06-09T21:08:47.339+0000] {processor.py:840} INFO - DAG(s) 'tutorial_dag' retrieved from /home/airflow/.local/lib/python3.12/site-packages/airflow/example_dags/tutorial_dag.py
[2026-06-09T21:08:47.434+0000] {logging_mixin.py:188} INFO - [2026-06-09T21:08:47.434+0000] {dag.py:3096} INFO - Sync 1 DAGs
[2026-06-09T21:08:47.502+0000] {logging_mixin.py:188} INFO - [2026-06-09T21:08:47.501+0000] {dag.py:3954} INFO - Setting next_dagrun for tutorial_dag to None, run_after=None
[2026-06-09T21:08:47.586+0000] {processor.py:183} INFO - Processing /home/airflow/.local/lib/python3.12/site-packages/airflow/example_dags/tutorial_dag.py took 0.271 seconds
[2026-06-09T21:09:19.361+0000] {processor.py:161} INFO - Started process (PID=590) to work on /home/airflow/.local/lib/python3.12/site-packages/airflow/example_dags/tutorial_dag.py
[2026-06-09T21:09:19.362+0000] {processor.py:830} INFO - Processing file /home/airflow/.local/lib/python3.12/site-packages/airflow/example_dags/tutorial_dag.py for tasks to queue
[2026-06-09T21:09:19.364+0000] {logging_mixin.py:188} INFO - [2026-06-09T21:09:19.364+0000] {dagbag.py:545} INFO - Filling up the DagBag from /home/airflow/.local/lib/python3.12/site-packages/airflow/example_dags/tutorial_dag.py
[2026-06-09T21:09:19.370+0000] {processor.py:840} INFO - DAG(s) 'tutorial_dag' retrieved from /home/airflow/.local/lib/python3.12/site-packages/airflow/example_dags/tutorial_dag.py
[2026-06-09T21:09:19.433+0000] {logging_mixin.py:188} INFO - [2026-06-09T21:09:19.433+0000] {dag.py:3096} INFO - Sync 1 DAGs
[2026-06-09T21:09:19.466+0000] {logging_mixin.py:188} INFO - [2026-06-09T21:09:19.466+0000] {dag.py:3954} INFO - Setting next_dagrun for tutorial_dag to None, run_after=None
[2026-06-09T21:09:19.605+0000] {processor.py:183} INFO - Processing /home/airflow/.local/lib/python3.12/site-packages/airflow/example_dags/tutorial_dag.py took 0.252 seconds
[2026-06-09T21:09:50.543+0000] {processor.py:161} INFO - Started process (PID=650) to work on /home/airflow/.local/lib/python3.12/site-packages/airflow/example_dags/tutorial_dag.py
[2026-06-09T21:09:50.544+0000] {processor.py:830} INFO - Processing file /home/airflow/.local/lib/python3.12/site-packages/airflow/example_dags/tutorial_dag.py for tasks to queue
[2026-06-09T21:09:50.546+0000] {logging_mixin.py:188} INFO - [2026-06-09T21:09:50.545+0000] {dagbag.py:545} INFO - Filling up the DagBag from /home/airflow/.local/lib/python3.12/site-packages/airflow/example_dags/tutorial_dag.py
[2026-06-09T21:09:50.554+0000] {processor.py:840} INFO - DAG(s) 'tutorial_dag' retrieved from /home/airflow/.local/lib/python3.12/site-packages/airflow/example_dags/tutorial_dag.py
[2026-06-09T21:09:50.581+0000] {logging_mixin.py:188} INFO - [2026-06-09T21:09:50.581+0000] {dag.py:3096} INFO - Sync 1 DAGs
[2026-06-09T21:09:50.597+0000] {logging_mixin.py:188} INFO - [2026-06-09T21:09:50.597+0000] {dag.py:3954} INFO - Setting next_dagrun for tutorial_dag to None, run_after=None
[2026-06-09T21:09:50.621+0000] {processor.py:183} INFO - Processing /home/airflow/.local/lib/python3.12/site-packages/airflow/example_dags/tutorial_dag.py took 0.085 seconds
[2026-06-09T21:10:21.072+0000] {processor.py:161} INFO - Started process (PID=709) to work on /home/airflow/.local/lib/python3.12/site-packages/airflow/example_dags/tutorial_dag.py
[2026-06-09T21:10:21.073+0000] {processor.py:830} INFO - Processing file /home/airflow/.local/lib/python3.12/site-packages/airflow/example_dags/tutorial_dag.py for tasks to queue
[2026-06-09T21:10:21.075+0000] {logging_mixin.py:188} INFO - [2026-06-09T21:10:21.075+0000] {dagbag.py:545} INFO - Filling up the DagBag from /home/airflow/.local/lib/python3.12/site-packages/airflow/example_dags/tutorial_dag.py
[2026-06-09T21:10:21.082+0000] {processor.py:840} INFO - DAG(s) 'tutorial_dag' retrieved from /home/airflow/.local/lib/python3.12/site-packages/airflow/example_dags/tutorial_dag.py
[2026-06-09T21:10:21.114+0000] {logging_mixin.py:188} INFO - [2026-06-09T21:10:21.113+0000] {dag.py:3096} INFO - Sync 1 DAGs
[2026-06-09T21:10:21.138+0000] {logging_mixin.py:188} INFO - [2026-06-09T21:10:21.138+0000] {dag.py:3954} INFO - Setting next_dagrun for tutorial_dag to None, run_after=None
[2026-06-09T21:10:21.174+0000] {processor.py:183} INFO - Processing /home/airflow/.local/lib/python3.12/site-packages/airflow/example_dags/tutorial_dag.py took 0.113 seconds
[2026-06-09T21:10:51.671+0000] {processor.py:161} INFO - Started process (PID=769) to work on /home/airflow/.local/lib/python3.12/site-packages/airflow/example_dags/tutorial_dag.py
[2026-06-09T21:10:51.673+0000] {processor.py:830} INFO - Processing file /home/airflow/.local/lib/python3.12/site-packages/airflow/example_dags/tutorial_dag.py for tasks to queue
[2026-06-09T21:10:51.676+0000] {logging_mixin.py:188} INFO - [2026-06-09T21:10:51.675+0000] {dagbag.py:545} INFO - Filling up the DagBag from /home/airflow/.local/lib/python3.12/site-packages/airflow/example_dags/tutorial_dag.py
[2026-06-09T21:10:51.682+0000] {processor.py:840} INFO - DAG(s) 'tutorial_dag' retrieved from /home/airflow/.local/lib/python3.12/site-packages/airflow/example_dags/tutorial_dag.py
[2026-06-09T21:10:51.712+0000] {logging_mixin.py:188} INFO - [2026-06-09T21:10:51.711+0000] {dag.py:3096} INFO - Sync 1 DAGs
[2026-06-09T21:10:51.729+0000] {logging_mixin.py:188} INFO - [2026-06-09T21:10:51.729+0000] {dag.py:3954} INFO - Setting next_dagrun for tutorial_dag to None, run_after=None
[2026-06-09T21:10:51.755+0000] {processor.py:183} INFO - Processing /home/airflow/.local/lib/python3.12/site-packages/airflow/example_dags/tutorial_dag.py took 0.098 seconds
