[2026-06-10T21:58:56.482+0000] {local_task_job_runner.py:120} INFO - ::group::Pre task execution logs
[2026-06-10T21:58:56.500+0000] {taskinstance.py:2076} INFO - Dependencies all met for dep_context=non-requeueable deps ti=<TaskInstance: dag_backfill.upload_to_bronze manual__2026-06-10T21:57:24.232105+00:00 [queued]>
[2026-06-10T21:58:56.508+0000] {taskinstance.py:2076} INFO - Dependencies all met for dep_context=requeueable deps ti=<TaskInstance: dag_backfill.upload_to_bronze manual__2026-06-10T21:57:24.232105+00:00 [queued]>
[2026-06-10T21:58:56.508+0000] {taskinstance.py:2306} INFO - Starting attempt 2 of 4
[2026-06-10T21:58:56.520+0000] {taskinstance.py:2330} INFO - Executing <Task(PythonOperator): upload_to_bronze> on 2026-06-10 21:57:24.232105+00:00
[2026-06-10T21:58:56.528+0000] {warnings.py:110} WARNING - /home/***/.local/lib/python3.12/site-packages/***/task/task_runner/standard_task_runner.py:61: DeprecationWarning: This process (pid=178) is multi-threaded, use of fork() may lead to deadlocks in the child.
  pid = os.fork()

[2026-06-10T21:58:56.529+0000] {standard_task_runner.py:63} INFO - Started process 180 to run task
[2026-06-10T21:58:56.530+0000] {standard_task_runner.py:90} INFO - Running: ['***', 'tasks', 'run', 'dag_backfill', 'upload_to_bronze', 'manual__2026-06-10T21:57:24.232105+00:00', '--job-id', '5', '--raw', '--subdir', 'DAGS_FOLDER/dag_backfill.py', '--cfg-path', '/tmp/tmpbjhqqn4z']
[2026-06-10T21:58:56.532+0000] {standard_task_runner.py:91} INFO - Job 5: Subtask upload_to_bronze
[2026-06-10T21:58:56.584+0000] {task_command.py:426} INFO - Running <TaskInstance: dag_backfill.upload_to_bronze manual__2026-06-10T21:57:24.232105+00:00 [running]> on host 57d0d2489a04
[2026-06-10T21:58:56.655+0000] {taskinstance.py:2648} INFO - Exporting env vars: AIRFLOW_CTX_DAG_OWNER='***' AIRFLOW_CTX_DAG_ID='dag_backfill' AIRFLOW_CTX_TASK_ID='upload_to_bronze' AIRFLOW_CTX_EXECUTION_DATE='2026-06-10T21:57:24.232105+00:00' AIRFLOW_CTX_TRY_NUMBER='2' AIRFLOW_CTX_DAG_RUN_ID='manual__2026-06-10T21:57:24.232105+00:00'
[2026-06-10T21:58:56.657+0000] {taskinstance.py:430} INFO - ::endgroup::
[2026-06-10T21:58:56.658+0000] {taskinstance.py:441} INFO - ::group::Post task execution logs
[2026-06-10T21:58:56.658+0000] {taskinstance.py:2905} ERROR - Task failed with exception
Traceback (most recent call last):
  File "/home/airflow/.local/lib/python3.12/site-packages/airflow/models/taskinstance.py", line 465, in _execute_task
    result = _execute_callable(context=context, **execute_callable_kwargs)
             ^^^^^^^^^^^^^^^^^^^^^^^^^^^^^^^^^^^^^^^^^^^^^^^^^^^^^^^^^^^^^
  File "/home/airflow/.local/lib/python3.12/site-packages/airflow/models/taskinstance.py", line 432, in _execute_callable
    return execute_callable(context=context, **execute_callable_kwargs)
           ^^^^^^^^^^^^^^^^^^^^^^^^^^^^^^^^^^^^^^^^^^^^^^^^^^^^^^^^^^^^
  File "/home/airflow/.local/lib/python3.12/site-packages/airflow/models/baseoperator.py", line 400, in wrapper
    return func(self, *args, **kwargs)
           ^^^^^^^^^^^^^^^^^^^^^^^^^^^
  File "/home/airflow/.local/lib/python3.12/site-packages/airflow/operators/python.py", line 235, in execute
    return_value = self.execute_callable()
                   ^^^^^^^^^^^^^^^^^^^^^^^
  File "/home/airflow/.local/lib/python3.12/site-packages/airflow/operators/python.py", line 252, in execute_callable
    return self.python_callable(*self.op_args, **self.op_kwargs)
           ^^^^^^^^^^^^^^^^^^^^^^^^^^^^^^^^^^^^^^^^^^^^^^^^^^^^^
  File "/opt/airflow/dags/dag_backfill.py", line 65, in upload_to_bronze
    client = storage.Client.from_service_account_json(CREDENTIALS_PATH)
             ^^^^^^^^^^^^^^^^^^^^^^^^^^^^^^^^^^^^^^^^^^^^^^^^^^^^^^^^^^
  File "/home/airflow/.local/lib/python3.12/site-packages/google/cloud/client/__init__.py", line 106, in from_service_account_json
    with io.open(json_credentials_path, "r", encoding="utf-8") as json_fi:
         ^^^^^^^^^^^^^^^^^^^^^^^^^^^^^^^^^^^^^^^^^^^^^^^^^^^^^
FileNotFoundError: [Errno 2] No such file or directory: '/opt/airflow/config/gcp-credentials.json'
[2026-06-10T21:58:56.665+0000] {taskinstance.py:1206} INFO - Marking task as UP_FOR_RETRY. dag_id=dag_backfill, task_id=upload_to_bronze, run_id=manual__2026-06-10T21:57:24.232105+00:00, execution_date=20260610T215724, start_date=20260610T215856, end_date=20260610T215856
[2026-06-10T21:58:56.675+0000] {standard_task_runner.py:110} ERROR - Failed to execute job 5 for task upload_to_bronze ([Errno 2] No such file or directory: '/opt/airflow/config/gcp-credentials.json'; 180)
[2026-06-10T21:58:56.703+0000] {local_task_job_runner.py:240} INFO - Task exited with return code 1
[2026-06-10T21:58:56.720+0000] {taskinstance.py:3498} INFO - 0 downstream tasks scheduled from follow-on schedule check
[2026-06-10T21:58:56.722+0000] {local_task_job_runner.py:222} INFO - ::endgroup::
