[2026-06-12T22:09:34.678+0000] {local_task_job_runner.py:120} INFO - ::group::Pre task execution logs
[2026-06-12T22:09:34.995+0000] {taskinstance.py:2076} INFO - Dependencies all met for dep_context=non-requeueable deps ti=<TaskInstance: dag_incremental.fetch_incremental scheduled__2026-06-12T13:00:00+00:00 [queued]>
[2026-06-12T22:09:35.064+0000] {taskinstance.py:2076} INFO - Dependencies all met for dep_context=requeueable deps ti=<TaskInstance: dag_incremental.fetch_incremental scheduled__2026-06-12T13:00:00+00:00 [queued]>
[2026-06-12T22:09:35.074+0000] {taskinstance.py:2306} INFO - Starting attempt 1 of 4
[2026-06-12T22:09:35.243+0000] {taskinstance.py:2330} INFO - Executing <Task(PythonOperator): fetch_incremental> on 2026-06-12 13:00:00+00:00
[2026-06-12T22:09:35.448+0000] {warnings.py:110} WARNING - /home/***/.local/lib/python3.12/site-packages/***/task/task_runner/standard_task_runner.py:61: DeprecationWarning: This process (pid=80) is multi-threaded, use of fork() may lead to deadlocks in the child.
  pid = os.fork()

[2026-06-12T22:09:35.509+0000] {standard_task_runner.py:63} INFO - Started process 91 to run task
[2026-06-12T22:09:35.504+0000] {standard_task_runner.py:90} INFO - Running: ['***', 'tasks', 'run', 'dag_incremental', 'fetch_incremental', 'scheduled__2026-06-12T13:00:00+00:00', '--job-id', '28', '--raw', '--subdir', 'DAGS_FOLDER/dag_incremental.py', '--cfg-path', '/tmp/tmpo2mm5vyw']
[2026-06-12T22:09:35.537+0000] {standard_task_runner.py:91} INFO - Job 28: Subtask fetch_incremental
[2026-06-12T22:09:36.017+0000] {task_command.py:426} INFO - Running <TaskInstance: dag_incremental.fetch_incremental scheduled__2026-06-12T13:00:00+00:00 [running]> on host 1fca64daf2a8
[2026-06-12T22:09:37.409+0000] {taskinstance.py:2648} INFO - Exporting env vars: AIRFLOW_CTX_DAG_OWNER='***' AIRFLOW_CTX_DAG_ID='dag_incremental' AIRFLOW_CTX_TASK_ID='fetch_incremental' AIRFLOW_CTX_EXECUTION_DATE='2026-06-12T13:00:00+00:00' AIRFLOW_CTX_TRY_NUMBER='1' AIRFLOW_CTX_DAG_RUN_ID='scheduled__2026-06-12T13:00:00+00:00'
[2026-06-12T22:09:37.420+0000] {taskinstance.py:430} INFO - ::endgroup::
[2026-06-12T22:09:43.168+0000] {logging_mixin.py:188} INFO - BTCUSDT: resuming from 2026-06-12 14:00:00
[2026-06-12T22:09:44.417+0000] {logging_mixin.py:188} INFO - BTCUSDT: 9 candles uploaded to staging
[2026-06-12T22:09:45.021+0000] {logging_mixin.py:188} INFO - ETHUSDT: resuming from 2026-06-12 14:00:00
[2026-06-12T22:09:45.788+0000] {logging_mixin.py:188} INFO - ETHUSDT: 9 candles uploaded to staging
[2026-06-12T22:09:46.201+0000] {logging_mixin.py:188} INFO - BNBUSDT: resuming from 2026-06-12 14:00:00
[2026-06-12T22:09:46.775+0000] {logging_mixin.py:188} INFO - BNBUSDT: 9 candles uploaded to staging
[2026-06-12T22:09:47.171+0000] {logging_mixin.py:188} INFO - XRPUSDT: resuming from 2026-06-12 14:00:00
[2026-06-12T22:09:47.704+0000] {logging_mixin.py:188} INFO - XRPUSDT: 9 candles uploaded to staging
[2026-06-12T22:09:48.162+0000] {logging_mixin.py:188} INFO - SOLUSDT: resuming from 2026-06-12 14:00:00
[2026-06-12T22:09:48.637+0000] {logging_mixin.py:188} INFO - SOLUSDT: 9 candles uploaded to staging
[2026-06-12T22:09:49.032+0000] {logging_mixin.py:188} INFO - DOGEUSDT: resuming from 2026-06-12 14:00:00
[2026-06-12T22:09:49.544+0000] {logging_mixin.py:188} INFO - DOGEUSDT: 9 candles uploaded to staging
[2026-06-12T22:09:49.960+0000] {logging_mixin.py:188} INFO - AVAXUSDT: resuming from 2026-06-12 14:00:00
[2026-06-12T22:09:50.500+0000] {logging_mixin.py:188} INFO - AVAXUSDT: 9 candles uploaded to staging
[2026-06-12T22:09:50.928+0000] {logging_mixin.py:188} INFO - LINKUSDT: resuming from 2026-06-12 14:00:00
[2026-06-12T22:09:51.215+0000] {logging_mixin.py:188} INFO - LINKUSDT: 9 candles uploaded to staging
[2026-06-12T22:09:51.771+0000] {logging_mixin.py:188} INFO - ADAUSDT: resuming from 2026-06-12 14:00:00
[2026-06-12T22:09:52.174+0000] {logging_mixin.py:188} INFO - ADAUSDT: 9 candles uploaded to staging
[2026-06-12T22:09:52.680+0000] {logging_mixin.py:188} INFO - LTCUSDT: resuming from 2026-06-12 14:00:00
[2026-06-12T22:09:53.012+0000] {logging_mixin.py:188} INFO - LTCUSDT: 9 candles uploaded to staging
[2026-06-12T22:09:53.020+0000] {python.py:237} INFO - Done. Returned value was: None
[2026-06-12T22:09:53.024+0000] {taskinstance.py:441} INFO - ::group::Post task execution logs
[2026-06-12T22:09:53.068+0000] {taskinstance.py:1206} INFO - Marking task as SUCCESS. dag_id=dag_incremental, task_id=fetch_incremental, run_id=scheduled__2026-06-12T13:00:00+00:00, execution_date=20260612T130000, start_date=20260612T220934, end_date=20260612T220953
[2026-06-12T22:09:53.268+0000] {local_task_job_runner.py:240} INFO - Task exited with return code 0
[2026-06-12T22:09:53.337+0000] {taskinstance.py:3498} INFO - 1 downstream tasks scheduled from follow-on schedule check
[2026-06-12T22:09:53.343+0000] {local_task_job_runner.py:222} INFO - ::endgroup::
