[2026-06-11T22:07:54.584+0000] {processor.py:161} INFO - Started process (PID=77) to work on /opt/airflow/dags/dag_backfill.py
[2026-06-11T22:07:54.589+0000] {processor.py:830} INFO - Processing file /opt/airflow/dags/dag_backfill.py for tasks to queue
[2026-06-11T22:07:54.598+0000] {logging_mixin.py:188} INFO - [2026-06-11T22:07:54.598+0000] {dagbag.py:545} INFO - Filling up the DagBag from /opt/airflow/dags/dag_backfill.py
[2026-06-11T22:08:05.601+0000] {processor.py:840} INFO - DAG(s) 'dag_backfill' retrieved from /opt/airflow/dags/dag_backfill.py
[2026-06-11T22:08:05.703+0000] {logging_mixin.py:188} INFO - [2026-06-11T22:08:05.702+0000] {dag.py:3096} INFO - Sync 1 DAGs
[2026-06-11T22:08:05.716+0000] {logging_mixin.py:188} INFO - [2026-06-11T22:08:05.716+0000] {dag.py:3954} INFO - Setting next_dagrun for dag_backfill to None, run_after=None
[2026-06-11T22:08:05.739+0000] {processor.py:183} INFO - Processing /opt/airflow/dags/dag_backfill.py took 11.179 seconds
[2026-06-11T22:08:36.002+0000] {processor.py:161} INFO - Started process (PID=174) to work on /opt/airflow/dags/dag_backfill.py
[2026-06-11T22:08:36.003+0000] {processor.py:830} INFO - Processing file /opt/airflow/dags/dag_backfill.py for tasks to queue
[2026-06-11T22:08:36.005+0000] {logging_mixin.py:188} INFO - [2026-06-11T22:08:36.004+0000] {dagbag.py:545} INFO - Filling up the DagBag from /opt/airflow/dags/dag_backfill.py
[2026-06-11T22:08:36.622+0000] {processor.py:840} INFO - DAG(s) 'dag_backfill' retrieved from /opt/airflow/dags/dag_backfill.py
[2026-06-11T22:08:36.635+0000] {logging_mixin.py:188} INFO - [2026-06-11T22:08:36.635+0000] {dag.py:3096} INFO - Sync 1 DAGs
[2026-06-11T22:08:36.643+0000] {logging_mixin.py:188} INFO - [2026-06-11T22:08:36.643+0000] {dag.py:3954} INFO - Setting next_dagrun for dag_backfill to None, run_after=None
[2026-06-11T22:08:36.658+0000] {processor.py:183} INFO - Processing /opt/airflow/dags/dag_backfill.py took 0.663 seconds
[2026-06-11T22:09:07.309+0000] {processor.py:161} INFO - Started process (PID=237) to work on /opt/airflow/dags/dag_backfill.py
[2026-06-11T22:09:07.310+0000] {processor.py:830} INFO - Processing file /opt/airflow/dags/dag_backfill.py for tasks to queue
[2026-06-11T22:09:07.313+0000] {logging_mixin.py:188} INFO - [2026-06-11T22:09:07.312+0000] {dagbag.py:545} INFO - Filling up the DagBag from /opt/airflow/dags/dag_backfill.py
[2026-06-11T22:09:08.015+0000] {processor.py:840} INFO - DAG(s) 'dag_backfill' retrieved from /opt/airflow/dags/dag_backfill.py
[2026-06-11T22:09:08.034+0000] {logging_mixin.py:188} INFO - [2026-06-11T22:09:08.033+0000] {dag.py:3096} INFO - Sync 1 DAGs
[2026-06-11T22:09:08.046+0000] {logging_mixin.py:188} INFO - [2026-06-11T22:09:08.046+0000] {dag.py:3954} INFO - Setting next_dagrun for dag_backfill to None, run_after=None
[2026-06-11T22:09:08.062+0000] {processor.py:183} INFO - Processing /opt/airflow/dags/dag_backfill.py took 0.768 seconds
[2026-06-11T22:09:38.169+0000] {processor.py:161} INFO - Started process (PID=301) to work on /opt/airflow/dags/dag_backfill.py
[2026-06-11T22:09:38.170+0000] {processor.py:830} INFO - Processing file /opt/airflow/dags/dag_backfill.py for tasks to queue
[2026-06-11T22:09:38.172+0000] {logging_mixin.py:188} INFO - [2026-06-11T22:09:38.172+0000] {dagbag.py:545} INFO - Filling up the DagBag from /opt/airflow/dags/dag_backfill.py
[2026-06-11T22:09:38.676+0000] {processor.py:840} INFO - DAG(s) 'dag_backfill' retrieved from /opt/airflow/dags/dag_backfill.py
[2026-06-11T22:09:38.690+0000] {logging_mixin.py:188} INFO - [2026-06-11T22:09:38.689+0000] {dag.py:3096} INFO - Sync 1 DAGs
[2026-06-11T22:09:38.698+0000] {logging_mixin.py:188} INFO - [2026-06-11T22:09:38.698+0000] {dag.py:3954} INFO - Setting next_dagrun for dag_backfill to None, run_after=None
[2026-06-11T22:09:38.711+0000] {processor.py:183} INFO - Processing /opt/airflow/dags/dag_backfill.py took 0.549 seconds
[2026-06-11T22:10:08.955+0000] {processor.py:161} INFO - Started process (PID=363) to work on /opt/airflow/dags/dag_backfill.py
[2026-06-11T22:10:08.956+0000] {processor.py:830} INFO - Processing file /opt/airflow/dags/dag_backfill.py for tasks to queue
[2026-06-11T22:10:08.958+0000] {logging_mixin.py:188} INFO - [2026-06-11T22:10:08.958+0000] {dagbag.py:545} INFO - Filling up the DagBag from /opt/airflow/dags/dag_backfill.py
[2026-06-11T22:10:09.408+0000] {processor.py:840} INFO - DAG(s) 'dag_backfill' retrieved from /opt/airflow/dags/dag_backfill.py
[2026-06-11T22:10:09.422+0000] {logging_mixin.py:188} INFO - [2026-06-11T22:10:09.421+0000] {dag.py:3096} INFO - Sync 1 DAGs
[2026-06-11T22:10:09.430+0000] {logging_mixin.py:188} INFO - [2026-06-11T22:10:09.430+0000] {dag.py:3954} INFO - Setting next_dagrun for dag_backfill to None, run_after=None
[2026-06-11T22:10:09.448+0000] {processor.py:183} INFO - Processing /opt/airflow/dags/dag_backfill.py took 0.500 seconds
[2026-06-11T22:10:39.822+0000] {processor.py:161} INFO - Started process (PID=424) to work on /opt/airflow/dags/dag_backfill.py
[2026-06-11T22:10:39.826+0000] {processor.py:830} INFO - Processing file /opt/airflow/dags/dag_backfill.py for tasks to queue
[2026-06-11T22:10:39.834+0000] {logging_mixin.py:188} INFO - [2026-06-11T22:10:39.833+0000] {dagbag.py:545} INFO - Filling up the DagBag from /opt/airflow/dags/dag_backfill.py
[2026-06-11T22:10:42.372+0000] {processor.py:840} INFO - DAG(s) 'dag_backfill' retrieved from /opt/airflow/dags/dag_backfill.py
[2026-06-11T22:10:42.444+0000] {logging_mixin.py:188} INFO - [2026-06-11T22:10:42.443+0000] {dag.py:3096} INFO - Sync 1 DAGs
[2026-06-11T22:10:42.487+0000] {logging_mixin.py:188} INFO - [2026-06-11T22:10:42.483+0000] {dag.py:3954} INFO - Setting next_dagrun for dag_backfill to None, run_after=None
[2026-06-11T22:10:42.551+0000] {processor.py:183} INFO - Processing /opt/airflow/dags/dag_backfill.py took 2.764 seconds
[2026-06-11T22:11:13.551+0000] {processor.py:161} INFO - Started process (PID=487) to work on /opt/airflow/dags/dag_backfill.py
[2026-06-11T22:11:13.558+0000] {processor.py:830} INFO - Processing file /opt/airflow/dags/dag_backfill.py for tasks to queue
[2026-06-11T22:11:13.575+0000] {logging_mixin.py:188} INFO - [2026-06-11T22:11:13.571+0000] {dagbag.py:545} INFO - Filling up the DagBag from /opt/airflow/dags/dag_backfill.py
[2026-06-11T22:11:15.352+0000] {processor.py:840} INFO - DAG(s) 'dag_backfill' retrieved from /opt/airflow/dags/dag_backfill.py
[2026-06-11T22:11:15.391+0000] {logging_mixin.py:188} INFO - [2026-06-11T22:11:15.391+0000] {dag.py:3096} INFO - Sync 1 DAGs
[2026-06-11T22:11:15.405+0000] {logging_mixin.py:188} INFO - [2026-06-11T22:11:15.404+0000] {dag.py:3954} INFO - Setting next_dagrun for dag_backfill to None, run_after=None
[2026-06-11T22:11:15.432+0000] {processor.py:183} INFO - Processing /opt/airflow/dags/dag_backfill.py took 1.913 seconds
[2026-06-11T22:11:46.092+0000] {processor.py:161} INFO - Started process (PID=551) to work on /opt/airflow/dags/dag_backfill.py
[2026-06-11T22:11:46.093+0000] {processor.py:830} INFO - Processing file /opt/airflow/dags/dag_backfill.py for tasks to queue
[2026-06-11T22:11:46.095+0000] {logging_mixin.py:188} INFO - [2026-06-11T22:11:46.095+0000] {dagbag.py:545} INFO - Filling up the DagBag from /opt/airflow/dags/dag_backfill.py
[2026-06-11T22:11:46.931+0000] {processor.py:840} INFO - DAG(s) 'dag_backfill' retrieved from /opt/airflow/dags/dag_backfill.py
[2026-06-11T22:11:46.949+0000] {logging_mixin.py:188} INFO - [2026-06-11T22:11:46.948+0000] {dag.py:3096} INFO - Sync 1 DAGs
[2026-06-11T22:11:46.964+0000] {logging_mixin.py:188} INFO - [2026-06-11T22:11:46.964+0000] {dag.py:3954} INFO - Setting next_dagrun for dag_backfill to None, run_after=None
[2026-06-11T22:11:46.980+0000] {processor.py:183} INFO - Processing /opt/airflow/dags/dag_backfill.py took 0.894 seconds
[2026-06-11T22:12:17.626+0000] {processor.py:161} INFO - Started process (PID=614) to work on /opt/airflow/dags/dag_backfill.py
[2026-06-11T22:12:17.630+0000] {processor.py:830} INFO - Processing file /opt/airflow/dags/dag_backfill.py for tasks to queue
[2026-06-11T22:12:17.634+0000] {logging_mixin.py:188} INFO - [2026-06-11T22:12:17.634+0000] {dagbag.py:545} INFO - Filling up the DagBag from /opt/airflow/dags/dag_backfill.py
[2026-06-11T22:12:18.733+0000] {processor.py:840} INFO - DAG(s) 'dag_backfill' retrieved from /opt/airflow/dags/dag_backfill.py
[2026-06-11T22:12:18.758+0000] {logging_mixin.py:188} INFO - [2026-06-11T22:12:18.757+0000] {dag.py:3096} INFO - Sync 1 DAGs
[2026-06-11T22:12:18.778+0000] {logging_mixin.py:188} INFO - [2026-06-11T22:12:18.778+0000] {dag.py:3954} INFO - Setting next_dagrun for dag_backfill to None, run_after=None
[2026-06-11T22:12:18.805+0000] {processor.py:183} INFO - Processing /opt/airflow/dags/dag_backfill.py took 1.191 seconds
[2026-06-11T22:12:49.397+0000] {processor.py:161} INFO - Started process (PID=678) to work on /opt/airflow/dags/dag_backfill.py
[2026-06-11T22:12:49.398+0000] {processor.py:830} INFO - Processing file /opt/airflow/dags/dag_backfill.py for tasks to queue
[2026-06-11T22:12:49.400+0000] {logging_mixin.py:188} INFO - [2026-06-11T22:12:49.400+0000] {dagbag.py:545} INFO - Filling up the DagBag from /opt/airflow/dags/dag_backfill.py
[2026-06-11T22:12:50.130+0000] {processor.py:840} INFO - DAG(s) 'dag_backfill' retrieved from /opt/airflow/dags/dag_backfill.py
[2026-06-11T22:12:50.236+0000] {logging_mixin.py:188} INFO - [2026-06-11T22:12:50.235+0000] {dag.py:3096} INFO - Sync 1 DAGs
[2026-06-11T22:12:50.247+0000] {logging_mixin.py:188} INFO - [2026-06-11T22:12:50.247+0000] {dag.py:3954} INFO - Setting next_dagrun for dag_backfill to None, run_after=None
[2026-06-11T22:12:50.269+0000] {processor.py:183} INFO - Processing /opt/airflow/dags/dag_backfill.py took 0.878 seconds
[2026-06-11T22:13:21.144+0000] {processor.py:161} INFO - Started process (PID=746) to work on /opt/airflow/dags/dag_backfill.py
[2026-06-11T22:13:21.145+0000] {processor.py:830} INFO - Processing file /opt/airflow/dags/dag_backfill.py for tasks to queue
[2026-06-11T22:13:21.147+0000] {logging_mixin.py:188} INFO - [2026-06-11T22:13:21.147+0000] {dagbag.py:545} INFO - Filling up the DagBag from /opt/airflow/dags/dag_backfill.py
[2026-06-11T22:13:21.789+0000] {processor.py:840} INFO - DAG(s) 'dag_backfill' retrieved from /opt/airflow/dags/dag_backfill.py
[2026-06-11T22:13:21.803+0000] {logging_mixin.py:188} INFO - [2026-06-11T22:13:21.803+0000] {dag.py:3096} INFO - Sync 1 DAGs
[2026-06-11T22:13:21.812+0000] {logging_mixin.py:188} INFO - [2026-06-11T22:13:21.812+0000] {dag.py:3954} INFO - Setting next_dagrun for dag_backfill to None, run_after=None
[2026-06-11T22:13:21.826+0000] {processor.py:183} INFO - Processing /opt/airflow/dags/dag_backfill.py took 0.688 seconds
[2026-06-11T22:13:52.399+0000] {processor.py:161} INFO - Started process (PID=807) to work on /opt/airflow/dags/dag_backfill.py
[2026-06-11T22:13:52.400+0000] {processor.py:830} INFO - Processing file /opt/airflow/dags/dag_backfill.py for tasks to queue
[2026-06-11T22:13:52.401+0000] {logging_mixin.py:188} INFO - [2026-06-11T22:13:52.401+0000] {dagbag.py:545} INFO - Filling up the DagBag from /opt/airflow/dags/dag_backfill.py
[2026-06-11T22:13:53.132+0000] {processor.py:840} INFO - DAG(s) 'dag_backfill' retrieved from /opt/airflow/dags/dag_backfill.py
[2026-06-11T22:13:53.145+0000] {logging_mixin.py:188} INFO - [2026-06-11T22:13:53.144+0000] {dag.py:3096} INFO - Sync 1 DAGs
[2026-06-11T22:13:53.160+0000] {logging_mixin.py:188} INFO - [2026-06-11T22:13:53.160+0000] {dag.py:3954} INFO - Setting next_dagrun for dag_backfill to None, run_after=None
[2026-06-11T22:13:53.187+0000] {processor.py:183} INFO - Processing /opt/airflow/dags/dag_backfill.py took 0.795 seconds
[2026-06-11T22:14:23.711+0000] {processor.py:161} INFO - Started process (PID=868) to work on /opt/airflow/dags/dag_backfill.py
[2026-06-11T22:14:23.716+0000] {processor.py:830} INFO - Processing file /opt/airflow/dags/dag_backfill.py for tasks to queue
[2026-06-11T22:14:23.722+0000] {logging_mixin.py:188} INFO - [2026-06-11T22:14:23.721+0000] {dagbag.py:545} INFO - Filling up the DagBag from /opt/airflow/dags/dag_backfill.py
[2026-06-11T22:14:24.467+0000] {processor.py:840} INFO - DAG(s) 'dag_backfill' retrieved from /opt/airflow/dags/dag_backfill.py
[2026-06-11T22:14:24.481+0000] {logging_mixin.py:188} INFO - [2026-06-11T22:14:24.480+0000] {dag.py:3096} INFO - Sync 1 DAGs
[2026-06-11T22:14:24.491+0000] {logging_mixin.py:188} INFO - [2026-06-11T22:14:24.490+0000] {dag.py:3954} INFO - Setting next_dagrun for dag_backfill to None, run_after=None
[2026-06-11T22:14:24.503+0000] {processor.py:183} INFO - Processing /opt/airflow/dags/dag_backfill.py took 0.826 seconds
[2026-06-11T22:14:54.652+0000] {processor.py:161} INFO - Started process (PID=929) to work on /opt/airflow/dags/dag_backfill.py
[2026-06-11T22:14:54.656+0000] {processor.py:830} INFO - Processing file /opt/airflow/dags/dag_backfill.py for tasks to queue
[2026-06-11T22:14:54.658+0000] {logging_mixin.py:188} INFO - [2026-06-11T22:14:54.658+0000] {dagbag.py:545} INFO - Filling up the DagBag from /opt/airflow/dags/dag_backfill.py
[2026-06-11T22:14:55.311+0000] {processor.py:840} INFO - DAG(s) 'dag_backfill' retrieved from /opt/airflow/dags/dag_backfill.py
[2026-06-11T22:14:55.323+0000] {logging_mixin.py:188} INFO - [2026-06-11T22:14:55.323+0000] {dag.py:3096} INFO - Sync 1 DAGs
[2026-06-11T22:14:55.332+0000] {logging_mixin.py:188} INFO - [2026-06-11T22:14:55.332+0000] {dag.py:3954} INFO - Setting next_dagrun for dag_backfill to None, run_after=None
[2026-06-11T22:14:55.346+0000] {processor.py:183} INFO - Processing /opt/airflow/dags/dag_backfill.py took 0.700 seconds
[2026-06-11T22:15:26.269+0000] {processor.py:161} INFO - Started process (PID=990) to work on /opt/airflow/dags/dag_backfill.py
[2026-06-11T22:15:26.271+0000] {processor.py:830} INFO - Processing file /opt/airflow/dags/dag_backfill.py for tasks to queue
[2026-06-11T22:15:26.277+0000] {logging_mixin.py:188} INFO - [2026-06-11T22:15:26.273+0000] {dagbag.py:545} INFO - Filling up the DagBag from /opt/airflow/dags/dag_backfill.py
[2026-06-11T22:15:27.276+0000] {processor.py:840} INFO - DAG(s) 'dag_backfill' retrieved from /opt/airflow/dags/dag_backfill.py
[2026-06-11T22:15:27.292+0000] {logging_mixin.py:188} INFO - [2026-06-11T22:15:27.292+0000] {dag.py:3096} INFO - Sync 1 DAGs
[2026-06-11T22:15:27.310+0000] {logging_mixin.py:188} INFO - [2026-06-11T22:15:27.310+0000] {dag.py:3954} INFO - Setting next_dagrun for dag_backfill to None, run_after=None
[2026-06-11T22:15:27.327+0000] {processor.py:183} INFO - Processing /opt/airflow/dags/dag_backfill.py took 1.076 seconds
[2026-06-11T22:15:58.351+0000] {processor.py:161} INFO - Started process (PID=1051) to work on /opt/airflow/dags/dag_backfill.py
[2026-06-11T22:15:58.365+0000] {processor.py:830} INFO - Processing file /opt/airflow/dags/dag_backfill.py for tasks to queue
[2026-06-11T22:15:58.373+0000] {logging_mixin.py:188} INFO - [2026-06-11T22:15:58.372+0000] {dagbag.py:545} INFO - Filling up the DagBag from /opt/airflow/dags/dag_backfill.py
[2026-06-11T22:16:00.262+0000] {processor.py:840} INFO - DAG(s) 'dag_backfill' retrieved from /opt/airflow/dags/dag_backfill.py
[2026-06-11T22:16:00.297+0000] {logging_mixin.py:188} INFO - [2026-06-11T22:16:00.296+0000] {dag.py:3096} INFO - Sync 1 DAGs
[2026-06-11T22:16:00.310+0000] {logging_mixin.py:188} INFO - [2026-06-11T22:16:00.310+0000] {dag.py:3954} INFO - Setting next_dagrun for dag_backfill to None, run_after=None
[2026-06-11T22:16:00.340+0000] {processor.py:183} INFO - Processing /opt/airflow/dags/dag_backfill.py took 2.010 seconds
[2026-06-11T22:16:31.152+0000] {processor.py:161} INFO - Started process (PID=1112) to work on /opt/airflow/dags/dag_backfill.py
[2026-06-11T22:16:31.153+0000] {processor.py:830} INFO - Processing file /opt/airflow/dags/dag_backfill.py for tasks to queue
[2026-06-11T22:16:31.155+0000] {logging_mixin.py:188} INFO - [2026-06-11T22:16:31.155+0000] {dagbag.py:545} INFO - Filling up the DagBag from /opt/airflow/dags/dag_backfill.py
[2026-06-11T22:16:32.240+0000] {processor.py:840} INFO - DAG(s) 'dag_backfill' retrieved from /opt/airflow/dags/dag_backfill.py
[2026-06-11T22:16:32.258+0000] {logging_mixin.py:188} INFO - [2026-06-11T22:16:32.258+0000] {dag.py:3096} INFO - Sync 1 DAGs
[2026-06-11T22:16:32.271+0000] {logging_mixin.py:188} INFO - [2026-06-11T22:16:32.271+0000] {dag.py:3954} INFO - Setting next_dagrun for dag_backfill to None, run_after=None
[2026-06-11T22:16:32.293+0000] {processor.py:183} INFO - Processing /opt/airflow/dags/dag_backfill.py took 1.148 seconds
[2026-06-11T22:17:03.130+0000] {processor.py:161} INFO - Started process (PID=1173) to work on /opt/airflow/dags/dag_backfill.py
[2026-06-11T22:17:03.135+0000] {processor.py:830} INFO - Processing file /opt/airflow/dags/dag_backfill.py for tasks to queue
[2026-06-11T22:17:03.141+0000] {logging_mixin.py:188} INFO - [2026-06-11T22:17:03.141+0000] {dagbag.py:545} INFO - Filling up the DagBag from /opt/airflow/dags/dag_backfill.py
[2026-06-11T22:17:04.087+0000] {processor.py:840} INFO - DAG(s) 'dag_backfill' retrieved from /opt/airflow/dags/dag_backfill.py
[2026-06-11T22:17:04.104+0000] {logging_mixin.py:188} INFO - [2026-06-11T22:17:04.104+0000] {dag.py:3096} INFO - Sync 1 DAGs
[2026-06-11T22:17:04.116+0000] {logging_mixin.py:188} INFO - [2026-06-11T22:17:04.116+0000] {dag.py:3954} INFO - Setting next_dagrun for dag_backfill to None, run_after=None
[2026-06-11T22:17:04.135+0000] {processor.py:183} INFO - Processing /opt/airflow/dags/dag_backfill.py took 1.021 seconds
[2026-06-11T22:17:34.237+0000] {processor.py:161} INFO - Started process (PID=1234) to work on /opt/airflow/dags/dag_backfill.py
[2026-06-11T22:17:34.239+0000] {processor.py:830} INFO - Processing file /opt/airflow/dags/dag_backfill.py for tasks to queue
[2026-06-11T22:17:34.243+0000] {logging_mixin.py:188} INFO - [2026-06-11T22:17:34.242+0000] {dagbag.py:545} INFO - Filling up the DagBag from /opt/airflow/dags/dag_backfill.py
[2026-06-11T22:17:35.503+0000] {processor.py:840} INFO - DAG(s) 'dag_backfill' retrieved from /opt/airflow/dags/dag_backfill.py
[2026-06-11T22:17:35.522+0000] {logging_mixin.py:188} INFO - [2026-06-11T22:17:35.522+0000] {dag.py:3096} INFO - Sync 1 DAGs
[2026-06-11T22:17:35.535+0000] {logging_mixin.py:188} INFO - [2026-06-11T22:17:35.535+0000] {dag.py:3954} INFO - Setting next_dagrun for dag_backfill to None, run_after=None
[2026-06-11T22:17:35.551+0000] {processor.py:183} INFO - Processing /opt/airflow/dags/dag_backfill.py took 1.331 seconds
[2026-06-11T22:18:05.775+0000] {processor.py:161} INFO - Started process (PID=1297) to work on /opt/airflow/dags/dag_backfill.py
[2026-06-11T22:18:05.776+0000] {processor.py:830} INFO - Processing file /opt/airflow/dags/dag_backfill.py for tasks to queue
[2026-06-11T22:18:05.778+0000] {logging_mixin.py:188} INFO - [2026-06-11T22:18:05.777+0000] {dagbag.py:545} INFO - Filling up the DagBag from /opt/airflow/dags/dag_backfill.py
[2026-06-11T22:18:06.346+0000] {processor.py:840} INFO - DAG(s) 'dag_backfill' retrieved from /opt/airflow/dags/dag_backfill.py
[2026-06-11T22:18:06.363+0000] {logging_mixin.py:188} INFO - [2026-06-11T22:18:06.363+0000] {dag.py:3096} INFO - Sync 1 DAGs
[2026-06-11T22:18:06.374+0000] {logging_mixin.py:188} INFO - [2026-06-11T22:18:06.374+0000] {dag.py:3954} INFO - Setting next_dagrun for dag_backfill to None, run_after=None
[2026-06-11T22:18:06.388+0000] {processor.py:183} INFO - Processing /opt/airflow/dags/dag_backfill.py took 0.620 seconds
[2026-06-11T22:18:18.996+0000] {processor.py:161} INFO - Started process (PID=1329) to work on /opt/airflow/dags/dag_backfill.py
[2026-06-11T22:18:18.997+0000] {processor.py:830} INFO - Processing file /opt/airflow/dags/dag_backfill.py for tasks to queue
[2026-06-11T22:18:18.999+0000] {logging_mixin.py:188} INFO - [2026-06-11T22:18:18.998+0000] {dagbag.py:545} INFO - Filling up the DagBag from /opt/airflow/dags/dag_backfill.py
[2026-06-11T22:18:19.000+0000] {logging_mixin.py:188} INFO - [2026-06-11T22:18:19.000+0000] {dagbag.py:334} INFO - File /opt/airflow/dags/dag_backfill.py assumed to contain no DAGs. Skipping.
[2026-06-11T22:18:19.000+0000] {processor.py:842} WARNING - No viable dags retrieved from /opt/airflow/dags/dag_backfill.py
[2026-06-11T22:18:19.031+0000] {processor.py:183} INFO - Processing /opt/airflow/dags/dag_backfill.py took 0.042 seconds
[2026-06-11T22:18:49.396+0000] {processor.py:161} INFO - Started process (PID=1384) to work on /opt/airflow/dags/dag_backfill.py
[2026-06-11T22:18:49.397+0000] {processor.py:830} INFO - Processing file /opt/airflow/dags/dag_backfill.py for tasks to queue
[2026-06-11T22:18:49.398+0000] {logging_mixin.py:188} INFO - [2026-06-11T22:18:49.398+0000] {dagbag.py:545} INFO - Filling up the DagBag from /opt/airflow/dags/dag_backfill.py
[2026-06-11T22:18:49.399+0000] {logging_mixin.py:188} INFO - [2026-06-11T22:18:49.399+0000] {dagbag.py:334} INFO - File /opt/airflow/dags/dag_backfill.py assumed to contain no DAGs. Skipping.
[2026-06-11T22:18:49.400+0000] {processor.py:842} WARNING - No viable dags retrieved from /opt/airflow/dags/dag_backfill.py
[2026-06-11T22:18:49.413+0000] {processor.py:183} INFO - Processing /opt/airflow/dags/dag_backfill.py took 0.028 seconds
[2026-06-11T22:18:54.772+0000] {processor.py:161} INFO - Started process (PID=1404) to work on /opt/airflow/dags/dag_backfill.py
[2026-06-11T22:18:54.773+0000] {processor.py:830} INFO - Processing file /opt/airflow/dags/dag_backfill.py for tasks to queue
[2026-06-11T22:18:54.775+0000] {logging_mixin.py:188} INFO - [2026-06-11T22:18:54.775+0000] {dagbag.py:545} INFO - Filling up the DagBag from /opt/airflow/dags/dag_backfill.py
[2026-06-11T22:18:55.369+0000] {processor.py:840} INFO - DAG(s) 'dag_backfill' retrieved from /opt/airflow/dags/dag_backfill.py
[2026-06-11T22:18:55.382+0000] {logging_mixin.py:188} INFO - [2026-06-11T22:18:55.382+0000] {dag.py:3096} INFO - Sync 1 DAGs
[2026-06-11T22:18:55.391+0000] {logging_mixin.py:188} INFO - [2026-06-11T22:18:55.391+0000] {dag.py:3954} INFO - Setting next_dagrun for dag_backfill to None, run_after=None
[2026-06-11T22:18:55.412+0000] {processor.py:183} INFO - Processing /opt/airflow/dags/dag_backfill.py took 0.647 seconds
[2026-06-11T22:19:25.951+0000] {processor.py:161} INFO - Started process (PID=1467) to work on /opt/airflow/dags/dag_backfill.py
[2026-06-11T22:19:25.952+0000] {processor.py:830} INFO - Processing file /opt/airflow/dags/dag_backfill.py for tasks to queue
[2026-06-11T22:19:25.956+0000] {logging_mixin.py:188} INFO - [2026-06-11T22:19:25.955+0000] {dagbag.py:545} INFO - Filling up the DagBag from /opt/airflow/dags/dag_backfill.py
[2026-06-11T22:19:26.666+0000] {processor.py:840} INFO - DAG(s) 'dag_backfill' retrieved from /opt/airflow/dags/dag_backfill.py
[2026-06-11T22:19:26.693+0000] {logging_mixin.py:188} INFO - [2026-06-11T22:19:26.693+0000] {dag.py:3096} INFO - Sync 1 DAGs
[2026-06-11T22:19:26.707+0000] {logging_mixin.py:188} INFO - [2026-06-11T22:19:26.707+0000] {dag.py:3954} INFO - Setting next_dagrun for dag_backfill to None, run_after=None
[2026-06-11T22:19:26.723+0000] {processor.py:183} INFO - Processing /opt/airflow/dags/dag_backfill.py took 0.780 seconds
[2026-06-11T22:19:57.158+0000] {processor.py:161} INFO - Started process (PID=1528) to work on /opt/airflow/dags/dag_backfill.py
[2026-06-11T22:19:57.159+0000] {processor.py:830} INFO - Processing file /opt/airflow/dags/dag_backfill.py for tasks to queue
[2026-06-11T22:19:57.160+0000] {logging_mixin.py:188} INFO - [2026-06-11T22:19:57.160+0000] {dagbag.py:545} INFO - Filling up the DagBag from /opt/airflow/dags/dag_backfill.py
[2026-06-11T22:19:58.268+0000] {processor.py:840} INFO - DAG(s) 'dag_backfill' retrieved from /opt/airflow/dags/dag_backfill.py
[2026-06-11T22:19:58.310+0000] {logging_mixin.py:188} INFO - [2026-06-11T22:19:58.310+0000] {dag.py:3096} INFO - Sync 1 DAGs
[2026-06-11T22:19:58.340+0000] {logging_mixin.py:188} INFO - [2026-06-11T22:19:58.340+0000] {dag.py:3954} INFO - Setting next_dagrun for dag_backfill to None, run_after=None
[2026-06-11T22:19:58.407+0000] {processor.py:183} INFO - Processing /opt/airflow/dags/dag_backfill.py took 1.263 seconds
[2026-06-11T22:20:28.608+0000] {processor.py:161} INFO - Started process (PID=1590) to work on /opt/airflow/dags/dag_backfill.py
[2026-06-11T22:20:28.611+0000] {processor.py:830} INFO - Processing file /opt/airflow/dags/dag_backfill.py for tasks to queue
[2026-06-11T22:20:28.618+0000] {logging_mixin.py:188} INFO - [2026-06-11T22:20:28.617+0000] {dagbag.py:545} INFO - Filling up the DagBag from /opt/airflow/dags/dag_backfill.py
[2026-06-11T22:20:29.284+0000] {processor.py:840} INFO - DAG(s) 'dag_backfill' retrieved from /opt/airflow/dags/dag_backfill.py
[2026-06-11T22:20:29.332+0000] {logging_mixin.py:188} INFO - [2026-06-11T22:20:29.331+0000] {dag.py:3096} INFO - Sync 1 DAGs
[2026-06-11T22:20:29.373+0000] {logging_mixin.py:188} INFO - [2026-06-11T22:20:29.372+0000] {dag.py:3954} INFO - Setting next_dagrun for dag_backfill to None, run_after=None
[2026-06-11T22:20:29.428+0000] {processor.py:183} INFO - Processing /opt/airflow/dags/dag_backfill.py took 0.829 seconds
[2026-06-11T22:20:59.544+0000] {processor.py:161} INFO - Started process (PID=1655) to work on /opt/airflow/dags/dag_backfill.py
[2026-06-11T22:20:59.545+0000] {processor.py:830} INFO - Processing file /opt/airflow/dags/dag_backfill.py for tasks to queue
[2026-06-11T22:20:59.547+0000] {logging_mixin.py:188} INFO - [2026-06-11T22:20:59.546+0000] {dagbag.py:545} INFO - Filling up the DagBag from /opt/airflow/dags/dag_backfill.py
[2026-06-11T22:21:00.345+0000] {processor.py:840} INFO - DAG(s) 'dag_backfill' retrieved from /opt/airflow/dags/dag_backfill.py
[2026-06-11T22:21:00.367+0000] {logging_mixin.py:188} INFO - [2026-06-11T22:21:00.366+0000] {dag.py:3096} INFO - Sync 1 DAGs
[2026-06-11T22:21:00.382+0000] {logging_mixin.py:188} INFO - [2026-06-11T22:21:00.382+0000] {dag.py:3954} INFO - Setting next_dagrun for dag_backfill to None, run_after=None
[2026-06-11T22:21:00.400+0000] {processor.py:183} INFO - Processing /opt/airflow/dags/dag_backfill.py took 0.870 seconds
[2026-06-11T22:21:30.987+0000] {processor.py:161} INFO - Started process (PID=1720) to work on /opt/airflow/dags/dag_backfill.py
[2026-06-11T22:21:30.988+0000] {processor.py:830} INFO - Processing file /opt/airflow/dags/dag_backfill.py for tasks to queue
[2026-06-11T22:21:30.990+0000] {logging_mixin.py:188} INFO - [2026-06-11T22:21:30.990+0000] {dagbag.py:545} INFO - Filling up the DagBag from /opt/airflow/dags/dag_backfill.py
[2026-06-11T22:21:31.616+0000] {processor.py:840} INFO - DAG(s) 'dag_backfill' retrieved from /opt/airflow/dags/dag_backfill.py
[2026-06-11T22:21:31.645+0000] {logging_mixin.py:188} INFO - [2026-06-11T22:21:31.645+0000] {dag.py:3096} INFO - Sync 1 DAGs
[2026-06-11T22:21:31.659+0000] {logging_mixin.py:188} INFO - [2026-06-11T22:21:31.659+0000] {dag.py:3954} INFO - Setting next_dagrun for dag_backfill to None, run_after=None
[2026-06-11T22:21:31.677+0000] {processor.py:183} INFO - Processing /opt/airflow/dags/dag_backfill.py took 0.697 seconds
[2026-06-11T22:22:02.120+0000] {processor.py:161} INFO - Started process (PID=1780) to work on /opt/airflow/dags/dag_backfill.py
[2026-06-11T22:22:02.120+0000] {processor.py:830} INFO - Processing file /opt/airflow/dags/dag_backfill.py for tasks to queue
[2026-06-11T22:22:02.122+0000] {logging_mixin.py:188} INFO - [2026-06-11T22:22:02.122+0000] {dagbag.py:545} INFO - Filling up the DagBag from /opt/airflow/dags/dag_backfill.py
[2026-06-11T22:22:02.585+0000] {processor.py:840} INFO - DAG(s) 'dag_backfill' retrieved from /opt/airflow/dags/dag_backfill.py
[2026-06-11T22:22:02.602+0000] {logging_mixin.py:188} INFO - [2026-06-11T22:22:02.602+0000] {dag.py:3096} INFO - Sync 1 DAGs
[2026-06-11T22:22:02.613+0000] {logging_mixin.py:188} INFO - [2026-06-11T22:22:02.613+0000] {dag.py:3954} INFO - Setting next_dagrun for dag_backfill to None, run_after=None
[2026-06-11T22:22:02.627+0000] {processor.py:183} INFO - Processing /opt/airflow/dags/dag_backfill.py took 0.514 seconds
[2026-06-11T22:22:32.731+0000] {processor.py:161} INFO - Started process (PID=1841) to work on /opt/airflow/dags/dag_backfill.py
[2026-06-11T22:22:32.734+0000] {processor.py:830} INFO - Processing file /opt/airflow/dags/dag_backfill.py for tasks to queue
[2026-06-11T22:22:32.736+0000] {logging_mixin.py:188} INFO - [2026-06-11T22:22:32.736+0000] {dagbag.py:545} INFO - Filling up the DagBag from /opt/airflow/dags/dag_backfill.py
[2026-06-11T22:22:33.374+0000] {processor.py:840} INFO - DAG(s) 'dag_backfill' retrieved from /opt/airflow/dags/dag_backfill.py
[2026-06-11T22:22:33.392+0000] {logging_mixin.py:188} INFO - [2026-06-11T22:22:33.391+0000] {dag.py:3096} INFO - Sync 1 DAGs
[2026-06-11T22:22:33.403+0000] {logging_mixin.py:188} INFO - [2026-06-11T22:22:33.403+0000] {dag.py:3954} INFO - Setting next_dagrun for dag_backfill to None, run_after=None
[2026-06-11T22:22:33.417+0000] {processor.py:183} INFO - Processing /opt/airflow/dags/dag_backfill.py took 0.693 seconds
[2026-06-11T22:23:03.487+0000] {processor.py:161} INFO - Started process (PID=1903) to work on /opt/airflow/dags/dag_backfill.py
[2026-06-11T22:23:03.488+0000] {processor.py:830} INFO - Processing file /opt/airflow/dags/dag_backfill.py for tasks to queue
[2026-06-11T22:23:03.490+0000] {logging_mixin.py:188} INFO - [2026-06-11T22:23:03.490+0000] {dagbag.py:545} INFO - Filling up the DagBag from /opt/airflow/dags/dag_backfill.py
[2026-06-11T22:23:03.949+0000] {processor.py:840} INFO - DAG(s) 'dag_backfill' retrieved from /opt/airflow/dags/dag_backfill.py
[2026-06-11T22:23:03.964+0000] {logging_mixin.py:188} INFO - [2026-06-11T22:23:03.964+0000] {dag.py:3096} INFO - Sync 1 DAGs
[2026-06-11T22:23:03.974+0000] {logging_mixin.py:188} INFO - [2026-06-11T22:23:03.974+0000] {dag.py:3954} INFO - Setting next_dagrun for dag_backfill to None, run_after=None
[2026-06-11T22:23:03.988+0000] {processor.py:183} INFO - Processing /opt/airflow/dags/dag_backfill.py took 0.524 seconds
[2026-06-11T22:23:34.257+0000] {processor.py:161} INFO - Started process (PID=1963) to work on /opt/airflow/dags/dag_backfill.py
[2026-06-11T22:23:34.258+0000] {processor.py:830} INFO - Processing file /opt/airflow/dags/dag_backfill.py for tasks to queue
[2026-06-11T22:23:34.262+0000] {logging_mixin.py:188} INFO - [2026-06-11T22:23:34.262+0000] {dagbag.py:545} INFO - Filling up the DagBag from /opt/airflow/dags/dag_backfill.py
[2026-06-11T22:23:34.717+0000] {processor.py:840} INFO - DAG(s) 'dag_backfill' retrieved from /opt/airflow/dags/dag_backfill.py
[2026-06-11T22:23:34.732+0000] {logging_mixin.py:188} INFO - [2026-06-11T22:23:34.732+0000] {dag.py:3096} INFO - Sync 1 DAGs
[2026-06-11T22:23:34.742+0000] {logging_mixin.py:188} INFO - [2026-06-11T22:23:34.742+0000] {dag.py:3954} INFO - Setting next_dagrun for dag_backfill to None, run_after=None
[2026-06-11T22:23:34.756+0000] {processor.py:183} INFO - Processing /opt/airflow/dags/dag_backfill.py took 0.506 seconds
[2026-06-11T22:24:04.805+0000] {processor.py:161} INFO - Started process (PID=2024) to work on /opt/airflow/dags/dag_backfill.py
[2026-06-11T22:24:04.805+0000] {processor.py:830} INFO - Processing file /opt/airflow/dags/dag_backfill.py for tasks to queue
[2026-06-11T22:24:04.807+0000] {logging_mixin.py:188} INFO - [2026-06-11T22:24:04.807+0000] {dagbag.py:545} INFO - Filling up the DagBag from /opt/airflow/dags/dag_backfill.py
[2026-06-11T22:24:05.227+0000] {processor.py:840} INFO - DAG(s) 'dag_backfill' retrieved from /opt/airflow/dags/dag_backfill.py
[2026-06-11T22:24:05.250+0000] {logging_mixin.py:188} INFO - [2026-06-11T22:24:05.250+0000] {dag.py:3096} INFO - Sync 1 DAGs
[2026-06-11T22:24:05.267+0000] {logging_mixin.py:188} INFO - [2026-06-11T22:24:05.267+0000] {dag.py:3954} INFO - Setting next_dagrun for dag_backfill to None, run_after=None
[2026-06-11T22:24:05.284+0000] {processor.py:183} INFO - Processing /opt/airflow/dags/dag_backfill.py took 0.485 seconds
[2026-06-11T22:24:36.100+0000] {processor.py:161} INFO - Started process (PID=2085) to work on /opt/airflow/dags/dag_backfill.py
[2026-06-11T22:24:36.101+0000] {processor.py:830} INFO - Processing file /opt/airflow/dags/dag_backfill.py for tasks to queue
[2026-06-11T22:24:36.103+0000] {logging_mixin.py:188} INFO - [2026-06-11T22:24:36.103+0000] {dagbag.py:545} INFO - Filling up the DagBag from /opt/airflow/dags/dag_backfill.py
[2026-06-11T22:24:36.465+0000] {processor.py:840} INFO - DAG(s) 'dag_backfill' retrieved from /opt/airflow/dags/dag_backfill.py
[2026-06-11T22:24:36.479+0000] {logging_mixin.py:188} INFO - [2026-06-11T22:24:36.479+0000] {dag.py:3096} INFO - Sync 1 DAGs
[2026-06-11T22:24:36.489+0000] {logging_mixin.py:188} INFO - [2026-06-11T22:24:36.489+0000] {dag.py:3954} INFO - Setting next_dagrun for dag_backfill to None, run_after=None
[2026-06-11T22:24:36.504+0000] {processor.py:183} INFO - Processing /opt/airflow/dags/dag_backfill.py took 0.411 seconds
[2026-06-11T22:25:06.533+0000] {processor.py:161} INFO - Started process (PID=2146) to work on /opt/airflow/dags/dag_backfill.py
[2026-06-11T22:25:06.534+0000] {processor.py:830} INFO - Processing file /opt/airflow/dags/dag_backfill.py for tasks to queue
[2026-06-11T22:25:06.535+0000] {logging_mixin.py:188} INFO - [2026-06-11T22:25:06.535+0000] {dagbag.py:545} INFO - Filling up the DagBag from /opt/airflow/dags/dag_backfill.py
[2026-06-11T22:25:06.904+0000] {processor.py:840} INFO - DAG(s) 'dag_backfill' retrieved from /opt/airflow/dags/dag_backfill.py
[2026-06-11T22:25:06.919+0000] {logging_mixin.py:188} INFO - [2026-06-11T22:25:06.919+0000] {dag.py:3096} INFO - Sync 1 DAGs
[2026-06-11T22:25:06.929+0000] {logging_mixin.py:188} INFO - [2026-06-11T22:25:06.929+0000] {dag.py:3954} INFO - Setting next_dagrun for dag_backfill to None, run_after=None
[2026-06-11T22:25:06.943+0000] {processor.py:183} INFO - Processing /opt/airflow/dags/dag_backfill.py took 0.414 seconds
[2026-06-11T22:25:37.081+0000] {processor.py:161} INFO - Started process (PID=2207) to work on /opt/airflow/dags/dag_backfill.py
[2026-06-11T22:25:37.082+0000] {processor.py:830} INFO - Processing file /opt/airflow/dags/dag_backfill.py for tasks to queue
[2026-06-11T22:25:37.083+0000] {logging_mixin.py:188} INFO - [2026-06-11T22:25:37.083+0000] {dagbag.py:545} INFO - Filling up the DagBag from /opt/airflow/dags/dag_backfill.py
[2026-06-11T22:25:37.459+0000] {processor.py:840} INFO - DAG(s) 'dag_backfill' retrieved from /opt/airflow/dags/dag_backfill.py
[2026-06-11T22:25:37.474+0000] {logging_mixin.py:188} INFO - [2026-06-11T22:25:37.474+0000] {dag.py:3096} INFO - Sync 1 DAGs
[2026-06-11T22:25:37.484+0000] {logging_mixin.py:188} INFO - [2026-06-11T22:25:37.484+0000] {dag.py:3954} INFO - Setting next_dagrun for dag_backfill to None, run_after=None
[2026-06-11T22:25:37.498+0000] {processor.py:183} INFO - Processing /opt/airflow/dags/dag_backfill.py took 0.422 seconds
[2026-06-11T22:26:07.562+0000] {processor.py:161} INFO - Started process (PID=2268) to work on /opt/airflow/dags/dag_backfill.py
[2026-06-11T22:26:07.564+0000] {processor.py:830} INFO - Processing file /opt/airflow/dags/dag_backfill.py for tasks to queue
[2026-06-11T22:26:07.566+0000] {logging_mixin.py:188} INFO - [2026-06-11T22:26:07.565+0000] {dagbag.py:545} INFO - Filling up the DagBag from /opt/airflow/dags/dag_backfill.py
[2026-06-11T22:26:08.015+0000] {processor.py:840} INFO - DAG(s) 'dag_backfill' retrieved from /opt/airflow/dags/dag_backfill.py
[2026-06-11T22:26:08.030+0000] {logging_mixin.py:188} INFO - [2026-06-11T22:26:08.030+0000] {dag.py:3096} INFO - Sync 1 DAGs
[2026-06-11T22:26:08.040+0000] {logging_mixin.py:188} INFO - [2026-06-11T22:26:08.040+0000] {dag.py:3954} INFO - Setting next_dagrun for dag_backfill to None, run_after=None
[2026-06-11T22:26:08.054+0000] {processor.py:183} INFO - Processing /opt/airflow/dags/dag_backfill.py took 0.500 seconds
[2026-06-11T22:26:38.155+0000] {processor.py:161} INFO - Started process (PID=2329) to work on /opt/airflow/dags/dag_backfill.py
[2026-06-11T22:26:38.156+0000] {processor.py:830} INFO - Processing file /opt/airflow/dags/dag_backfill.py for tasks to queue
[2026-06-11T22:26:38.158+0000] {logging_mixin.py:188} INFO - [2026-06-11T22:26:38.158+0000] {dagbag.py:545} INFO - Filling up the DagBag from /opt/airflow/dags/dag_backfill.py
[2026-06-11T22:26:38.855+0000] {processor.py:840} INFO - DAG(s) 'dag_backfill' retrieved from /opt/airflow/dags/dag_backfill.py
[2026-06-11T22:26:38.891+0000] {logging_mixin.py:188} INFO - [2026-06-11T22:26:38.890+0000] {dag.py:3096} INFO - Sync 1 DAGs
[2026-06-11T22:26:38.906+0000] {logging_mixin.py:188} INFO - [2026-06-11T22:26:38.906+0000] {dag.py:3954} INFO - Setting next_dagrun for dag_backfill to None, run_after=None
[2026-06-11T22:26:38.957+0000] {processor.py:183} INFO - Processing /opt/airflow/dags/dag_backfill.py took 0.810 seconds
[2026-06-11T22:27:09.440+0000] {processor.py:161} INFO - Started process (PID=2395) to work on /opt/airflow/dags/dag_backfill.py
[2026-06-11T22:27:09.440+0000] {processor.py:830} INFO - Processing file /opt/airflow/dags/dag_backfill.py for tasks to queue
[2026-06-11T22:27:09.442+0000] {logging_mixin.py:188} INFO - [2026-06-11T22:27:09.442+0000] {dagbag.py:545} INFO - Filling up the DagBag from /opt/airflow/dags/dag_backfill.py
[2026-06-11T22:27:09.764+0000] {processor.py:840} INFO - DAG(s) 'dag_backfill' retrieved from /opt/airflow/dags/dag_backfill.py
[2026-06-11T22:27:09.779+0000] {logging_mixin.py:188} INFO - [2026-06-11T22:27:09.778+0000] {dag.py:3096} INFO - Sync 1 DAGs
[2026-06-11T22:27:09.789+0000] {logging_mixin.py:188} INFO - [2026-06-11T22:27:09.789+0000] {dag.py:3954} INFO - Setting next_dagrun for dag_backfill to None, run_after=None
[2026-06-11T22:27:09.805+0000] {processor.py:183} INFO - Processing /opt/airflow/dags/dag_backfill.py took 0.371 seconds
[2026-06-11T22:27:40.389+0000] {processor.py:161} INFO - Started process (PID=2456) to work on /opt/airflow/dags/dag_backfill.py
[2026-06-11T22:27:40.390+0000] {processor.py:830} INFO - Processing file /opt/airflow/dags/dag_backfill.py for tasks to queue
[2026-06-11T22:27:40.391+0000] {logging_mixin.py:188} INFO - [2026-06-11T22:27:40.391+0000] {dagbag.py:545} INFO - Filling up the DagBag from /opt/airflow/dags/dag_backfill.py
[2026-06-11T22:27:40.721+0000] {processor.py:840} INFO - DAG(s) 'dag_backfill' retrieved from /opt/airflow/dags/dag_backfill.py
[2026-06-11T22:27:40.741+0000] {logging_mixin.py:188} INFO - [2026-06-11T22:27:40.741+0000] {dag.py:3096} INFO - Sync 1 DAGs
[2026-06-11T22:27:40.754+0000] {logging_mixin.py:188} INFO - [2026-06-11T22:27:40.754+0000] {dag.py:3954} INFO - Setting next_dagrun for dag_backfill to None, run_after=None
[2026-06-11T22:27:40.769+0000] {processor.py:183} INFO - Processing /opt/airflow/dags/dag_backfill.py took 0.385 seconds
[2026-06-11T22:28:10.896+0000] {processor.py:161} INFO - Started process (PID=2516) to work on /opt/airflow/dags/dag_backfill.py
[2026-06-11T22:28:10.899+0000] {processor.py:830} INFO - Processing file /opt/airflow/dags/dag_backfill.py for tasks to queue
[2026-06-11T22:28:10.901+0000] {logging_mixin.py:188} INFO - [2026-06-11T22:28:10.901+0000] {dagbag.py:545} INFO - Filling up the DagBag from /opt/airflow/dags/dag_backfill.py
[2026-06-11T22:28:11.280+0000] {processor.py:840} INFO - DAG(s) 'dag_backfill' retrieved from /opt/airflow/dags/dag_backfill.py
[2026-06-11T22:28:11.295+0000] {logging_mixin.py:188} INFO - [2026-06-11T22:28:11.295+0000] {dag.py:3096} INFO - Sync 1 DAGs
[2026-06-11T22:28:11.306+0000] {logging_mixin.py:188} INFO - [2026-06-11T22:28:11.305+0000] {dag.py:3954} INFO - Setting next_dagrun for dag_backfill to None, run_after=None
[2026-06-11T22:28:11.325+0000] {processor.py:183} INFO - Processing /opt/airflow/dags/dag_backfill.py took 0.451 seconds
[2026-06-11T22:28:41.619+0000] {processor.py:161} INFO - Started process (PID=2577) to work on /opt/airflow/dags/dag_backfill.py
[2026-06-11T22:28:41.620+0000] {processor.py:830} INFO - Processing file /opt/airflow/dags/dag_backfill.py for tasks to queue
[2026-06-11T22:28:41.622+0000] {logging_mixin.py:188} INFO - [2026-06-11T22:28:41.622+0000] {dagbag.py:545} INFO - Filling up the DagBag from /opt/airflow/dags/dag_backfill.py
[2026-06-11T22:28:42.148+0000] {processor.py:840} INFO - DAG(s) 'dag_backfill' retrieved from /opt/airflow/dags/dag_backfill.py
[2026-06-11T22:28:42.171+0000] {logging_mixin.py:188} INFO - [2026-06-11T22:28:42.170+0000] {dag.py:3096} INFO - Sync 1 DAGs
[2026-06-11T22:28:42.185+0000] {logging_mixin.py:188} INFO - [2026-06-11T22:28:42.184+0000] {dag.py:3954} INFO - Setting next_dagrun for dag_backfill to None, run_after=None
[2026-06-11T22:28:42.203+0000] {processor.py:183} INFO - Processing /opt/airflow/dags/dag_backfill.py took 0.592 seconds
[2026-06-11T22:29:12.835+0000] {processor.py:161} INFO - Started process (PID=2638) to work on /opt/airflow/dags/dag_backfill.py
[2026-06-11T22:29:12.836+0000] {processor.py:830} INFO - Processing file /opt/airflow/dags/dag_backfill.py for tasks to queue
[2026-06-11T22:29:12.837+0000] {logging_mixin.py:188} INFO - [2026-06-11T22:29:12.837+0000] {dagbag.py:545} INFO - Filling up the DagBag from /opt/airflow/dags/dag_backfill.py
[2026-06-11T22:29:13.156+0000] {processor.py:840} INFO - DAG(s) 'dag_backfill' retrieved from /opt/airflow/dags/dag_backfill.py
[2026-06-11T22:29:13.171+0000] {logging_mixin.py:188} INFO - [2026-06-11T22:29:13.171+0000] {dag.py:3096} INFO - Sync 1 DAGs
[2026-06-11T22:29:13.181+0000] {logging_mixin.py:188} INFO - [2026-06-11T22:29:13.181+0000] {dag.py:3954} INFO - Setting next_dagrun for dag_backfill to None, run_after=None
[2026-06-11T22:29:13.197+0000] {processor.py:183} INFO - Processing /opt/airflow/dags/dag_backfill.py took 0.367 seconds
[2026-06-11T22:29:43.615+0000] {processor.py:161} INFO - Started process (PID=2699) to work on /opt/airflow/dags/dag_backfill.py
[2026-06-11T22:29:43.616+0000] {processor.py:830} INFO - Processing file /opt/airflow/dags/dag_backfill.py for tasks to queue
[2026-06-11T22:29:43.617+0000] {logging_mixin.py:188} INFO - [2026-06-11T22:29:43.617+0000] {dagbag.py:545} INFO - Filling up the DagBag from /opt/airflow/dags/dag_backfill.py
[2026-06-11T22:29:43.977+0000] {processor.py:840} INFO - DAG(s) 'dag_backfill' retrieved from /opt/airflow/dags/dag_backfill.py
[2026-06-11T22:29:43.993+0000] {logging_mixin.py:188} INFO - [2026-06-11T22:29:43.993+0000] {dag.py:3096} INFO - Sync 1 DAGs
[2026-06-11T22:29:44.003+0000] {logging_mixin.py:188} INFO - [2026-06-11T22:29:44.003+0000] {dag.py:3954} INFO - Setting next_dagrun for dag_backfill to None, run_after=None
[2026-06-11T22:29:44.017+0000] {processor.py:183} INFO - Processing /opt/airflow/dags/dag_backfill.py took 0.406 seconds
[2026-06-11T22:30:14.579+0000] {processor.py:161} INFO - Started process (PID=2760) to work on /opt/airflow/dags/dag_backfill.py
[2026-06-11T22:30:14.579+0000] {processor.py:830} INFO - Processing file /opt/airflow/dags/dag_backfill.py for tasks to queue
[2026-06-11T22:30:14.581+0000] {logging_mixin.py:188} INFO - [2026-06-11T22:30:14.581+0000] {dagbag.py:545} INFO - Filling up the DagBag from /opt/airflow/dags/dag_backfill.py
[2026-06-11T22:30:14.907+0000] {processor.py:840} INFO - DAG(s) 'dag_backfill' retrieved from /opt/airflow/dags/dag_backfill.py
[2026-06-11T22:30:14.921+0000] {logging_mixin.py:188} INFO - [2026-06-11T22:30:14.921+0000] {dag.py:3096} INFO - Sync 1 DAGs
[2026-06-11T22:30:14.931+0000] {logging_mixin.py:188} INFO - [2026-06-11T22:30:14.931+0000] {dag.py:3954} INFO - Setting next_dagrun for dag_backfill to None, run_after=None
[2026-06-11T22:30:14.944+0000] {processor.py:183} INFO - Processing /opt/airflow/dags/dag_backfill.py took 0.371 seconds
[2026-06-11T22:30:45.594+0000] {processor.py:161} INFO - Started process (PID=2821) to work on /opt/airflow/dags/dag_backfill.py
[2026-06-11T22:30:45.595+0000] {processor.py:830} INFO - Processing file /opt/airflow/dags/dag_backfill.py for tasks to queue
[2026-06-11T22:30:45.596+0000] {logging_mixin.py:188} INFO - [2026-06-11T22:30:45.596+0000] {dagbag.py:545} INFO - Filling up the DagBag from /opt/airflow/dags/dag_backfill.py
[2026-06-11T22:30:45.952+0000] {processor.py:840} INFO - DAG(s) 'dag_backfill' retrieved from /opt/airflow/dags/dag_backfill.py
[2026-06-11T22:30:45.967+0000] {logging_mixin.py:188} INFO - [2026-06-11T22:30:45.966+0000] {dag.py:3096} INFO - Sync 1 DAGs
[2026-06-11T22:30:45.977+0000] {logging_mixin.py:188} INFO - [2026-06-11T22:30:45.977+0000] {dag.py:3954} INFO - Setting next_dagrun for dag_backfill to None, run_after=None
[2026-06-11T22:30:45.997+0000] {processor.py:183} INFO - Processing /opt/airflow/dags/dag_backfill.py took 0.408 seconds
[2026-06-11T22:31:16.211+0000] {processor.py:161} INFO - Started process (PID=2882) to work on /opt/airflow/dags/dag_backfill.py
[2026-06-11T22:31:16.212+0000] {processor.py:830} INFO - Processing file /opt/airflow/dags/dag_backfill.py for tasks to queue
[2026-06-11T22:31:16.213+0000] {logging_mixin.py:188} INFO - [2026-06-11T22:31:16.213+0000] {dagbag.py:545} INFO - Filling up the DagBag from /opt/airflow/dags/dag_backfill.py
[2026-06-11T22:31:16.541+0000] {processor.py:840} INFO - DAG(s) 'dag_backfill' retrieved from /opt/airflow/dags/dag_backfill.py
[2026-06-11T22:31:16.697+0000] {logging_mixin.py:188} INFO - [2026-06-11T22:31:16.696+0000] {dag.py:3096} INFO - Sync 1 DAGs
[2026-06-11T22:31:16.714+0000] {logging_mixin.py:188} INFO - [2026-06-11T22:31:16.714+0000] {dag.py:3954} INFO - Setting next_dagrun for dag_backfill to None, run_after=None
[2026-06-11T22:31:16.727+0000] {processor.py:183} INFO - Processing /opt/airflow/dags/dag_backfill.py took 0.521 seconds
[2026-06-11T22:31:47.111+0000] {processor.py:161} INFO - Started process (PID=2943) to work on /opt/airflow/dags/dag_backfill.py
[2026-06-11T22:31:47.112+0000] {processor.py:830} INFO - Processing file /opt/airflow/dags/dag_backfill.py for tasks to queue
[2026-06-11T22:31:47.113+0000] {logging_mixin.py:188} INFO - [2026-06-11T22:31:47.113+0000] {dagbag.py:545} INFO - Filling up the DagBag from /opt/airflow/dags/dag_backfill.py
[2026-06-11T22:31:47.455+0000] {processor.py:840} INFO - DAG(s) 'dag_backfill' retrieved from /opt/airflow/dags/dag_backfill.py
[2026-06-11T22:31:47.597+0000] {logging_mixin.py:188} INFO - [2026-06-11T22:31:47.597+0000] {dag.py:3096} INFO - Sync 1 DAGs
[2026-06-11T22:31:47.606+0000] {logging_mixin.py:188} INFO - [2026-06-11T22:31:47.606+0000] {dag.py:3954} INFO - Setting next_dagrun for dag_backfill to None, run_after=None
[2026-06-11T22:31:47.619+0000] {processor.py:183} INFO - Processing /opt/airflow/dags/dag_backfill.py took 0.513 seconds
[2026-06-11T22:32:17.956+0000] {processor.py:161} INFO - Started process (PID=3004) to work on /opt/airflow/dags/dag_backfill.py
[2026-06-11T22:32:17.957+0000] {processor.py:830} INFO - Processing file /opt/airflow/dags/dag_backfill.py for tasks to queue
[2026-06-11T22:32:17.959+0000] {logging_mixin.py:188} INFO - [2026-06-11T22:32:17.958+0000] {dagbag.py:545} INFO - Filling up the DagBag from /opt/airflow/dags/dag_backfill.py
[2026-06-11T22:32:18.373+0000] {processor.py:840} INFO - DAG(s) 'dag_backfill' retrieved from /opt/airflow/dags/dag_backfill.py
[2026-06-11T22:32:18.546+0000] {logging_mixin.py:188} INFO - [2026-06-11T22:32:18.546+0000] {dag.py:3096} INFO - Sync 1 DAGs
[2026-06-11T22:32:18.555+0000] {logging_mixin.py:188} INFO - [2026-06-11T22:32:18.555+0000] {dag.py:3954} INFO - Setting next_dagrun for dag_backfill to None, run_after=None
[2026-06-11T22:32:18.569+0000] {processor.py:183} INFO - Processing /opt/airflow/dags/dag_backfill.py took 0.621 seconds
[2026-06-11T22:32:48.911+0000] {processor.py:161} INFO - Started process (PID=3065) to work on /opt/airflow/dags/dag_backfill.py
[2026-06-11T22:32:48.912+0000] {processor.py:830} INFO - Processing file /opt/airflow/dags/dag_backfill.py for tasks to queue
[2026-06-11T22:32:48.914+0000] {logging_mixin.py:188} INFO - [2026-06-11T22:32:48.913+0000] {dagbag.py:545} INFO - Filling up the DagBag from /opt/airflow/dags/dag_backfill.py
[2026-06-11T22:32:49.372+0000] {processor.py:840} INFO - DAG(s) 'dag_backfill' retrieved from /opt/airflow/dags/dag_backfill.py
[2026-06-11T22:32:49.388+0000] {logging_mixin.py:188} INFO - [2026-06-11T22:32:49.387+0000] {dag.py:3096} INFO - Sync 1 DAGs
[2026-06-11T22:32:49.402+0000] {logging_mixin.py:188} INFO - [2026-06-11T22:32:49.402+0000] {dag.py:3954} INFO - Setting next_dagrun for dag_backfill to None, run_after=None
[2026-06-11T22:32:49.416+0000] {processor.py:183} INFO - Processing /opt/airflow/dags/dag_backfill.py took 0.510 seconds
[2026-06-11T22:33:20.070+0000] {processor.py:161} INFO - Started process (PID=3126) to work on /opt/airflow/dags/dag_backfill.py
[2026-06-11T22:33:20.071+0000] {processor.py:830} INFO - Processing file /opt/airflow/dags/dag_backfill.py for tasks to queue
[2026-06-11T22:33:20.073+0000] {logging_mixin.py:188} INFO - [2026-06-11T22:33:20.072+0000] {dagbag.py:545} INFO - Filling up the DagBag from /opt/airflow/dags/dag_backfill.py
[2026-06-11T22:33:20.671+0000] {processor.py:840} INFO - DAG(s) 'dag_backfill' retrieved from /opt/airflow/dags/dag_backfill.py
[2026-06-11T22:33:20.685+0000] {logging_mixin.py:188} INFO - [2026-06-11T22:33:20.684+0000] {dag.py:3096} INFO - Sync 1 DAGs
[2026-06-11T22:33:20.694+0000] {logging_mixin.py:188} INFO - [2026-06-11T22:33:20.694+0000] {dag.py:3954} INFO - Setting next_dagrun for dag_backfill to None, run_after=None
[2026-06-11T22:33:20.708+0000] {processor.py:183} INFO - Processing /opt/airflow/dags/dag_backfill.py took 0.643 seconds
[2026-06-11T22:33:51.042+0000] {processor.py:161} INFO - Started process (PID=3187) to work on /opt/airflow/dags/dag_backfill.py
[2026-06-11T22:33:51.043+0000] {processor.py:830} INFO - Processing file /opt/airflow/dags/dag_backfill.py for tasks to queue
[2026-06-11T22:33:51.045+0000] {logging_mixin.py:188} INFO - [2026-06-11T22:33:51.044+0000] {dagbag.py:545} INFO - Filling up the DagBag from /opt/airflow/dags/dag_backfill.py
[2026-06-11T22:33:51.857+0000] {processor.py:840} INFO - DAG(s) 'dag_backfill' retrieved from /opt/airflow/dags/dag_backfill.py
[2026-06-11T22:33:51.878+0000] {logging_mixin.py:188} INFO - [2026-06-11T22:33:51.877+0000] {dag.py:3096} INFO - Sync 1 DAGs
[2026-06-11T22:33:51.891+0000] {logging_mixin.py:188} INFO - [2026-06-11T22:33:51.891+0000] {dag.py:3954} INFO - Setting next_dagrun for dag_backfill to None, run_after=None
[2026-06-11T22:33:51.912+0000] {processor.py:183} INFO - Processing /opt/airflow/dags/dag_backfill.py took 0.877 seconds
[2026-06-11T22:34:22.250+0000] {processor.py:161} INFO - Started process (PID=3248) to work on /opt/airflow/dags/dag_backfill.py
[2026-06-11T22:34:22.251+0000] {processor.py:830} INFO - Processing file /opt/airflow/dags/dag_backfill.py for tasks to queue
[2026-06-11T22:34:22.253+0000] {logging_mixin.py:188} INFO - [2026-06-11T22:34:22.253+0000] {dagbag.py:545} INFO - Filling up the DagBag from /opt/airflow/dags/dag_backfill.py
[2026-06-11T22:34:23.016+0000] {processor.py:840} INFO - DAG(s) 'dag_backfill' retrieved from /opt/airflow/dags/dag_backfill.py
[2026-06-11T22:34:23.034+0000] {logging_mixin.py:188} INFO - [2026-06-11T22:34:23.034+0000] {dag.py:3096} INFO - Sync 1 DAGs
[2026-06-11T22:34:23.048+0000] {logging_mixin.py:188} INFO - [2026-06-11T22:34:23.048+0000] {dag.py:3954} INFO - Setting next_dagrun for dag_backfill to None, run_after=None
[2026-06-11T22:34:23.069+0000] {processor.py:183} INFO - Processing /opt/airflow/dags/dag_backfill.py took 0.826 seconds
[2026-06-11T22:34:53.784+0000] {processor.py:161} INFO - Started process (PID=3311) to work on /opt/airflow/dags/dag_backfill.py
[2026-06-11T22:34:53.785+0000] {processor.py:830} INFO - Processing file /opt/airflow/dags/dag_backfill.py for tasks to queue
[2026-06-11T22:34:53.787+0000] {logging_mixin.py:188} INFO - [2026-06-11T22:34:53.786+0000] {dagbag.py:545} INFO - Filling up the DagBag from /opt/airflow/dags/dag_backfill.py
[2026-06-11T22:34:54.406+0000] {processor.py:840} INFO - DAG(s) 'dag_backfill' retrieved from /opt/airflow/dags/dag_backfill.py
[2026-06-11T22:34:54.456+0000] {logging_mixin.py:188} INFO - [2026-06-11T22:34:54.456+0000] {dag.py:3096} INFO - Sync 1 DAGs
[2026-06-11T22:34:54.475+0000] {logging_mixin.py:188} INFO - [2026-06-11T22:34:54.475+0000] {dag.py:3954} INFO - Setting next_dagrun for dag_backfill to None, run_after=None
[2026-06-11T22:34:54.491+0000] {processor.py:183} INFO - Processing /opt/airflow/dags/dag_backfill.py took 0.712 seconds
[2026-06-11T22:35:24.853+0000] {processor.py:161} INFO - Started process (PID=3372) to work on /opt/airflow/dags/dag_backfill.py
[2026-06-11T22:35:24.854+0000] {processor.py:830} INFO - Processing file /opt/airflow/dags/dag_backfill.py for tasks to queue
[2026-06-11T22:35:24.856+0000] {logging_mixin.py:188} INFO - [2026-06-11T22:35:24.856+0000] {dagbag.py:545} INFO - Filling up the DagBag from /opt/airflow/dags/dag_backfill.py
[2026-06-11T22:35:25.347+0000] {processor.py:840} INFO - DAG(s) 'dag_backfill' retrieved from /opt/airflow/dags/dag_backfill.py
[2026-06-11T22:35:25.359+0000] {logging_mixin.py:188} INFO - [2026-06-11T22:35:25.359+0000] {dag.py:3096} INFO - Sync 1 DAGs
[2026-06-11T22:35:25.368+0000] {logging_mixin.py:188} INFO - [2026-06-11T22:35:25.368+0000] {dag.py:3954} INFO - Setting next_dagrun for dag_backfill to None, run_after=None
[2026-06-11T22:35:25.381+0000] {processor.py:183} INFO - Processing /opt/airflow/dags/dag_backfill.py took 0.534 seconds
[2026-06-11T22:35:56.124+0000] {processor.py:161} INFO - Started process (PID=3435) to work on /opt/airflow/dags/dag_backfill.py
[2026-06-11T22:35:56.126+0000] {processor.py:830} INFO - Processing file /opt/airflow/dags/dag_backfill.py for tasks to queue
[2026-06-11T22:35:56.128+0000] {logging_mixin.py:188} INFO - [2026-06-11T22:35:56.127+0000] {dagbag.py:545} INFO - Filling up the DagBag from /opt/airflow/dags/dag_backfill.py
[2026-06-11T22:35:56.625+0000] {processor.py:840} INFO - DAG(s) 'dag_backfill' retrieved from /opt/airflow/dags/dag_backfill.py
[2026-06-11T22:35:56.639+0000] {logging_mixin.py:188} INFO - [2026-06-11T22:35:56.639+0000] {dag.py:3096} INFO - Sync 1 DAGs
[2026-06-11T22:35:56.649+0000] {logging_mixin.py:188} INFO - [2026-06-11T22:35:56.649+0000] {dag.py:3954} INFO - Setting next_dagrun for dag_backfill to None, run_after=None
[2026-06-11T22:35:56.664+0000] {processor.py:183} INFO - Processing /opt/airflow/dags/dag_backfill.py took 0.546 seconds
[2026-06-11T22:36:26.923+0000] {processor.py:161} INFO - Started process (PID=3497) to work on /opt/airflow/dags/dag_backfill.py
[2026-06-11T22:36:26.933+0000] {processor.py:830} INFO - Processing file /opt/airflow/dags/dag_backfill.py for tasks to queue
[2026-06-11T22:36:26.946+0000] {logging_mixin.py:188} INFO - [2026-06-11T22:36:26.945+0000] {dagbag.py:545} INFO - Filling up the DagBag from /opt/airflow/dags/dag_backfill.py
[2026-06-11T22:36:28.381+0000] {processor.py:840} INFO - DAG(s) 'dag_backfill' retrieved from /opt/airflow/dags/dag_backfill.py
[2026-06-11T22:36:28.400+0000] {logging_mixin.py:188} INFO - [2026-06-11T22:36:28.399+0000] {dag.py:3096} INFO - Sync 1 DAGs
[2026-06-11T22:36:28.414+0000] {logging_mixin.py:188} INFO - [2026-06-11T22:36:28.413+0000] {dag.py:3954} INFO - Setting next_dagrun for dag_backfill to None, run_after=None
[2026-06-11T22:36:28.433+0000] {processor.py:183} INFO - Processing /opt/airflow/dags/dag_backfill.py took 1.550 seconds
[2026-06-11T22:36:59.168+0000] {processor.py:161} INFO - Started process (PID=3559) to work on /opt/airflow/dags/dag_backfill.py
[2026-06-11T22:36:59.169+0000] {processor.py:830} INFO - Processing file /opt/airflow/dags/dag_backfill.py for tasks to queue
[2026-06-11T22:36:59.170+0000] {logging_mixin.py:188} INFO - [2026-06-11T22:36:59.170+0000] {dagbag.py:545} INFO - Filling up the DagBag from /opt/airflow/dags/dag_backfill.py
[2026-06-11T22:36:59.793+0000] {processor.py:840} INFO - DAG(s) 'dag_backfill' retrieved from /opt/airflow/dags/dag_backfill.py
[2026-06-11T22:36:59.806+0000] {logging_mixin.py:188} INFO - [2026-06-11T22:36:59.806+0000] {dag.py:3096} INFO - Sync 1 DAGs
[2026-06-11T22:36:59.815+0000] {logging_mixin.py:188} INFO - [2026-06-11T22:36:59.814+0000] {dag.py:3954} INFO - Setting next_dagrun for dag_backfill to None, run_after=None
[2026-06-11T22:36:59.827+0000] {processor.py:183} INFO - Processing /opt/airflow/dags/dag_backfill.py took 0.665 seconds
[2026-06-11T22:37:30.435+0000] {processor.py:161} INFO - Started process (PID=3622) to work on /opt/airflow/dags/dag_backfill.py
[2026-06-11T22:37:30.436+0000] {processor.py:830} INFO - Processing file /opt/airflow/dags/dag_backfill.py for tasks to queue
[2026-06-11T22:37:30.438+0000] {logging_mixin.py:188} INFO - [2026-06-11T22:37:30.437+0000] {dagbag.py:545} INFO - Filling up the DagBag from /opt/airflow/dags/dag_backfill.py
[2026-06-11T22:37:31.036+0000] {processor.py:840} INFO - DAG(s) 'dag_backfill' retrieved from /opt/airflow/dags/dag_backfill.py
[2026-06-11T22:37:31.083+0000] {logging_mixin.py:188} INFO - [2026-06-11T22:37:31.082+0000] {dag.py:3096} INFO - Sync 1 DAGs
[2026-06-11T22:37:31.118+0000] {logging_mixin.py:188} INFO - [2026-06-11T22:37:31.118+0000] {dag.py:3954} INFO - Setting next_dagrun for dag_backfill to None, run_after=None
[2026-06-11T22:37:31.149+0000] {processor.py:183} INFO - Processing /opt/airflow/dags/dag_backfill.py took 0.722 seconds
[2026-06-11T22:38:02.041+0000] {processor.py:161} INFO - Started process (PID=3686) to work on /opt/airflow/dags/dag_backfill.py
[2026-06-11T22:38:02.042+0000] {processor.py:830} INFO - Processing file /opt/airflow/dags/dag_backfill.py for tasks to queue
[2026-06-11T22:38:02.044+0000] {logging_mixin.py:188} INFO - [2026-06-11T22:38:02.043+0000] {dagbag.py:545} INFO - Filling up the DagBag from /opt/airflow/dags/dag_backfill.py
[2026-06-11T22:38:02.509+0000] {processor.py:840} INFO - DAG(s) 'dag_backfill' retrieved from /opt/airflow/dags/dag_backfill.py
[2026-06-11T22:38:02.521+0000] {logging_mixin.py:188} INFO - [2026-06-11T22:38:02.521+0000] {dag.py:3096} INFO - Sync 1 DAGs
[2026-06-11T22:38:02.530+0000] {logging_mixin.py:188} INFO - [2026-06-11T22:38:02.530+0000] {dag.py:3954} INFO - Setting next_dagrun for dag_backfill to None, run_after=None
[2026-06-11T22:38:02.543+0000] {processor.py:183} INFO - Processing /opt/airflow/dags/dag_backfill.py took 0.508 seconds
[2026-06-11T22:38:32.591+0000] {processor.py:161} INFO - Started process (PID=3748) to work on /opt/airflow/dags/dag_backfill.py
[2026-06-11T22:38:32.592+0000] {processor.py:830} INFO - Processing file /opt/airflow/dags/dag_backfill.py for tasks to queue
[2026-06-11T22:38:32.593+0000] {logging_mixin.py:188} INFO - [2026-06-11T22:38:32.593+0000] {dagbag.py:545} INFO - Filling up the DagBag from /opt/airflow/dags/dag_backfill.py
[2026-06-11T22:38:33.056+0000] {processor.py:840} INFO - DAG(s) 'dag_backfill' retrieved from /opt/airflow/dags/dag_backfill.py
[2026-06-11T22:38:33.069+0000] {logging_mixin.py:188} INFO - [2026-06-11T22:38:33.069+0000] {dag.py:3096} INFO - Sync 1 DAGs
[2026-06-11T22:38:33.077+0000] {logging_mixin.py:188} INFO - [2026-06-11T22:38:33.077+0000] {dag.py:3954} INFO - Setting next_dagrun for dag_backfill to None, run_after=None
[2026-06-11T22:38:33.090+0000] {processor.py:183} INFO - Processing /opt/airflow/dags/dag_backfill.py took 0.504 seconds
[2026-06-11T22:39:03.600+0000] {processor.py:161} INFO - Started process (PID=3810) to work on /opt/airflow/dags/dag_backfill.py
[2026-06-11T22:39:03.601+0000] {processor.py:830} INFO - Processing file /opt/airflow/dags/dag_backfill.py for tasks to queue
[2026-06-11T22:39:03.603+0000] {logging_mixin.py:188} INFO - [2026-06-11T22:39:03.602+0000] {dagbag.py:545} INFO - Filling up the DagBag from /opt/airflow/dags/dag_backfill.py
[2026-06-11T22:39:04.370+0000] {processor.py:840} INFO - DAG(s) 'dag_backfill' retrieved from /opt/airflow/dags/dag_backfill.py
[2026-06-11T22:39:04.383+0000] {logging_mixin.py:188} INFO - [2026-06-11T22:39:04.383+0000] {dag.py:3096} INFO - Sync 1 DAGs
[2026-06-11T22:39:04.392+0000] {logging_mixin.py:188} INFO - [2026-06-11T22:39:04.391+0000] {dag.py:3954} INFO - Setting next_dagrun for dag_backfill to None, run_after=None
[2026-06-11T22:39:04.405+0000] {processor.py:183} INFO - Processing /opt/airflow/dags/dag_backfill.py took 0.811 seconds
[2026-06-11T22:39:35.202+0000] {processor.py:161} INFO - Started process (PID=3872) to work on /opt/airflow/dags/dag_backfill.py
[2026-06-11T22:39:35.203+0000] {processor.py:830} INFO - Processing file /opt/airflow/dags/dag_backfill.py for tasks to queue
[2026-06-11T22:39:35.205+0000] {logging_mixin.py:188} INFO - [2026-06-11T22:39:35.205+0000] {dagbag.py:545} INFO - Filling up the DagBag from /opt/airflow/dags/dag_backfill.py
[2026-06-11T22:39:35.666+0000] {processor.py:840} INFO - DAG(s) 'dag_backfill' retrieved from /opt/airflow/dags/dag_backfill.py
[2026-06-11T22:39:35.680+0000] {logging_mixin.py:188} INFO - [2026-06-11T22:39:35.680+0000] {dag.py:3096} INFO - Sync 1 DAGs
[2026-06-11T22:39:35.689+0000] {logging_mixin.py:188} INFO - [2026-06-11T22:39:35.689+0000] {dag.py:3954} INFO - Setting next_dagrun for dag_backfill to None, run_after=None
[2026-06-11T22:39:35.703+0000] {processor.py:183} INFO - Processing /opt/airflow/dags/dag_backfill.py took 0.511 seconds
[2026-06-11T22:40:06.210+0000] {processor.py:161} INFO - Started process (PID=3934) to work on /opt/airflow/dags/dag_backfill.py
[2026-06-11T22:40:06.211+0000] {processor.py:830} INFO - Processing file /opt/airflow/dags/dag_backfill.py for tasks to queue
[2026-06-11T22:40:06.213+0000] {logging_mixin.py:188} INFO - [2026-06-11T22:40:06.213+0000] {dagbag.py:545} INFO - Filling up the DagBag from /opt/airflow/dags/dag_backfill.py
[2026-06-11T22:40:06.751+0000] {processor.py:840} INFO - DAG(s) 'dag_backfill' retrieved from /opt/airflow/dags/dag_backfill.py
[2026-06-11T22:40:06.764+0000] {logging_mixin.py:188} INFO - [2026-06-11T22:40:06.763+0000] {dag.py:3096} INFO - Sync 1 DAGs
[2026-06-11T22:40:06.772+0000] {logging_mixin.py:188} INFO - [2026-06-11T22:40:06.772+0000] {dag.py:3954} INFO - Setting next_dagrun for dag_backfill to None, run_after=None
[2026-06-11T22:40:06.785+0000] {processor.py:183} INFO - Processing /opt/airflow/dags/dag_backfill.py took 0.581 seconds
[2026-06-11T22:40:37.759+0000] {processor.py:161} INFO - Started process (PID=3998) to work on /opt/airflow/dags/dag_backfill.py
[2026-06-11T22:40:37.760+0000] {processor.py:830} INFO - Processing file /opt/airflow/dags/dag_backfill.py for tasks to queue
[2026-06-11T22:40:37.762+0000] {logging_mixin.py:188} INFO - [2026-06-11T22:40:37.762+0000] {dagbag.py:545} INFO - Filling up the DagBag from /opt/airflow/dags/dag_backfill.py
[2026-06-11T22:40:38.354+0000] {processor.py:840} INFO - DAG(s) 'dag_backfill' retrieved from /opt/airflow/dags/dag_backfill.py
[2026-06-11T22:40:38.367+0000] {logging_mixin.py:188} INFO - [2026-06-11T22:40:38.366+0000] {dag.py:3096} INFO - Sync 1 DAGs
[2026-06-11T22:40:38.376+0000] {logging_mixin.py:188} INFO - [2026-06-11T22:40:38.376+0000] {dag.py:3954} INFO - Setting next_dagrun for dag_backfill to None, run_after=None
[2026-06-11T22:40:38.389+0000] {processor.py:183} INFO - Processing /opt/airflow/dags/dag_backfill.py took 0.636 seconds
[2026-06-11T22:41:09.332+0000] {processor.py:161} INFO - Started process (PID=4062) to work on /opt/airflow/dags/dag_backfill.py
[2026-06-11T22:41:09.333+0000] {processor.py:830} INFO - Processing file /opt/airflow/dags/dag_backfill.py for tasks to queue
[2026-06-11T22:41:09.335+0000] {logging_mixin.py:188} INFO - [2026-06-11T22:41:09.335+0000] {dagbag.py:545} INFO - Filling up the DagBag from /opt/airflow/dags/dag_backfill.py
[2026-06-11T22:41:09.868+0000] {processor.py:840} INFO - DAG(s) 'dag_backfill' retrieved from /opt/airflow/dags/dag_backfill.py
[2026-06-11T22:41:09.884+0000] {logging_mixin.py:188} INFO - [2026-06-11T22:41:09.883+0000] {dag.py:3096} INFO - Sync 1 DAGs
[2026-06-11T22:41:09.894+0000] {logging_mixin.py:188} INFO - [2026-06-11T22:41:09.893+0000] {dag.py:3954} INFO - Setting next_dagrun for dag_backfill to None, run_after=None
[2026-06-11T22:41:09.906+0000] {processor.py:183} INFO - Processing /opt/airflow/dags/dag_backfill.py took 0.581 seconds
[2026-06-11T22:41:40.158+0000] {processor.py:161} INFO - Started process (PID=4124) to work on /opt/airflow/dags/dag_backfill.py
[2026-06-11T22:41:40.159+0000] {processor.py:830} INFO - Processing file /opt/airflow/dags/dag_backfill.py for tasks to queue
[2026-06-11T22:41:40.161+0000] {logging_mixin.py:188} INFO - [2026-06-11T22:41:40.161+0000] {dagbag.py:545} INFO - Filling up the DagBag from /opt/airflow/dags/dag_backfill.py
[2026-06-11T22:41:40.658+0000] {processor.py:840} INFO - DAG(s) 'dag_backfill' retrieved from /opt/airflow/dags/dag_backfill.py
[2026-06-11T22:41:40.672+0000] {logging_mixin.py:188} INFO - [2026-06-11T22:41:40.671+0000] {dag.py:3096} INFO - Sync 1 DAGs
[2026-06-11T22:41:40.684+0000] {logging_mixin.py:188} INFO - [2026-06-11T22:41:40.683+0000] {dag.py:3954} INFO - Setting next_dagrun for dag_backfill to None, run_after=None
[2026-06-11T22:41:40.696+0000] {processor.py:183} INFO - Processing /opt/airflow/dags/dag_backfill.py took 0.545 seconds
[2026-06-11T22:42:11.560+0000] {processor.py:161} INFO - Started process (PID=4187) to work on /opt/airflow/dags/dag_backfill.py
[2026-06-11T22:42:11.561+0000] {processor.py:830} INFO - Processing file /opt/airflow/dags/dag_backfill.py for tasks to queue
[2026-06-11T22:42:11.563+0000] {logging_mixin.py:188} INFO - [2026-06-11T22:42:11.562+0000] {dagbag.py:545} INFO - Filling up the DagBag from /opt/airflow/dags/dag_backfill.py
[2026-06-11T22:42:12.152+0000] {processor.py:840} INFO - DAG(s) 'dag_backfill' retrieved from /opt/airflow/dags/dag_backfill.py
[2026-06-11T22:42:12.167+0000] {logging_mixin.py:188} INFO - [2026-06-11T22:42:12.166+0000] {dag.py:3096} INFO - Sync 1 DAGs
[2026-06-11T22:42:12.176+0000] {logging_mixin.py:188} INFO - [2026-06-11T22:42:12.176+0000] {dag.py:3954} INFO - Setting next_dagrun for dag_backfill to None, run_after=None
[2026-06-11T22:42:12.189+0000] {processor.py:183} INFO - Processing /opt/airflow/dags/dag_backfill.py took 0.635 seconds
[2026-06-11T22:42:42.841+0000] {processor.py:161} INFO - Started process (PID=4255) to work on /opt/airflow/dags/dag_backfill.py
[2026-06-11T22:42:42.846+0000] {processor.py:830} INFO - Processing file /opt/airflow/dags/dag_backfill.py for tasks to queue
[2026-06-11T22:42:42.852+0000] {logging_mixin.py:188} INFO - [2026-06-11T22:42:42.848+0000] {dagbag.py:545} INFO - Filling up the DagBag from /opt/airflow/dags/dag_backfill.py
[2026-06-11T22:42:43.544+0000] {processor.py:840} INFO - DAG(s) 'dag_backfill' retrieved from /opt/airflow/dags/dag_backfill.py
[2026-06-11T22:42:43.563+0000] {logging_mixin.py:188} INFO - [2026-06-11T22:42:43.562+0000] {dag.py:3096} INFO - Sync 1 DAGs
[2026-06-11T22:42:43.577+0000] {logging_mixin.py:188} INFO - [2026-06-11T22:42:43.576+0000] {dag.py:3954} INFO - Setting next_dagrun for dag_backfill to None, run_after=None
[2026-06-11T22:42:43.594+0000] {processor.py:183} INFO - Processing /opt/airflow/dags/dag_backfill.py took 0.770 seconds
[2026-06-11T22:43:13.715+0000] {processor.py:161} INFO - Started process (PID=4317) to work on /opt/airflow/dags/dag_backfill.py
[2026-06-11T22:43:13.716+0000] {processor.py:830} INFO - Processing file /opt/airflow/dags/dag_backfill.py for tasks to queue
[2026-06-11T22:43:13.717+0000] {logging_mixin.py:188} INFO - [2026-06-11T22:43:13.717+0000] {dagbag.py:545} INFO - Filling up the DagBag from /opt/airflow/dags/dag_backfill.py
[2026-06-11T22:43:14.168+0000] {processor.py:840} INFO - DAG(s) 'dag_backfill' retrieved from /opt/airflow/dags/dag_backfill.py
[2026-06-11T22:43:14.181+0000] {logging_mixin.py:188} INFO - [2026-06-11T22:43:14.181+0000] {dag.py:3096} INFO - Sync 1 DAGs
[2026-06-11T22:43:14.189+0000] {logging_mixin.py:188} INFO - [2026-06-11T22:43:14.189+0000] {dag.py:3954} INFO - Setting next_dagrun for dag_backfill to None, run_after=None
[2026-06-11T22:43:14.202+0000] {processor.py:183} INFO - Processing /opt/airflow/dags/dag_backfill.py took 0.497 seconds
[2026-06-11T22:43:44.248+0000] {processor.py:161} INFO - Started process (PID=4379) to work on /opt/airflow/dags/dag_backfill.py
[2026-06-11T22:43:44.249+0000] {processor.py:830} INFO - Processing file /opt/airflow/dags/dag_backfill.py for tasks to queue
[2026-06-11T22:43:44.251+0000] {logging_mixin.py:188} INFO - [2026-06-11T22:43:44.251+0000] {dagbag.py:545} INFO - Filling up the DagBag from /opt/airflow/dags/dag_backfill.py
[2026-06-11T22:43:44.713+0000] {processor.py:840} INFO - DAG(s) 'dag_backfill' retrieved from /opt/airflow/dags/dag_backfill.py
[2026-06-11T22:43:44.728+0000] {logging_mixin.py:188} INFO - [2026-06-11T22:43:44.727+0000] {dag.py:3096} INFO - Sync 1 DAGs
[2026-06-11T22:43:44.736+0000] {logging_mixin.py:188} INFO - [2026-06-11T22:43:44.736+0000] {dag.py:3954} INFO - Setting next_dagrun for dag_backfill to None, run_after=None
[2026-06-11T22:43:44.749+0000] {processor.py:183} INFO - Processing /opt/airflow/dags/dag_backfill.py took 0.508 seconds
[2026-06-11T22:44:14.876+0000] {processor.py:161} INFO - Started process (PID=4441) to work on /opt/airflow/dags/dag_backfill.py
[2026-06-11T22:44:14.876+0000] {processor.py:830} INFO - Processing file /opt/airflow/dags/dag_backfill.py for tasks to queue
[2026-06-11T22:44:14.879+0000] {logging_mixin.py:188} INFO - [2026-06-11T22:44:14.878+0000] {dagbag.py:545} INFO - Filling up the DagBag from /opt/airflow/dags/dag_backfill.py
[2026-06-11T22:44:15.322+0000] {processor.py:840} INFO - DAG(s) 'dag_backfill' retrieved from /opt/airflow/dags/dag_backfill.py
[2026-06-11T22:44:15.335+0000] {logging_mixin.py:188} INFO - [2026-06-11T22:44:15.335+0000] {dag.py:3096} INFO - Sync 1 DAGs
[2026-06-11T22:44:15.343+0000] {logging_mixin.py:188} INFO - [2026-06-11T22:44:15.343+0000] {dag.py:3954} INFO - Setting next_dagrun for dag_backfill to None, run_after=None
[2026-06-11T22:44:15.356+0000] {processor.py:183} INFO - Processing /opt/airflow/dags/dag_backfill.py took 0.486 seconds
[2026-06-11T22:44:45.818+0000] {processor.py:161} INFO - Started process (PID=4502) to work on /opt/airflow/dags/dag_backfill.py
[2026-06-11T22:44:45.821+0000] {processor.py:830} INFO - Processing file /opt/airflow/dags/dag_backfill.py for tasks to queue
[2026-06-11T22:44:45.825+0000] {logging_mixin.py:188} INFO - [2026-06-11T22:44:45.824+0000] {dagbag.py:545} INFO - Filling up the DagBag from /opt/airflow/dags/dag_backfill.py
[2026-06-11T22:44:46.696+0000] {processor.py:840} INFO - DAG(s) 'dag_backfill' retrieved from /opt/airflow/dags/dag_backfill.py
[2026-06-11T22:44:46.712+0000] {logging_mixin.py:188} INFO - [2026-06-11T22:44:46.712+0000] {dag.py:3096} INFO - Sync 1 DAGs
[2026-06-11T22:44:46.724+0000] {logging_mixin.py:188} INFO - [2026-06-11T22:44:46.723+0000] {dag.py:3954} INFO - Setting next_dagrun for dag_backfill to None, run_after=None
[2026-06-11T22:44:46.741+0000] {processor.py:183} INFO - Processing /opt/airflow/dags/dag_backfill.py took 0.939 seconds
[2026-06-11T22:45:17.105+0000] {processor.py:161} INFO - Started process (PID=4565) to work on /opt/airflow/dags/dag_backfill.py
[2026-06-11T22:45:17.106+0000] {processor.py:830} INFO - Processing file /opt/airflow/dags/dag_backfill.py for tasks to queue
[2026-06-11T22:45:17.107+0000] {logging_mixin.py:188} INFO - [2026-06-11T22:45:17.107+0000] {dagbag.py:545} INFO - Filling up the DagBag from /opt/airflow/dags/dag_backfill.py
[2026-06-11T22:45:18.042+0000] {processor.py:840} INFO - DAG(s) 'dag_backfill' retrieved from /opt/airflow/dags/dag_backfill.py
[2026-06-11T22:45:18.081+0000] {logging_mixin.py:188} INFO - [2026-06-11T22:45:18.080+0000] {dag.py:3096} INFO - Sync 1 DAGs
[2026-06-11T22:45:18.097+0000] {logging_mixin.py:188} INFO - [2026-06-11T22:45:18.096+0000] {dag.py:3954} INFO - Setting next_dagrun for dag_backfill to None, run_after=None
[2026-06-11T22:45:18.113+0000] {processor.py:183} INFO - Processing /opt/airflow/dags/dag_backfill.py took 1.015 seconds
[2026-06-11T22:45:48.828+0000] {processor.py:161} INFO - Started process (PID=4630) to work on /opt/airflow/dags/dag_backfill.py
[2026-06-11T22:45:48.829+0000] {processor.py:830} INFO - Processing file /opt/airflow/dags/dag_backfill.py for tasks to queue
[2026-06-11T22:45:48.831+0000] {logging_mixin.py:188} INFO - [2026-06-11T22:45:48.831+0000] {dagbag.py:545} INFO - Filling up the DagBag from /opt/airflow/dags/dag_backfill.py
[2026-06-11T22:45:49.336+0000] {processor.py:840} INFO - DAG(s) 'dag_backfill' retrieved from /opt/airflow/dags/dag_backfill.py
[2026-06-11T22:45:49.349+0000] {logging_mixin.py:188} INFO - [2026-06-11T22:45:49.349+0000] {dag.py:3096} INFO - Sync 1 DAGs
[2026-06-11T22:45:49.358+0000] {logging_mixin.py:188} INFO - [2026-06-11T22:45:49.358+0000] {dag.py:3954} INFO - Setting next_dagrun for dag_backfill to None, run_after=None
[2026-06-11T22:45:49.371+0000] {processor.py:183} INFO - Processing /opt/airflow/dags/dag_backfill.py took 0.551 seconds
[2026-06-11T22:46:19.423+0000] {processor.py:161} INFO - Started process (PID=4693) to work on /opt/airflow/dags/dag_backfill.py
[2026-06-11T22:46:19.424+0000] {processor.py:830} INFO - Processing file /opt/airflow/dags/dag_backfill.py for tasks to queue
[2026-06-11T22:46:19.425+0000] {logging_mixin.py:188} INFO - [2026-06-11T22:46:19.425+0000] {dagbag.py:545} INFO - Filling up the DagBag from /opt/airflow/dags/dag_backfill.py
[2026-06-11T22:46:19.883+0000] {processor.py:840} INFO - DAG(s) 'dag_backfill' retrieved from /opt/airflow/dags/dag_backfill.py
[2026-06-11T22:46:19.896+0000] {logging_mixin.py:188} INFO - [2026-06-11T22:46:19.896+0000] {dag.py:3096} INFO - Sync 1 DAGs
[2026-06-11T22:46:19.905+0000] {logging_mixin.py:188} INFO - [2026-06-11T22:46:19.905+0000] {dag.py:3954} INFO - Setting next_dagrun for dag_backfill to None, run_after=None
[2026-06-11T22:46:19.919+0000] {processor.py:183} INFO - Processing /opt/airflow/dags/dag_backfill.py took 0.501 seconds
[2026-06-11T22:46:50.259+0000] {processor.py:161} INFO - Started process (PID=4753) to work on /opt/airflow/dags/dag_backfill.py
[2026-06-11T22:46:50.259+0000] {processor.py:830} INFO - Processing file /opt/airflow/dags/dag_backfill.py for tasks to queue
[2026-06-11T22:46:50.261+0000] {logging_mixin.py:188} INFO - [2026-06-11T22:46:50.261+0000] {dagbag.py:545} INFO - Filling up the DagBag from /opt/airflow/dags/dag_backfill.py
[2026-06-11T22:46:50.764+0000] {processor.py:840} INFO - DAG(s) 'dag_backfill' retrieved from /opt/airflow/dags/dag_backfill.py
[2026-06-11T22:46:50.776+0000] {logging_mixin.py:188} INFO - [2026-06-11T22:46:50.776+0000] {dag.py:3096} INFO - Sync 1 DAGs
[2026-06-11T22:46:50.785+0000] {logging_mixin.py:188} INFO - [2026-06-11T22:46:50.785+0000] {dag.py:3954} INFO - Setting next_dagrun for dag_backfill to None, run_after=None
[2026-06-11T22:46:50.798+0000] {processor.py:183} INFO - Processing /opt/airflow/dags/dag_backfill.py took 0.546 seconds
[2026-06-11T22:47:20.855+0000] {processor.py:161} INFO - Started process (PID=4815) to work on /opt/airflow/dags/dag_backfill.py
[2026-06-11T22:47:20.856+0000] {processor.py:830} INFO - Processing file /opt/airflow/dags/dag_backfill.py for tasks to queue
[2026-06-11T22:47:20.858+0000] {logging_mixin.py:188} INFO - [2026-06-11T22:47:20.858+0000] {dagbag.py:545} INFO - Filling up the DagBag from /opt/airflow/dags/dag_backfill.py
[2026-06-11T22:47:21.346+0000] {processor.py:840} INFO - DAG(s) 'dag_backfill' retrieved from /opt/airflow/dags/dag_backfill.py
[2026-06-11T22:47:21.359+0000] {logging_mixin.py:188} INFO - [2026-06-11T22:47:21.358+0000] {dag.py:3096} INFO - Sync 1 DAGs
[2026-06-11T22:47:21.367+0000] {logging_mixin.py:188} INFO - [2026-06-11T22:47:21.367+0000] {dag.py:3954} INFO - Setting next_dagrun for dag_backfill to None, run_after=None
[2026-06-11T22:47:21.381+0000] {processor.py:183} INFO - Processing /opt/airflow/dags/dag_backfill.py took 0.533 seconds
[2026-06-11T22:47:51.473+0000] {processor.py:161} INFO - Started process (PID=4878) to work on /opt/airflow/dags/dag_backfill.py
[2026-06-11T22:47:51.474+0000] {processor.py:830} INFO - Processing file /opt/airflow/dags/dag_backfill.py for tasks to queue
[2026-06-11T22:47:51.475+0000] {logging_mixin.py:188} INFO - [2026-06-11T22:47:51.475+0000] {dagbag.py:545} INFO - Filling up the DagBag from /opt/airflow/dags/dag_backfill.py
[2026-06-11T22:47:51.945+0000] {processor.py:840} INFO - DAG(s) 'dag_backfill' retrieved from /opt/airflow/dags/dag_backfill.py
[2026-06-11T22:47:51.958+0000] {logging_mixin.py:188} INFO - [2026-06-11T22:47:51.958+0000] {dag.py:3096} INFO - Sync 1 DAGs
[2026-06-11T22:47:51.967+0000] {logging_mixin.py:188} INFO - [2026-06-11T22:47:51.967+0000] {dag.py:3954} INFO - Setting next_dagrun for dag_backfill to None, run_after=None
[2026-06-11T22:47:51.979+0000] {processor.py:183} INFO - Processing /opt/airflow/dags/dag_backfill.py took 0.512 seconds
[2026-06-11T22:48:22.764+0000] {processor.py:161} INFO - Started process (PID=4940) to work on /opt/airflow/dags/dag_backfill.py
[2026-06-11T22:48:22.765+0000] {processor.py:830} INFO - Processing file /opt/airflow/dags/dag_backfill.py for tasks to queue
[2026-06-11T22:48:22.767+0000] {logging_mixin.py:188} INFO - [2026-06-11T22:48:22.766+0000] {dagbag.py:545} INFO - Filling up the DagBag from /opt/airflow/dags/dag_backfill.py
[2026-06-11T22:48:23.564+0000] {processor.py:840} INFO - DAG(s) 'dag_backfill' retrieved from /opt/airflow/dags/dag_backfill.py
[2026-06-11T22:48:23.587+0000] {logging_mixin.py:188} INFO - [2026-06-11T22:48:23.587+0000] {dag.py:3096} INFO - Sync 1 DAGs
[2026-06-11T22:48:23.596+0000] {logging_mixin.py:188} INFO - [2026-06-11T22:48:23.596+0000] {dag.py:3954} INFO - Setting next_dagrun for dag_backfill to None, run_after=None
[2026-06-11T22:48:23.608+0000] {processor.py:183} INFO - Processing /opt/airflow/dags/dag_backfill.py took 0.851 seconds
[2026-06-11T22:48:54.516+0000] {processor.py:161} INFO - Started process (PID=5003) to work on /opt/airflow/dags/dag_backfill.py
[2026-06-11T22:48:54.524+0000] {processor.py:830} INFO - Processing file /opt/airflow/dags/dag_backfill.py for tasks to queue
[2026-06-11T22:48:54.535+0000] {logging_mixin.py:188} INFO - [2026-06-11T22:48:54.534+0000] {dagbag.py:545} INFO - Filling up the DagBag from /opt/airflow/dags/dag_backfill.py
[2026-06-11T22:48:55.412+0000] {processor.py:840} INFO - DAG(s) 'dag_backfill' retrieved from /opt/airflow/dags/dag_backfill.py
[2026-06-11T22:48:55.430+0000] {logging_mixin.py:188} INFO - [2026-06-11T22:48:55.429+0000] {dag.py:3096} INFO - Sync 1 DAGs
[2026-06-11T22:48:55.439+0000] {logging_mixin.py:188} INFO - [2026-06-11T22:48:55.439+0000] {dag.py:3954} INFO - Setting next_dagrun for dag_backfill to None, run_after=None
[2026-06-11T22:48:55.454+0000] {processor.py:183} INFO - Processing /opt/airflow/dags/dag_backfill.py took 0.955 seconds
[2026-06-11T22:49:25.681+0000] {processor.py:161} INFO - Started process (PID=5069) to work on /opt/airflow/dags/dag_backfill.py
[2026-06-11T22:49:25.683+0000] {processor.py:830} INFO - Processing file /opt/airflow/dags/dag_backfill.py for tasks to queue
[2026-06-11T22:49:25.686+0000] {logging_mixin.py:188} INFO - [2026-06-11T22:49:25.686+0000] {dagbag.py:545} INFO - Filling up the DagBag from /opt/airflow/dags/dag_backfill.py
[2026-06-11T22:49:26.220+0000] {processor.py:840} INFO - DAG(s) 'dag_backfill' retrieved from /opt/airflow/dags/dag_backfill.py
[2026-06-11T22:49:26.250+0000] {logging_mixin.py:188} INFO - [2026-06-11T22:49:26.248+0000] {dag.py:3096} INFO - Sync 1 DAGs
[2026-06-11T22:49:26.266+0000] {logging_mixin.py:188} INFO - [2026-06-11T22:49:26.265+0000] {dag.py:3954} INFO - Setting next_dagrun for dag_backfill to None, run_after=None
[2026-06-11T22:49:26.288+0000] {processor.py:183} INFO - Processing /opt/airflow/dags/dag_backfill.py took 0.629 seconds
[2026-06-11T22:49:56.912+0000] {processor.py:161} INFO - Started process (PID=5131) to work on /opt/airflow/dags/dag_backfill.py
[2026-06-11T22:49:56.912+0000] {processor.py:830} INFO - Processing file /opt/airflow/dags/dag_backfill.py for tasks to queue
[2026-06-11T22:49:56.914+0000] {logging_mixin.py:188} INFO - [2026-06-11T22:49:56.914+0000] {dagbag.py:545} INFO - Filling up the DagBag from /opt/airflow/dags/dag_backfill.py
[2026-06-11T22:49:57.570+0000] {processor.py:840} INFO - DAG(s) 'dag_backfill' retrieved from /opt/airflow/dags/dag_backfill.py
[2026-06-11T22:49:57.589+0000] {logging_mixin.py:188} INFO - [2026-06-11T22:49:57.589+0000] {dag.py:3096} INFO - Sync 1 DAGs
[2026-06-11T22:49:57.602+0000] {logging_mixin.py:188} INFO - [2026-06-11T22:49:57.602+0000] {dag.py:3954} INFO - Setting next_dagrun for dag_backfill to None, run_after=None
[2026-06-11T22:49:57.619+0000] {processor.py:183} INFO - Processing /opt/airflow/dags/dag_backfill.py took 0.713 seconds
[2026-06-11T22:50:27.771+0000] {processor.py:161} INFO - Started process (PID=5193) to work on /opt/airflow/dags/dag_backfill.py
[2026-06-11T22:50:27.778+0000] {processor.py:830} INFO - Processing file /opt/airflow/dags/dag_backfill.py for tasks to queue
[2026-06-11T22:50:27.786+0000] {logging_mixin.py:188} INFO - [2026-06-11T22:50:27.786+0000] {dagbag.py:545} INFO - Filling up the DagBag from /opt/airflow/dags/dag_backfill.py
[2026-06-11T22:50:28.629+0000] {processor.py:840} INFO - DAG(s) 'dag_backfill' retrieved from /opt/airflow/dags/dag_backfill.py
[2026-06-11T22:50:28.646+0000] {logging_mixin.py:188} INFO - [2026-06-11T22:50:28.645+0000] {dag.py:3096} INFO - Sync 1 DAGs
[2026-06-11T22:50:28.660+0000] {logging_mixin.py:188} INFO - [2026-06-11T22:50:28.660+0000] {dag.py:3954} INFO - Setting next_dagrun for dag_backfill to None, run_after=None
[2026-06-11T22:50:28.677+0000] {processor.py:183} INFO - Processing /opt/airflow/dags/dag_backfill.py took 0.934 seconds
[2026-06-11T22:50:59.111+0000] {processor.py:161} INFO - Started process (PID=5256) to work on /opt/airflow/dags/dag_backfill.py
[2026-06-11T22:50:59.112+0000] {processor.py:830} INFO - Processing file /opt/airflow/dags/dag_backfill.py for tasks to queue
[2026-06-11T22:50:59.114+0000] {logging_mixin.py:188} INFO - [2026-06-11T22:50:59.113+0000] {dagbag.py:545} INFO - Filling up the DagBag from /opt/airflow/dags/dag_backfill.py
[2026-06-11T22:50:59.799+0000] {processor.py:840} INFO - DAG(s) 'dag_backfill' retrieved from /opt/airflow/dags/dag_backfill.py
[2026-06-11T22:50:59.817+0000] {logging_mixin.py:188} INFO - [2026-06-11T22:50:59.816+0000] {dag.py:3096} INFO - Sync 1 DAGs
[2026-06-11T22:50:59.830+0000] {logging_mixin.py:188} INFO - [2026-06-11T22:50:59.830+0000] {dag.py:3954} INFO - Setting next_dagrun for dag_backfill to None, run_after=None
[2026-06-11T22:50:59.848+0000] {processor.py:183} INFO - Processing /opt/airflow/dags/dag_backfill.py took 0.743 seconds
[2026-06-11T22:51:30.696+0000] {processor.py:161} INFO - Started process (PID=5319) to work on /opt/airflow/dags/dag_backfill.py
[2026-06-11T22:51:30.697+0000] {processor.py:830} INFO - Processing file /opt/airflow/dags/dag_backfill.py for tasks to queue
[2026-06-11T22:51:30.699+0000] {logging_mixin.py:188} INFO - [2026-06-11T22:51:30.698+0000] {dagbag.py:545} INFO - Filling up the DagBag from /opt/airflow/dags/dag_backfill.py
[2026-06-11T22:51:31.352+0000] {processor.py:840} INFO - DAG(s) 'dag_backfill' retrieved from /opt/airflow/dags/dag_backfill.py
[2026-06-11T22:51:31.365+0000] {logging_mixin.py:188} INFO - [2026-06-11T22:51:31.364+0000] {dag.py:3096} INFO - Sync 1 DAGs
[2026-06-11T22:51:31.374+0000] {logging_mixin.py:188} INFO - [2026-06-11T22:51:31.374+0000] {dag.py:3954} INFO - Setting next_dagrun for dag_backfill to None, run_after=None
[2026-06-11T22:51:31.389+0000] {processor.py:183} INFO - Processing /opt/airflow/dags/dag_backfill.py took 0.700 seconds
[2026-06-11T22:52:02.333+0000] {processor.py:161} INFO - Started process (PID=5384) to work on /opt/airflow/dags/dag_backfill.py
[2026-06-11T22:52:02.334+0000] {processor.py:830} INFO - Processing file /opt/airflow/dags/dag_backfill.py for tasks to queue
[2026-06-11T22:52:02.336+0000] {logging_mixin.py:188} INFO - [2026-06-11T22:52:02.336+0000] {dagbag.py:545} INFO - Filling up the DagBag from /opt/airflow/dags/dag_backfill.py
[2026-06-11T22:52:02.871+0000] {processor.py:840} INFO - DAG(s) 'dag_backfill' retrieved from /opt/airflow/dags/dag_backfill.py
[2026-06-11T22:52:02.892+0000] {logging_mixin.py:188} INFO - [2026-06-11T22:52:02.892+0000] {dag.py:3096} INFO - Sync 1 DAGs
[2026-06-11T22:52:02.910+0000] {logging_mixin.py:188} INFO - [2026-06-11T22:52:02.910+0000] {dag.py:3954} INFO - Setting next_dagrun for dag_backfill to None, run_after=None
[2026-06-11T22:52:02.929+0000] {processor.py:183} INFO - Processing /opt/airflow/dags/dag_backfill.py took 0.602 seconds
[2026-06-11T22:52:33.183+0000] {processor.py:161} INFO - Started process (PID=5446) to work on /opt/airflow/dags/dag_backfill.py
[2026-06-11T22:52:33.183+0000] {processor.py:830} INFO - Processing file /opt/airflow/dags/dag_backfill.py for tasks to queue
[2026-06-11T22:52:33.185+0000] {logging_mixin.py:188} INFO - [2026-06-11T22:52:33.185+0000] {dagbag.py:545} INFO - Filling up the DagBag from /opt/airflow/dags/dag_backfill.py
[2026-06-11T22:52:33.702+0000] {processor.py:840} INFO - DAG(s) 'dag_backfill' retrieved from /opt/airflow/dags/dag_backfill.py
[2026-06-11T22:52:33.720+0000] {logging_mixin.py:188} INFO - [2026-06-11T22:52:33.720+0000] {dag.py:3096} INFO - Sync 1 DAGs
[2026-06-11T22:52:33.734+0000] {logging_mixin.py:188} INFO - [2026-06-11T22:52:33.734+0000] {dag.py:3954} INFO - Setting next_dagrun for dag_backfill to None, run_after=None
[2026-06-11T22:52:33.752+0000] {processor.py:183} INFO - Processing /opt/airflow/dags/dag_backfill.py took 0.576 seconds
[2026-06-11T22:53:03.950+0000] {processor.py:161} INFO - Started process (PID=5511) to work on /opt/airflow/dags/dag_backfill.py
[2026-06-11T22:53:03.953+0000] {processor.py:830} INFO - Processing file /opt/airflow/dags/dag_backfill.py for tasks to queue
[2026-06-11T22:53:03.961+0000] {logging_mixin.py:188} INFO - [2026-06-11T22:53:03.959+0000] {dagbag.py:545} INFO - Filling up the DagBag from /opt/airflow/dags/dag_backfill.py
[2026-06-11T22:53:04.986+0000] {processor.py:840} INFO - DAG(s) 'dag_backfill' retrieved from /opt/airflow/dags/dag_backfill.py
[2026-06-11T22:53:05.033+0000] {logging_mixin.py:188} INFO - [2026-06-11T22:53:05.032+0000] {dag.py:3096} INFO - Sync 1 DAGs
[2026-06-11T22:53:05.060+0000] {logging_mixin.py:188} INFO - [2026-06-11T22:53:05.060+0000] {dag.py:3954} INFO - Setting next_dagrun for dag_backfill to None, run_after=None
[2026-06-11T22:53:05.093+0000] {processor.py:183} INFO - Processing /opt/airflow/dags/dag_backfill.py took 1.163 seconds
[2026-06-11T22:53:35.448+0000] {processor.py:161} INFO - Started process (PID=5574) to work on /opt/airflow/dags/dag_backfill.py
[2026-06-11T22:53:35.450+0000] {processor.py:830} INFO - Processing file /opt/airflow/dags/dag_backfill.py for tasks to queue
[2026-06-11T22:53:35.452+0000] {logging_mixin.py:188} INFO - [2026-06-11T22:53:35.451+0000] {dagbag.py:545} INFO - Filling up the DagBag from /opt/airflow/dags/dag_backfill.py
[2026-06-11T22:53:36.353+0000] {processor.py:840} INFO - DAG(s) 'dag_backfill' retrieved from /opt/airflow/dags/dag_backfill.py
[2026-06-11T22:53:36.446+0000] {logging_mixin.py:188} INFO - [2026-06-11T22:53:36.445+0000] {dag.py:3096} INFO - Sync 1 DAGs
[2026-06-11T22:53:36.500+0000] {logging_mixin.py:188} INFO - [2026-06-11T22:53:36.500+0000] {dag.py:3954} INFO - Setting next_dagrun for dag_backfill to None, run_after=None
[2026-06-11T22:53:36.547+0000] {processor.py:183} INFO - Processing /opt/airflow/dags/dag_backfill.py took 1.113 seconds
[2026-06-11T22:54:06.788+0000] {processor.py:161} INFO - Started process (PID=5638) to work on /opt/airflow/dags/dag_backfill.py
[2026-06-11T22:54:06.793+0000] {processor.py:830} INFO - Processing file /opt/airflow/dags/dag_backfill.py for tasks to queue
[2026-06-11T22:54:06.795+0000] {logging_mixin.py:188} INFO - [2026-06-11T22:54:06.795+0000] {dagbag.py:545} INFO - Filling up the DagBag from /opt/airflow/dags/dag_backfill.py
[2026-06-11T22:54:08.624+0000] {processor.py:840} INFO - DAG(s) 'dag_backfill' retrieved from /opt/airflow/dags/dag_backfill.py
[2026-06-11T22:54:08.719+0000] {logging_mixin.py:188} INFO - [2026-06-11T22:54:08.718+0000] {dag.py:3096} INFO - Sync 1 DAGs
[2026-06-11T22:54:08.784+0000] {logging_mixin.py:188} INFO - [2026-06-11T22:54:08.783+0000] {dag.py:3954} INFO - Setting next_dagrun for dag_backfill to None, run_after=None
[2026-06-11T22:54:08.882+0000] {processor.py:183} INFO - Processing /opt/airflow/dags/dag_backfill.py took 2.127 seconds
[2026-06-11T22:54:39.474+0000] {processor.py:161} INFO - Started process (PID=5703) to work on /opt/airflow/dags/dag_backfill.py
[2026-06-11T22:54:39.475+0000] {processor.py:830} INFO - Processing file /opt/airflow/dags/dag_backfill.py for tasks to queue
[2026-06-11T22:54:39.477+0000] {logging_mixin.py:188} INFO - [2026-06-11T22:54:39.476+0000] {dagbag.py:545} INFO - Filling up the DagBag from /opt/airflow/dags/dag_backfill.py
[2026-06-11T22:54:40.027+0000] {processor.py:840} INFO - DAG(s) 'dag_backfill' retrieved from /opt/airflow/dags/dag_backfill.py
[2026-06-11T22:54:40.043+0000] {logging_mixin.py:188} INFO - [2026-06-11T22:54:40.042+0000] {dag.py:3096} INFO - Sync 1 DAGs
[2026-06-11T22:54:40.053+0000] {logging_mixin.py:188} INFO - [2026-06-11T22:54:40.053+0000] {dag.py:3954} INFO - Setting next_dagrun for dag_backfill to None, run_after=None
[2026-06-11T22:54:40.067+0000] {processor.py:183} INFO - Processing /opt/airflow/dags/dag_backfill.py took 0.600 seconds
[2026-06-11T22:55:10.697+0000] {processor.py:161} INFO - Started process (PID=5766) to work on /opt/airflow/dags/dag_backfill.py
[2026-06-11T22:55:10.698+0000] {processor.py:830} INFO - Processing file /opt/airflow/dags/dag_backfill.py for tasks to queue
[2026-06-11T22:55:10.700+0000] {logging_mixin.py:188} INFO - [2026-06-11T22:55:10.700+0000] {dagbag.py:545} INFO - Filling up the DagBag from /opt/airflow/dags/dag_backfill.py
[2026-06-11T22:55:11.165+0000] {processor.py:840} INFO - DAG(s) 'dag_backfill' retrieved from /opt/airflow/dags/dag_backfill.py
[2026-06-11T22:55:11.180+0000] {logging_mixin.py:188} INFO - [2026-06-11T22:55:11.180+0000] {dag.py:3096} INFO - Sync 1 DAGs
[2026-06-11T22:55:11.190+0000] {logging_mixin.py:188} INFO - [2026-06-11T22:55:11.190+0000] {dag.py:3954} INFO - Setting next_dagrun for dag_backfill to None, run_after=None
[2026-06-11T22:55:11.205+0000] {processor.py:183} INFO - Processing /opt/airflow/dags/dag_backfill.py took 0.515 seconds
[2026-06-11T22:55:41.306+0000] {processor.py:161} INFO - Started process (PID=5831) to work on /opt/airflow/dags/dag_backfill.py
[2026-06-11T22:55:41.307+0000] {processor.py:830} INFO - Processing file /opt/airflow/dags/dag_backfill.py for tasks to queue
[2026-06-11T22:55:41.308+0000] {logging_mixin.py:188} INFO - [2026-06-11T22:55:41.308+0000] {dagbag.py:545} INFO - Filling up the DagBag from /opt/airflow/dags/dag_backfill.py
[2026-06-11T22:55:41.660+0000] {processor.py:840} INFO - DAG(s) 'dag_backfill' retrieved from /opt/airflow/dags/dag_backfill.py
[2026-06-11T22:55:41.677+0000] {logging_mixin.py:188} INFO - [2026-06-11T22:55:41.676+0000] {dag.py:3096} INFO - Sync 1 DAGs
[2026-06-11T22:55:41.687+0000] {logging_mixin.py:188} INFO - [2026-06-11T22:55:41.687+0000] {dag.py:3954} INFO - Setting next_dagrun for dag_backfill to None, run_after=None
[2026-06-11T22:55:41.701+0000] {processor.py:183} INFO - Processing /opt/airflow/dags/dag_backfill.py took 0.400 seconds
[2026-06-11T22:56:12.413+0000] {processor.py:161} INFO - Started process (PID=5893) to work on /opt/airflow/dags/dag_backfill.py
[2026-06-11T22:56:12.414+0000] {processor.py:830} INFO - Processing file /opt/airflow/dags/dag_backfill.py for tasks to queue
[2026-06-11T22:56:12.415+0000] {logging_mixin.py:188} INFO - [2026-06-11T22:56:12.415+0000] {dagbag.py:545} INFO - Filling up the DagBag from /opt/airflow/dags/dag_backfill.py
[2026-06-11T22:56:12.738+0000] {processor.py:840} INFO - DAG(s) 'dag_backfill' retrieved from /opt/airflow/dags/dag_backfill.py
[2026-06-11T22:56:12.753+0000] {logging_mixin.py:188} INFO - [2026-06-11T22:56:12.753+0000] {dag.py:3096} INFO - Sync 1 DAGs
[2026-06-11T22:56:12.763+0000] {logging_mixin.py:188} INFO - [2026-06-11T22:56:12.763+0000] {dag.py:3954} INFO - Setting next_dagrun for dag_backfill to None, run_after=None
[2026-06-11T22:56:12.776+0000] {processor.py:183} INFO - Processing /opt/airflow/dags/dag_backfill.py took 0.369 seconds
[2026-06-11T22:56:43.188+0000] {processor.py:161} INFO - Started process (PID=5955) to work on /opt/airflow/dags/dag_backfill.py
[2026-06-11T22:56:43.189+0000] {processor.py:830} INFO - Processing file /opt/airflow/dags/dag_backfill.py for tasks to queue
[2026-06-11T22:56:43.190+0000] {logging_mixin.py:188} INFO - [2026-06-11T22:56:43.190+0000] {dagbag.py:545} INFO - Filling up the DagBag from /opt/airflow/dags/dag_backfill.py
[2026-06-11T22:56:43.626+0000] {processor.py:840} INFO - DAG(s) 'dag_backfill' retrieved from /opt/airflow/dags/dag_backfill.py
[2026-06-11T22:56:43.648+0000] {logging_mixin.py:188} INFO - [2026-06-11T22:56:43.648+0000] {dag.py:3096} INFO - Sync 1 DAGs
[2026-06-11T22:56:43.662+0000] {logging_mixin.py:188} INFO - [2026-06-11T22:56:43.661+0000] {dag.py:3954} INFO - Setting next_dagrun for dag_backfill to None, run_after=None
[2026-06-11T22:56:43.675+0000] {processor.py:183} INFO - Processing /opt/airflow/dags/dag_backfill.py took 0.493 seconds
