[2026-06-11T22:36:08.848+0000] {local_task_job_runner.py:120} INFO - ::group::Pre task execution logs
[2026-06-11T22:36:08.865+0000] {taskinstance.py:2076} INFO - Dependencies all met for dep_context=non-requeueable deps ti=<TaskInstance: dag_incremental.fetch_incremental manual__2026-06-11T22:36:06.589286+00:00 [queued]>
[2026-06-11T22:36:08.871+0000] {taskinstance.py:2076} INFO - Dependencies all met for dep_context=requeueable deps ti=<TaskInstance: dag_incremental.fetch_incremental manual__2026-06-11T22:36:06.589286+00:00 [queued]>
[2026-06-11T22:36:08.871+0000] {taskinstance.py:2306} INFO - Starting attempt 1 of 4
[2026-06-11T22:36:08.882+0000] {taskinstance.py:2330} INFO - Executing <Task(PythonOperator): fetch_incremental> on 2026-06-11 22:36:06.589286+00:00
[2026-06-11T22:36:08.890+0000] {warnings.py:110} WARNING - /home/***/.local/lib/python3.12/site-packages/***/task/task_runner/standard_task_runner.py:61: DeprecationWarning: This process (pid=462) is multi-threaded, use of fork() may lead to deadlocks in the child.
  pid = os.fork()

[2026-06-11T22:36:08.891+0000] {standard_task_runner.py:63} INFO - Started process 464 to run task
[2026-06-11T22:36:08.892+0000] {standard_task_runner.py:90} INFO - Running: ['***', 'tasks', 'run', 'dag_incremental', 'fetch_incremental', 'manual__2026-06-11T22:36:06.589286+00:00', '--job-id', '20', '--raw', '--subdir', 'DAGS_FOLDER/dag_incremental.py', '--cfg-path', '/tmp/tmp4tobgvny']
[2026-06-11T22:36:08.895+0000] {standard_task_runner.py:91} INFO - Job 20: Subtask fetch_incremental
[2026-06-11T22:36:08.951+0000] {task_command.py:426} INFO - Running <TaskInstance: dag_incremental.fetch_incremental manual__2026-06-11T22:36:06.589286+00:00 [running]> on host 1fca64daf2a8
[2026-06-11T22:36:09.048+0000] {taskinstance.py:2648} INFO - Exporting env vars: AIRFLOW_CTX_DAG_OWNER='***' AIRFLOW_CTX_DAG_ID='dag_incremental' AIRFLOW_CTX_TASK_ID='fetch_incremental' AIRFLOW_CTX_EXECUTION_DATE='2026-06-11T22:36:06.589286+00:00' AIRFLOW_CTX_TRY_NUMBER='1' AIRFLOW_CTX_DAG_RUN_ID='manual__2026-06-11T22:36:06.589286+00:00'
[2026-06-11T22:36:09.049+0000] {taskinstance.py:430} INFO - ::endgroup::
[2026-06-11T22:36:09.527+0000] {logging_mixin.py:188} INFO - BTCUSDT: resuming from 2026-06-11 23:00:00
[2026-06-11T22:36:09.527+0000] {logging_mixin.py:188} INFO - BTCUSDT: already up to date, skipping
[2026-06-11T22:36:09.756+0000] {logging_mixin.py:188} INFO - ETHUSDT: resuming from 2026-06-11 23:00:00
[2026-06-11T22:36:09.756+0000] {logging_mixin.py:188} INFO - ETHUSDT: already up to date, skipping
[2026-06-11T22:36:10.009+0000] {logging_mixin.py:188} INFO - BNBUSDT: resuming from 2026-06-11 23:00:00
[2026-06-11T22:36:10.009+0000] {logging_mixin.py:188} INFO - BNBUSDT: already up to date, skipping
[2026-06-11T22:36:10.255+0000] {logging_mixin.py:188} INFO - XRPUSDT: resuming from 2026-06-11 23:00:00
[2026-06-11T22:36:10.255+0000] {logging_mixin.py:188} INFO - XRPUSDT: already up to date, skipping
[2026-06-11T22:36:10.479+0000] {logging_mixin.py:188} INFO - SOLUSDT: resuming from 2026-06-11 23:00:00
[2026-06-11T22:36:10.479+0000] {logging_mixin.py:188} INFO - SOLUSDT: already up to date, skipping
[2026-06-11T22:36:10.697+0000] {logging_mixin.py:188} INFO - DOGEUSDT: resuming from 2026-06-11 23:00:00
[2026-06-11T22:36:10.697+0000] {logging_mixin.py:188} INFO - DOGEUSDT: already up to date, skipping
[2026-06-11T22:36:10.923+0000] {logging_mixin.py:188} INFO - AVAXUSDT: resuming from 2026-06-11 23:00:00
[2026-06-11T22:36:10.923+0000] {logging_mixin.py:188} INFO - AVAXUSDT: already up to date, skipping
[2026-06-11T22:36:11.122+0000] {logging_mixin.py:188} INFO - LINKUSDT: resuming from 2026-06-11 23:00:00
[2026-06-11T22:36:11.122+0000] {logging_mixin.py:188} INFO - LINKUSDT: already up to date, skipping
[2026-06-11T22:36:11.381+0000] {logging_mixin.py:188} INFO - ADAUSDT: resuming from 2026-06-11 23:00:00
[2026-06-11T22:36:11.382+0000] {logging_mixin.py:188} INFO - ADAUSDT: already up to date, skipping
[2026-06-11T22:36:11.599+0000] {logging_mixin.py:188} INFO - LTCUSDT: resuming from 2026-06-11 23:00:00
[2026-06-11T22:36:11.601+0000] {logging_mixin.py:188} INFO - LTCUSDT: already up to date, skipping
[2026-06-11T22:36:11.601+0000] {python.py:237} INFO - Done. Returned value was: None
[2026-06-11T22:36:11.601+0000] {taskinstance.py:441} INFO - ::group::Post task execution logs
[2026-06-11T22:36:11.625+0000] {taskinstance.py:1206} INFO - Marking task as SUCCESS. dag_id=dag_incremental, task_id=fetch_incremental, run_id=manual__2026-06-11T22:36:06.589286+00:00, execution_date=20260611T223606, start_date=20260611T223608, end_date=20260611T223611
[2026-06-11T22:36:11.690+0000] {local_task_job_runner.py:240} INFO - Task exited with return code 0
[2026-06-11T22:36:11.708+0000] {taskinstance.py:3498} INFO - 1 downstream tasks scheduled from follow-on schedule check
[2026-06-11T22:36:11.709+0000] {local_task_job_runner.py:222} INFO - ::endgroup::
