[2026-06-12T13:21:42.429+0000] {local_task_job_runner.py:120} INFO - ::group::Pre task execution logs
[2026-06-12T13:21:42.459+0000] {taskinstance.py:2076} INFO - Dependencies all met for dep_context=non-requeueable deps ti=<TaskInstance: dag_incremental.upload_to_bronze scheduled__2026-06-12T12:00:00+00:00 [queued]>
[2026-06-12T13:21:42.468+0000] {taskinstance.py:2076} INFO - Dependencies all met for dep_context=requeueable deps ti=<TaskInstance: dag_incremental.upload_to_bronze scheduled__2026-06-12T12:00:00+00:00 [queued]>
[2026-06-12T13:21:42.468+0000] {taskinstance.py:2306} INFO - Starting attempt 1 of 4
[2026-06-12T13:21:42.486+0000] {taskinstance.py:2330} INFO - Executing <Task(PythonOperator): upload_to_bronze> on 2026-06-12 12:00:00+00:00
[2026-06-12T13:21:42.511+0000] {warnings.py:110} WARNING - /home/***/.local/lib/python3.12/site-packages/***/task/task_runner/standard_task_runner.py:61: DeprecationWarning: This process (pid=91) is multi-threaded, use of fork() may lead to deadlocks in the child.
  pid = os.fork()

[2026-06-12T13:21:42.514+0000] {standard_task_runner.py:63} INFO - Started process 93 to run task
[2026-06-12T13:21:42.514+0000] {standard_task_runner.py:90} INFO - Running: ['***', 'tasks', 'run', 'dag_incremental', 'upload_to_bronze', 'scheduled__2026-06-12T12:00:00+00:00', '--job-id', '25', '--raw', '--subdir', 'DAGS_FOLDER/dag_incremental.py', '--cfg-path', '/tmp/tmpwnecu7di']
[2026-06-12T13:21:42.516+0000] {standard_task_runner.py:91} INFO - Job 25: Subtask upload_to_bronze
[2026-06-12T13:21:42.621+0000] {task_command.py:426} INFO - Running <TaskInstance: dag_incremental.upload_to_bronze scheduled__2026-06-12T12:00:00+00:00 [running]> on host 1fca64daf2a8
[2026-06-12T13:21:43.091+0000] {taskinstance.py:2648} INFO - Exporting env vars: AIRFLOW_CTX_DAG_OWNER='***' AIRFLOW_CTX_DAG_ID='dag_incremental' AIRFLOW_CTX_TASK_ID='upload_to_bronze' AIRFLOW_CTX_EXECUTION_DATE='2026-06-12T12:00:00+00:00' AIRFLOW_CTX_TRY_NUMBER='1' AIRFLOW_CTX_DAG_RUN_ID='scheduled__2026-06-12T12:00:00+00:00'
[2026-06-12T13:21:43.104+0000] {taskinstance.py:430} INFO - ::endgroup::
[2026-06-12T13:21:44.007+0000] {logging_mixin.py:188} INFO - Downloaded ADAUSDT_incremental_20260612_1321.json from staging
[2026-06-12T13:21:44.241+0000] {logging_mixin.py:188} INFO - Uploaded ADAUSDT_incremental_20260612_1321.parquet to gs://crypto-trading-signal-pipeline/bronze/ohlcv/ADAUSDT_incremental_20260612_1321.parquet
[2026-06-12T13:21:44.417+0000] {logging_mixin.py:188} INFO - Deleted staging file: staging/ohlcv/ADAUSDT_incremental_20260612_1321.json
[2026-06-12T13:21:44.419+0000] {logging_mixin.py:188} INFO - Cleaned up local temp: ADAUSDT_incremental_20260612_1321.json, ADAUSDT_incremental_20260612_1321.parquet
[2026-06-12T13:21:44.471+0000] {logging_mixin.py:188} INFO - Downloaded AVAXUSDT_incremental_20260612_1321.json from staging
[2026-06-12T13:21:44.573+0000] {logging_mixin.py:188} INFO - Uploaded AVAXUSDT_incremental_20260612_1321.parquet to gs://crypto-trading-signal-pipeline/bronze/ohlcv/AVAXUSDT_incremental_20260612_1321.parquet
[2026-06-12T13:21:44.641+0000] {logging_mixin.py:188} INFO - Deleted staging file: staging/ohlcv/AVAXUSDT_incremental_20260612_1321.json
[2026-06-12T13:21:44.641+0000] {logging_mixin.py:188} INFO - Cleaned up local temp: AVAXUSDT_incremental_20260612_1321.json, AVAXUSDT_incremental_20260612_1321.parquet
[2026-06-12T13:21:44.706+0000] {logging_mixin.py:188} INFO - Downloaded BNBUSDT_incremental_20260612_1321.json from staging
[2026-06-12T13:21:44.805+0000] {logging_mixin.py:188} INFO - Uploaded BNBUSDT_incremental_20260612_1321.parquet to gs://crypto-trading-signal-pipeline/bronze/ohlcv/BNBUSDT_incremental_20260612_1321.parquet
[2026-06-12T13:21:44.871+0000] {logging_mixin.py:188} INFO - Deleted staging file: staging/ohlcv/BNBUSDT_incremental_20260612_1321.json
[2026-06-12T13:21:44.873+0000] {logging_mixin.py:188} INFO - Cleaned up local temp: BNBUSDT_incremental_20260612_1321.json, BNBUSDT_incremental_20260612_1321.parquet
[2026-06-12T13:21:44.927+0000] {logging_mixin.py:188} INFO - Downloaded BTCUSDT_incremental_20260612_1321.json from staging
[2026-06-12T13:21:45.013+0000] {logging_mixin.py:188} INFO - Uploaded BTCUSDT_incremental_20260612_1321.parquet to gs://crypto-trading-signal-pipeline/bronze/ohlcv/BTCUSDT_incremental_20260612_1321.parquet
[2026-06-12T13:21:45.083+0000] {logging_mixin.py:188} INFO - Deleted staging file: staging/ohlcv/BTCUSDT_incremental_20260612_1321.json
[2026-06-12T13:21:45.087+0000] {logging_mixin.py:188} INFO - Cleaned up local temp: BTCUSDT_incremental_20260612_1321.json, BTCUSDT_incremental_20260612_1321.parquet
[2026-06-12T13:21:45.146+0000] {logging_mixin.py:188} INFO - Downloaded DOGEUSDT_incremental_20260612_1321.json from staging
[2026-06-12T13:21:45.233+0000] {logging_mixin.py:188} INFO - Uploaded DOGEUSDT_incremental_20260612_1321.parquet to gs://crypto-trading-signal-pipeline/bronze/ohlcv/DOGEUSDT_incremental_20260612_1321.parquet
[2026-06-12T13:21:45.301+0000] {logging_mixin.py:188} INFO - Deleted staging file: staging/ohlcv/DOGEUSDT_incremental_20260612_1321.json
[2026-06-12T13:21:45.304+0000] {logging_mixin.py:188} INFO - Cleaned up local temp: DOGEUSDT_incremental_20260612_1321.json, DOGEUSDT_incremental_20260612_1321.parquet
[2026-06-12T13:21:45.351+0000] {logging_mixin.py:188} INFO - Downloaded ETHUSDT_incremental_20260612_1321.json from staging
[2026-06-12T13:21:45.446+0000] {logging_mixin.py:188} INFO - Uploaded ETHUSDT_incremental_20260612_1321.parquet to gs://crypto-trading-signal-pipeline/bronze/ohlcv/ETHUSDT_incremental_20260612_1321.parquet
[2026-06-12T13:21:45.501+0000] {logging_mixin.py:188} INFO - Deleted staging file: staging/ohlcv/ETHUSDT_incremental_20260612_1321.json
[2026-06-12T13:21:45.501+0000] {logging_mixin.py:188} INFO - Cleaned up local temp: ETHUSDT_incremental_20260612_1321.json, ETHUSDT_incremental_20260612_1321.parquet
[2026-06-12T13:21:45.567+0000] {logging_mixin.py:188} INFO - Downloaded LINKUSDT_incremental_20260612_1321.json from staging
[2026-06-12T13:21:45.656+0000] {logging_mixin.py:188} INFO - Uploaded LINKUSDT_incremental_20260612_1321.parquet to gs://crypto-trading-signal-pipeline/bronze/ohlcv/LINKUSDT_incremental_20260612_1321.parquet
[2026-06-12T13:21:45.717+0000] {logging_mixin.py:188} INFO - Deleted staging file: staging/ohlcv/LINKUSDT_incremental_20260612_1321.json
[2026-06-12T13:21:45.719+0000] {logging_mixin.py:188} INFO - Cleaned up local temp: LINKUSDT_incremental_20260612_1321.json, LINKUSDT_incremental_20260612_1321.parquet
[2026-06-12T13:21:45.791+0000] {logging_mixin.py:188} INFO - Downloaded LTCUSDT_incremental_20260612_1321.json from staging
[2026-06-12T13:21:45.881+0000] {logging_mixin.py:188} INFO - Uploaded LTCUSDT_incremental_20260612_1321.parquet to gs://crypto-trading-signal-pipeline/bronze/ohlcv/LTCUSDT_incremental_20260612_1321.parquet
[2026-06-12T13:21:45.931+0000] {logging_mixin.py:188} INFO - Deleted staging file: staging/ohlcv/LTCUSDT_incremental_20260612_1321.json
[2026-06-12T13:21:45.932+0000] {logging_mixin.py:188} INFO - Cleaned up local temp: LTCUSDT_incremental_20260612_1321.json, LTCUSDT_incremental_20260612_1321.parquet
[2026-06-12T13:21:45.992+0000] {logging_mixin.py:188} INFO - Downloaded SOLUSDT_incremental_20260612_1321.json from staging
[2026-06-12T13:21:46.071+0000] {logging_mixin.py:188} INFO - Uploaded SOLUSDT_incremental_20260612_1321.parquet to gs://crypto-trading-signal-pipeline/bronze/ohlcv/SOLUSDT_incremental_20260612_1321.parquet
[2026-06-12T13:21:46.134+0000] {logging_mixin.py:188} INFO - Deleted staging file: staging/ohlcv/SOLUSDT_incremental_20260612_1321.json
[2026-06-12T13:21:46.134+0000] {logging_mixin.py:188} INFO - Cleaned up local temp: SOLUSDT_incremental_20260612_1321.json, SOLUSDT_incremental_20260612_1321.parquet
[2026-06-12T13:21:46.194+0000] {logging_mixin.py:188} INFO - Downloaded XRPUSDT_incremental_20260612_1321.json from staging
[2026-06-12T13:21:46.284+0000] {logging_mixin.py:188} INFO - Uploaded XRPUSDT_incremental_20260612_1321.parquet to gs://crypto-trading-signal-pipeline/bronze/ohlcv/XRPUSDT_incremental_20260612_1321.parquet
[2026-06-12T13:21:46.345+0000] {logging_mixin.py:188} INFO - Deleted staging file: staging/ohlcv/XRPUSDT_incremental_20260612_1321.json
[2026-06-12T13:21:46.349+0000] {logging_mixin.py:188} INFO - Cleaned up local temp: XRPUSDT_incremental_20260612_1321.json, XRPUSDT_incremental_20260612_1321.parquet
[2026-06-12T13:21:46.354+0000] {python.py:237} INFO - Done. Returned value was: None
[2026-06-12T13:21:46.354+0000] {taskinstance.py:441} INFO - ::group::Post task execution logs
[2026-06-12T13:21:46.394+0000] {taskinstance.py:1206} INFO - Marking task as SUCCESS. dag_id=dag_incremental, task_id=upload_to_bronze, run_id=scheduled__2026-06-12T12:00:00+00:00, execution_date=20260612T120000, start_date=20260612T132142, end_date=20260612T132146
[2026-06-12T13:21:46.506+0000] {local_task_job_runner.py:240} INFO - Task exited with return code 0
[2026-06-12T13:21:46.551+0000] {taskinstance.py:3498} INFO - 0 downstream tasks scheduled from follow-on schedule check
[2026-06-12T13:21:46.558+0000] {local_task_job_runner.py:222} INFO - ::endgroup::
