[2026-06-08T20:03:37.745+0000] {processor.py:161} INFO - Started process (PID=71) to work on /home/airflow/.local/lib/python3.12/site-packages/airflow/example_dags/example_branch_operator.py
[2026-06-08T20:03:37.745+0000] {processor.py:830} INFO - Processing file /home/airflow/.local/lib/python3.12/site-packages/airflow/example_dags/example_branch_operator.py for tasks to queue
[2026-06-08T20:03:37.751+0000] {logging_mixin.py:188} INFO - [2026-06-08T20:03:37.750+0000] {dagbag.py:545} INFO - Filling up the DagBag from /home/airflow/.local/lib/python3.12/site-packages/airflow/example_dags/example_branch_operator.py
[2026-06-08T20:03:37.837+0000] {processor.py:840} INFO - DAG(s) 'example_branch_operator' retrieved from /home/airflow/.local/lib/python3.12/site-packages/airflow/example_dags/example_branch_operator.py
[2026-06-08T20:03:38.845+0000] {logging_mixin.py:188} INFO - [2026-06-08T20:03:38.845+0000] {dag.py:3096} INFO - Sync 1 DAGs
[2026-06-08T20:03:39.170+0000] {logging_mixin.py:188} INFO - [2026-06-08T20:03:39.170+0000] {dag.py:3954} INFO - Setting next_dagrun for example_branch_operator to 2026-06-07 00:00:00+00:00, run_after=2026-06-08 00:00:00+00:00
[2026-06-08T20:03:39.735+0000] {processor.py:183} INFO - Processing /home/airflow/.local/lib/python3.12/site-packages/airflow/example_dags/example_branch_operator.py took 2.011 seconds
[2026-06-08T20:04:10.431+0000] {processor.py:161} INFO - Started process (PID=129) to work on /home/airflow/.local/lib/python3.12/site-packages/airflow/example_dags/example_branch_operator.py
[2026-06-08T20:04:10.441+0000] {processor.py:830} INFO - Processing file /home/airflow/.local/lib/python3.12/site-packages/airflow/example_dags/example_branch_operator.py for tasks to queue
[2026-06-08T20:04:10.522+0000] {logging_mixin.py:188} INFO - [2026-06-08T20:04:10.492+0000] {dagbag.py:545} INFO - Filling up the DagBag from /home/airflow/.local/lib/python3.12/site-packages/airflow/example_dags/example_branch_operator.py
[2026-06-08T20:04:10.939+0000] {processor.py:840} INFO - DAG(s) 'example_branch_operator' retrieved from /home/airflow/.local/lib/python3.12/site-packages/airflow/example_dags/example_branch_operator.py
[2026-06-08T20:04:11.262+0000] {logging_mixin.py:188} INFO - [2026-06-08T20:04:11.262+0000] {dag.py:3096} INFO - Sync 1 DAGs
[2026-06-08T20:04:11.385+0000] {logging_mixin.py:188} INFO - [2026-06-08T20:04:11.384+0000] {dag.py:3954} INFO - Setting next_dagrun for example_branch_operator to 2026-06-07 00:00:00+00:00, run_after=2026-06-08 00:00:00+00:00
[2026-06-08T20:04:11.408+0000] {processor.py:183} INFO - Processing /home/airflow/.local/lib/python3.12/site-packages/airflow/example_dags/example_branch_operator.py took 1.110 seconds
[2026-06-08T20:04:42.274+0000] {processor.py:161} INFO - Started process (PID=185) to work on /home/airflow/.local/lib/python3.12/site-packages/airflow/example_dags/example_branch_operator.py
[2026-06-08T20:04:42.277+0000] {processor.py:830} INFO - Processing file /home/airflow/.local/lib/python3.12/site-packages/airflow/example_dags/example_branch_operator.py for tasks to queue
[2026-06-08T20:04:42.282+0000] {logging_mixin.py:188} INFO - [2026-06-08T20:04:42.281+0000] {dagbag.py:545} INFO - Filling up the DagBag from /home/airflow/.local/lib/python3.12/site-packages/airflow/example_dags/example_branch_operator.py
[2026-06-08T20:04:42.390+0000] {processor.py:840} INFO - DAG(s) 'example_branch_operator' retrieved from /home/airflow/.local/lib/python3.12/site-packages/airflow/example_dags/example_branch_operator.py
[2026-06-08T20:04:42.632+0000] {logging_mixin.py:188} INFO - [2026-06-08T20:04:42.632+0000] {dag.py:3096} INFO - Sync 1 DAGs
[2026-06-08T20:04:42.803+0000] {logging_mixin.py:188} INFO - [2026-06-08T20:04:42.798+0000] {dag.py:3954} INFO - Setting next_dagrun for example_branch_operator to 2026-06-07 00:00:00+00:00, run_after=2026-06-08 00:00:00+00:00
[2026-06-08T20:04:42.880+0000] {processor.py:183} INFO - Processing /home/airflow/.local/lib/python3.12/site-packages/airflow/example_dags/example_branch_operator.py took 0.640 seconds
[2026-06-08T20:05:13.032+0000] {processor.py:161} INFO - Started process (PID=243) to work on /home/airflow/.local/lib/python3.12/site-packages/airflow/example_dags/example_branch_operator.py
[2026-06-08T20:05:13.033+0000] {processor.py:830} INFO - Processing file /home/airflow/.local/lib/python3.12/site-packages/airflow/example_dags/example_branch_operator.py for tasks to queue
[2026-06-08T20:05:13.037+0000] {logging_mixin.py:188} INFO - [2026-06-08T20:05:13.037+0000] {dagbag.py:545} INFO - Filling up the DagBag from /home/airflow/.local/lib/python3.12/site-packages/airflow/example_dags/example_branch_operator.py
[2026-06-08T20:05:13.056+0000] {processor.py:840} INFO - DAG(s) 'example_branch_operator' retrieved from /home/airflow/.local/lib/python3.12/site-packages/airflow/example_dags/example_branch_operator.py
[2026-06-08T20:05:13.085+0000] {logging_mixin.py:188} INFO - [2026-06-08T20:05:13.085+0000] {dag.py:3096} INFO - Sync 1 DAGs
[2026-06-08T20:05:13.107+0000] {logging_mixin.py:188} INFO - [2026-06-08T20:05:13.107+0000] {dag.py:3954} INFO - Setting next_dagrun for example_branch_operator to 2026-06-07 00:00:00+00:00, run_after=2026-06-08 00:00:00+00:00
[2026-06-08T20:05:13.124+0000] {processor.py:183} INFO - Processing /home/airflow/.local/lib/python3.12/site-packages/airflow/example_dags/example_branch_operator.py took 0.100 seconds
[2026-06-08T20:05:43.216+0000] {processor.py:161} INFO - Started process (PID=301) to work on /home/airflow/.local/lib/python3.12/site-packages/airflow/example_dags/example_branch_operator.py
[2026-06-08T20:05:43.217+0000] {processor.py:830} INFO - Processing file /home/airflow/.local/lib/python3.12/site-packages/airflow/example_dags/example_branch_operator.py for tasks to queue
[2026-06-08T20:05:43.219+0000] {logging_mixin.py:188} INFO - [2026-06-08T20:05:43.218+0000] {dagbag.py:545} INFO - Filling up the DagBag from /home/airflow/.local/lib/python3.12/site-packages/airflow/example_dags/example_branch_operator.py
[2026-06-08T20:05:43.246+0000] {processor.py:840} INFO - DAG(s) 'example_branch_operator' retrieved from /home/airflow/.local/lib/python3.12/site-packages/airflow/example_dags/example_branch_operator.py
[2026-06-08T20:05:43.276+0000] {logging_mixin.py:188} INFO - [2026-06-08T20:05:43.275+0000] {dag.py:3096} INFO - Sync 1 DAGs
[2026-06-08T20:05:43.296+0000] {logging_mixin.py:188} INFO - [2026-06-08T20:05:43.296+0000] {dag.py:3954} INFO - Setting next_dagrun for example_branch_operator to 2026-06-07 00:00:00+00:00, run_after=2026-06-08 00:00:00+00:00
[2026-06-08T20:05:43.312+0000] {processor.py:183} INFO - Processing /home/airflow/.local/lib/python3.12/site-packages/airflow/example_dags/example_branch_operator.py took 0.103 seconds
[2026-06-08T20:06:13.413+0000] {processor.py:161} INFO - Started process (PID=359) to work on /home/airflow/.local/lib/python3.12/site-packages/airflow/example_dags/example_branch_operator.py
[2026-06-08T20:06:13.414+0000] {processor.py:830} INFO - Processing file /home/airflow/.local/lib/python3.12/site-packages/airflow/example_dags/example_branch_operator.py for tasks to queue
[2026-06-08T20:06:13.415+0000] {logging_mixin.py:188} INFO - [2026-06-08T20:06:13.415+0000] {dagbag.py:545} INFO - Filling up the DagBag from /home/airflow/.local/lib/python3.12/site-packages/airflow/example_dags/example_branch_operator.py
[2026-06-08T20:06:13.430+0000] {processor.py:840} INFO - DAG(s) 'example_branch_operator' retrieved from /home/airflow/.local/lib/python3.12/site-packages/airflow/example_dags/example_branch_operator.py
[2026-06-08T20:06:13.467+0000] {logging_mixin.py:188} INFO - [2026-06-08T20:06:13.466+0000] {dag.py:3096} INFO - Sync 1 DAGs
[2026-06-08T20:06:13.492+0000] {logging_mixin.py:188} INFO - [2026-06-08T20:06:13.492+0000] {dag.py:3954} INFO - Setting next_dagrun for example_branch_operator to 2026-06-07 00:00:00+00:00, run_after=2026-06-08 00:00:00+00:00
[2026-06-08T20:06:13.510+0000] {processor.py:183} INFO - Processing /home/airflow/.local/lib/python3.12/site-packages/airflow/example_dags/example_branch_operator.py took 0.103 seconds
[2026-06-08T20:06:43.582+0000] {processor.py:161} INFO - Started process (PID=417) to work on /home/airflow/.local/lib/python3.12/site-packages/airflow/example_dags/example_branch_operator.py
[2026-06-08T20:06:43.583+0000] {processor.py:830} INFO - Processing file /home/airflow/.local/lib/python3.12/site-packages/airflow/example_dags/example_branch_operator.py for tasks to queue
[2026-06-08T20:06:43.585+0000] {logging_mixin.py:188} INFO - [2026-06-08T20:06:43.584+0000] {dagbag.py:545} INFO - Filling up the DagBag from /home/airflow/.local/lib/python3.12/site-packages/airflow/example_dags/example_branch_operator.py
[2026-06-08T20:06:43.600+0000] {processor.py:840} INFO - DAG(s) 'example_branch_operator' retrieved from /home/airflow/.local/lib/python3.12/site-packages/airflow/example_dags/example_branch_operator.py
[2026-06-08T20:06:43.628+0000] {logging_mixin.py:188} INFO - [2026-06-08T20:06:43.628+0000] {dag.py:3096} INFO - Sync 1 DAGs
[2026-06-08T20:06:43.651+0000] {logging_mixin.py:188} INFO - [2026-06-08T20:06:43.651+0000] {dag.py:3954} INFO - Setting next_dagrun for example_branch_operator to 2026-06-07 00:00:00+00:00, run_after=2026-06-08 00:00:00+00:00
[2026-06-08T20:06:43.668+0000] {processor.py:183} INFO - Processing /home/airflow/.local/lib/python3.12/site-packages/airflow/example_dags/example_branch_operator.py took 0.091 seconds
[2026-06-08T20:08:19.641+0000] {processor.py:161} INFO - Started process (PID=64) to work on /home/airflow/.local/lib/python3.12/site-packages/airflow/example_dags/example_branch_operator.py
[2026-06-08T20:08:19.644+0000] {processor.py:830} INFO - Processing file /home/airflow/.local/lib/python3.12/site-packages/airflow/example_dags/example_branch_operator.py for tasks to queue
[2026-06-08T20:08:19.647+0000] {logging_mixin.py:188} INFO - [2026-06-08T20:08:19.647+0000] {dagbag.py:545} INFO - Filling up the DagBag from /home/airflow/.local/lib/python3.12/site-packages/airflow/example_dags/example_branch_operator.py
[2026-06-08T20:08:19.709+0000] {processor.py:840} INFO - DAG(s) 'example_branch_operator' retrieved from /home/airflow/.local/lib/python3.12/site-packages/airflow/example_dags/example_branch_operator.py
[2026-06-08T20:08:20.030+0000] {logging_mixin.py:188} INFO - [2026-06-08T20:08:20.029+0000] {dag.py:3096} INFO - Sync 1 DAGs
[2026-06-08T20:08:20.085+0000] {logging_mixin.py:188} INFO - [2026-06-08T20:08:20.085+0000] {dag.py:3954} INFO - Setting next_dagrun for example_branch_operator to 2026-06-07 00:00:00+00:00, run_after=2026-06-08 00:00:00+00:00
[2026-06-08T20:08:20.131+0000] {processor.py:183} INFO - Processing /home/airflow/.local/lib/python3.12/site-packages/airflow/example_dags/example_branch_operator.py took 0.508 seconds
[2026-06-08T20:08:50.817+0000] {processor.py:161} INFO - Started process (PID=121) to work on /home/airflow/.local/lib/python3.12/site-packages/airflow/example_dags/example_branch_operator.py
[2026-06-08T20:08:50.818+0000] {processor.py:830} INFO - Processing file /home/airflow/.local/lib/python3.12/site-packages/airflow/example_dags/example_branch_operator.py for tasks to queue
[2026-06-08T20:08:50.820+0000] {logging_mixin.py:188} INFO - [2026-06-08T20:08:50.820+0000] {dagbag.py:545} INFO - Filling up the DagBag from /home/airflow/.local/lib/python3.12/site-packages/airflow/example_dags/example_branch_operator.py
[2026-06-08T20:08:50.844+0000] {processor.py:840} INFO - DAG(s) 'example_branch_operator' retrieved from /home/airflow/.local/lib/python3.12/site-packages/airflow/example_dags/example_branch_operator.py
[2026-06-08T20:08:50.887+0000] {logging_mixin.py:188} INFO - [2026-06-08T20:08:50.886+0000] {dag.py:3096} INFO - Sync 1 DAGs
[2026-06-08T20:08:50.987+0000] {logging_mixin.py:188} INFO - [2026-06-08T20:08:50.987+0000] {dag.py:3954} INFO - Setting next_dagrun for example_branch_operator to 2026-06-07 00:00:00+00:00, run_after=2026-06-08 00:00:00+00:00
[2026-06-08T20:08:51.011+0000] {processor.py:183} INFO - Processing /home/airflow/.local/lib/python3.12/site-packages/airflow/example_dags/example_branch_operator.py took 0.201 seconds
[2026-06-08T20:09:21.788+0000] {processor.py:161} INFO - Started process (PID=179) to work on /home/airflow/.local/lib/python3.12/site-packages/airflow/example_dags/example_branch_operator.py
[2026-06-08T20:09:21.789+0000] {processor.py:830} INFO - Processing file /home/airflow/.local/lib/python3.12/site-packages/airflow/example_dags/example_branch_operator.py for tasks to queue
[2026-06-08T20:09:21.791+0000] {logging_mixin.py:188} INFO - [2026-06-08T20:09:21.791+0000] {dagbag.py:545} INFO - Filling up the DagBag from /home/airflow/.local/lib/python3.12/site-packages/airflow/example_dags/example_branch_operator.py
[2026-06-08T20:09:21.813+0000] {processor.py:840} INFO - DAG(s) 'example_branch_operator' retrieved from /home/airflow/.local/lib/python3.12/site-packages/airflow/example_dags/example_branch_operator.py
[2026-06-08T20:09:21.854+0000] {logging_mixin.py:188} INFO - [2026-06-08T20:09:21.854+0000] {dag.py:3096} INFO - Sync 1 DAGs
[2026-06-08T20:09:21.923+0000] {logging_mixin.py:188} INFO - [2026-06-08T20:09:21.917+0000] {dag.py:3954} INFO - Setting next_dagrun for example_branch_operator to 2026-06-07 00:00:00+00:00, run_after=2026-06-08 00:00:00+00:00
[2026-06-08T20:09:22.004+0000] {processor.py:183} INFO - Processing /home/airflow/.local/lib/python3.12/site-packages/airflow/example_dags/example_branch_operator.py took 0.224 seconds
[2026-06-08T20:09:52.286+0000] {processor.py:161} INFO - Started process (PID=237) to work on /home/airflow/.local/lib/python3.12/site-packages/airflow/example_dags/example_branch_operator.py
[2026-06-08T20:09:52.287+0000] {processor.py:830} INFO - Processing file /home/airflow/.local/lib/python3.12/site-packages/airflow/example_dags/example_branch_operator.py for tasks to queue
[2026-06-08T20:09:52.290+0000] {logging_mixin.py:188} INFO - [2026-06-08T20:09:52.289+0000] {dagbag.py:545} INFO - Filling up the DagBag from /home/airflow/.local/lib/python3.12/site-packages/airflow/example_dags/example_branch_operator.py
[2026-06-08T20:09:52.322+0000] {processor.py:840} INFO - DAG(s) 'example_branch_operator' retrieved from /home/airflow/.local/lib/python3.12/site-packages/airflow/example_dags/example_branch_operator.py
[2026-06-08T20:09:52.411+0000] {logging_mixin.py:188} INFO - [2026-06-08T20:09:52.411+0000] {dag.py:3096} INFO - Sync 1 DAGs
[2026-06-08T20:09:52.507+0000] {logging_mixin.py:188} INFO - [2026-06-08T20:09:52.507+0000] {dag.py:3954} INFO - Setting next_dagrun for example_branch_operator to 2026-06-07 00:00:00+00:00, run_after=2026-06-08 00:00:00+00:00
[2026-06-08T20:09:52.564+0000] {processor.py:183} INFO - Processing /home/airflow/.local/lib/python3.12/site-packages/airflow/example_dags/example_branch_operator.py took 0.287 seconds
[2026-06-08T20:10:23.202+0000] {processor.py:161} INFO - Started process (PID=297) to work on /home/airflow/.local/lib/python3.12/site-packages/airflow/example_dags/example_branch_operator.py
[2026-06-08T20:10:23.203+0000] {processor.py:830} INFO - Processing file /home/airflow/.local/lib/python3.12/site-packages/airflow/example_dags/example_branch_operator.py for tasks to queue
[2026-06-08T20:10:23.205+0000] {logging_mixin.py:188} INFO - [2026-06-08T20:10:23.205+0000] {dagbag.py:545} INFO - Filling up the DagBag from /home/airflow/.local/lib/python3.12/site-packages/airflow/example_dags/example_branch_operator.py
[2026-06-08T20:10:23.228+0000] {processor.py:840} INFO - DAG(s) 'example_branch_operator' retrieved from /home/airflow/.local/lib/python3.12/site-packages/airflow/example_dags/example_branch_operator.py
[2026-06-08T20:10:23.276+0000] {logging_mixin.py:188} INFO - [2026-06-08T20:10:23.276+0000] {dag.py:3096} INFO - Sync 1 DAGs
[2026-06-08T20:10:23.320+0000] {logging_mixin.py:188} INFO - [2026-06-08T20:10:23.320+0000] {dag.py:3954} INFO - Setting next_dagrun for example_branch_operator to 2026-06-07 00:00:00+00:00, run_after=2026-06-08 00:00:00+00:00
[2026-06-08T20:10:23.343+0000] {processor.py:183} INFO - Processing /home/airflow/.local/lib/python3.12/site-packages/airflow/example_dags/example_branch_operator.py took 0.149 seconds
[2026-06-08T20:10:54.802+0000] {processor.py:161} INFO - Started process (PID=361) to work on /home/airflow/.local/lib/python3.12/site-packages/airflow/example_dags/example_branch_operator.py
[2026-06-08T20:10:54.806+0000] {processor.py:830} INFO - Processing file /home/airflow/.local/lib/python3.12/site-packages/airflow/example_dags/example_branch_operator.py for tasks to queue
[2026-06-08T20:10:54.810+0000] {logging_mixin.py:188} INFO - [2026-06-08T20:10:54.808+0000] {dagbag.py:545} INFO - Filling up the DagBag from /home/airflow/.local/lib/python3.12/site-packages/airflow/example_dags/example_branch_operator.py
[2026-06-08T20:10:54.852+0000] {processor.py:840} INFO - DAG(s) 'example_branch_operator' retrieved from /home/airflow/.local/lib/python3.12/site-packages/airflow/example_dags/example_branch_operator.py
[2026-06-08T20:10:54.958+0000] {logging_mixin.py:188} INFO - [2026-06-08T20:10:54.951+0000] {dag.py:3096} INFO - Sync 1 DAGs
[2026-06-08T20:10:55.080+0000] {logging_mixin.py:188} INFO - [2026-06-08T20:10:55.080+0000] {dag.py:3954} INFO - Setting next_dagrun for example_branch_operator to 2026-06-07 00:00:00+00:00, run_after=2026-06-08 00:00:00+00:00
[2026-06-08T20:10:55.127+0000] {processor.py:183} INFO - Processing /home/airflow/.local/lib/python3.12/site-packages/airflow/example_dags/example_branch_operator.py took 0.338 seconds
[2026-06-08T20:11:25.666+0000] {processor.py:161} INFO - Started process (PID=418) to work on /home/airflow/.local/lib/python3.12/site-packages/airflow/example_dags/example_branch_operator.py
[2026-06-08T20:11:25.671+0000] {processor.py:830} INFO - Processing file /home/airflow/.local/lib/python3.12/site-packages/airflow/example_dags/example_branch_operator.py for tasks to queue
[2026-06-08T20:11:25.677+0000] {logging_mixin.py:188} INFO - [2026-06-08T20:11:25.677+0000] {dagbag.py:545} INFO - Filling up the DagBag from /home/airflow/.local/lib/python3.12/site-packages/airflow/example_dags/example_branch_operator.py
[2026-06-08T20:11:25.787+0000] {processor.py:840} INFO - DAG(s) 'example_branch_operator' retrieved from /home/airflow/.local/lib/python3.12/site-packages/airflow/example_dags/example_branch_operator.py
[2026-06-08T20:11:25.976+0000] {logging_mixin.py:188} INFO - [2026-06-08T20:11:25.974+0000] {dag.py:3096} INFO - Sync 1 DAGs
[2026-06-08T20:11:26.057+0000] {logging_mixin.py:188} INFO - [2026-06-08T20:11:26.056+0000] {dag.py:3954} INFO - Setting next_dagrun for example_branch_operator to 2026-06-07 00:00:00+00:00, run_after=2026-06-08 00:00:00+00:00
[2026-06-08T20:11:26.156+0000] {processor.py:183} INFO - Processing /home/airflow/.local/lib/python3.12/site-packages/airflow/example_dags/example_branch_operator.py took 0.517 seconds
[2026-06-08T20:11:56.710+0000] {processor.py:161} INFO - Started process (PID=477) to work on /home/airflow/.local/lib/python3.12/site-packages/airflow/example_dags/example_branch_operator.py
[2026-06-08T20:11:56.711+0000] {processor.py:830} INFO - Processing file /home/airflow/.local/lib/python3.12/site-packages/airflow/example_dags/example_branch_operator.py for tasks to queue
[2026-06-08T20:11:56.713+0000] {logging_mixin.py:188} INFO - [2026-06-08T20:11:56.713+0000] {dagbag.py:545} INFO - Filling up the DagBag from /home/airflow/.local/lib/python3.12/site-packages/airflow/example_dags/example_branch_operator.py
[2026-06-08T20:11:56.736+0000] {processor.py:840} INFO - DAG(s) 'example_branch_operator' retrieved from /home/airflow/.local/lib/python3.12/site-packages/airflow/example_dags/example_branch_operator.py
[2026-06-08T20:11:56.797+0000] {logging_mixin.py:188} INFO - [2026-06-08T20:11:56.797+0000] {dag.py:3096} INFO - Sync 1 DAGs
[2026-06-08T20:11:56.833+0000] {logging_mixin.py:188} INFO - [2026-06-08T20:11:56.833+0000] {dag.py:3954} INFO - Setting next_dagrun for example_branch_operator to 2026-06-07 00:00:00+00:00, run_after=2026-06-08 00:00:00+00:00
[2026-06-08T20:11:56.855+0000] {processor.py:183} INFO - Processing /home/airflow/.local/lib/python3.12/site-packages/airflow/example_dags/example_branch_operator.py took 0.152 seconds
[2026-06-08T20:12:27.017+0000] {processor.py:161} INFO - Started process (PID=535) to work on /home/airflow/.local/lib/python3.12/site-packages/airflow/example_dags/example_branch_operator.py
[2026-06-08T20:12:27.018+0000] {processor.py:830} INFO - Processing file /home/airflow/.local/lib/python3.12/site-packages/airflow/example_dags/example_branch_operator.py for tasks to queue
[2026-06-08T20:12:27.021+0000] {logging_mixin.py:188} INFO - [2026-06-08T20:12:27.021+0000] {dagbag.py:545} INFO - Filling up the DagBag from /home/airflow/.local/lib/python3.12/site-packages/airflow/example_dags/example_branch_operator.py
[2026-06-08T20:12:27.042+0000] {processor.py:840} INFO - DAG(s) 'example_branch_operator' retrieved from /home/airflow/.local/lib/python3.12/site-packages/airflow/example_dags/example_branch_operator.py
[2026-06-08T20:12:27.084+0000] {logging_mixin.py:188} INFO - [2026-06-08T20:12:27.084+0000] {dag.py:3096} INFO - Sync 1 DAGs
[2026-06-08T20:12:27.115+0000] {logging_mixin.py:188} INFO - [2026-06-08T20:12:27.114+0000] {dag.py:3954} INFO - Setting next_dagrun for example_branch_operator to 2026-06-07 00:00:00+00:00, run_after=2026-06-08 00:00:00+00:00
[2026-06-08T20:12:27.136+0000] {processor.py:183} INFO - Processing /home/airflow/.local/lib/python3.12/site-packages/airflow/example_dags/example_branch_operator.py took 0.126 seconds
[2026-06-08T20:12:58.021+0000] {processor.py:161} INFO - Started process (PID=593) to work on /home/airflow/.local/lib/python3.12/site-packages/airflow/example_dags/example_branch_operator.py
[2026-06-08T20:12:58.022+0000] {processor.py:830} INFO - Processing file /home/airflow/.local/lib/python3.12/site-packages/airflow/example_dags/example_branch_operator.py for tasks to queue
[2026-06-08T20:12:58.025+0000] {logging_mixin.py:188} INFO - [2026-06-08T20:12:58.024+0000] {dagbag.py:545} INFO - Filling up the DagBag from /home/airflow/.local/lib/python3.12/site-packages/airflow/example_dags/example_branch_operator.py
[2026-06-08T20:12:58.053+0000] {processor.py:840} INFO - DAG(s) 'example_branch_operator' retrieved from /home/airflow/.local/lib/python3.12/site-packages/airflow/example_dags/example_branch_operator.py
[2026-06-08T20:12:58.140+0000] {logging_mixin.py:188} INFO - [2026-06-08T20:12:58.139+0000] {dag.py:3096} INFO - Sync 1 DAGs
[2026-06-08T20:12:58.188+0000] {logging_mixin.py:188} INFO - [2026-06-08T20:12:58.188+0000] {dag.py:3954} INFO - Setting next_dagrun for example_branch_operator to 2026-06-07 00:00:00+00:00, run_after=2026-06-08 00:00:00+00:00
[2026-06-08T20:12:58.287+0000] {processor.py:183} INFO - Processing /home/airflow/.local/lib/python3.12/site-packages/airflow/example_dags/example_branch_operator.py took 0.283 seconds
[2026-06-08T20:13:31.524+0000] {processor.py:161} INFO - Started process (PID=650) to work on /home/airflow/.local/lib/python3.12/site-packages/airflow/example_dags/example_branch_operator.py
[2026-06-08T20:13:31.537+0000] {processor.py:830} INFO - Processing file /home/airflow/.local/lib/python3.12/site-packages/airflow/example_dags/example_branch_operator.py for tasks to queue
[2026-06-08T20:13:31.551+0000] {logging_mixin.py:188} INFO - [2026-06-08T20:13:31.546+0000] {dagbag.py:545} INFO - Filling up the DagBag from /home/airflow/.local/lib/python3.12/site-packages/airflow/example_dags/example_branch_operator.py
[2026-06-08T20:13:31.786+0000] {processor.py:840} INFO - DAG(s) 'example_branch_operator' retrieved from /home/airflow/.local/lib/python3.12/site-packages/airflow/example_dags/example_branch_operator.py
[2026-06-08T20:13:32.111+0000] {logging_mixin.py:188} INFO - [2026-06-08T20:13:32.101+0000] {dag.py:3096} INFO - Sync 1 DAGs
[2026-06-08T20:13:32.359+0000] {logging_mixin.py:188} INFO - [2026-06-08T20:13:32.359+0000] {dag.py:3954} INFO - Setting next_dagrun for example_branch_operator to 2026-06-07 00:00:00+00:00, run_after=2026-06-08 00:00:00+00:00
[2026-06-08T20:13:32.595+0000] {processor.py:183} INFO - Processing /home/airflow/.local/lib/python3.12/site-packages/airflow/example_dags/example_branch_operator.py took 1.115 seconds
[2026-06-08T20:14:02.944+0000] {processor.py:161} INFO - Started process (PID=708) to work on /home/airflow/.local/lib/python3.12/site-packages/airflow/example_dags/example_branch_operator.py
[2026-06-08T20:14:02.951+0000] {processor.py:830} INFO - Processing file /home/airflow/.local/lib/python3.12/site-packages/airflow/example_dags/example_branch_operator.py for tasks to queue
[2026-06-08T20:14:02.957+0000] {logging_mixin.py:188} INFO - [2026-06-08T20:14:02.957+0000] {dagbag.py:545} INFO - Filling up the DagBag from /home/airflow/.local/lib/python3.12/site-packages/airflow/example_dags/example_branch_operator.py
[2026-06-08T20:14:03.280+0000] {processor.py:840} INFO - DAG(s) 'example_branch_operator' retrieved from /home/airflow/.local/lib/python3.12/site-packages/airflow/example_dags/example_branch_operator.py
[2026-06-08T20:14:03.439+0000] {logging_mixin.py:188} INFO - [2026-06-08T20:14:03.438+0000] {dag.py:3096} INFO - Sync 1 DAGs
[2026-06-08T20:14:03.505+0000] {logging_mixin.py:188} INFO - [2026-06-08T20:14:03.505+0000] {dag.py:3954} INFO - Setting next_dagrun for example_branch_operator to 2026-06-07 00:00:00+00:00, run_after=2026-06-08 00:00:00+00:00
[2026-06-08T20:14:03.558+0000] {processor.py:183} INFO - Processing /home/airflow/.local/lib/python3.12/site-packages/airflow/example_dags/example_branch_operator.py took 0.653 seconds
[2026-06-08T20:14:33.734+0000] {processor.py:161} INFO - Started process (PID=764) to work on /home/airflow/.local/lib/python3.12/site-packages/airflow/example_dags/example_branch_operator.py
[2026-06-08T20:14:33.735+0000] {processor.py:830} INFO - Processing file /home/airflow/.local/lib/python3.12/site-packages/airflow/example_dags/example_branch_operator.py for tasks to queue
[2026-06-08T20:14:33.736+0000] {logging_mixin.py:188} INFO - [2026-06-08T20:14:33.736+0000] {dagbag.py:545} INFO - Filling up the DagBag from /home/airflow/.local/lib/python3.12/site-packages/airflow/example_dags/example_branch_operator.py
[2026-06-08T20:14:33.751+0000] {processor.py:840} INFO - DAG(s) 'example_branch_operator' retrieved from /home/airflow/.local/lib/python3.12/site-packages/airflow/example_dags/example_branch_operator.py
[2026-06-08T20:14:33.782+0000] {logging_mixin.py:188} INFO - [2026-06-08T20:14:33.782+0000] {dag.py:3096} INFO - Sync 1 DAGs
[2026-06-08T20:14:33.803+0000] {logging_mixin.py:188} INFO - [2026-06-08T20:14:33.803+0000] {dag.py:3954} INFO - Setting next_dagrun for example_branch_operator to 2026-06-07 00:00:00+00:00, run_after=2026-06-08 00:00:00+00:00
[2026-06-08T20:14:33.819+0000] {processor.py:183} INFO - Processing /home/airflow/.local/lib/python3.12/site-packages/airflow/example_dags/example_branch_operator.py took 0.091 seconds
[2026-06-08T20:15:04.153+0000] {processor.py:161} INFO - Started process (PID=822) to work on /home/airflow/.local/lib/python3.12/site-packages/airflow/example_dags/example_branch_operator.py
[2026-06-08T20:15:04.155+0000] {processor.py:830} INFO - Processing file /home/airflow/.local/lib/python3.12/site-packages/airflow/example_dags/example_branch_operator.py for tasks to queue
[2026-06-08T20:15:04.158+0000] {logging_mixin.py:188} INFO - [2026-06-08T20:15:04.157+0000] {dagbag.py:545} INFO - Filling up the DagBag from /home/airflow/.local/lib/python3.12/site-packages/airflow/example_dags/example_branch_operator.py
[2026-06-08T20:15:04.176+0000] {processor.py:840} INFO - DAG(s) 'example_branch_operator' retrieved from /home/airflow/.local/lib/python3.12/site-packages/airflow/example_dags/example_branch_operator.py
[2026-06-08T20:15:04.209+0000] {logging_mixin.py:188} INFO - [2026-06-08T20:15:04.209+0000] {dag.py:3096} INFO - Sync 1 DAGs
[2026-06-08T20:15:04.230+0000] {logging_mixin.py:188} INFO - [2026-06-08T20:15:04.230+0000] {dag.py:3954} INFO - Setting next_dagrun for example_branch_operator to 2026-06-07 00:00:00+00:00, run_after=2026-06-08 00:00:00+00:00
[2026-06-08T20:15:04.248+0000] {processor.py:183} INFO - Processing /home/airflow/.local/lib/python3.12/site-packages/airflow/example_dags/example_branch_operator.py took 0.101 seconds
[2026-06-08T20:15:34.593+0000] {processor.py:161} INFO - Started process (PID=880) to work on /home/airflow/.local/lib/python3.12/site-packages/airflow/example_dags/example_branch_operator.py
[2026-06-08T20:15:34.594+0000] {processor.py:830} INFO - Processing file /home/airflow/.local/lib/python3.12/site-packages/airflow/example_dags/example_branch_operator.py for tasks to queue
[2026-06-08T20:15:34.596+0000] {logging_mixin.py:188} INFO - [2026-06-08T20:15:34.595+0000] {dagbag.py:545} INFO - Filling up the DagBag from /home/airflow/.local/lib/python3.12/site-packages/airflow/example_dags/example_branch_operator.py
[2026-06-08T20:15:34.611+0000] {processor.py:840} INFO - DAG(s) 'example_branch_operator' retrieved from /home/airflow/.local/lib/python3.12/site-packages/airflow/example_dags/example_branch_operator.py
[2026-06-08T20:15:34.640+0000] {logging_mixin.py:188} INFO - [2026-06-08T20:15:34.640+0000] {dag.py:3096} INFO - Sync 1 DAGs
[2026-06-08T20:15:34.662+0000] {logging_mixin.py:188} INFO - [2026-06-08T20:15:34.662+0000] {dag.py:3954} INFO - Setting next_dagrun for example_branch_operator to 2026-06-07 00:00:00+00:00, run_after=2026-06-08 00:00:00+00:00
[2026-06-08T20:15:34.681+0000] {processor.py:183} INFO - Processing /home/airflow/.local/lib/python3.12/site-packages/airflow/example_dags/example_branch_operator.py took 0.093 seconds
[2026-06-08T20:16:05.419+0000] {processor.py:161} INFO - Started process (PID=938) to work on /home/airflow/.local/lib/python3.12/site-packages/airflow/example_dags/example_branch_operator.py
[2026-06-08T20:16:05.420+0000] {processor.py:830} INFO - Processing file /home/airflow/.local/lib/python3.12/site-packages/airflow/example_dags/example_branch_operator.py for tasks to queue
[2026-06-08T20:16:05.421+0000] {logging_mixin.py:188} INFO - [2026-06-08T20:16:05.421+0000] {dagbag.py:545} INFO - Filling up the DagBag from /home/airflow/.local/lib/python3.12/site-packages/airflow/example_dags/example_branch_operator.py
[2026-06-08T20:16:05.436+0000] {processor.py:840} INFO - DAG(s) 'example_branch_operator' retrieved from /home/airflow/.local/lib/python3.12/site-packages/airflow/example_dags/example_branch_operator.py
[2026-06-08T20:16:05.465+0000] {logging_mixin.py:188} INFO - [2026-06-08T20:16:05.465+0000] {dag.py:3096} INFO - Sync 1 DAGs
[2026-06-08T20:16:05.486+0000] {logging_mixin.py:188} INFO - [2026-06-08T20:16:05.485+0000] {dag.py:3954} INFO - Setting next_dagrun for example_branch_operator to 2026-06-07 00:00:00+00:00, run_after=2026-06-08 00:00:00+00:00
[2026-06-08T20:16:05.507+0000] {processor.py:183} INFO - Processing /home/airflow/.local/lib/python3.12/site-packages/airflow/example_dags/example_branch_operator.py took 0.093 seconds
[2026-06-08T20:16:35.816+0000] {processor.py:161} INFO - Started process (PID=996) to work on /home/airflow/.local/lib/python3.12/site-packages/airflow/example_dags/example_branch_operator.py
[2026-06-08T20:16:35.817+0000] {processor.py:830} INFO - Processing file /home/airflow/.local/lib/python3.12/site-packages/airflow/example_dags/example_branch_operator.py for tasks to queue
[2026-06-08T20:16:35.818+0000] {logging_mixin.py:188} INFO - [2026-06-08T20:16:35.818+0000] {dagbag.py:545} INFO - Filling up the DagBag from /home/airflow/.local/lib/python3.12/site-packages/airflow/example_dags/example_branch_operator.py
[2026-06-08T20:16:35.834+0000] {processor.py:840} INFO - DAG(s) 'example_branch_operator' retrieved from /home/airflow/.local/lib/python3.12/site-packages/airflow/example_dags/example_branch_operator.py
[2026-06-08T20:16:35.864+0000] {logging_mixin.py:188} INFO - [2026-06-08T20:16:35.863+0000] {dag.py:3096} INFO - Sync 1 DAGs
[2026-06-08T20:16:35.889+0000] {logging_mixin.py:188} INFO - [2026-06-08T20:16:35.889+0000] {dag.py:3954} INFO - Setting next_dagrun for example_branch_operator to 2026-06-07 00:00:00+00:00, run_after=2026-06-08 00:00:00+00:00
[2026-06-08T20:16:35.912+0000] {processor.py:183} INFO - Processing /home/airflow/.local/lib/python3.12/site-packages/airflow/example_dags/example_branch_operator.py took 0.101 seconds
[2026-06-08T20:17:06.099+0000] {processor.py:161} INFO - Started process (PID=1054) to work on /home/airflow/.local/lib/python3.12/site-packages/airflow/example_dags/example_branch_operator.py
[2026-06-08T20:17:06.106+0000] {processor.py:830} INFO - Processing file /home/airflow/.local/lib/python3.12/site-packages/airflow/example_dags/example_branch_operator.py for tasks to queue
[2026-06-08T20:17:06.111+0000] {logging_mixin.py:188} INFO - [2026-06-08T20:17:06.111+0000] {dagbag.py:545} INFO - Filling up the DagBag from /home/airflow/.local/lib/python3.12/site-packages/airflow/example_dags/example_branch_operator.py
[2026-06-08T20:17:06.195+0000] {processor.py:840} INFO - DAG(s) 'example_branch_operator' retrieved from /home/airflow/.local/lib/python3.12/site-packages/airflow/example_dags/example_branch_operator.py
[2026-06-08T20:17:06.277+0000] {logging_mixin.py:188} INFO - [2026-06-08T20:17:06.277+0000] {dag.py:3096} INFO - Sync 1 DAGs
[2026-06-08T20:17:06.344+0000] {logging_mixin.py:188} INFO - [2026-06-08T20:17:06.344+0000] {dag.py:3954} INFO - Setting next_dagrun for example_branch_operator to 2026-06-07 00:00:00+00:00, run_after=2026-06-08 00:00:00+00:00
[2026-06-08T20:17:06.400+0000] {processor.py:183} INFO - Processing /home/airflow/.local/lib/python3.12/site-packages/airflow/example_dags/example_branch_operator.py took 0.334 seconds
[2026-06-08T20:18:47.218+0000] {processor.py:161} INFO - Started process (PID=66) to work on /home/airflow/.local/lib/python3.12/site-packages/airflow/example_dags/example_branch_operator.py
[2026-06-08T20:18:47.227+0000] {processor.py:830} INFO - Processing file /home/airflow/.local/lib/python3.12/site-packages/airflow/example_dags/example_branch_operator.py for tasks to queue
[2026-06-08T20:18:47.235+0000] {logging_mixin.py:188} INFO - [2026-06-08T20:18:47.234+0000] {dagbag.py:545} INFO - Filling up the DagBag from /home/airflow/.local/lib/python3.12/site-packages/airflow/example_dags/example_branch_operator.py
[2026-06-08T20:18:47.375+0000] {processor.py:840} INFO - DAG(s) 'example_branch_operator' retrieved from /home/airflow/.local/lib/python3.12/site-packages/airflow/example_dags/example_branch_operator.py
[2026-06-08T20:18:48.299+0000] {logging_mixin.py:188} INFO - [2026-06-08T20:18:48.299+0000] {dag.py:3096} INFO - Sync 1 DAGs
[2026-06-08T20:18:48.483+0000] {logging_mixin.py:188} INFO - [2026-06-08T20:18:48.482+0000] {dag.py:3954} INFO - Setting next_dagrun for example_branch_operator to 2026-06-07 00:00:00+00:00, run_after=2026-06-08 00:00:00+00:00
[2026-06-08T20:18:48.783+0000] {processor.py:183} INFO - Processing /home/airflow/.local/lib/python3.12/site-packages/airflow/example_dags/example_branch_operator.py took 1.616 seconds
[2026-06-08T20:19:19.227+0000] {processor.py:161} INFO - Started process (PID=125) to work on /home/airflow/.local/lib/python3.12/site-packages/airflow/example_dags/example_branch_operator.py
[2026-06-08T20:19:19.228+0000] {processor.py:830} INFO - Processing file /home/airflow/.local/lib/python3.12/site-packages/airflow/example_dags/example_branch_operator.py for tasks to queue
[2026-06-08T20:19:19.229+0000] {logging_mixin.py:188} INFO - [2026-06-08T20:19:19.229+0000] {dagbag.py:545} INFO - Filling up the DagBag from /home/airflow/.local/lib/python3.12/site-packages/airflow/example_dags/example_branch_operator.py
[2026-06-08T20:19:19.245+0000] {processor.py:840} INFO - DAG(s) 'example_branch_operator' retrieved from /home/airflow/.local/lib/python3.12/site-packages/airflow/example_dags/example_branch_operator.py
[2026-06-08T20:19:19.273+0000] {logging_mixin.py:188} INFO - [2026-06-08T20:19:19.273+0000] {dag.py:3096} INFO - Sync 1 DAGs
[2026-06-08T20:19:19.295+0000] {logging_mixin.py:188} INFO - [2026-06-08T20:19:19.295+0000] {dag.py:3954} INFO - Setting next_dagrun for example_branch_operator to 2026-06-07 00:00:00+00:00, run_after=2026-06-08 00:00:00+00:00
[2026-06-08T20:19:19.314+0000] {processor.py:183} INFO - Processing /home/airflow/.local/lib/python3.12/site-packages/airflow/example_dags/example_branch_operator.py took 0.092 seconds
[2026-06-08T20:19:49.631+0000] {processor.py:161} INFO - Started process (PID=184) to work on /home/airflow/.local/lib/python3.12/site-packages/airflow/example_dags/example_branch_operator.py
[2026-06-08T20:19:49.632+0000] {processor.py:830} INFO - Processing file /home/airflow/.local/lib/python3.12/site-packages/airflow/example_dags/example_branch_operator.py for tasks to queue
[2026-06-08T20:19:49.634+0000] {logging_mixin.py:188} INFO - [2026-06-08T20:19:49.633+0000] {dagbag.py:545} INFO - Filling up the DagBag from /home/airflow/.local/lib/python3.12/site-packages/airflow/example_dags/example_branch_operator.py
[2026-06-08T20:19:49.658+0000] {processor.py:840} INFO - DAG(s) 'example_branch_operator' retrieved from /home/airflow/.local/lib/python3.12/site-packages/airflow/example_dags/example_branch_operator.py
[2026-06-08T20:19:49.707+0000] {logging_mixin.py:188} INFO - [2026-06-08T20:19:49.707+0000] {dag.py:3096} INFO - Sync 1 DAGs
[2026-06-08T20:19:49.751+0000] {logging_mixin.py:188} INFO - [2026-06-08T20:19:49.750+0000] {dag.py:3954} INFO - Setting next_dagrun for example_branch_operator to 2026-06-07 00:00:00+00:00, run_after=2026-06-08 00:00:00+00:00
[2026-06-08T20:19:49.783+0000] {processor.py:183} INFO - Processing /home/airflow/.local/lib/python3.12/site-packages/airflow/example_dags/example_branch_operator.py took 0.161 seconds
[2026-06-08T20:20:19.964+0000] {processor.py:161} INFO - Started process (PID=242) to work on /home/airflow/.local/lib/python3.12/site-packages/airflow/example_dags/example_branch_operator.py
[2026-06-08T20:20:19.965+0000] {processor.py:830} INFO - Processing file /home/airflow/.local/lib/python3.12/site-packages/airflow/example_dags/example_branch_operator.py for tasks to queue
[2026-06-08T20:20:19.966+0000] {logging_mixin.py:188} INFO - [2026-06-08T20:20:19.966+0000] {dagbag.py:545} INFO - Filling up the DagBag from /home/airflow/.local/lib/python3.12/site-packages/airflow/example_dags/example_branch_operator.py
[2026-06-08T20:20:19.988+0000] {processor.py:840} INFO - DAG(s) 'example_branch_operator' retrieved from /home/airflow/.local/lib/python3.12/site-packages/airflow/example_dags/example_branch_operator.py
[2026-06-08T20:20:20.017+0000] {logging_mixin.py:188} INFO - [2026-06-08T20:20:20.017+0000] {dag.py:3096} INFO - Sync 1 DAGs
[2026-06-08T20:20:20.040+0000] {logging_mixin.py:188} INFO - [2026-06-08T20:20:20.039+0000] {dag.py:3954} INFO - Setting next_dagrun for example_branch_operator to 2026-06-07 00:00:00+00:00, run_after=2026-06-08 00:00:00+00:00
[2026-06-08T20:20:20.058+0000] {processor.py:183} INFO - Processing /home/airflow/.local/lib/python3.12/site-packages/airflow/example_dags/example_branch_operator.py took 0.099 seconds
[2026-06-08T20:20:50.536+0000] {processor.py:161} INFO - Started process (PID=301) to work on /home/airflow/.local/lib/python3.12/site-packages/airflow/example_dags/example_branch_operator.py
[2026-06-08T20:20:50.537+0000] {processor.py:830} INFO - Processing file /home/airflow/.local/lib/python3.12/site-packages/airflow/example_dags/example_branch_operator.py for tasks to queue
[2026-06-08T20:20:50.538+0000] {logging_mixin.py:188} INFO - [2026-06-08T20:20:50.538+0000] {dagbag.py:545} INFO - Filling up the DagBag from /home/airflow/.local/lib/python3.12/site-packages/airflow/example_dags/example_branch_operator.py
[2026-06-08T20:20:50.553+0000] {processor.py:840} INFO - DAG(s) 'example_branch_operator' retrieved from /home/airflow/.local/lib/python3.12/site-packages/airflow/example_dags/example_branch_operator.py
[2026-06-08T20:20:50.582+0000] {logging_mixin.py:188} INFO - [2026-06-08T20:20:50.582+0000] {dag.py:3096} INFO - Sync 1 DAGs
[2026-06-08T20:20:50.602+0000] {logging_mixin.py:188} INFO - [2026-06-08T20:20:50.602+0000] {dag.py:3954} INFO - Setting next_dagrun for example_branch_operator to 2026-06-07 00:00:00+00:00, run_after=2026-06-08 00:00:00+00:00
[2026-06-08T20:20:50.618+0000] {processor.py:183} INFO - Processing /home/airflow/.local/lib/python3.12/site-packages/airflow/example_dags/example_branch_operator.py took 0.087 seconds
[2026-06-08T20:21:20.883+0000] {processor.py:161} INFO - Started process (PID=359) to work on /home/airflow/.local/lib/python3.12/site-packages/airflow/example_dags/example_branch_operator.py
[2026-06-08T20:21:20.883+0000] {processor.py:830} INFO - Processing file /home/airflow/.local/lib/python3.12/site-packages/airflow/example_dags/example_branch_operator.py for tasks to queue
[2026-06-08T20:21:20.885+0000] {logging_mixin.py:188} INFO - [2026-06-08T20:21:20.885+0000] {dagbag.py:545} INFO - Filling up the DagBag from /home/airflow/.local/lib/python3.12/site-packages/airflow/example_dags/example_branch_operator.py
[2026-06-08T20:21:20.901+0000] {processor.py:840} INFO - DAG(s) 'example_branch_operator' retrieved from /home/airflow/.local/lib/python3.12/site-packages/airflow/example_dags/example_branch_operator.py
[2026-06-08T20:21:20.972+0000] {logging_mixin.py:188} INFO - [2026-06-08T20:21:20.971+0000] {dag.py:3096} INFO - Sync 1 DAGs
[2026-06-08T20:21:20.993+0000] {logging_mixin.py:188} INFO - [2026-06-08T20:21:20.992+0000] {dag.py:3954} INFO - Setting next_dagrun for example_branch_operator to 2026-06-07 00:00:00+00:00, run_after=2026-06-08 00:00:00+00:00
[2026-06-08T20:21:21.009+0000] {processor.py:183} INFO - Processing /home/airflow/.local/lib/python3.12/site-packages/airflow/example_dags/example_branch_operator.py took 0.132 seconds
[2026-06-08T20:21:51.120+0000] {processor.py:161} INFO - Started process (PID=418) to work on /home/airflow/.local/lib/python3.12/site-packages/airflow/example_dags/example_branch_operator.py
[2026-06-08T20:21:51.120+0000] {processor.py:830} INFO - Processing file /home/airflow/.local/lib/python3.12/site-packages/airflow/example_dags/example_branch_operator.py for tasks to queue
[2026-06-08T20:21:51.122+0000] {logging_mixin.py:188} INFO - [2026-06-08T20:21:51.122+0000] {dagbag.py:545} INFO - Filling up the DagBag from /home/airflow/.local/lib/python3.12/site-packages/airflow/example_dags/example_branch_operator.py
[2026-06-08T20:21:51.137+0000] {processor.py:840} INFO - DAG(s) 'example_branch_operator' retrieved from /home/airflow/.local/lib/python3.12/site-packages/airflow/example_dags/example_branch_operator.py
[2026-06-08T20:21:51.174+0000] {logging_mixin.py:188} INFO - [2026-06-08T20:21:51.174+0000] {dag.py:3096} INFO - Sync 1 DAGs
[2026-06-08T20:21:51.196+0000] {logging_mixin.py:188} INFO - [2026-06-08T20:21:51.195+0000] {dag.py:3954} INFO - Setting next_dagrun for example_branch_operator to 2026-06-07 00:00:00+00:00, run_after=2026-06-08 00:00:00+00:00
[2026-06-08T20:21:51.213+0000] {processor.py:183} INFO - Processing /home/airflow/.local/lib/python3.12/site-packages/airflow/example_dags/example_branch_operator.py took 0.098 seconds
[2026-06-08T20:22:21.390+0000] {processor.py:161} INFO - Started process (PID=477) to work on /home/airflow/.local/lib/python3.12/site-packages/airflow/example_dags/example_branch_operator.py
[2026-06-08T20:22:21.393+0000] {processor.py:830} INFO - Processing file /home/airflow/.local/lib/python3.12/site-packages/airflow/example_dags/example_branch_operator.py for tasks to queue
[2026-06-08T20:22:21.397+0000] {logging_mixin.py:188} INFO - [2026-06-08T20:22:21.397+0000] {dagbag.py:545} INFO - Filling up the DagBag from /home/airflow/.local/lib/python3.12/site-packages/airflow/example_dags/example_branch_operator.py
[2026-06-08T20:22:21.461+0000] {processor.py:840} INFO - DAG(s) 'example_branch_operator' retrieved from /home/airflow/.local/lib/python3.12/site-packages/airflow/example_dags/example_branch_operator.py
[2026-06-08T20:22:21.604+0000] {logging_mixin.py:188} INFO - [2026-06-08T20:22:21.602+0000] {dag.py:3096} INFO - Sync 1 DAGs
[2026-06-08T20:22:21.699+0000] {logging_mixin.py:188} INFO - [2026-06-08T20:22:21.699+0000] {dag.py:3954} INFO - Setting next_dagrun for example_branch_operator to 2026-06-07 00:00:00+00:00, run_after=2026-06-08 00:00:00+00:00
[2026-06-08T20:22:21.824+0000] {processor.py:183} INFO - Processing /home/airflow/.local/lib/python3.12/site-packages/airflow/example_dags/example_branch_operator.py took 0.455 seconds
[2026-06-08T20:22:52.258+0000] {processor.py:161} INFO - Started process (PID=536) to work on /home/airflow/.local/lib/python3.12/site-packages/airflow/example_dags/example_branch_operator.py
[2026-06-08T20:22:52.259+0000] {processor.py:830} INFO - Processing file /home/airflow/.local/lib/python3.12/site-packages/airflow/example_dags/example_branch_operator.py for tasks to queue
[2026-06-08T20:22:52.262+0000] {logging_mixin.py:188} INFO - [2026-06-08T20:22:52.261+0000] {dagbag.py:545} INFO - Filling up the DagBag from /home/airflow/.local/lib/python3.12/site-packages/airflow/example_dags/example_branch_operator.py
[2026-06-08T20:22:52.282+0000] {processor.py:840} INFO - DAG(s) 'example_branch_operator' retrieved from /home/airflow/.local/lib/python3.12/site-packages/airflow/example_dags/example_branch_operator.py
[2026-06-08T20:22:52.318+0000] {logging_mixin.py:188} INFO - [2026-06-08T20:22:52.318+0000] {dag.py:3096} INFO - Sync 1 DAGs
[2026-06-08T20:22:52.339+0000] {logging_mixin.py:188} INFO - [2026-06-08T20:22:52.339+0000] {dag.py:3954} INFO - Setting next_dagrun for example_branch_operator to 2026-06-07 00:00:00+00:00, run_after=2026-06-08 00:00:00+00:00
[2026-06-08T20:22:52.356+0000] {processor.py:183} INFO - Processing /home/airflow/.local/lib/python3.12/site-packages/airflow/example_dags/example_branch_operator.py took 0.104 seconds
[2026-06-08T20:23:22.792+0000] {processor.py:161} INFO - Started process (PID=595) to work on /home/airflow/.local/lib/python3.12/site-packages/airflow/example_dags/example_branch_operator.py
[2026-06-08T20:23:22.793+0000] {processor.py:830} INFO - Processing file /home/airflow/.local/lib/python3.12/site-packages/airflow/example_dags/example_branch_operator.py for tasks to queue
[2026-06-08T20:23:22.795+0000] {logging_mixin.py:188} INFO - [2026-06-08T20:23:22.794+0000] {dagbag.py:545} INFO - Filling up the DagBag from /home/airflow/.local/lib/python3.12/site-packages/airflow/example_dags/example_branch_operator.py
[2026-06-08T20:23:22.809+0000] {processor.py:840} INFO - DAG(s) 'example_branch_operator' retrieved from /home/airflow/.local/lib/python3.12/site-packages/airflow/example_dags/example_branch_operator.py
[2026-06-08T20:23:22.840+0000] {logging_mixin.py:188} INFO - [2026-06-08T20:23:22.840+0000] {dag.py:3096} INFO - Sync 1 DAGs
[2026-06-08T20:23:22.869+0000] {logging_mixin.py:188} INFO - [2026-06-08T20:23:22.869+0000] {dag.py:3954} INFO - Setting next_dagrun for example_branch_operator to 2026-06-07 00:00:00+00:00, run_after=2026-06-08 00:00:00+00:00
[2026-06-08T20:23:22.894+0000] {processor.py:183} INFO - Processing /home/airflow/.local/lib/python3.12/site-packages/airflow/example_dags/example_branch_operator.py took 0.108 seconds
