[2026-06-08T20:03:41.377+0000] {processor.py:161} INFO - Started process (PID=75) to work on /home/airflow/.local/lib/python3.12/site-packages/airflow/example_dags/example_sla_dag.py
[2026-06-08T20:03:41.382+0000] {processor.py:830} INFO - Processing file /home/airflow/.local/lib/python3.12/site-packages/airflow/example_dags/example_sla_dag.py for tasks to queue
[2026-06-08T20:03:41.397+0000] {logging_mixin.py:188} INFO - [2026-06-08T20:03:41.396+0000] {dagbag.py:545} INFO - Filling up the DagBag from /home/airflow/.local/lib/python3.12/site-packages/airflow/example_dags/example_sla_dag.py
[2026-06-08T20:03:41.513+0000] {processor.py:840} INFO - DAG(s) 'example_sla_dag' retrieved from /home/airflow/.local/lib/python3.12/site-packages/airflow/example_dags/example_sla_dag.py
[2026-06-08T20:03:42.365+0000] {logging_mixin.py:188} INFO - [2026-06-08T20:03:42.360+0000] {dag.py:3096} INFO - Sync 1 DAGs
[2026-06-08T20:03:42.544+0000] {logging_mixin.py:188} INFO - [2026-06-08T20:03:42.544+0000] {dag.py:3954} INFO - Setting next_dagrun for example_sla_dag to 2026-06-08 20:00:00+00:00, run_after=2026-06-08 20:02:00+00:00
[2026-06-08T20:03:42.687+0000] {processor.py:183} INFO - Processing /home/airflow/.local/lib/python3.12/site-packages/airflow/example_dags/example_sla_dag.py took 1.395 seconds
[2026-06-08T20:04:13.389+0000] {processor.py:161} INFO - Started process (PID=133) to work on /home/airflow/.local/lib/python3.12/site-packages/airflow/example_dags/example_sla_dag.py
[2026-06-08T20:04:13.408+0000] {processor.py:830} INFO - Processing file /home/airflow/.local/lib/python3.12/site-packages/airflow/example_dags/example_sla_dag.py for tasks to queue
[2026-06-08T20:04:13.430+0000] {logging_mixin.py:188} INFO - [2026-06-08T20:04:13.428+0000] {dagbag.py:545} INFO - Filling up the DagBag from /home/airflow/.local/lib/python3.12/site-packages/airflow/example_dags/example_sla_dag.py
[2026-06-08T20:04:13.478+0000] {processor.py:840} INFO - DAG(s) 'example_sla_dag' retrieved from /home/airflow/.local/lib/python3.12/site-packages/airflow/example_dags/example_sla_dag.py
[2026-06-08T20:04:13.580+0000] {logging_mixin.py:188} INFO - [2026-06-08T20:04:13.579+0000] {dag.py:3096} INFO - Sync 1 DAGs
[2026-06-08T20:04:13.763+0000] {logging_mixin.py:188} INFO - [2026-06-08T20:04:13.763+0000] {dag.py:3954} INFO - Setting next_dagrun for example_sla_dag to 2026-06-08 20:02:00+00:00, run_after=2026-06-08 20:04:00+00:00
[2026-06-08T20:04:13.830+0000] {processor.py:183} INFO - Processing /home/airflow/.local/lib/python3.12/site-packages/airflow/example_dags/example_sla_dag.py took 0.486 seconds
[2026-06-08T20:04:44.957+0000] {processor.py:161} INFO - Started process (PID=191) to work on /home/airflow/.local/lib/python3.12/site-packages/airflow/example_dags/example_sla_dag.py
[2026-06-08T20:04:44.972+0000] {processor.py:830} INFO - Processing file /home/airflow/.local/lib/python3.12/site-packages/airflow/example_dags/example_sla_dag.py for tasks to queue
[2026-06-08T20:04:44.993+0000] {logging_mixin.py:188} INFO - [2026-06-08T20:04:44.993+0000] {dagbag.py:545} INFO - Filling up the DagBag from /home/airflow/.local/lib/python3.12/site-packages/airflow/example_dags/example_sla_dag.py
[2026-06-08T20:04:45.076+0000] {processor.py:840} INFO - DAG(s) 'example_sla_dag' retrieved from /home/airflow/.local/lib/python3.12/site-packages/airflow/example_dags/example_sla_dag.py
[2026-06-08T20:04:45.154+0000] {logging_mixin.py:188} INFO - [2026-06-08T20:04:45.152+0000] {dag.py:3096} INFO - Sync 1 DAGs
[2026-06-08T20:04:45.251+0000] {logging_mixin.py:188} INFO - [2026-06-08T20:04:45.251+0000] {dag.py:3954} INFO - Setting next_dagrun for example_sla_dag to 2026-06-08 20:02:00+00:00, run_after=2026-06-08 20:04:00+00:00
[2026-06-08T20:04:45.321+0000] {processor.py:183} INFO - Processing /home/airflow/.local/lib/python3.12/site-packages/airflow/example_dags/example_sla_dag.py took 0.421 seconds
[2026-06-08T20:05:15.698+0000] {processor.py:161} INFO - Started process (PID=249) to work on /home/airflow/.local/lib/python3.12/site-packages/airflow/example_dags/example_sla_dag.py
[2026-06-08T20:05:15.699+0000] {processor.py:830} INFO - Processing file /home/airflow/.local/lib/python3.12/site-packages/airflow/example_dags/example_sla_dag.py for tasks to queue
[2026-06-08T20:05:15.701+0000] {logging_mixin.py:188} INFO - [2026-06-08T20:05:15.701+0000] {dagbag.py:545} INFO - Filling up the DagBag from /home/airflow/.local/lib/python3.12/site-packages/airflow/example_dags/example_sla_dag.py
[2026-06-08T20:05:15.712+0000] {processor.py:840} INFO - DAG(s) 'example_sla_dag' retrieved from /home/airflow/.local/lib/python3.12/site-packages/airflow/example_dags/example_sla_dag.py
[2026-06-08T20:05:15.737+0000] {logging_mixin.py:188} INFO - [2026-06-08T20:05:15.736+0000] {dag.py:3096} INFO - Sync 1 DAGs
[2026-06-08T20:05:15.773+0000] {logging_mixin.py:188} INFO - [2026-06-08T20:05:15.772+0000] {dag.py:3954} INFO - Setting next_dagrun for example_sla_dag to 2026-06-08 20:02:00+00:00, run_after=2026-06-08 20:04:00+00:00
[2026-06-08T20:05:15.795+0000] {processor.py:183} INFO - Processing /home/airflow/.local/lib/python3.12/site-packages/airflow/example_dags/example_sla_dag.py took 0.104 seconds
[2026-06-08T20:05:46.400+0000] {processor.py:161} INFO - Started process (PID=305) to work on /home/airflow/.local/lib/python3.12/site-packages/airflow/example_dags/example_sla_dag.py
[2026-06-08T20:05:46.401+0000] {processor.py:830} INFO - Processing file /home/airflow/.local/lib/python3.12/site-packages/airflow/example_dags/example_sla_dag.py for tasks to queue
[2026-06-08T20:05:46.403+0000] {logging_mixin.py:188} INFO - [2026-06-08T20:05:46.403+0000] {dagbag.py:545} INFO - Filling up the DagBag from /home/airflow/.local/lib/python3.12/site-packages/airflow/example_dags/example_sla_dag.py
[2026-06-08T20:05:46.416+0000] {processor.py:840} INFO - DAG(s) 'example_sla_dag' retrieved from /home/airflow/.local/lib/python3.12/site-packages/airflow/example_dags/example_sla_dag.py
[2026-06-08T20:05:46.442+0000] {logging_mixin.py:188} INFO - [2026-06-08T20:05:46.442+0000] {dag.py:3096} INFO - Sync 1 DAGs
[2026-06-08T20:05:46.478+0000] {logging_mixin.py:188} INFO - [2026-06-08T20:05:46.478+0000] {dag.py:3954} INFO - Setting next_dagrun for example_sla_dag to 2026-06-08 20:02:00+00:00, run_after=2026-06-08 20:04:00+00:00
[2026-06-08T20:05:46.528+0000] {processor.py:183} INFO - Processing /home/airflow/.local/lib/python3.12/site-packages/airflow/example_dags/example_sla_dag.py took 0.135 seconds
[2026-06-08T20:06:16.627+0000] {processor.py:161} INFO - Started process (PID=363) to work on /home/airflow/.local/lib/python3.12/site-packages/airflow/example_dags/example_sla_dag.py
[2026-06-08T20:06:16.628+0000] {processor.py:830} INFO - Processing file /home/airflow/.local/lib/python3.12/site-packages/airflow/example_dags/example_sla_dag.py for tasks to queue
[2026-06-08T20:06:16.630+0000] {logging_mixin.py:188} INFO - [2026-06-08T20:06:16.629+0000] {dagbag.py:545} INFO - Filling up the DagBag from /home/airflow/.local/lib/python3.12/site-packages/airflow/example_dags/example_sla_dag.py
[2026-06-08T20:06:16.641+0000] {processor.py:840} INFO - DAG(s) 'example_sla_dag' retrieved from /home/airflow/.local/lib/python3.12/site-packages/airflow/example_dags/example_sla_dag.py
[2026-06-08T20:06:16.666+0000] {logging_mixin.py:188} INFO - [2026-06-08T20:06:16.666+0000] {dag.py:3096} INFO - Sync 1 DAGs
[2026-06-08T20:06:16.701+0000] {logging_mixin.py:188} INFO - [2026-06-08T20:06:16.701+0000] {dag.py:3954} INFO - Setting next_dagrun for example_sla_dag to 2026-06-08 20:04:00+00:00, run_after=2026-06-08 20:06:00+00:00
[2026-06-08T20:06:16.765+0000] {processor.py:183} INFO - Processing /home/airflow/.local/lib/python3.12/site-packages/airflow/example_dags/example_sla_dag.py took 0.145 seconds
[2026-06-08T20:06:46.808+0000] {processor.py:161} INFO - Started process (PID=420) to work on /home/airflow/.local/lib/python3.12/site-packages/airflow/example_dags/example_sla_dag.py
[2026-06-08T20:06:46.808+0000] {processor.py:830} INFO - Processing file /home/airflow/.local/lib/python3.12/site-packages/airflow/example_dags/example_sla_dag.py for tasks to queue
[2026-06-08T20:06:46.810+0000] {logging_mixin.py:188} INFO - [2026-06-08T20:06:46.810+0000] {dagbag.py:545} INFO - Filling up the DagBag from /home/airflow/.local/lib/python3.12/site-packages/airflow/example_dags/example_sla_dag.py
[2026-06-08T20:06:46.818+0000] {processor.py:840} INFO - DAG(s) 'example_sla_dag' retrieved from /home/airflow/.local/lib/python3.12/site-packages/airflow/example_dags/example_sla_dag.py
[2026-06-08T20:06:46.836+0000] {logging_mixin.py:188} INFO - [2026-06-08T20:06:46.835+0000] {dag.py:3096} INFO - Sync 1 DAGs
[2026-06-08T20:06:46.859+0000] {logging_mixin.py:188} INFO - [2026-06-08T20:06:46.859+0000] {dag.py:3954} INFO - Setting next_dagrun for example_sla_dag to 2026-06-08 20:04:00+00:00, run_after=2026-06-08 20:06:00+00:00
[2026-06-08T20:06:46.876+0000] {processor.py:183} INFO - Processing /home/airflow/.local/lib/python3.12/site-packages/airflow/example_dags/example_sla_dag.py took 0.073 seconds
[2026-06-08T20:08:20.953+0000] {processor.py:161} INFO - Started process (PID=68) to work on /home/airflow/.local/lib/python3.12/site-packages/airflow/example_dags/example_sla_dag.py
[2026-06-08T20:08:20.956+0000] {processor.py:830} INFO - Processing file /home/airflow/.local/lib/python3.12/site-packages/airflow/example_dags/example_sla_dag.py for tasks to queue
[2026-06-08T20:08:20.958+0000] {logging_mixin.py:188} INFO - [2026-06-08T20:08:20.958+0000] {dagbag.py:545} INFO - Filling up the DagBag from /home/airflow/.local/lib/python3.12/site-packages/airflow/example_dags/example_sla_dag.py
[2026-06-08T20:08:20.985+0000] {processor.py:840} INFO - DAG(s) 'example_sla_dag' retrieved from /home/airflow/.local/lib/python3.12/site-packages/airflow/example_dags/example_sla_dag.py
[2026-06-08T20:08:21.323+0000] {logging_mixin.py:188} INFO - [2026-06-08T20:08:21.323+0000] {dag.py:3096} INFO - Sync 1 DAGs
[2026-06-08T20:08:21.393+0000] {logging_mixin.py:188} INFO - [2026-06-08T20:08:21.393+0000] {dag.py:3954} INFO - Setting next_dagrun for example_sla_dag to 2026-06-08 20:06:00+00:00, run_after=2026-06-08 20:08:00+00:00
[2026-06-08T20:08:21.690+0000] {processor.py:183} INFO - Processing /home/airflow/.local/lib/python3.12/site-packages/airflow/example_dags/example_sla_dag.py took 0.755 seconds
[2026-06-08T20:08:52.309+0000] {processor.py:161} INFO - Started process (PID=125) to work on /home/airflow/.local/lib/python3.12/site-packages/airflow/example_dags/example_sla_dag.py
[2026-06-08T20:08:52.310+0000] {processor.py:830} INFO - Processing file /home/airflow/.local/lib/python3.12/site-packages/airflow/example_dags/example_sla_dag.py for tasks to queue
[2026-06-08T20:08:52.311+0000] {logging_mixin.py:188} INFO - [2026-06-08T20:08:52.311+0000] {dagbag.py:545} INFO - Filling up the DagBag from /home/airflow/.local/lib/python3.12/site-packages/airflow/example_dags/example_sla_dag.py
[2026-06-08T20:08:52.318+0000] {processor.py:840} INFO - DAG(s) 'example_sla_dag' retrieved from /home/airflow/.local/lib/python3.12/site-packages/airflow/example_dags/example_sla_dag.py
[2026-06-08T20:08:52.337+0000] {logging_mixin.py:188} INFO - [2026-06-08T20:08:52.336+0000] {dag.py:3096} INFO - Sync 1 DAGs
[2026-06-08T20:08:52.360+0000] {logging_mixin.py:188} INFO - [2026-06-08T20:08:52.359+0000] {dag.py:3954} INFO - Setting next_dagrun for example_sla_dag to 2026-06-08 20:06:00+00:00, run_after=2026-06-08 20:08:00+00:00
[2026-06-08T20:08:52.376+0000] {processor.py:183} INFO - Processing /home/airflow/.local/lib/python3.12/site-packages/airflow/example_dags/example_sla_dag.py took 0.072 seconds
[2026-06-08T20:09:23.192+0000] {processor.py:161} INFO - Started process (PID=183) to work on /home/airflow/.local/lib/python3.12/site-packages/airflow/example_dags/example_sla_dag.py
[2026-06-08T20:09:23.193+0000] {processor.py:830} INFO - Processing file /home/airflow/.local/lib/python3.12/site-packages/airflow/example_dags/example_sla_dag.py for tasks to queue
[2026-06-08T20:09:23.194+0000] {logging_mixin.py:188} INFO - [2026-06-08T20:09:23.194+0000] {dagbag.py:545} INFO - Filling up the DagBag from /home/airflow/.local/lib/python3.12/site-packages/airflow/example_dags/example_sla_dag.py
[2026-06-08T20:09:23.203+0000] {processor.py:840} INFO - DAG(s) 'example_sla_dag' retrieved from /home/airflow/.local/lib/python3.12/site-packages/airflow/example_dags/example_sla_dag.py
[2026-06-08T20:09:23.231+0000] {logging_mixin.py:188} INFO - [2026-06-08T20:09:23.231+0000] {dag.py:3096} INFO - Sync 1 DAGs
[2026-06-08T20:09:23.256+0000] {logging_mixin.py:188} INFO - [2026-06-08T20:09:23.255+0000] {dag.py:3954} INFO - Setting next_dagrun for example_sla_dag to 2026-06-08 20:06:00+00:00, run_after=2026-06-08 20:08:00+00:00
[2026-06-08T20:09:23.271+0000] {processor.py:183} INFO - Processing /home/airflow/.local/lib/python3.12/site-packages/airflow/example_dags/example_sla_dag.py took 0.084 seconds
[2026-06-08T20:09:53.842+0000] {processor.py:161} INFO - Started process (PID=241) to work on /home/airflow/.local/lib/python3.12/site-packages/airflow/example_dags/example_sla_dag.py
[2026-06-08T20:09:53.843+0000] {processor.py:830} INFO - Processing file /home/airflow/.local/lib/python3.12/site-packages/airflow/example_dags/example_sla_dag.py for tasks to queue
[2026-06-08T20:09:53.845+0000] {logging_mixin.py:188} INFO - [2026-06-08T20:09:53.845+0000] {dagbag.py:545} INFO - Filling up the DagBag from /home/airflow/.local/lib/python3.12/site-packages/airflow/example_dags/example_sla_dag.py
[2026-06-08T20:09:53.856+0000] {processor.py:840} INFO - DAG(s) 'example_sla_dag' retrieved from /home/airflow/.local/lib/python3.12/site-packages/airflow/example_dags/example_sla_dag.py
[2026-06-08T20:09:53.884+0000] {logging_mixin.py:188} INFO - [2026-06-08T20:09:53.883+0000] {dag.py:3096} INFO - Sync 1 DAGs
[2026-06-08T20:09:53.918+0000] {logging_mixin.py:188} INFO - [2026-06-08T20:09:53.918+0000] {dag.py:3954} INFO - Setting next_dagrun for example_sla_dag to 2026-06-08 20:06:00+00:00, run_after=2026-06-08 20:08:00+00:00
[2026-06-08T20:09:53.944+0000] {processor.py:183} INFO - Processing /home/airflow/.local/lib/python3.12/site-packages/airflow/example_dags/example_sla_dag.py took 0.110 seconds
[2026-06-08T20:10:24.538+0000] {processor.py:161} INFO - Started process (PID=307) to work on /home/airflow/.local/lib/python3.12/site-packages/airflow/example_dags/example_sla_dag.py
[2026-06-08T20:10:24.539+0000] {processor.py:830} INFO - Processing file /home/airflow/.local/lib/python3.12/site-packages/airflow/example_dags/example_sla_dag.py for tasks to queue
[2026-06-08T20:10:24.541+0000] {logging_mixin.py:188} INFO - [2026-06-08T20:10:24.540+0000] {dagbag.py:545} INFO - Filling up the DagBag from /home/airflow/.local/lib/python3.12/site-packages/airflow/example_dags/example_sla_dag.py
[2026-06-08T20:10:24.548+0000] {processor.py:840} INFO - DAG(s) 'example_sla_dag' retrieved from /home/airflow/.local/lib/python3.12/site-packages/airflow/example_dags/example_sla_dag.py
[2026-06-08T20:10:24.566+0000] {logging_mixin.py:188} INFO - [2026-06-08T20:10:24.566+0000] {dag.py:3096} INFO - Sync 1 DAGs
[2026-06-08T20:10:24.591+0000] {logging_mixin.py:188} INFO - [2026-06-08T20:10:24.591+0000] {dag.py:3954} INFO - Setting next_dagrun for example_sla_dag to 2026-06-08 20:08:00+00:00, run_after=2026-06-08 20:10:00+00:00
[2026-06-08T20:10:24.607+0000] {processor.py:183} INFO - Processing /home/airflow/.local/lib/python3.12/site-packages/airflow/example_dags/example_sla_dag.py took 0.074 seconds
[2026-06-08T20:10:55.427+0000] {processor.py:161} INFO - Started process (PID=365) to work on /home/airflow/.local/lib/python3.12/site-packages/airflow/example_dags/example_sla_dag.py
[2026-06-08T20:10:55.428+0000] {processor.py:830} INFO - Processing file /home/airflow/.local/lib/python3.12/site-packages/airflow/example_dags/example_sla_dag.py for tasks to queue
[2026-06-08T20:10:55.429+0000] {logging_mixin.py:188} INFO - [2026-06-08T20:10:55.429+0000] {dagbag.py:545} INFO - Filling up the DagBag from /home/airflow/.local/lib/python3.12/site-packages/airflow/example_dags/example_sla_dag.py
[2026-06-08T20:10:55.449+0000] {processor.py:840} INFO - DAG(s) 'example_sla_dag' retrieved from /home/airflow/.local/lib/python3.12/site-packages/airflow/example_dags/example_sla_dag.py
[2026-06-08T20:10:55.480+0000] {logging_mixin.py:188} INFO - [2026-06-08T20:10:55.480+0000] {dag.py:3096} INFO - Sync 1 DAGs
[2026-06-08T20:10:55.511+0000] {logging_mixin.py:188} INFO - [2026-06-08T20:10:55.511+0000] {dag.py:3954} INFO - Setting next_dagrun for example_sla_dag to 2026-06-08 20:08:00+00:00, run_after=2026-06-08 20:10:00+00:00
[2026-06-08T20:10:55.530+0000] {processor.py:183} INFO - Processing /home/airflow/.local/lib/python3.12/site-packages/airflow/example_dags/example_sla_dag.py took 0.111 seconds
[2026-06-08T20:11:26.773+0000] {processor.py:161} INFO - Started process (PID=422) to work on /home/airflow/.local/lib/python3.12/site-packages/airflow/example_dags/example_sla_dag.py
[2026-06-08T20:11:26.777+0000] {processor.py:830} INFO - Processing file /home/airflow/.local/lib/python3.12/site-packages/airflow/example_dags/example_sla_dag.py for tasks to queue
[2026-06-08T20:11:26.779+0000] {logging_mixin.py:188} INFO - [2026-06-08T20:11:26.778+0000] {dagbag.py:545} INFO - Filling up the DagBag from /home/airflow/.local/lib/python3.12/site-packages/airflow/example_dags/example_sla_dag.py
[2026-06-08T20:11:26.796+0000] {processor.py:840} INFO - DAG(s) 'example_sla_dag' retrieved from /home/airflow/.local/lib/python3.12/site-packages/airflow/example_dags/example_sla_dag.py
[2026-06-08T20:11:26.836+0000] {logging_mixin.py:188} INFO - [2026-06-08T20:11:26.836+0000] {dag.py:3096} INFO - Sync 1 DAGs
[2026-06-08T20:11:26.910+0000] {logging_mixin.py:188} INFO - [2026-06-08T20:11:26.910+0000] {dag.py:3954} INFO - Setting next_dagrun for example_sla_dag to 2026-06-08 20:08:00+00:00, run_after=2026-06-08 20:10:00+00:00
[2026-06-08T20:11:26.962+0000] {processor.py:183} INFO - Processing /home/airflow/.local/lib/python3.12/site-packages/airflow/example_dags/example_sla_dag.py took 0.201 seconds
[2026-06-08T20:11:57.037+0000] {processor.py:161} INFO - Started process (PID=481) to work on /home/airflow/.local/lib/python3.12/site-packages/airflow/example_dags/example_sla_dag.py
[2026-06-08T20:11:57.038+0000] {processor.py:830} INFO - Processing file /home/airflow/.local/lib/python3.12/site-packages/airflow/example_dags/example_sla_dag.py for tasks to queue
[2026-06-08T20:11:57.040+0000] {logging_mixin.py:188} INFO - [2026-06-08T20:11:57.040+0000] {dagbag.py:545} INFO - Filling up the DagBag from /home/airflow/.local/lib/python3.12/site-packages/airflow/example_dags/example_sla_dag.py
[2026-06-08T20:11:57.051+0000] {processor.py:840} INFO - DAG(s) 'example_sla_dag' retrieved from /home/airflow/.local/lib/python3.12/site-packages/airflow/example_dags/example_sla_dag.py
[2026-06-08T20:11:57.076+0000] {logging_mixin.py:188} INFO - [2026-06-08T20:11:57.076+0000] {dag.py:3096} INFO - Sync 1 DAGs
[2026-06-08T20:11:57.120+0000] {logging_mixin.py:188} INFO - [2026-06-08T20:11:57.120+0000] {dag.py:3954} INFO - Setting next_dagrun for example_sla_dag to 2026-06-08 20:08:00+00:00, run_after=2026-06-08 20:10:00+00:00
[2026-06-08T20:11:57.138+0000] {processor.py:183} INFO - Processing /home/airflow/.local/lib/python3.12/site-packages/airflow/example_dags/example_sla_dag.py took 0.108 seconds
[2026-06-08T20:12:27.300+0000] {processor.py:161} INFO - Started process (PID=539) to work on /home/airflow/.local/lib/python3.12/site-packages/airflow/example_dags/example_sla_dag.py
[2026-06-08T20:12:27.302+0000] {processor.py:830} INFO - Processing file /home/airflow/.local/lib/python3.12/site-packages/airflow/example_dags/example_sla_dag.py for tasks to queue
[2026-06-08T20:12:27.305+0000] {logging_mixin.py:188} INFO - [2026-06-08T20:12:27.305+0000] {dagbag.py:545} INFO - Filling up the DagBag from /home/airflow/.local/lib/python3.12/site-packages/airflow/example_dags/example_sla_dag.py
[2026-06-08T20:12:27.332+0000] {processor.py:840} INFO - DAG(s) 'example_sla_dag' retrieved from /home/airflow/.local/lib/python3.12/site-packages/airflow/example_dags/example_sla_dag.py
[2026-06-08T20:12:27.409+0000] {logging_mixin.py:188} INFO - [2026-06-08T20:12:27.408+0000] {dag.py:3096} INFO - Sync 1 DAGs
[2026-06-08T20:12:27.444+0000] {logging_mixin.py:188} INFO - [2026-06-08T20:12:27.443+0000] {dag.py:3954} INFO - Setting next_dagrun for example_sla_dag to 2026-06-08 20:10:00+00:00, run_after=2026-06-08 20:12:00+00:00
[2026-06-08T20:12:27.467+0000] {processor.py:183} INFO - Processing /home/airflow/.local/lib/python3.12/site-packages/airflow/example_dags/example_sla_dag.py took 0.183 seconds
[2026-06-08T20:12:58.627+0000] {processor.py:161} INFO - Started process (PID=597) to work on /home/airflow/.local/lib/python3.12/site-packages/airflow/example_dags/example_sla_dag.py
[2026-06-08T20:12:58.628+0000] {processor.py:830} INFO - Processing file /home/airflow/.local/lib/python3.12/site-packages/airflow/example_dags/example_sla_dag.py for tasks to queue
[2026-06-08T20:12:58.631+0000] {logging_mixin.py:188} INFO - [2026-06-08T20:12:58.631+0000] {dagbag.py:545} INFO - Filling up the DagBag from /home/airflow/.local/lib/python3.12/site-packages/airflow/example_dags/example_sla_dag.py
[2026-06-08T20:12:58.649+0000] {processor.py:840} INFO - DAG(s) 'example_sla_dag' retrieved from /home/airflow/.local/lib/python3.12/site-packages/airflow/example_dags/example_sla_dag.py
[2026-06-08T20:12:58.694+0000] {logging_mixin.py:188} INFO - [2026-06-08T20:12:58.694+0000] {dag.py:3096} INFO - Sync 1 DAGs
[2026-06-08T20:12:58.752+0000] {logging_mixin.py:188} INFO - [2026-06-08T20:12:58.752+0000] {dag.py:3954} INFO - Setting next_dagrun for example_sla_dag to 2026-06-08 20:10:00+00:00, run_after=2026-06-08 20:12:00+00:00
[2026-06-08T20:12:58.801+0000] {processor.py:183} INFO - Processing /home/airflow/.local/lib/python3.12/site-packages/airflow/example_dags/example_sla_dag.py took 0.185 seconds
[2026-06-08T20:13:33.518+0000] {processor.py:161} INFO - Started process (PID=654) to work on /home/airflow/.local/lib/python3.12/site-packages/airflow/example_dags/example_sla_dag.py
[2026-06-08T20:13:33.540+0000] {processor.py:830} INFO - Processing file /home/airflow/.local/lib/python3.12/site-packages/airflow/example_dags/example_sla_dag.py for tasks to queue
[2026-06-08T20:13:33.553+0000] {logging_mixin.py:188} INFO - [2026-06-08T20:13:33.548+0000] {dagbag.py:545} INFO - Filling up the DagBag from /home/airflow/.local/lib/python3.12/site-packages/airflow/example_dags/example_sla_dag.py
[2026-06-08T20:13:33.665+0000] {processor.py:840} INFO - DAG(s) 'example_sla_dag' retrieved from /home/airflow/.local/lib/python3.12/site-packages/airflow/example_dags/example_sla_dag.py
[2026-06-08T20:13:33.862+0000] {logging_mixin.py:188} INFO - [2026-06-08T20:13:33.856+0000] {dag.py:3096} INFO - Sync 1 DAGs
[2026-06-08T20:13:34.264+0000] {logging_mixin.py:188} INFO - [2026-06-08T20:13:34.258+0000] {dag.py:3954} INFO - Setting next_dagrun for example_sla_dag to 2026-06-08 20:10:00+00:00, run_after=2026-06-08 20:12:00+00:00
[2026-06-08T20:13:34.674+0000] {processor.py:183} INFO - Processing /home/airflow/.local/lib/python3.12/site-packages/airflow/example_dags/example_sla_dag.py took 1.233 seconds
[2026-06-08T20:14:05.102+0000] {processor.py:161} INFO - Started process (PID=712) to work on /home/airflow/.local/lib/python3.12/site-packages/airflow/example_dags/example_sla_dag.py
[2026-06-08T20:14:05.106+0000] {processor.py:830} INFO - Processing file /home/airflow/.local/lib/python3.12/site-packages/airflow/example_dags/example_sla_dag.py for tasks to queue
[2026-06-08T20:14:05.111+0000] {logging_mixin.py:188} INFO - [2026-06-08T20:14:05.109+0000] {dagbag.py:545} INFO - Filling up the DagBag from /home/airflow/.local/lib/python3.12/site-packages/airflow/example_dags/example_sla_dag.py
[2026-06-08T20:14:05.134+0000] {processor.py:840} INFO - DAG(s) 'example_sla_dag' retrieved from /home/airflow/.local/lib/python3.12/site-packages/airflow/example_dags/example_sla_dag.py
[2026-06-08T20:14:05.177+0000] {logging_mixin.py:188} INFO - [2026-06-08T20:14:05.176+0000] {dag.py:3096} INFO - Sync 1 DAGs
[2026-06-08T20:14:05.239+0000] {logging_mixin.py:188} INFO - [2026-06-08T20:14:05.238+0000] {dag.py:3954} INFO - Setting next_dagrun for example_sla_dag to 2026-06-08 20:12:00+00:00, run_after=2026-06-08 20:14:00+00:00
[2026-06-08T20:14:05.277+0000] {processor.py:183} INFO - Processing /home/airflow/.local/lib/python3.12/site-packages/airflow/example_dags/example_sla_dag.py took 0.196 seconds
[2026-06-08T20:14:36.640+0000] {processor.py:161} INFO - Started process (PID=770) to work on /home/airflow/.local/lib/python3.12/site-packages/airflow/example_dags/example_sla_dag.py
[2026-06-08T20:14:36.642+0000] {processor.py:830} INFO - Processing file /home/airflow/.local/lib/python3.12/site-packages/airflow/example_dags/example_sla_dag.py for tasks to queue
[2026-06-08T20:14:36.648+0000] {logging_mixin.py:188} INFO - [2026-06-08T20:14:36.646+0000] {dagbag.py:545} INFO - Filling up the DagBag from /home/airflow/.local/lib/python3.12/site-packages/airflow/example_dags/example_sla_dag.py
[2026-06-08T20:14:36.687+0000] {processor.py:840} INFO - DAG(s) 'example_sla_dag' retrieved from /home/airflow/.local/lib/python3.12/site-packages/airflow/example_dags/example_sla_dag.py
[2026-06-08T20:14:36.760+0000] {logging_mixin.py:188} INFO - [2026-06-08T20:14:36.759+0000] {dag.py:3096} INFO - Sync 1 DAGs
[2026-06-08T20:14:36.824+0000] {logging_mixin.py:188} INFO - [2026-06-08T20:14:36.823+0000] {dag.py:3954} INFO - Setting next_dagrun for example_sla_dag to 2026-06-08 20:12:00+00:00, run_after=2026-06-08 20:14:00+00:00
[2026-06-08T20:14:36.906+0000] {processor.py:183} INFO - Processing /home/airflow/.local/lib/python3.12/site-packages/airflow/example_dags/example_sla_dag.py took 0.281 seconds
[2026-06-08T20:15:07.308+0000] {processor.py:161} INFO - Started process (PID=826) to work on /home/airflow/.local/lib/python3.12/site-packages/airflow/example_dags/example_sla_dag.py
[2026-06-08T20:15:07.309+0000] {processor.py:830} INFO - Processing file /home/airflow/.local/lib/python3.12/site-packages/airflow/example_dags/example_sla_dag.py for tasks to queue
[2026-06-08T20:15:07.310+0000] {logging_mixin.py:188} INFO - [2026-06-08T20:15:07.310+0000] {dagbag.py:545} INFO - Filling up the DagBag from /home/airflow/.local/lib/python3.12/site-packages/airflow/example_dags/example_sla_dag.py
[2026-06-08T20:15:07.322+0000] {processor.py:840} INFO - DAG(s) 'example_sla_dag' retrieved from /home/airflow/.local/lib/python3.12/site-packages/airflow/example_dags/example_sla_dag.py
[2026-06-08T20:15:07.347+0000] {logging_mixin.py:188} INFO - [2026-06-08T20:15:07.347+0000] {dag.py:3096} INFO - Sync 1 DAGs
[2026-06-08T20:15:07.385+0000] {logging_mixin.py:188} INFO - [2026-06-08T20:15:07.385+0000] {dag.py:3954} INFO - Setting next_dagrun for example_sla_dag to 2026-06-08 20:12:00+00:00, run_after=2026-06-08 20:14:00+00:00
[2026-06-08T20:15:07.413+0000] {processor.py:183} INFO - Processing /home/airflow/.local/lib/python3.12/site-packages/airflow/example_dags/example_sla_dag.py took 0.112 seconds
[2026-06-08T20:15:37.828+0000] {processor.py:161} INFO - Started process (PID=884) to work on /home/airflow/.local/lib/python3.12/site-packages/airflow/example_dags/example_sla_dag.py
[2026-06-08T20:15:37.829+0000] {processor.py:830} INFO - Processing file /home/airflow/.local/lib/python3.12/site-packages/airflow/example_dags/example_sla_dag.py for tasks to queue
[2026-06-08T20:15:37.831+0000] {logging_mixin.py:188} INFO - [2026-06-08T20:15:37.831+0000] {dagbag.py:545} INFO - Filling up the DagBag from /home/airflow/.local/lib/python3.12/site-packages/airflow/example_dags/example_sla_dag.py
[2026-06-08T20:15:37.841+0000] {processor.py:840} INFO - DAG(s) 'example_sla_dag' retrieved from /home/airflow/.local/lib/python3.12/site-packages/airflow/example_dags/example_sla_dag.py
[2026-06-08T20:15:37.868+0000] {logging_mixin.py:188} INFO - [2026-06-08T20:15:37.867+0000] {dag.py:3096} INFO - Sync 1 DAGs
[2026-06-08T20:15:37.938+0000] {logging_mixin.py:188} INFO - [2026-06-08T20:15:37.938+0000] {dag.py:3954} INFO - Setting next_dagrun for example_sla_dag to 2026-06-08 20:12:00+00:00, run_after=2026-06-08 20:14:00+00:00
[2026-06-08T20:15:38.090+0000] {processor.py:183} INFO - Processing /home/airflow/.local/lib/python3.12/site-packages/airflow/example_dags/example_sla_dag.py took 0.269 seconds
[2026-06-08T20:16:08.631+0000] {processor.py:161} INFO - Started process (PID=942) to work on /home/airflow/.local/lib/python3.12/site-packages/airflow/example_dags/example_sla_dag.py
[2026-06-08T20:16:08.634+0000] {processor.py:830} INFO - Processing file /home/airflow/.local/lib/python3.12/site-packages/airflow/example_dags/example_sla_dag.py for tasks to queue
[2026-06-08T20:16:08.638+0000] {logging_mixin.py:188} INFO - [2026-06-08T20:16:08.638+0000] {dagbag.py:545} INFO - Filling up the DagBag from /home/airflow/.local/lib/python3.12/site-packages/airflow/example_dags/example_sla_dag.py
[2026-06-08T20:16:08.660+0000] {processor.py:840} INFO - DAG(s) 'example_sla_dag' retrieved from /home/airflow/.local/lib/python3.12/site-packages/airflow/example_dags/example_sla_dag.py
[2026-06-08T20:16:08.713+0000] {logging_mixin.py:188} INFO - [2026-06-08T20:16:08.713+0000] {dag.py:3096} INFO - Sync 1 DAGs
[2026-06-08T20:16:08.774+0000] {logging_mixin.py:188} INFO - [2026-06-08T20:16:08.774+0000] {dag.py:3954} INFO - Setting next_dagrun for example_sla_dag to 2026-06-08 20:14:00+00:00, run_after=2026-06-08 20:16:00+00:00
[2026-06-08T20:16:08.854+0000] {processor.py:183} INFO - Processing /home/airflow/.local/lib/python3.12/site-packages/airflow/example_dags/example_sla_dag.py took 0.244 seconds
[2026-06-08T20:16:38.977+0000] {processor.py:161} INFO - Started process (PID=1000) to work on /home/airflow/.local/lib/python3.12/site-packages/airflow/example_dags/example_sla_dag.py
[2026-06-08T20:16:38.978+0000] {processor.py:830} INFO - Processing file /home/airflow/.local/lib/python3.12/site-packages/airflow/example_dags/example_sla_dag.py for tasks to queue
[2026-06-08T20:16:38.980+0000] {logging_mixin.py:188} INFO - [2026-06-08T20:16:38.980+0000] {dagbag.py:545} INFO - Filling up the DagBag from /home/airflow/.local/lib/python3.12/site-packages/airflow/example_dags/example_sla_dag.py
[2026-06-08T20:16:38.991+0000] {processor.py:840} INFO - DAG(s) 'example_sla_dag' retrieved from /home/airflow/.local/lib/python3.12/site-packages/airflow/example_dags/example_sla_dag.py
[2026-06-08T20:16:39.016+0000] {logging_mixin.py:188} INFO - [2026-06-08T20:16:39.016+0000] {dag.py:3096} INFO - Sync 1 DAGs
[2026-06-08T20:16:39.055+0000] {logging_mixin.py:188} INFO - [2026-06-08T20:16:39.055+0000] {dag.py:3954} INFO - Setting next_dagrun for example_sla_dag to 2026-06-08 20:14:00+00:00, run_after=2026-06-08 20:16:00+00:00
[2026-06-08T20:16:39.081+0000] {processor.py:183} INFO - Processing /home/airflow/.local/lib/python3.12/site-packages/airflow/example_dags/example_sla_dag.py took 0.111 seconds
[2026-06-08T20:17:09.813+0000] {processor.py:161} INFO - Started process (PID=1058) to work on /home/airflow/.local/lib/python3.12/site-packages/airflow/example_dags/example_sla_dag.py
[2026-06-08T20:17:09.816+0000] {processor.py:830} INFO - Processing file /home/airflow/.local/lib/python3.12/site-packages/airflow/example_dags/example_sla_dag.py for tasks to queue
[2026-06-08T20:17:09.818+0000] {logging_mixin.py:188} INFO - [2026-06-08T20:17:09.818+0000] {dagbag.py:545} INFO - Filling up the DagBag from /home/airflow/.local/lib/python3.12/site-packages/airflow/example_dags/example_sla_dag.py
[2026-06-08T20:17:09.840+0000] {processor.py:840} INFO - DAG(s) 'example_sla_dag' retrieved from /home/airflow/.local/lib/python3.12/site-packages/airflow/example_dags/example_sla_dag.py
[2026-06-08T20:17:09.883+0000] {logging_mixin.py:188} INFO - [2026-06-08T20:17:09.883+0000] {dag.py:3096} INFO - Sync 1 DAGs
[2026-06-08T20:17:09.957+0000] {logging_mixin.py:188} INFO - [2026-06-08T20:17:09.957+0000] {dag.py:3954} INFO - Setting next_dagrun for example_sla_dag to 2026-06-08 20:14:00+00:00, run_after=2026-06-08 20:16:00+00:00
[2026-06-08T20:17:09.986+0000] {processor.py:183} INFO - Processing /home/airflow/.local/lib/python3.12/site-packages/airflow/example_dags/example_sla_dag.py took 0.194 seconds
[2026-06-08T20:18:50.331+0000] {processor.py:161} INFO - Started process (PID=70) to work on /home/airflow/.local/lib/python3.12/site-packages/airflow/example_dags/example_sla_dag.py
[2026-06-08T20:18:50.336+0000] {processor.py:830} INFO - Processing file /home/airflow/.local/lib/python3.12/site-packages/airflow/example_dags/example_sla_dag.py for tasks to queue
[2026-06-08T20:18:50.344+0000] {logging_mixin.py:188} INFO - [2026-06-08T20:18:50.344+0000] {dagbag.py:545} INFO - Filling up the DagBag from /home/airflow/.local/lib/python3.12/site-packages/airflow/example_dags/example_sla_dag.py
[2026-06-08T20:18:50.442+0000] {processor.py:840} INFO - DAG(s) 'example_sla_dag' retrieved from /home/airflow/.local/lib/python3.12/site-packages/airflow/example_dags/example_sla_dag.py
[2026-06-08T20:18:51.527+0000] {logging_mixin.py:188} INFO - [2026-06-08T20:18:51.527+0000] {dag.py:3096} INFO - Sync 1 DAGs
[2026-06-08T20:18:51.722+0000] {logging_mixin.py:188} INFO - [2026-06-08T20:18:51.722+0000] {dag.py:3954} INFO - Setting next_dagrun for example_sla_dag to 2026-06-08 20:16:00+00:00, run_after=2026-06-08 20:18:00+00:00
[2026-06-08T20:18:51.824+0000] {processor.py:183} INFO - Processing /home/airflow/.local/lib/python3.12/site-packages/airflow/example_dags/example_sla_dag.py took 1.525 seconds
[2026-06-08T20:19:22.698+0000] {processor.py:161} INFO - Started process (PID=129) to work on /home/airflow/.local/lib/python3.12/site-packages/airflow/example_dags/example_sla_dag.py
[2026-06-08T20:19:22.699+0000] {processor.py:830} INFO - Processing file /home/airflow/.local/lib/python3.12/site-packages/airflow/example_dags/example_sla_dag.py for tasks to queue
[2026-06-08T20:19:22.702+0000] {logging_mixin.py:188} INFO - [2026-06-08T20:19:22.701+0000] {dagbag.py:545} INFO - Filling up the DagBag from /home/airflow/.local/lib/python3.12/site-packages/airflow/example_dags/example_sla_dag.py
[2026-06-08T20:19:22.736+0000] {processor.py:840} INFO - DAG(s) 'example_sla_dag' retrieved from /home/airflow/.local/lib/python3.12/site-packages/airflow/example_dags/example_sla_dag.py
[2026-06-08T20:19:22.891+0000] {logging_mixin.py:188} INFO - [2026-06-08T20:19:22.891+0000] {dag.py:3096} INFO - Sync 1 DAGs
[2026-06-08T20:19:22.941+0000] {logging_mixin.py:188} INFO - [2026-06-08T20:19:22.941+0000] {dag.py:3954} INFO - Setting next_dagrun for example_sla_dag to 2026-06-08 20:16:00+00:00, run_after=2026-06-08 20:18:00+00:00
[2026-06-08T20:19:22.965+0000] {processor.py:183} INFO - Processing /home/airflow/.local/lib/python3.12/site-packages/airflow/example_dags/example_sla_dag.py took 0.278 seconds
[2026-06-08T20:19:53.040+0000] {processor.py:161} INFO - Started process (PID=188) to work on /home/airflow/.local/lib/python3.12/site-packages/airflow/example_dags/example_sla_dag.py
[2026-06-08T20:19:53.041+0000] {processor.py:830} INFO - Processing file /home/airflow/.local/lib/python3.12/site-packages/airflow/example_dags/example_sla_dag.py for tasks to queue
[2026-06-08T20:19:53.042+0000] {logging_mixin.py:188} INFO - [2026-06-08T20:19:53.042+0000] {dagbag.py:545} INFO - Filling up the DagBag from /home/airflow/.local/lib/python3.12/site-packages/airflow/example_dags/example_sla_dag.py
[2026-06-08T20:19:53.051+0000] {processor.py:840} INFO - DAG(s) 'example_sla_dag' retrieved from /home/airflow/.local/lib/python3.12/site-packages/airflow/example_dags/example_sla_dag.py
[2026-06-08T20:19:53.075+0000] {logging_mixin.py:188} INFO - [2026-06-08T20:19:53.075+0000] {dag.py:3096} INFO - Sync 1 DAGs
[2026-06-08T20:19:53.098+0000] {logging_mixin.py:188} INFO - [2026-06-08T20:19:53.098+0000] {dag.py:3954} INFO - Setting next_dagrun for example_sla_dag to 2026-06-08 20:16:00+00:00, run_after=2026-06-08 20:18:00+00:00
[2026-06-08T20:19:53.118+0000] {processor.py:183} INFO - Processing /home/airflow/.local/lib/python3.12/site-packages/airflow/example_dags/example_sla_dag.py took 0.084 seconds
[2026-06-08T20:20:23.771+0000] {processor.py:161} INFO - Started process (PID=246) to work on /home/airflow/.local/lib/python3.12/site-packages/airflow/example_dags/example_sla_dag.py
[2026-06-08T20:20:23.776+0000] {processor.py:830} INFO - Processing file /home/airflow/.local/lib/python3.12/site-packages/airflow/example_dags/example_sla_dag.py for tasks to queue
[2026-06-08T20:20:23.784+0000] {logging_mixin.py:188} INFO - [2026-06-08T20:20:23.783+0000] {dagbag.py:545} INFO - Filling up the DagBag from /home/airflow/.local/lib/python3.12/site-packages/airflow/example_dags/example_sla_dag.py
[2026-06-08T20:20:23.798+0000] {processor.py:840} INFO - DAG(s) 'example_sla_dag' retrieved from /home/airflow/.local/lib/python3.12/site-packages/airflow/example_dags/example_sla_dag.py
[2026-06-08T20:20:23.873+0000] {logging_mixin.py:188} INFO - [2026-06-08T20:20:23.873+0000] {dag.py:3096} INFO - Sync 1 DAGs
[2026-06-08T20:20:23.962+0000] {logging_mixin.py:188} INFO - [2026-06-08T20:20:23.962+0000] {dag.py:3954} INFO - Setting next_dagrun for example_sla_dag to 2026-06-08 20:18:00+00:00, run_after=2026-06-08 20:20:00+00:00
[2026-06-08T20:20:24.040+0000] {processor.py:183} INFO - Processing /home/airflow/.local/lib/python3.12/site-packages/airflow/example_dags/example_sla_dag.py took 0.295 seconds
[2026-06-08T20:20:54.732+0000] {processor.py:161} INFO - Started process (PID=305) to work on /home/airflow/.local/lib/python3.12/site-packages/airflow/example_dags/example_sla_dag.py
[2026-06-08T20:20:54.733+0000] {processor.py:830} INFO - Processing file /home/airflow/.local/lib/python3.12/site-packages/airflow/example_dags/example_sla_dag.py for tasks to queue
[2026-06-08T20:20:54.735+0000] {logging_mixin.py:188} INFO - [2026-06-08T20:20:54.735+0000] {dagbag.py:545} INFO - Filling up the DagBag from /home/airflow/.local/lib/python3.12/site-packages/airflow/example_dags/example_sla_dag.py
[2026-06-08T20:20:54.746+0000] {processor.py:840} INFO - DAG(s) 'example_sla_dag' retrieved from /home/airflow/.local/lib/python3.12/site-packages/airflow/example_dags/example_sla_dag.py
[2026-06-08T20:20:54.772+0000] {logging_mixin.py:188} INFO - [2026-06-08T20:20:54.772+0000] {dag.py:3096} INFO - Sync 1 DAGs
[2026-06-08T20:20:54.806+0000] {logging_mixin.py:188} INFO - [2026-06-08T20:20:54.805+0000] {dag.py:3954} INFO - Setting next_dagrun for example_sla_dag to 2026-06-08 20:18:00+00:00, run_after=2026-06-08 20:20:00+00:00
[2026-06-08T20:20:54.830+0000] {processor.py:183} INFO - Processing /home/airflow/.local/lib/python3.12/site-packages/airflow/example_dags/example_sla_dag.py took 0.104 seconds
[2026-06-08T20:21:25.308+0000] {processor.py:161} INFO - Started process (PID=363) to work on /home/airflow/.local/lib/python3.12/site-packages/airflow/example_dags/example_sla_dag.py
[2026-06-08T20:21:25.309+0000] {processor.py:830} INFO - Processing file /home/airflow/.local/lib/python3.12/site-packages/airflow/example_dags/example_sla_dag.py for tasks to queue
[2026-06-08T20:21:25.311+0000] {logging_mixin.py:188} INFO - [2026-06-08T20:21:25.310+0000] {dagbag.py:545} INFO - Filling up the DagBag from /home/airflow/.local/lib/python3.12/site-packages/airflow/example_dags/example_sla_dag.py
[2026-06-08T20:21:25.321+0000] {processor.py:840} INFO - DAG(s) 'example_sla_dag' retrieved from /home/airflow/.local/lib/python3.12/site-packages/airflow/example_dags/example_sla_dag.py
[2026-06-08T20:21:25.348+0000] {logging_mixin.py:188} INFO - [2026-06-08T20:21:25.347+0000] {dag.py:3096} INFO - Sync 1 DAGs
[2026-06-08T20:21:25.388+0000] {logging_mixin.py:188} INFO - [2026-06-08T20:21:25.387+0000] {dag.py:3954} INFO - Setting next_dagrun for example_sla_dag to 2026-06-08 20:18:00+00:00, run_after=2026-06-08 20:20:00+00:00
[2026-06-08T20:21:25.411+0000] {processor.py:183} INFO - Processing /home/airflow/.local/lib/python3.12/site-packages/airflow/example_dags/example_sla_dag.py took 0.110 seconds
[2026-06-08T20:21:55.455+0000] {processor.py:161} INFO - Started process (PID=422) to work on /home/airflow/.local/lib/python3.12/site-packages/airflow/example_dags/example_sla_dag.py
[2026-06-08T20:21:55.456+0000] {processor.py:830} INFO - Processing file /home/airflow/.local/lib/python3.12/site-packages/airflow/example_dags/example_sla_dag.py for tasks to queue
[2026-06-08T20:21:55.458+0000] {logging_mixin.py:188} INFO - [2026-06-08T20:21:55.457+0000] {dagbag.py:545} INFO - Filling up the DagBag from /home/airflow/.local/lib/python3.12/site-packages/airflow/example_dags/example_sla_dag.py
[2026-06-08T20:21:55.465+0000] {processor.py:840} INFO - DAG(s) 'example_sla_dag' retrieved from /home/airflow/.local/lib/python3.12/site-packages/airflow/example_dags/example_sla_dag.py
[2026-06-08T20:21:55.484+0000] {logging_mixin.py:188} INFO - [2026-06-08T20:21:55.483+0000] {dag.py:3096} INFO - Sync 1 DAGs
[2026-06-08T20:21:55.507+0000] {logging_mixin.py:188} INFO - [2026-06-08T20:21:55.506+0000] {dag.py:3954} INFO - Setting next_dagrun for example_sla_dag to 2026-06-08 20:18:00+00:00, run_after=2026-06-08 20:20:00+00:00
[2026-06-08T20:21:55.528+0000] {processor.py:183} INFO - Processing /home/airflow/.local/lib/python3.12/site-packages/airflow/example_dags/example_sla_dag.py took 0.078 seconds
[2026-06-08T20:22:25.975+0000] {processor.py:161} INFO - Started process (PID=481) to work on /home/airflow/.local/lib/python3.12/site-packages/airflow/example_dags/example_sla_dag.py
[2026-06-08T20:22:25.978+0000] {processor.py:830} INFO - Processing file /home/airflow/.local/lib/python3.12/site-packages/airflow/example_dags/example_sla_dag.py for tasks to queue
[2026-06-08T20:22:25.980+0000] {logging_mixin.py:188} INFO - [2026-06-08T20:22:25.979+0000] {dagbag.py:545} INFO - Filling up the DagBag from /home/airflow/.local/lib/python3.12/site-packages/airflow/example_dags/example_sla_dag.py
[2026-06-08T20:22:25.992+0000] {processor.py:840} INFO - DAG(s) 'example_sla_dag' retrieved from /home/airflow/.local/lib/python3.12/site-packages/airflow/example_dags/example_sla_dag.py
[2026-06-08T20:22:26.020+0000] {logging_mixin.py:188} INFO - [2026-06-08T20:22:26.020+0000] {dag.py:3096} INFO - Sync 1 DAGs
[2026-06-08T20:22:26.057+0000] {logging_mixin.py:188} INFO - [2026-06-08T20:22:26.057+0000] {dag.py:3954} INFO - Setting next_dagrun for example_sla_dag to 2026-06-08 20:20:00+00:00, run_after=2026-06-08 20:22:00+00:00
[2026-06-08T20:22:26.080+0000] {processor.py:183} INFO - Processing /home/airflow/.local/lib/python3.12/site-packages/airflow/example_dags/example_sla_dag.py took 0.115 seconds
[2026-06-08T20:22:56.968+0000] {processor.py:161} INFO - Started process (PID=540) to work on /home/airflow/.local/lib/python3.12/site-packages/airflow/example_dags/example_sla_dag.py
[2026-06-08T20:22:56.980+0000] {processor.py:830} INFO - Processing file /home/airflow/.local/lib/python3.12/site-packages/airflow/example_dags/example_sla_dag.py for tasks to queue
[2026-06-08T20:22:56.992+0000] {logging_mixin.py:188} INFO - [2026-06-08T20:22:56.991+0000] {dagbag.py:545} INFO - Filling up the DagBag from /home/airflow/.local/lib/python3.12/site-packages/airflow/example_dags/example_sla_dag.py
[2026-06-08T20:22:57.047+0000] {processor.py:840} INFO - DAG(s) 'example_sla_dag' retrieved from /home/airflow/.local/lib/python3.12/site-packages/airflow/example_dags/example_sla_dag.py
[2026-06-08T20:22:57.111+0000] {logging_mixin.py:188} INFO - [2026-06-08T20:22:57.111+0000] {dag.py:3096} INFO - Sync 1 DAGs
[2026-06-08T20:22:57.187+0000] {logging_mixin.py:188} INFO - [2026-06-08T20:22:57.187+0000] {dag.py:3954} INFO - Setting next_dagrun for example_sla_dag to 2026-06-08 20:20:00+00:00, run_after=2026-06-08 20:22:00+00:00
[2026-06-08T20:22:57.243+0000] {processor.py:183} INFO - Processing /home/airflow/.local/lib/python3.12/site-packages/airflow/example_dags/example_sla_dag.py took 0.352 seconds
[2026-06-08T20:23:28.071+0000] {processor.py:161} INFO - Started process (PID=599) to work on /home/airflow/.local/lib/python3.12/site-packages/airflow/example_dags/example_sla_dag.py
[2026-06-08T20:23:28.072+0000] {processor.py:830} INFO - Processing file /home/airflow/.local/lib/python3.12/site-packages/airflow/example_dags/example_sla_dag.py for tasks to queue
[2026-06-08T20:23:28.074+0000] {logging_mixin.py:188} INFO - [2026-06-08T20:23:28.073+0000] {dagbag.py:545} INFO - Filling up the DagBag from /home/airflow/.local/lib/python3.12/site-packages/airflow/example_dags/example_sla_dag.py
[2026-06-08T20:23:28.084+0000] {processor.py:840} INFO - DAG(s) 'example_sla_dag' retrieved from /home/airflow/.local/lib/python3.12/site-packages/airflow/example_dags/example_sla_dag.py
[2026-06-08T20:23:28.112+0000] {logging_mixin.py:188} INFO - [2026-06-08T20:23:28.111+0000] {dag.py:3096} INFO - Sync 1 DAGs
[2026-06-08T20:23:28.146+0000] {logging_mixin.py:188} INFO - [2026-06-08T20:23:28.146+0000] {dag.py:3954} INFO - Setting next_dagrun for example_sla_dag to 2026-06-08 20:20:00+00:00, run_after=2026-06-08 20:22:00+00:00
[2026-06-08T20:23:28.170+0000] {processor.py:183} INFO - Processing /home/airflow/.local/lib/python3.12/site-packages/airflow/example_dags/example_sla_dag.py took 0.106 seconds
