[2026-06-08T20:04:00.381+0000] {processor.py:161} INFO - Started process (PID=117) to work on /home/airflow/.local/lib/python3.12/site-packages/airflow/example_dags/example_complex.py
[2026-06-08T20:04:00.386+0000] {processor.py:830} INFO - Processing file /home/airflow/.local/lib/python3.12/site-packages/airflow/example_dags/example_complex.py for tasks to queue
[2026-06-08T20:04:00.395+0000] {logging_mixin.py:188} INFO - [2026-06-08T20:04:00.392+0000] {dagbag.py:545} INFO - Filling up the DagBag from /home/airflow/.local/lib/python3.12/site-packages/airflow/example_dags/example_complex.py
[2026-06-08T20:04:00.413+0000] {processor.py:840} INFO - DAG(s) 'example_complex' retrieved from /home/airflow/.local/lib/python3.12/site-packages/airflow/example_dags/example_complex.py
[2026-06-08T20:04:00.970+0000] {logging_mixin.py:188} INFO - [2026-06-08T20:04:00.969+0000] {dag.py:3096} INFO - Sync 1 DAGs
[2026-06-08T20:04:00.987+0000] {logging_mixin.py:188} INFO - [2026-06-08T20:04:00.987+0000] {dag.py:3954} INFO - Setting next_dagrun for example_complex to None, run_after=None
[2026-06-08T20:04:01.089+0000] {processor.py:183} INFO - Processing /home/airflow/.local/lib/python3.12/site-packages/airflow/example_dags/example_complex.py took 0.733 seconds
[2026-06-08T20:04:31.749+0000] {processor.py:161} INFO - Started process (PID=176) to work on /home/airflow/.local/lib/python3.12/site-packages/airflow/example_dags/example_complex.py
[2026-06-08T20:04:31.751+0000] {processor.py:830} INFO - Processing file /home/airflow/.local/lib/python3.12/site-packages/airflow/example_dags/example_complex.py for tasks to queue
[2026-06-08T20:04:31.753+0000] {logging_mixin.py:188} INFO - [2026-06-08T20:04:31.753+0000] {dagbag.py:545} INFO - Filling up the DagBag from /home/airflow/.local/lib/python3.12/site-packages/airflow/example_dags/example_complex.py
[2026-06-08T20:04:31.774+0000] {processor.py:840} INFO - DAG(s) 'example_complex' retrieved from /home/airflow/.local/lib/python3.12/site-packages/airflow/example_dags/example_complex.py
[2026-06-08T20:04:31.821+0000] {logging_mixin.py:188} INFO - [2026-06-08T20:04:31.820+0000] {dag.py:3096} INFO - Sync 1 DAGs
[2026-06-08T20:04:31.839+0000] {logging_mixin.py:188} INFO - [2026-06-08T20:04:31.838+0000] {dag.py:3954} INFO - Setting next_dagrun for example_complex to None, run_after=None
[2026-06-08T20:04:31.862+0000] {processor.py:183} INFO - Processing /home/airflow/.local/lib/python3.12/site-packages/airflow/example_dags/example_complex.py took 0.127 seconds
[2026-06-08T20:05:02.360+0000] {processor.py:161} INFO - Started process (PID=234) to work on /home/airflow/.local/lib/python3.12/site-packages/airflow/example_dags/example_complex.py
[2026-06-08T20:05:02.361+0000] {processor.py:830} INFO - Processing file /home/airflow/.local/lib/python3.12/site-packages/airflow/example_dags/example_complex.py for tasks to queue
[2026-06-08T20:05:02.363+0000] {logging_mixin.py:188} INFO - [2026-06-08T20:05:02.363+0000] {dagbag.py:545} INFO - Filling up the DagBag from /home/airflow/.local/lib/python3.12/site-packages/airflow/example_dags/example_complex.py
[2026-06-08T20:05:02.390+0000] {processor.py:840} INFO - DAG(s) 'example_complex' retrieved from /home/airflow/.local/lib/python3.12/site-packages/airflow/example_dags/example_complex.py
[2026-06-08T20:05:02.493+0000] {logging_mixin.py:188} INFO - [2026-06-08T20:05:02.493+0000] {dag.py:3096} INFO - Sync 1 DAGs
[2026-06-08T20:05:02.517+0000] {logging_mixin.py:188} INFO - [2026-06-08T20:05:02.517+0000] {dag.py:3954} INFO - Setting next_dagrun for example_complex to None, run_after=None
[2026-06-08T20:05:02.561+0000] {processor.py:183} INFO - Processing /home/airflow/.local/lib/python3.12/site-packages/airflow/example_dags/example_complex.py took 0.213 seconds
[2026-06-08T20:05:33.514+0000] {processor.py:161} INFO - Started process (PID=292) to work on /home/airflow/.local/lib/python3.12/site-packages/airflow/example_dags/example_complex.py
[2026-06-08T20:05:33.515+0000] {processor.py:830} INFO - Processing file /home/airflow/.local/lib/python3.12/site-packages/airflow/example_dags/example_complex.py for tasks to queue
[2026-06-08T20:05:33.517+0000] {logging_mixin.py:188} INFO - [2026-06-08T20:05:33.516+0000] {dagbag.py:545} INFO - Filling up the DagBag from /home/airflow/.local/lib/python3.12/site-packages/airflow/example_dags/example_complex.py
[2026-06-08T20:05:33.533+0000] {processor.py:840} INFO - DAG(s) 'example_complex' retrieved from /home/airflow/.local/lib/python3.12/site-packages/airflow/example_dags/example_complex.py
[2026-06-08T20:05:33.578+0000] {logging_mixin.py:188} INFO - [2026-06-08T20:05:33.578+0000] {dag.py:3096} INFO - Sync 1 DAGs
[2026-06-08T20:05:33.597+0000] {logging_mixin.py:188} INFO - [2026-06-08T20:05:33.596+0000] {dag.py:3954} INFO - Setting next_dagrun for example_complex to None, run_after=None
[2026-06-08T20:05:33.618+0000] {processor.py:183} INFO - Processing /home/airflow/.local/lib/python3.12/site-packages/airflow/example_dags/example_complex.py took 0.111 seconds
[2026-06-08T20:06:03.886+0000] {processor.py:161} INFO - Started process (PID=350) to work on /home/airflow/.local/lib/python3.12/site-packages/airflow/example_dags/example_complex.py
[2026-06-08T20:06:03.889+0000] {processor.py:830} INFO - Processing file /home/airflow/.local/lib/python3.12/site-packages/airflow/example_dags/example_complex.py for tasks to queue
[2026-06-08T20:06:03.895+0000] {logging_mixin.py:188} INFO - [2026-06-08T20:06:03.895+0000] {dagbag.py:545} INFO - Filling up the DagBag from /home/airflow/.local/lib/python3.12/site-packages/airflow/example_dags/example_complex.py
[2026-06-08T20:06:03.931+0000] {processor.py:840} INFO - DAG(s) 'example_complex' retrieved from /home/airflow/.local/lib/python3.12/site-packages/airflow/example_dags/example_complex.py
[2026-06-08T20:06:04.017+0000] {logging_mixin.py:188} INFO - [2026-06-08T20:06:04.017+0000] {dag.py:3096} INFO - Sync 1 DAGs
[2026-06-08T20:06:04.068+0000] {logging_mixin.py:188} INFO - [2026-06-08T20:06:04.067+0000] {dag.py:3954} INFO - Setting next_dagrun for example_complex to None, run_after=None
[2026-06-08T20:06:04.092+0000] {processor.py:183} INFO - Processing /home/airflow/.local/lib/python3.12/site-packages/airflow/example_dags/example_complex.py took 0.221 seconds
[2026-06-08T20:06:34.782+0000] {processor.py:161} INFO - Started process (PID=408) to work on /home/airflow/.local/lib/python3.12/site-packages/airflow/example_dags/example_complex.py
[2026-06-08T20:06:34.793+0000] {processor.py:830} INFO - Processing file /home/airflow/.local/lib/python3.12/site-packages/airflow/example_dags/example_complex.py for tasks to queue
[2026-06-08T20:06:34.830+0000] {logging_mixin.py:188} INFO - [2026-06-08T20:06:34.829+0000] {dagbag.py:545} INFO - Filling up the DagBag from /home/airflow/.local/lib/python3.12/site-packages/airflow/example_dags/example_complex.py
[2026-06-08T20:06:34.869+0000] {processor.py:840} INFO - DAG(s) 'example_complex' retrieved from /home/airflow/.local/lib/python3.12/site-packages/airflow/example_dags/example_complex.py
[2026-06-08T20:06:34.943+0000] {logging_mixin.py:188} INFO - [2026-06-08T20:06:34.943+0000] {dag.py:3096} INFO - Sync 1 DAGs
[2026-06-08T20:06:34.965+0000] {logging_mixin.py:188} INFO - [2026-06-08T20:06:34.964+0000] {dag.py:3954} INFO - Setting next_dagrun for example_complex to None, run_after=None
[2026-06-08T20:06:35.025+0000] {processor.py:183} INFO - Processing /home/airflow/.local/lib/python3.12/site-packages/airflow/example_dags/example_complex.py took 0.314 seconds
[2026-06-08T20:07:05.168+0000] {processor.py:161} INFO - Started process (PID=466) to work on /home/airflow/.local/lib/python3.12/site-packages/airflow/example_dags/example_complex.py
[2026-06-08T20:07:05.169+0000] {processor.py:830} INFO - Processing file /home/airflow/.local/lib/python3.12/site-packages/airflow/example_dags/example_complex.py for tasks to queue
[2026-06-08T20:07:05.171+0000] {logging_mixin.py:188} INFO - [2026-06-08T20:07:05.170+0000] {dagbag.py:545} INFO - Filling up the DagBag from /home/airflow/.local/lib/python3.12/site-packages/airflow/example_dags/example_complex.py
[2026-06-08T20:07:05.186+0000] {processor.py:840} INFO - DAG(s) 'example_complex' retrieved from /home/airflow/.local/lib/python3.12/site-packages/airflow/example_dags/example_complex.py
[2026-06-08T20:07:05.241+0000] {logging_mixin.py:188} INFO - [2026-06-08T20:07:05.241+0000] {dag.py:3096} INFO - Sync 1 DAGs
[2026-06-08T20:07:05.279+0000] {logging_mixin.py:188} INFO - [2026-06-08T20:07:05.279+0000] {dag.py:3954} INFO - Setting next_dagrun for example_complex to None, run_after=None
[2026-06-08T20:07:05.329+0000] {processor.py:183} INFO - Processing /home/airflow/.local/lib/python3.12/site-packages/airflow/example_dags/example_complex.py took 0.168 seconds
[2026-06-08T20:08:36.280+0000] {processor.py:161} INFO - Started process (PID=109) to work on /home/airflow/.local/lib/python3.12/site-packages/airflow/example_dags/example_complex.py
[2026-06-08T20:08:36.281+0000] {processor.py:830} INFO - Processing file /home/airflow/.local/lib/python3.12/site-packages/airflow/example_dags/example_complex.py for tasks to queue
[2026-06-08T20:08:36.285+0000] {logging_mixin.py:188} INFO - [2026-06-08T20:08:36.285+0000] {dagbag.py:545} INFO - Filling up the DagBag from /home/airflow/.local/lib/python3.12/site-packages/airflow/example_dags/example_complex.py
[2026-06-08T20:08:36.321+0000] {processor.py:840} INFO - DAG(s) 'example_complex' retrieved from /home/airflow/.local/lib/python3.12/site-packages/airflow/example_dags/example_complex.py
[2026-06-08T20:08:36.635+0000] {logging_mixin.py:188} INFO - [2026-06-08T20:08:36.634+0000] {dag.py:3096} INFO - Sync 1 DAGs
[2026-06-08T20:08:36.650+0000] {logging_mixin.py:188} INFO - [2026-06-08T20:08:36.650+0000] {dag.py:3954} INFO - Setting next_dagrun for example_complex to None, run_after=None
[2026-06-08T20:08:36.764+0000] {processor.py:183} INFO - Processing /home/airflow/.local/lib/python3.12/site-packages/airflow/example_dags/example_complex.py took 0.505 seconds
[2026-06-08T20:09:07.575+0000] {processor.py:161} INFO - Started process (PID=167) to work on /home/airflow/.local/lib/python3.12/site-packages/airflow/example_dags/example_complex.py
[2026-06-08T20:09:07.577+0000] {processor.py:830} INFO - Processing file /home/airflow/.local/lib/python3.12/site-packages/airflow/example_dags/example_complex.py for tasks to queue
[2026-06-08T20:09:07.581+0000] {logging_mixin.py:188} INFO - [2026-06-08T20:09:07.578+0000] {dagbag.py:545} INFO - Filling up the DagBag from /home/airflow/.local/lib/python3.12/site-packages/airflow/example_dags/example_complex.py
[2026-06-08T20:09:07.612+0000] {processor.py:840} INFO - DAG(s) 'example_complex' retrieved from /home/airflow/.local/lib/python3.12/site-packages/airflow/example_dags/example_complex.py
[2026-06-08T20:09:07.663+0000] {logging_mixin.py:188} INFO - [2026-06-08T20:09:07.663+0000] {dag.py:3096} INFO - Sync 1 DAGs
[2026-06-08T20:09:07.687+0000] {logging_mixin.py:188} INFO - [2026-06-08T20:09:07.686+0000] {dag.py:3954} INFO - Setting next_dagrun for example_complex to None, run_after=None
[2026-06-08T20:09:07.713+0000] {processor.py:183} INFO - Processing /home/airflow/.local/lib/python3.12/site-packages/airflow/example_dags/example_complex.py took 0.155 seconds
[2026-06-08T20:09:38.629+0000] {processor.py:161} INFO - Started process (PID=225) to work on /home/airflow/.local/lib/python3.12/site-packages/airflow/example_dags/example_complex.py
[2026-06-08T20:09:38.630+0000] {processor.py:830} INFO - Processing file /home/airflow/.local/lib/python3.12/site-packages/airflow/example_dags/example_complex.py for tasks to queue
[2026-06-08T20:09:38.632+0000] {logging_mixin.py:188} INFO - [2026-06-08T20:09:38.631+0000] {dagbag.py:545} INFO - Filling up the DagBag from /home/airflow/.local/lib/python3.12/site-packages/airflow/example_dags/example_complex.py
[2026-06-08T20:09:38.647+0000] {processor.py:840} INFO - DAG(s) 'example_complex' retrieved from /home/airflow/.local/lib/python3.12/site-packages/airflow/example_dags/example_complex.py
[2026-06-08T20:09:38.821+0000] {logging_mixin.py:188} INFO - [2026-06-08T20:09:38.821+0000] {dag.py:3096} INFO - Sync 1 DAGs
[2026-06-08T20:09:38.838+0000] {logging_mixin.py:188} INFO - [2026-06-08T20:09:38.838+0000] {dag.py:3954} INFO - Setting next_dagrun for example_complex to None, run_after=None
[2026-06-08T20:09:38.872+0000] {processor.py:183} INFO - Processing /home/airflow/.local/lib/python3.12/site-packages/airflow/example_dags/example_complex.py took 0.262 seconds
[2026-06-08T20:10:09.600+0000] {processor.py:161} INFO - Started process (PID=285) to work on /home/airflow/.local/lib/python3.12/site-packages/airflow/example_dags/example_complex.py
[2026-06-08T20:10:09.609+0000] {processor.py:830} INFO - Processing file /home/airflow/.local/lib/python3.12/site-packages/airflow/example_dags/example_complex.py for tasks to queue
[2026-06-08T20:10:09.616+0000] {logging_mixin.py:188} INFO - [2026-06-08T20:10:09.616+0000] {dagbag.py:545} INFO - Filling up the DagBag from /home/airflow/.local/lib/python3.12/site-packages/airflow/example_dags/example_complex.py
[2026-06-08T20:10:09.641+0000] {processor.py:840} INFO - DAG(s) 'example_complex' retrieved from /home/airflow/.local/lib/python3.12/site-packages/airflow/example_dags/example_complex.py
[2026-06-08T20:10:09.744+0000] {logging_mixin.py:188} INFO - [2026-06-08T20:10:09.743+0000] {dag.py:3096} INFO - Sync 1 DAGs
[2026-06-08T20:10:09.761+0000] {logging_mixin.py:188} INFO - [2026-06-08T20:10:09.761+0000] {dag.py:3954} INFO - Setting next_dagrun for example_complex to None, run_after=None
[2026-06-08T20:10:09.797+0000] {processor.py:183} INFO - Processing /home/airflow/.local/lib/python3.12/site-packages/airflow/example_dags/example_complex.py took 0.206 seconds
[2026-06-08T20:10:40.272+0000] {processor.py:161} INFO - Started process (PID=343) to work on /home/airflow/.local/lib/python3.12/site-packages/airflow/example_dags/example_complex.py
[2026-06-08T20:10:40.273+0000] {processor.py:830} INFO - Processing file /home/airflow/.local/lib/python3.12/site-packages/airflow/example_dags/example_complex.py for tasks to queue
[2026-06-08T20:10:40.276+0000] {logging_mixin.py:188} INFO - [2026-06-08T20:10:40.275+0000] {dagbag.py:545} INFO - Filling up the DagBag from /home/airflow/.local/lib/python3.12/site-packages/airflow/example_dags/example_complex.py
[2026-06-08T20:10:40.292+0000] {processor.py:840} INFO - DAG(s) 'example_complex' retrieved from /home/airflow/.local/lib/python3.12/site-packages/airflow/example_dags/example_complex.py
[2026-06-08T20:10:40.396+0000] {logging_mixin.py:188} INFO - [2026-06-08T20:10:40.396+0000] {dag.py:3096} INFO - Sync 1 DAGs
[2026-06-08T20:10:40.464+0000] {logging_mixin.py:188} INFO - [2026-06-08T20:10:40.463+0000] {dag.py:3954} INFO - Setting next_dagrun for example_complex to None, run_after=None
[2026-06-08T20:10:40.556+0000] {processor.py:183} INFO - Processing /home/airflow/.local/lib/python3.12/site-packages/airflow/example_dags/example_complex.py took 0.291 seconds
[2026-06-08T20:11:10.913+0000] {processor.py:161} INFO - Started process (PID=401) to work on /home/airflow/.local/lib/python3.12/site-packages/airflow/example_dags/example_complex.py
[2026-06-08T20:11:10.916+0000] {processor.py:830} INFO - Processing file /home/airflow/.local/lib/python3.12/site-packages/airflow/example_dags/example_complex.py for tasks to queue
[2026-06-08T20:11:10.920+0000] {logging_mixin.py:188} INFO - [2026-06-08T20:11:10.917+0000] {dagbag.py:545} INFO - Filling up the DagBag from /home/airflow/.local/lib/python3.12/site-packages/airflow/example_dags/example_complex.py
[2026-06-08T20:11:10.966+0000] {processor.py:840} INFO - DAG(s) 'example_complex' retrieved from /home/airflow/.local/lib/python3.12/site-packages/airflow/example_dags/example_complex.py
[2026-06-08T20:11:11.015+0000] {logging_mixin.py:188} INFO - [2026-06-08T20:11:11.015+0000] {dag.py:3096} INFO - Sync 1 DAGs
[2026-06-08T20:11:11.033+0000] {logging_mixin.py:188} INFO - [2026-06-08T20:11:11.033+0000] {dag.py:3954} INFO - Setting next_dagrun for example_complex to None, run_after=None
[2026-06-08T20:11:11.057+0000] {processor.py:183} INFO - Processing /home/airflow/.local/lib/python3.12/site-packages/airflow/example_dags/example_complex.py took 0.161 seconds
[2026-06-08T20:11:41.352+0000] {processor.py:161} INFO - Started process (PID=458) to work on /home/airflow/.local/lib/python3.12/site-packages/airflow/example_dags/example_complex.py
[2026-06-08T20:11:41.352+0000] {processor.py:830} INFO - Processing file /home/airflow/.local/lib/python3.12/site-packages/airflow/example_dags/example_complex.py for tasks to queue
[2026-06-08T20:11:41.355+0000] {logging_mixin.py:188} INFO - [2026-06-08T20:11:41.354+0000] {dagbag.py:545} INFO - Filling up the DagBag from /home/airflow/.local/lib/python3.12/site-packages/airflow/example_dags/example_complex.py
[2026-06-08T20:11:41.370+0000] {processor.py:840} INFO - DAG(s) 'example_complex' retrieved from /home/airflow/.local/lib/python3.12/site-packages/airflow/example_dags/example_complex.py
[2026-06-08T20:11:41.423+0000] {logging_mixin.py:188} INFO - [2026-06-08T20:11:41.422+0000] {dag.py:3096} INFO - Sync 1 DAGs
[2026-06-08T20:11:41.441+0000] {logging_mixin.py:188} INFO - [2026-06-08T20:11:41.441+0000] {dag.py:3954} INFO - Setting next_dagrun for example_complex to None, run_after=None
[2026-06-08T20:11:41.465+0000] {processor.py:183} INFO - Processing /home/airflow/.local/lib/python3.12/site-packages/airflow/example_dags/example_complex.py took 0.120 seconds
[2026-06-08T20:12:11.723+0000] {processor.py:161} INFO - Started process (PID=517) to work on /home/airflow/.local/lib/python3.12/site-packages/airflow/example_dags/example_complex.py
[2026-06-08T20:12:11.724+0000] {processor.py:830} INFO - Processing file /home/airflow/.local/lib/python3.12/site-packages/airflow/example_dags/example_complex.py for tasks to queue
[2026-06-08T20:12:11.726+0000] {logging_mixin.py:188} INFO - [2026-06-08T20:12:11.726+0000] {dagbag.py:545} INFO - Filling up the DagBag from /home/airflow/.local/lib/python3.12/site-packages/airflow/example_dags/example_complex.py
[2026-06-08T20:12:11.741+0000] {processor.py:840} INFO - DAG(s) 'example_complex' retrieved from /home/airflow/.local/lib/python3.12/site-packages/airflow/example_dags/example_complex.py
[2026-06-08T20:12:11.793+0000] {logging_mixin.py:188} INFO - [2026-06-08T20:12:11.793+0000] {dag.py:3096} INFO - Sync 1 DAGs
[2026-06-08T20:12:11.812+0000] {logging_mixin.py:188} INFO - [2026-06-08T20:12:11.811+0000] {dag.py:3954} INFO - Setting next_dagrun for example_complex to None, run_after=None
[2026-06-08T20:12:11.833+0000] {processor.py:183} INFO - Processing /home/airflow/.local/lib/python3.12/site-packages/airflow/example_dags/example_complex.py took 0.119 seconds
[2026-06-08T20:12:47.819+0000] {processor.py:161} INFO - Started process (PID=575) to work on /home/airflow/.local/lib/python3.12/site-packages/airflow/example_dags/example_complex.py
[2026-06-08T20:12:47.824+0000] {processor.py:830} INFO - Processing file /home/airflow/.local/lib/python3.12/site-packages/airflow/example_dags/example_complex.py for tasks to queue
[2026-06-08T20:12:47.835+0000] {logging_mixin.py:188} INFO - [2026-06-08T20:12:47.834+0000] {dagbag.py:545} INFO - Filling up the DagBag from /home/airflow/.local/lib/python3.12/site-packages/airflow/example_dags/example_complex.py
[2026-06-08T20:12:48.044+0000] {processor.py:840} INFO - DAG(s) 'example_complex' retrieved from /home/airflow/.local/lib/python3.12/site-packages/airflow/example_dags/example_complex.py
[2026-06-08T20:12:48.358+0000] {logging_mixin.py:188} INFO - [2026-06-08T20:12:48.358+0000] {dag.py:3096} INFO - Sync 1 DAGs
[2026-06-08T20:12:48.576+0000] {logging_mixin.py:188} INFO - [2026-06-08T20:12:48.564+0000] {dag.py:3954} INFO - Setting next_dagrun for example_complex to None, run_after=None
[2026-06-08T20:12:48.869+0000] {processor.py:183} INFO - Processing /home/airflow/.local/lib/python3.12/site-packages/airflow/example_dags/example_complex.py took 1.140 seconds
[2026-06-08T20:13:19.472+0000] {processor.py:161} INFO - Started process (PID=633) to work on /home/airflow/.local/lib/python3.12/site-packages/airflow/example_dags/example_complex.py
[2026-06-08T20:13:19.487+0000] {processor.py:830} INFO - Processing file /home/airflow/.local/lib/python3.12/site-packages/airflow/example_dags/example_complex.py for tasks to queue
[2026-06-08T20:13:19.515+0000] {logging_mixin.py:188} INFO - [2026-06-08T20:13:19.509+0000] {dagbag.py:545} INFO - Filling up the DagBag from /home/airflow/.local/lib/python3.12/site-packages/airflow/example_dags/example_complex.py
[2026-06-08T20:13:19.590+0000] {processor.py:840} INFO - DAG(s) 'example_complex' retrieved from /home/airflow/.local/lib/python3.12/site-packages/airflow/example_dags/example_complex.py
[2026-06-08T20:13:20.037+0000] {logging_mixin.py:188} INFO - [2026-06-08T20:13:20.036+0000] {dag.py:3096} INFO - Sync 1 DAGs
[2026-06-08T20:13:20.155+0000] {logging_mixin.py:188} INFO - [2026-06-08T20:13:20.155+0000] {dag.py:3954} INFO - Setting next_dagrun for example_complex to None, run_after=None
[2026-06-08T20:13:20.341+0000] {processor.py:183} INFO - Processing /home/airflow/.local/lib/python3.12/site-packages/airflow/example_dags/example_complex.py took 0.935 seconds
[2026-06-08T20:13:51.166+0000] {processor.py:161} INFO - Started process (PID=689) to work on /home/airflow/.local/lib/python3.12/site-packages/airflow/example_dags/example_complex.py
[2026-06-08T20:13:51.172+0000] {processor.py:830} INFO - Processing file /home/airflow/.local/lib/python3.12/site-packages/airflow/example_dags/example_complex.py for tasks to queue
[2026-06-08T20:13:51.176+0000] {logging_mixin.py:188} INFO - [2026-06-08T20:13:51.176+0000] {dagbag.py:545} INFO - Filling up the DagBag from /home/airflow/.local/lib/python3.12/site-packages/airflow/example_dags/example_complex.py
[2026-06-08T20:13:51.199+0000] {processor.py:840} INFO - DAG(s) 'example_complex' retrieved from /home/airflow/.local/lib/python3.12/site-packages/airflow/example_dags/example_complex.py
[2026-06-08T20:13:51.244+0000] {logging_mixin.py:188} INFO - [2026-06-08T20:13:51.244+0000] {dag.py:3096} INFO - Sync 1 DAGs
[2026-06-08T20:13:51.263+0000] {logging_mixin.py:188} INFO - [2026-06-08T20:13:51.262+0000] {dag.py:3954} INFO - Setting next_dagrun for example_complex to None, run_after=None
[2026-06-08T20:13:51.287+0000] {processor.py:183} INFO - Processing /home/airflow/.local/lib/python3.12/site-packages/airflow/example_dags/example_complex.py took 0.128 seconds
[2026-06-08T20:14:21.840+0000] {processor.py:161} INFO - Started process (PID=747) to work on /home/airflow/.local/lib/python3.12/site-packages/airflow/example_dags/example_complex.py
[2026-06-08T20:14:21.846+0000] {processor.py:830} INFO - Processing file /home/airflow/.local/lib/python3.12/site-packages/airflow/example_dags/example_complex.py for tasks to queue
[2026-06-08T20:14:21.848+0000] {logging_mixin.py:188} INFO - [2026-06-08T20:14:21.847+0000] {dagbag.py:545} INFO - Filling up the DagBag from /home/airflow/.local/lib/python3.12/site-packages/airflow/example_dags/example_complex.py
[2026-06-08T20:14:21.869+0000] {processor.py:840} INFO - DAG(s) 'example_complex' retrieved from /home/airflow/.local/lib/python3.12/site-packages/airflow/example_dags/example_complex.py
[2026-06-08T20:14:21.914+0000] {logging_mixin.py:188} INFO - [2026-06-08T20:14:21.914+0000] {dag.py:3096} INFO - Sync 1 DAGs
[2026-06-08T20:14:21.933+0000] {logging_mixin.py:188} INFO - [2026-06-08T20:14:21.933+0000] {dag.py:3954} INFO - Setting next_dagrun for example_complex to None, run_after=None
[2026-06-08T20:14:21.957+0000] {processor.py:183} INFO - Processing /home/airflow/.local/lib/python3.12/site-packages/airflow/example_dags/example_complex.py took 0.124 seconds
[2026-06-08T20:14:52.418+0000] {processor.py:161} INFO - Started process (PID=805) to work on /home/airflow/.local/lib/python3.12/site-packages/airflow/example_dags/example_complex.py
[2026-06-08T20:14:52.423+0000] {processor.py:830} INFO - Processing file /home/airflow/.local/lib/python3.12/site-packages/airflow/example_dags/example_complex.py for tasks to queue
[2026-06-08T20:14:52.425+0000] {logging_mixin.py:188} INFO - [2026-06-08T20:14:52.425+0000] {dagbag.py:545} INFO - Filling up the DagBag from /home/airflow/.local/lib/python3.12/site-packages/airflow/example_dags/example_complex.py
[2026-06-08T20:14:52.446+0000] {processor.py:840} INFO - DAG(s) 'example_complex' retrieved from /home/airflow/.local/lib/python3.12/site-packages/airflow/example_dags/example_complex.py
[2026-06-08T20:14:52.492+0000] {logging_mixin.py:188} INFO - [2026-06-08T20:14:52.491+0000] {dag.py:3096} INFO - Sync 1 DAGs
[2026-06-08T20:14:52.510+0000] {logging_mixin.py:188} INFO - [2026-06-08T20:14:52.509+0000] {dag.py:3954} INFO - Setting next_dagrun for example_complex to None, run_after=None
[2026-06-08T20:14:52.539+0000] {processor.py:183} INFO - Processing /home/airflow/.local/lib/python3.12/site-packages/airflow/example_dags/example_complex.py took 0.128 seconds
[2026-06-08T20:15:22.581+0000] {processor.py:161} INFO - Started process (PID=863) to work on /home/airflow/.local/lib/python3.12/site-packages/airflow/example_dags/example_complex.py
[2026-06-08T20:15:22.582+0000] {processor.py:830} INFO - Processing file /home/airflow/.local/lib/python3.12/site-packages/airflow/example_dags/example_complex.py for tasks to queue
[2026-06-08T20:15:22.584+0000] {logging_mixin.py:188} INFO - [2026-06-08T20:15:22.584+0000] {dagbag.py:545} INFO - Filling up the DagBag from /home/airflow/.local/lib/python3.12/site-packages/airflow/example_dags/example_complex.py
[2026-06-08T20:15:22.599+0000] {processor.py:840} INFO - DAG(s) 'example_complex' retrieved from /home/airflow/.local/lib/python3.12/site-packages/airflow/example_dags/example_complex.py
[2026-06-08T20:15:22.647+0000] {logging_mixin.py:188} INFO - [2026-06-08T20:15:22.646+0000] {dag.py:3096} INFO - Sync 1 DAGs
[2026-06-08T20:15:22.663+0000] {logging_mixin.py:188} INFO - [2026-06-08T20:15:22.663+0000] {dag.py:3954} INFO - Setting next_dagrun for example_complex to None, run_after=None
[2026-06-08T20:15:22.685+0000] {processor.py:183} INFO - Processing /home/airflow/.local/lib/python3.12/site-packages/airflow/example_dags/example_complex.py took 0.110 seconds
[2026-06-08T20:15:52.898+0000] {processor.py:161} INFO - Started process (PID=921) to work on /home/airflow/.local/lib/python3.12/site-packages/airflow/example_dags/example_complex.py
[2026-06-08T20:15:52.906+0000] {processor.py:830} INFO - Processing file /home/airflow/.local/lib/python3.12/site-packages/airflow/example_dags/example_complex.py for tasks to queue
[2026-06-08T20:15:52.916+0000] {logging_mixin.py:188} INFO - [2026-06-08T20:15:52.916+0000] {dagbag.py:545} INFO - Filling up the DagBag from /home/airflow/.local/lib/python3.12/site-packages/airflow/example_dags/example_complex.py
[2026-06-08T20:15:53.008+0000] {processor.py:840} INFO - DAG(s) 'example_complex' retrieved from /home/airflow/.local/lib/python3.12/site-packages/airflow/example_dags/example_complex.py
[2026-06-08T20:15:53.264+0000] {logging_mixin.py:188} INFO - [2026-06-08T20:15:53.263+0000] {dag.py:3096} INFO - Sync 1 DAGs
[2026-06-08T20:15:53.310+0000] {logging_mixin.py:188} INFO - [2026-06-08T20:15:53.310+0000] {dag.py:3954} INFO - Setting next_dagrun for example_complex to None, run_after=None
[2026-06-08T20:15:53.426+0000] {processor.py:183} INFO - Processing /home/airflow/.local/lib/python3.12/site-packages/airflow/example_dags/example_complex.py took 0.587 seconds
[2026-06-08T20:16:23.598+0000] {processor.py:161} INFO - Started process (PID=979) to work on /home/airflow/.local/lib/python3.12/site-packages/airflow/example_dags/example_complex.py
[2026-06-08T20:16:23.599+0000] {processor.py:830} INFO - Processing file /home/airflow/.local/lib/python3.12/site-packages/airflow/example_dags/example_complex.py for tasks to queue
[2026-06-08T20:16:23.602+0000] {logging_mixin.py:188} INFO - [2026-06-08T20:16:23.602+0000] {dagbag.py:545} INFO - Filling up the DagBag from /home/airflow/.local/lib/python3.12/site-packages/airflow/example_dags/example_complex.py
[2026-06-08T20:16:23.620+0000] {processor.py:840} INFO - DAG(s) 'example_complex' retrieved from /home/airflow/.local/lib/python3.12/site-packages/airflow/example_dags/example_complex.py
[2026-06-08T20:16:23.673+0000] {logging_mixin.py:188} INFO - [2026-06-08T20:16:23.673+0000] {dag.py:3096} INFO - Sync 1 DAGs
[2026-06-08T20:16:23.693+0000] {logging_mixin.py:188} INFO - [2026-06-08T20:16:23.692+0000] {dag.py:3954} INFO - Setting next_dagrun for example_complex to None, run_after=None
[2026-06-08T20:16:23.714+0000] {processor.py:183} INFO - Processing /home/airflow/.local/lib/python3.12/site-packages/airflow/example_dags/example_complex.py took 0.126 seconds
[2026-06-08T20:16:53.867+0000] {processor.py:161} INFO - Started process (PID=1037) to work on /home/airflow/.local/lib/python3.12/site-packages/airflow/example_dags/example_complex.py
[2026-06-08T20:16:53.868+0000] {processor.py:830} INFO - Processing file /home/airflow/.local/lib/python3.12/site-packages/airflow/example_dags/example_complex.py for tasks to queue
[2026-06-08T20:16:53.871+0000] {logging_mixin.py:188} INFO - [2026-06-08T20:16:53.871+0000] {dagbag.py:545} INFO - Filling up the DagBag from /home/airflow/.local/lib/python3.12/site-packages/airflow/example_dags/example_complex.py
[2026-06-08T20:16:53.908+0000] {processor.py:840} INFO - DAG(s) 'example_complex' retrieved from /home/airflow/.local/lib/python3.12/site-packages/airflow/example_dags/example_complex.py
[2026-06-08T20:16:54.039+0000] {logging_mixin.py:188} INFO - [2026-06-08T20:16:54.039+0000] {dag.py:3096} INFO - Sync 1 DAGs
[2026-06-08T20:16:54.069+0000] {logging_mixin.py:188} INFO - [2026-06-08T20:16:54.068+0000] {dag.py:3954} INFO - Setting next_dagrun for example_complex to None, run_after=None
[2026-06-08T20:16:54.114+0000] {processor.py:183} INFO - Processing /home/airflow/.local/lib/python3.12/site-packages/airflow/example_dags/example_complex.py took 0.259 seconds
[2026-06-08T20:17:24.305+0000] {processor.py:161} INFO - Started process (PID=1095) to work on /home/airflow/.local/lib/python3.12/site-packages/airflow/example_dags/example_complex.py
[2026-06-08T20:17:24.308+0000] {processor.py:830} INFO - Processing file /home/airflow/.local/lib/python3.12/site-packages/airflow/example_dags/example_complex.py for tasks to queue
[2026-06-08T20:17:24.311+0000] {logging_mixin.py:188} INFO - [2026-06-08T20:17:24.310+0000] {dagbag.py:545} INFO - Filling up the DagBag from /home/airflow/.local/lib/python3.12/site-packages/airflow/example_dags/example_complex.py
[2026-06-08T20:17:24.341+0000] {processor.py:840} INFO - DAG(s) 'example_complex' retrieved from /home/airflow/.local/lib/python3.12/site-packages/airflow/example_dags/example_complex.py
[2026-06-08T20:17:24.425+0000] {logging_mixin.py:188} INFO - [2026-06-08T20:17:24.424+0000] {dag.py:3096} INFO - Sync 1 DAGs
[2026-06-08T20:17:24.458+0000] {logging_mixin.py:188} INFO - [2026-06-08T20:17:24.458+0000] {dag.py:3954} INFO - Setting next_dagrun for example_complex to None, run_after=None
[2026-06-08T20:17:24.504+0000] {processor.py:183} INFO - Processing /home/airflow/.local/lib/python3.12/site-packages/airflow/example_dags/example_complex.py took 0.213 seconds
[2026-06-08T20:19:04.050+0000] {processor.py:161} INFO - Started process (PID=106) to work on /home/airflow/.local/lib/python3.12/site-packages/airflow/example_dags/example_complex.py
[2026-06-08T20:19:04.055+0000] {processor.py:830} INFO - Processing file /home/airflow/.local/lib/python3.12/site-packages/airflow/example_dags/example_complex.py for tasks to queue
[2026-06-08T20:19:04.063+0000] {logging_mixin.py:188} INFO - [2026-06-08T20:19:04.062+0000] {dagbag.py:545} INFO - Filling up the DagBag from /home/airflow/.local/lib/python3.12/site-packages/airflow/example_dags/example_complex.py
[2026-06-08T20:19:04.079+0000] {processor.py:840} INFO - DAG(s) 'example_complex' retrieved from /home/airflow/.local/lib/python3.12/site-packages/airflow/example_dags/example_complex.py
[2026-06-08T20:19:04.346+0000] {logging_mixin.py:188} INFO - [2026-06-08T20:19:04.341+0000] {dag.py:3096} INFO - Sync 1 DAGs
[2026-06-08T20:19:04.425+0000] {logging_mixin.py:188} INFO - [2026-06-08T20:19:04.425+0000] {dag.py:3954} INFO - Setting next_dagrun for example_complex to None, run_after=None
[2026-06-08T20:19:04.546+0000] {processor.py:183} INFO - Processing /home/airflow/.local/lib/python3.12/site-packages/airflow/example_dags/example_complex.py took 0.515 seconds
[2026-06-08T20:19:34.943+0000] {processor.py:161} INFO - Started process (PID=165) to work on /home/airflow/.local/lib/python3.12/site-packages/airflow/example_dags/example_complex.py
[2026-06-08T20:19:34.944+0000] {processor.py:830} INFO - Processing file /home/airflow/.local/lib/python3.12/site-packages/airflow/example_dags/example_complex.py for tasks to queue
[2026-06-08T20:19:34.946+0000] {logging_mixin.py:188} INFO - [2026-06-08T20:19:34.946+0000] {dagbag.py:545} INFO - Filling up the DagBag from /home/airflow/.local/lib/python3.12/site-packages/airflow/example_dags/example_complex.py
[2026-06-08T20:19:34.960+0000] {processor.py:840} INFO - DAG(s) 'example_complex' retrieved from /home/airflow/.local/lib/python3.12/site-packages/airflow/example_dags/example_complex.py
[2026-06-08T20:19:35.008+0000] {logging_mixin.py:188} INFO - [2026-06-08T20:19:35.008+0000] {dag.py:3096} INFO - Sync 1 DAGs
[2026-06-08T20:19:35.024+0000] {logging_mixin.py:188} INFO - [2026-06-08T20:19:35.023+0000] {dag.py:3954} INFO - Setting next_dagrun for example_complex to None, run_after=None
[2026-06-08T20:19:35.046+0000] {processor.py:183} INFO - Processing /home/airflow/.local/lib/python3.12/site-packages/airflow/example_dags/example_complex.py took 0.111 seconds
[2026-06-08T20:20:05.713+0000] {processor.py:161} INFO - Started process (PID=224) to work on /home/airflow/.local/lib/python3.12/site-packages/airflow/example_dags/example_complex.py
[2026-06-08T20:20:05.713+0000] {processor.py:830} INFO - Processing file /home/airflow/.local/lib/python3.12/site-packages/airflow/example_dags/example_complex.py for tasks to queue
[2026-06-08T20:20:05.715+0000] {logging_mixin.py:188} INFO - [2026-06-08T20:20:05.715+0000] {dagbag.py:545} INFO - Filling up the DagBag from /home/airflow/.local/lib/python3.12/site-packages/airflow/example_dags/example_complex.py
[2026-06-08T20:20:05.724+0000] {processor.py:840} INFO - DAG(s) 'example_complex' retrieved from /home/airflow/.local/lib/python3.12/site-packages/airflow/example_dags/example_complex.py
[2026-06-08T20:20:05.759+0000] {logging_mixin.py:188} INFO - [2026-06-08T20:20:05.758+0000] {dag.py:3096} INFO - Sync 1 DAGs
[2026-06-08T20:20:05.771+0000] {logging_mixin.py:188} INFO - [2026-06-08T20:20:05.771+0000] {dag.py:3954} INFO - Setting next_dagrun for example_complex to None, run_after=None
[2026-06-08T20:20:05.792+0000] {processor.py:183} INFO - Processing /home/airflow/.local/lib/python3.12/site-packages/airflow/example_dags/example_complex.py took 0.084 seconds
[2026-06-08T20:20:36.738+0000] {processor.py:161} INFO - Started process (PID=282) to work on /home/airflow/.local/lib/python3.12/site-packages/airflow/example_dags/example_complex.py
[2026-06-08T20:20:36.744+0000] {processor.py:830} INFO - Processing file /home/airflow/.local/lib/python3.12/site-packages/airflow/example_dags/example_complex.py for tasks to queue
[2026-06-08T20:20:36.749+0000] {logging_mixin.py:188} INFO - [2026-06-08T20:20:36.749+0000] {dagbag.py:545} INFO - Filling up the DagBag from /home/airflow/.local/lib/python3.12/site-packages/airflow/example_dags/example_complex.py
[2026-06-08T20:20:36.794+0000] {processor.py:840} INFO - DAG(s) 'example_complex' retrieved from /home/airflow/.local/lib/python3.12/site-packages/airflow/example_dags/example_complex.py
[2026-06-08T20:20:36.946+0000] {logging_mixin.py:188} INFO - [2026-06-08T20:20:36.945+0000] {dag.py:3096} INFO - Sync 1 DAGs
[2026-06-08T20:20:37.012+0000] {logging_mixin.py:188} INFO - [2026-06-08T20:20:37.012+0000] {dag.py:3954} INFO - Setting next_dagrun for example_complex to None, run_after=None
[2026-06-08T20:20:37.109+0000] {processor.py:183} INFO - Processing /home/airflow/.local/lib/python3.12/site-packages/airflow/example_dags/example_complex.py took 0.385 seconds
[2026-06-08T20:21:07.303+0000] {processor.py:161} INFO - Started process (PID=343) to work on /home/airflow/.local/lib/python3.12/site-packages/airflow/example_dags/example_complex.py
[2026-06-08T20:21:07.305+0000] {processor.py:830} INFO - Processing file /home/airflow/.local/lib/python3.12/site-packages/airflow/example_dags/example_complex.py for tasks to queue
[2026-06-08T20:21:07.307+0000] {logging_mixin.py:188} INFO - [2026-06-08T20:21:07.307+0000] {dagbag.py:545} INFO - Filling up the DagBag from /home/airflow/.local/lib/python3.12/site-packages/airflow/example_dags/example_complex.py
[2026-06-08T20:21:07.333+0000] {processor.py:840} INFO - DAG(s) 'example_complex' retrieved from /home/airflow/.local/lib/python3.12/site-packages/airflow/example_dags/example_complex.py
[2026-06-08T20:21:07.384+0000] {logging_mixin.py:188} INFO - [2026-06-08T20:21:07.384+0000] {dag.py:3096} INFO - Sync 1 DAGs
[2026-06-08T20:21:07.400+0000] {logging_mixin.py:188} INFO - [2026-06-08T20:21:07.400+0000] {dag.py:3954} INFO - Setting next_dagrun for example_complex to None, run_after=None
[2026-06-08T20:21:07.422+0000] {processor.py:183} INFO - Processing /home/airflow/.local/lib/python3.12/site-packages/airflow/example_dags/example_complex.py took 0.126 seconds
[2026-06-08T20:21:37.968+0000] {processor.py:161} INFO - Started process (PID=399) to work on /home/airflow/.local/lib/python3.12/site-packages/airflow/example_dags/example_complex.py
[2026-06-08T20:21:37.969+0000] {processor.py:830} INFO - Processing file /home/airflow/.local/lib/python3.12/site-packages/airflow/example_dags/example_complex.py for tasks to queue
[2026-06-08T20:21:37.971+0000] {logging_mixin.py:188} INFO - [2026-06-08T20:21:37.971+0000] {dagbag.py:545} INFO - Filling up the DagBag from /home/airflow/.local/lib/python3.12/site-packages/airflow/example_dags/example_complex.py
[2026-06-08T20:21:37.985+0000] {processor.py:840} INFO - DAG(s) 'example_complex' retrieved from /home/airflow/.local/lib/python3.12/site-packages/airflow/example_dags/example_complex.py
[2026-06-08T20:21:38.032+0000] {logging_mixin.py:188} INFO - [2026-06-08T20:21:38.031+0000] {dag.py:3096} INFO - Sync 1 DAGs
[2026-06-08T20:21:38.048+0000] {logging_mixin.py:188} INFO - [2026-06-08T20:21:38.048+0000] {dag.py:3954} INFO - Setting next_dagrun for example_complex to None, run_after=None
[2026-06-08T20:21:38.075+0000] {processor.py:183} INFO - Processing /home/airflow/.local/lib/python3.12/site-packages/airflow/example_dags/example_complex.py took 0.115 seconds
[2026-06-08T20:22:08.450+0000] {processor.py:161} INFO - Started process (PID=458) to work on /home/airflow/.local/lib/python3.12/site-packages/airflow/example_dags/example_complex.py
[2026-06-08T20:22:08.457+0000] {processor.py:830} INFO - Processing file /home/airflow/.local/lib/python3.12/site-packages/airflow/example_dags/example_complex.py for tasks to queue
[2026-06-08T20:22:08.461+0000] {logging_mixin.py:188} INFO - [2026-06-08T20:22:08.461+0000] {dagbag.py:545} INFO - Filling up the DagBag from /home/airflow/.local/lib/python3.12/site-packages/airflow/example_dags/example_complex.py
[2026-06-08T20:22:08.477+0000] {processor.py:840} INFO - DAG(s) 'example_complex' retrieved from /home/airflow/.local/lib/python3.12/site-packages/airflow/example_dags/example_complex.py
[2026-06-08T20:22:08.529+0000] {logging_mixin.py:188} INFO - [2026-06-08T20:22:08.529+0000] {dag.py:3096} INFO - Sync 1 DAGs
[2026-06-08T20:22:08.555+0000] {logging_mixin.py:188} INFO - [2026-06-08T20:22:08.555+0000] {dag.py:3954} INFO - Setting next_dagrun for example_complex to None, run_after=None
[2026-06-08T20:22:08.586+0000] {processor.py:183} INFO - Processing /home/airflow/.local/lib/python3.12/site-packages/airflow/example_dags/example_complex.py took 0.144 seconds
[2026-06-08T20:22:39.020+0000] {processor.py:161} INFO - Started process (PID=517) to work on /home/airflow/.local/lib/python3.12/site-packages/airflow/example_dags/example_complex.py
[2026-06-08T20:22:39.021+0000] {processor.py:830} INFO - Processing file /home/airflow/.local/lib/python3.12/site-packages/airflow/example_dags/example_complex.py for tasks to queue
[2026-06-08T20:22:39.024+0000] {logging_mixin.py:188} INFO - [2026-06-08T20:22:39.023+0000] {dagbag.py:545} INFO - Filling up the DagBag from /home/airflow/.local/lib/python3.12/site-packages/airflow/example_dags/example_complex.py
[2026-06-08T20:22:39.042+0000] {processor.py:840} INFO - DAG(s) 'example_complex' retrieved from /home/airflow/.local/lib/python3.12/site-packages/airflow/example_dags/example_complex.py
[2026-06-08T20:22:39.096+0000] {logging_mixin.py:188} INFO - [2026-06-08T20:22:39.095+0000] {dag.py:3096} INFO - Sync 1 DAGs
[2026-06-08T20:22:39.111+0000] {logging_mixin.py:188} INFO - [2026-06-08T20:22:39.111+0000] {dag.py:3954} INFO - Setting next_dagrun for example_complex to None, run_after=None
[2026-06-08T20:22:39.133+0000] {processor.py:183} INFO - Processing /home/airflow/.local/lib/python3.12/site-packages/airflow/example_dags/example_complex.py took 0.121 seconds
[2026-06-08T20:23:09.178+0000] {processor.py:161} INFO - Started process (PID=576) to work on /home/airflow/.local/lib/python3.12/site-packages/airflow/example_dags/example_complex.py
[2026-06-08T20:23:09.179+0000] {processor.py:830} INFO - Processing file /home/airflow/.local/lib/python3.12/site-packages/airflow/example_dags/example_complex.py for tasks to queue
[2026-06-08T20:23:09.181+0000] {logging_mixin.py:188} INFO - [2026-06-08T20:23:09.181+0000] {dagbag.py:545} INFO - Filling up the DagBag from /home/airflow/.local/lib/python3.12/site-packages/airflow/example_dags/example_complex.py
[2026-06-08T20:23:09.195+0000] {processor.py:840} INFO - DAG(s) 'example_complex' retrieved from /home/airflow/.local/lib/python3.12/site-packages/airflow/example_dags/example_complex.py
[2026-06-08T20:23:09.243+0000] {logging_mixin.py:188} INFO - [2026-06-08T20:23:09.243+0000] {dag.py:3096} INFO - Sync 1 DAGs
[2026-06-08T20:23:09.260+0000] {logging_mixin.py:188} INFO - [2026-06-08T20:23:09.260+0000] {dag.py:3954} INFO - Setting next_dagrun for example_complex to None, run_after=None
[2026-06-08T20:23:09.287+0000] {processor.py:183} INFO - Processing /home/airflow/.local/lib/python3.12/site-packages/airflow/example_dags/example_complex.py took 0.116 seconds
[2026-06-08T20:23:39.841+0000] {processor.py:161} INFO - Started process (PID=635) to work on /home/airflow/.local/lib/python3.12/site-packages/airflow/example_dags/example_complex.py
[2026-06-08T20:23:39.844+0000] {processor.py:830} INFO - Processing file /home/airflow/.local/lib/python3.12/site-packages/airflow/example_dags/example_complex.py for tasks to queue
[2026-06-08T20:23:39.848+0000] {logging_mixin.py:188} INFO - [2026-06-08T20:23:39.848+0000] {dagbag.py:545} INFO - Filling up the DagBag from /home/airflow/.local/lib/python3.12/site-packages/airflow/example_dags/example_complex.py
[2026-06-08T20:23:39.863+0000] {processor.py:840} INFO - DAG(s) 'example_complex' retrieved from /home/airflow/.local/lib/python3.12/site-packages/airflow/example_dags/example_complex.py
[2026-06-08T20:23:39.910+0000] {logging_mixin.py:188} INFO - [2026-06-08T20:23:39.910+0000] {dag.py:3096} INFO - Sync 1 DAGs
[2026-06-08T20:23:39.929+0000] {logging_mixin.py:188} INFO - [2026-06-08T20:23:39.928+0000] {dag.py:3954} INFO - Setting next_dagrun for example_complex to None, run_after=None
[2026-06-08T20:23:39.970+0000] {processor.py:183} INFO - Processing /home/airflow/.local/lib/python3.12/site-packages/airflow/example_dags/example_complex.py took 0.150 seconds
