[2026-06-08T20:03:57.593+0000] {processor.py:161} INFO - Started process (PID=112) to work on /home/airflow/.local/lib/python3.12/site-packages/airflow/example_dags/example_task_group_decorator.py
[2026-06-08T20:03:57.594+0000] {processor.py:830} INFO - Processing file /home/airflow/.local/lib/python3.12/site-packages/airflow/example_dags/example_task_group_decorator.py for tasks to queue
[2026-06-08T20:03:57.598+0000] {logging_mixin.py:188} INFO - [2026-06-08T20:03:57.598+0000] {dagbag.py:545} INFO - Filling up the DagBag from /home/airflow/.local/lib/python3.12/site-packages/airflow/example_dags/example_task_group_decorator.py
[2026-06-08T20:03:57.646+0000] {processor.py:840} INFO - DAG(s) 'example_task_group_decorator' retrieved from /home/airflow/.local/lib/python3.12/site-packages/airflow/example_dags/example_task_group_decorator.py
[2026-06-08T20:03:58.184+0000] {logging_mixin.py:188} INFO - [2026-06-08T20:03:58.180+0000] {dag.py:3096} INFO - Sync 1 DAGs
[2026-06-08T20:03:58.276+0000] {logging_mixin.py:188} INFO - [2026-06-08T20:03:58.276+0000] {dag.py:3954} INFO - Setting next_dagrun for example_task_group_decorator to 2026-06-07 00:00:00+00:00, run_after=2026-06-08 00:00:00+00:00
[2026-06-08T20:03:58.389+0000] {processor.py:183} INFO - Processing /home/airflow/.local/lib/python3.12/site-packages/airflow/example_dags/example_task_group_decorator.py took 0.857 seconds
[2026-06-08T20:04:29.198+0000] {processor.py:161} INFO - Started process (PID=170) to work on /home/airflow/.local/lib/python3.12/site-packages/airflow/example_dags/example_task_group_decorator.py
[2026-06-08T20:04:29.199+0000] {processor.py:830} INFO - Processing file /home/airflow/.local/lib/python3.12/site-packages/airflow/example_dags/example_task_group_decorator.py for tasks to queue
[2026-06-08T20:04:29.201+0000] {logging_mixin.py:188} INFO - [2026-06-08T20:04:29.201+0000] {dagbag.py:545} INFO - Filling up the DagBag from /home/airflow/.local/lib/python3.12/site-packages/airflow/example_dags/example_task_group_decorator.py
[2026-06-08T20:04:29.222+0000] {processor.py:840} INFO - DAG(s) 'example_task_group_decorator' retrieved from /home/airflow/.local/lib/python3.12/site-packages/airflow/example_dags/example_task_group_decorator.py
[2026-06-08T20:04:29.259+0000] {logging_mixin.py:188} INFO - [2026-06-08T20:04:29.259+0000] {dag.py:3096} INFO - Sync 1 DAGs
[2026-06-08T20:04:29.290+0000] {logging_mixin.py:188} INFO - [2026-06-08T20:04:29.289+0000] {dag.py:3954} INFO - Setting next_dagrun for example_task_group_decorator to 2026-06-07 00:00:00+00:00, run_after=2026-06-08 00:00:00+00:00
[2026-06-08T20:04:29.308+0000] {processor.py:183} INFO - Processing /home/airflow/.local/lib/python3.12/site-packages/airflow/example_dags/example_task_group_decorator.py took 0.121 seconds
[2026-06-08T20:05:00.067+0000] {processor.py:161} INFO - Started process (PID=228) to work on /home/airflow/.local/lib/python3.12/site-packages/airflow/example_dags/example_task_group_decorator.py
[2026-06-08T20:05:00.072+0000] {processor.py:830} INFO - Processing file /home/airflow/.local/lib/python3.12/site-packages/airflow/example_dags/example_task_group_decorator.py for tasks to queue
[2026-06-08T20:05:00.078+0000] {logging_mixin.py:188} INFO - [2026-06-08T20:05:00.078+0000] {dagbag.py:545} INFO - Filling up the DagBag from /home/airflow/.local/lib/python3.12/site-packages/airflow/example_dags/example_task_group_decorator.py
[2026-06-08T20:05:00.131+0000] {processor.py:840} INFO - DAG(s) 'example_task_group_decorator' retrieved from /home/airflow/.local/lib/python3.12/site-packages/airflow/example_dags/example_task_group_decorator.py
[2026-06-08T20:05:00.196+0000] {logging_mixin.py:188} INFO - [2026-06-08T20:05:00.195+0000] {dag.py:3096} INFO - Sync 1 DAGs
[2026-06-08T20:05:00.228+0000] {logging_mixin.py:188} INFO - [2026-06-08T20:05:00.228+0000] {dag.py:3954} INFO - Setting next_dagrun for example_task_group_decorator to 2026-06-07 00:00:00+00:00, run_after=2026-06-08 00:00:00+00:00
[2026-06-08T20:05:00.292+0000] {processor.py:183} INFO - Processing /home/airflow/.local/lib/python3.12/site-packages/airflow/example_dags/example_task_group_decorator.py took 0.254 seconds
[2026-06-08T20:05:31.023+0000] {processor.py:161} INFO - Started process (PID=286) to work on /home/airflow/.local/lib/python3.12/site-packages/airflow/example_dags/example_task_group_decorator.py
[2026-06-08T20:05:31.024+0000] {processor.py:830} INFO - Processing file /home/airflow/.local/lib/python3.12/site-packages/airflow/example_dags/example_task_group_decorator.py for tasks to queue
[2026-06-08T20:05:31.026+0000] {logging_mixin.py:188} INFO - [2026-06-08T20:05:31.026+0000] {dagbag.py:545} INFO - Filling up the DagBag from /home/airflow/.local/lib/python3.12/site-packages/airflow/example_dags/example_task_group_decorator.py
[2026-06-08T20:05:31.047+0000] {processor.py:840} INFO - DAG(s) 'example_task_group_decorator' retrieved from /home/airflow/.local/lib/python3.12/site-packages/airflow/example_dags/example_task_group_decorator.py
[2026-06-08T20:05:31.085+0000] {logging_mixin.py:188} INFO - [2026-06-08T20:05:31.085+0000] {dag.py:3096} INFO - Sync 1 DAGs
[2026-06-08T20:05:31.115+0000] {logging_mixin.py:188} INFO - [2026-06-08T20:05:31.115+0000] {dag.py:3954} INFO - Setting next_dagrun for example_task_group_decorator to 2026-06-07 00:00:00+00:00, run_after=2026-06-08 00:00:00+00:00
[2026-06-08T20:05:31.134+0000] {processor.py:183} INFO - Processing /home/airflow/.local/lib/python3.12/site-packages/airflow/example_dags/example_task_group_decorator.py took 0.118 seconds
[2026-06-08T20:06:01.944+0000] {processor.py:161} INFO - Started process (PID=344) to work on /home/airflow/.local/lib/python3.12/site-packages/airflow/example_dags/example_task_group_decorator.py
[2026-06-08T20:06:01.950+0000] {processor.py:830} INFO - Processing file /home/airflow/.local/lib/python3.12/site-packages/airflow/example_dags/example_task_group_decorator.py for tasks to queue
[2026-06-08T20:06:01.959+0000] {logging_mixin.py:188} INFO - [2026-06-08T20:06:01.957+0000] {dagbag.py:545} INFO - Filling up the DagBag from /home/airflow/.local/lib/python3.12/site-packages/airflow/example_dags/example_task_group_decorator.py
[2026-06-08T20:06:02.031+0000] {processor.py:840} INFO - DAG(s) 'example_task_group_decorator' retrieved from /home/airflow/.local/lib/python3.12/site-packages/airflow/example_dags/example_task_group_decorator.py
[2026-06-08T20:06:02.150+0000] {logging_mixin.py:188} INFO - [2026-06-08T20:06:02.149+0000] {dag.py:3096} INFO - Sync 1 DAGs
[2026-06-08T20:06:02.196+0000] {logging_mixin.py:188} INFO - [2026-06-08T20:06:02.196+0000] {dag.py:3954} INFO - Setting next_dagrun for example_task_group_decorator to 2026-06-07 00:00:00+00:00, run_after=2026-06-08 00:00:00+00:00
[2026-06-08T20:06:02.300+0000] {processor.py:183} INFO - Processing /home/airflow/.local/lib/python3.12/site-packages/airflow/example_dags/example_task_group_decorator.py took 0.385 seconds
[2026-06-08T20:06:32.666+0000] {processor.py:161} INFO - Started process (PID=402) to work on /home/airflow/.local/lib/python3.12/site-packages/airflow/example_dags/example_task_group_decorator.py
[2026-06-08T20:06:32.667+0000] {processor.py:830} INFO - Processing file /home/airflow/.local/lib/python3.12/site-packages/airflow/example_dags/example_task_group_decorator.py for tasks to queue
[2026-06-08T20:06:32.676+0000] {logging_mixin.py:188} INFO - [2026-06-08T20:06:32.671+0000] {dagbag.py:545} INFO - Filling up the DagBag from /home/airflow/.local/lib/python3.12/site-packages/airflow/example_dags/example_task_group_decorator.py
[2026-06-08T20:06:32.777+0000] {processor.py:840} INFO - DAG(s) 'example_task_group_decorator' retrieved from /home/airflow/.local/lib/python3.12/site-packages/airflow/example_dags/example_task_group_decorator.py
[2026-06-08T20:06:32.840+0000] {logging_mixin.py:188} INFO - [2026-06-08T20:06:32.840+0000] {dag.py:3096} INFO - Sync 1 DAGs
[2026-06-08T20:06:32.961+0000] {logging_mixin.py:188} INFO - [2026-06-08T20:06:32.961+0000] {dag.py:3954} INFO - Setting next_dagrun for example_task_group_decorator to 2026-06-07 00:00:00+00:00, run_after=2026-06-08 00:00:00+00:00
[2026-06-08T20:06:33.023+0000] {processor.py:183} INFO - Processing /home/airflow/.local/lib/python3.12/site-packages/airflow/example_dags/example_task_group_decorator.py took 0.399 seconds
[2026-06-08T20:07:03.602+0000] {processor.py:161} INFO - Started process (PID=460) to work on /home/airflow/.local/lib/python3.12/site-packages/airflow/example_dags/example_task_group_decorator.py
[2026-06-08T20:07:03.604+0000] {processor.py:830} INFO - Processing file /home/airflow/.local/lib/python3.12/site-packages/airflow/example_dags/example_task_group_decorator.py for tasks to queue
[2026-06-08T20:07:03.607+0000] {logging_mixin.py:188} INFO - [2026-06-08T20:07:03.606+0000] {dagbag.py:545} INFO - Filling up the DagBag from /home/airflow/.local/lib/python3.12/site-packages/airflow/example_dags/example_task_group_decorator.py
[2026-06-08T20:07:03.627+0000] {processor.py:840} INFO - DAG(s) 'example_task_group_decorator' retrieved from /home/airflow/.local/lib/python3.12/site-packages/airflow/example_dags/example_task_group_decorator.py
[2026-06-08T20:07:03.663+0000] {logging_mixin.py:188} INFO - [2026-06-08T20:07:03.663+0000] {dag.py:3096} INFO - Sync 1 DAGs
[2026-06-08T20:07:03.692+0000] {logging_mixin.py:188} INFO - [2026-06-08T20:07:03.691+0000] {dag.py:3954} INFO - Setting next_dagrun for example_task_group_decorator to 2026-06-07 00:00:00+00:00, run_after=2026-06-08 00:00:00+00:00
[2026-06-08T20:07:03.712+0000] {processor.py:183} INFO - Processing /home/airflow/.local/lib/python3.12/site-packages/airflow/example_dags/example_task_group_decorator.py took 0.120 seconds
[2026-06-08T20:08:34.906+0000] {processor.py:161} INFO - Started process (PID=104) to work on /home/airflow/.local/lib/python3.12/site-packages/airflow/example_dags/example_task_group_decorator.py
[2026-06-08T20:08:34.907+0000] {processor.py:830} INFO - Processing file /home/airflow/.local/lib/python3.12/site-packages/airflow/example_dags/example_task_group_decorator.py for tasks to queue
[2026-06-08T20:08:34.909+0000] {logging_mixin.py:188} INFO - [2026-06-08T20:08:34.909+0000] {dagbag.py:545} INFO - Filling up the DagBag from /home/airflow/.local/lib/python3.12/site-packages/airflow/example_dags/example_task_group_decorator.py
[2026-06-08T20:08:34.930+0000] {processor.py:840} INFO - DAG(s) 'example_task_group_decorator' retrieved from /home/airflow/.local/lib/python3.12/site-packages/airflow/example_dags/example_task_group_decorator.py
[2026-06-08T20:08:35.087+0000] {logging_mixin.py:188} INFO - [2026-06-08T20:08:35.087+0000] {dag.py:3096} INFO - Sync 1 DAGs
[2026-06-08T20:08:35.113+0000] {logging_mixin.py:188} INFO - [2026-06-08T20:08:35.112+0000] {dag.py:3954} INFO - Setting next_dagrun for example_task_group_decorator to 2026-06-07 00:00:00+00:00, run_after=2026-06-08 00:00:00+00:00
[2026-06-08T20:08:35.136+0000] {processor.py:183} INFO - Processing /home/airflow/.local/lib/python3.12/site-packages/airflow/example_dags/example_task_group_decorator.py took 0.237 seconds
[2026-06-08T20:09:05.647+0000] {processor.py:161} INFO - Started process (PID=162) to work on /home/airflow/.local/lib/python3.12/site-packages/airflow/example_dags/example_task_group_decorator.py
[2026-06-08T20:09:05.648+0000] {processor.py:830} INFO - Processing file /home/airflow/.local/lib/python3.12/site-packages/airflow/example_dags/example_task_group_decorator.py for tasks to queue
[2026-06-08T20:09:05.649+0000] {logging_mixin.py:188} INFO - [2026-06-08T20:09:05.649+0000] {dagbag.py:545} INFO - Filling up the DagBag from /home/airflow/.local/lib/python3.12/site-packages/airflow/example_dags/example_task_group_decorator.py
[2026-06-08T20:09:05.667+0000] {processor.py:840} INFO - DAG(s) 'example_task_group_decorator' retrieved from /home/airflow/.local/lib/python3.12/site-packages/airflow/example_dags/example_task_group_decorator.py
[2026-06-08T20:09:05.710+0000] {logging_mixin.py:188} INFO - [2026-06-08T20:09:05.709+0000] {dag.py:3096} INFO - Sync 1 DAGs
[2026-06-08T20:09:05.742+0000] {logging_mixin.py:188} INFO - [2026-06-08T20:09:05.742+0000] {dag.py:3954} INFO - Setting next_dagrun for example_task_group_decorator to 2026-06-07 00:00:00+00:00, run_after=2026-06-08 00:00:00+00:00
[2026-06-08T20:09:05.767+0000] {processor.py:183} INFO - Processing /home/airflow/.local/lib/python3.12/site-packages/airflow/example_dags/example_task_group_decorator.py took 0.130 seconds
[2026-06-08T20:09:36.667+0000] {processor.py:161} INFO - Started process (PID=220) to work on /home/airflow/.local/lib/python3.12/site-packages/airflow/example_dags/example_task_group_decorator.py
[2026-06-08T20:09:36.668+0000] {processor.py:830} INFO - Processing file /home/airflow/.local/lib/python3.12/site-packages/airflow/example_dags/example_task_group_decorator.py for tasks to queue
[2026-06-08T20:09:36.670+0000] {logging_mixin.py:188} INFO - [2026-06-08T20:09:36.669+0000] {dagbag.py:545} INFO - Filling up the DagBag from /home/airflow/.local/lib/python3.12/site-packages/airflow/example_dags/example_task_group_decorator.py
[2026-06-08T20:09:36.690+0000] {processor.py:840} INFO - DAG(s) 'example_task_group_decorator' retrieved from /home/airflow/.local/lib/python3.12/site-packages/airflow/example_dags/example_task_group_decorator.py
[2026-06-08T20:09:36.728+0000] {logging_mixin.py:188} INFO - [2026-06-08T20:09:36.728+0000] {dag.py:3096} INFO - Sync 1 DAGs
[2026-06-08T20:09:36.759+0000] {logging_mixin.py:188} INFO - [2026-06-08T20:09:36.758+0000] {dag.py:3954} INFO - Setting next_dagrun for example_task_group_decorator to 2026-06-07 00:00:00+00:00, run_after=2026-06-08 00:00:00+00:00
[2026-06-08T20:09:36.783+0000] {processor.py:183} INFO - Processing /home/airflow/.local/lib/python3.12/site-packages/airflow/example_dags/example_task_group_decorator.py took 0.125 seconds
[2026-06-08T20:10:07.141+0000] {processor.py:161} INFO - Started process (PID=280) to work on /home/airflow/.local/lib/python3.12/site-packages/airflow/example_dags/example_task_group_decorator.py
[2026-06-08T20:10:07.142+0000] {processor.py:830} INFO - Processing file /home/airflow/.local/lib/python3.12/site-packages/airflow/example_dags/example_task_group_decorator.py for tasks to queue
[2026-06-08T20:10:07.145+0000] {logging_mixin.py:188} INFO - [2026-06-08T20:10:07.145+0000] {dagbag.py:545} INFO - Filling up the DagBag from /home/airflow/.local/lib/python3.12/site-packages/airflow/example_dags/example_task_group_decorator.py
[2026-06-08T20:10:07.170+0000] {processor.py:840} INFO - DAG(s) 'example_task_group_decorator' retrieved from /home/airflow/.local/lib/python3.12/site-packages/airflow/example_dags/example_task_group_decorator.py
[2026-06-08T20:10:07.221+0000] {logging_mixin.py:188} INFO - [2026-06-08T20:10:07.221+0000] {dag.py:3096} INFO - Sync 1 DAGs
[2026-06-08T20:10:07.252+0000] {logging_mixin.py:188} INFO - [2026-06-08T20:10:07.252+0000] {dag.py:3954} INFO - Setting next_dagrun for example_task_group_decorator to 2026-06-07 00:00:00+00:00, run_after=2026-06-08 00:00:00+00:00
[2026-06-08T20:10:07.308+0000] {processor.py:183} INFO - Processing /home/airflow/.local/lib/python3.12/site-packages/airflow/example_dags/example_task_group_decorator.py took 0.175 seconds
[2026-06-08T20:10:37.948+0000] {processor.py:161} INFO - Started process (PID=338) to work on /home/airflow/.local/lib/python3.12/site-packages/airflow/example_dags/example_task_group_decorator.py
[2026-06-08T20:10:37.949+0000] {processor.py:830} INFO - Processing file /home/airflow/.local/lib/python3.12/site-packages/airflow/example_dags/example_task_group_decorator.py for tasks to queue
[2026-06-08T20:10:37.951+0000] {logging_mixin.py:188} INFO - [2026-06-08T20:10:37.951+0000] {dagbag.py:545} INFO - Filling up the DagBag from /home/airflow/.local/lib/python3.12/site-packages/airflow/example_dags/example_task_group_decorator.py
[2026-06-08T20:10:37.979+0000] {processor.py:840} INFO - DAG(s) 'example_task_group_decorator' retrieved from /home/airflow/.local/lib/python3.12/site-packages/airflow/example_dags/example_task_group_decorator.py
[2026-06-08T20:10:38.020+0000] {logging_mixin.py:188} INFO - [2026-06-08T20:10:38.019+0000] {dag.py:3096} INFO - Sync 1 DAGs
[2026-06-08T20:10:38.055+0000] {logging_mixin.py:188} INFO - [2026-06-08T20:10:38.054+0000] {dag.py:3954} INFO - Setting next_dagrun for example_task_group_decorator to 2026-06-07 00:00:00+00:00, run_after=2026-06-08 00:00:00+00:00
[2026-06-08T20:10:38.078+0000] {processor.py:183} INFO - Processing /home/airflow/.local/lib/python3.12/site-packages/airflow/example_dags/example_task_group_decorator.py took 0.141 seconds
[2026-06-08T20:11:08.730+0000] {processor.py:161} INFO - Started process (PID=396) to work on /home/airflow/.local/lib/python3.12/site-packages/airflow/example_dags/example_task_group_decorator.py
[2026-06-08T20:11:08.730+0000] {processor.py:830} INFO - Processing file /home/airflow/.local/lib/python3.12/site-packages/airflow/example_dags/example_task_group_decorator.py for tasks to queue
[2026-06-08T20:11:08.732+0000] {logging_mixin.py:188} INFO - [2026-06-08T20:11:08.732+0000] {dagbag.py:545} INFO - Filling up the DagBag from /home/airflow/.local/lib/python3.12/site-packages/airflow/example_dags/example_task_group_decorator.py
[2026-06-08T20:11:08.745+0000] {processor.py:840} INFO - DAG(s) 'example_task_group_decorator' retrieved from /home/airflow/.local/lib/python3.12/site-packages/airflow/example_dags/example_task_group_decorator.py
[2026-06-08T20:11:08.773+0000] {logging_mixin.py:188} INFO - [2026-06-08T20:11:08.772+0000] {dag.py:3096} INFO - Sync 1 DAGs
[2026-06-08T20:11:08.793+0000] {logging_mixin.py:188} INFO - [2026-06-08T20:11:08.792+0000] {dag.py:3954} INFO - Setting next_dagrun for example_task_group_decorator to 2026-06-07 00:00:00+00:00, run_after=2026-06-08 00:00:00+00:00
[2026-06-08T20:11:08.808+0000] {processor.py:183} INFO - Processing /home/airflow/.local/lib/python3.12/site-packages/airflow/example_dags/example_task_group_decorator.py took 0.084 seconds
[2026-06-08T20:11:38.900+0000] {processor.py:161} INFO - Started process (PID=453) to work on /home/airflow/.local/lib/python3.12/site-packages/airflow/example_dags/example_task_group_decorator.py
[2026-06-08T20:11:38.901+0000] {processor.py:830} INFO - Processing file /home/airflow/.local/lib/python3.12/site-packages/airflow/example_dags/example_task_group_decorator.py for tasks to queue
[2026-06-08T20:11:38.903+0000] {logging_mixin.py:188} INFO - [2026-06-08T20:11:38.903+0000] {dagbag.py:545} INFO - Filling up the DagBag from /home/airflow/.local/lib/python3.12/site-packages/airflow/example_dags/example_task_group_decorator.py
[2026-06-08T20:11:38.923+0000] {processor.py:840} INFO - DAG(s) 'example_task_group_decorator' retrieved from /home/airflow/.local/lib/python3.12/site-packages/airflow/example_dags/example_task_group_decorator.py
[2026-06-08T20:11:38.962+0000] {logging_mixin.py:188} INFO - [2026-06-08T20:11:38.962+0000] {dag.py:3096} INFO - Sync 1 DAGs
[2026-06-08T20:11:38.994+0000] {logging_mixin.py:188} INFO - [2026-06-08T20:11:38.993+0000] {dag.py:3954} INFO - Setting next_dagrun for example_task_group_decorator to 2026-06-07 00:00:00+00:00, run_after=2026-06-08 00:00:00+00:00
[2026-06-08T20:11:39.017+0000] {processor.py:183} INFO - Processing /home/airflow/.local/lib/python3.12/site-packages/airflow/example_dags/example_task_group_decorator.py took 0.124 seconds
[2026-06-08T20:12:09.487+0000] {processor.py:161} INFO - Started process (PID=512) to work on /home/airflow/.local/lib/python3.12/site-packages/airflow/example_dags/example_task_group_decorator.py
[2026-06-08T20:12:09.488+0000] {processor.py:830} INFO - Processing file /home/airflow/.local/lib/python3.12/site-packages/airflow/example_dags/example_task_group_decorator.py for tasks to queue
[2026-06-08T20:12:09.490+0000] {logging_mixin.py:188} INFO - [2026-06-08T20:12:09.489+0000] {dagbag.py:545} INFO - Filling up the DagBag from /home/airflow/.local/lib/python3.12/site-packages/airflow/example_dags/example_task_group_decorator.py
[2026-06-08T20:12:09.508+0000] {processor.py:840} INFO - DAG(s) 'example_task_group_decorator' retrieved from /home/airflow/.local/lib/python3.12/site-packages/airflow/example_dags/example_task_group_decorator.py
[2026-06-08T20:12:09.545+0000] {logging_mixin.py:188} INFO - [2026-06-08T20:12:09.545+0000] {dag.py:3096} INFO - Sync 1 DAGs
[2026-06-08T20:12:09.577+0000] {logging_mixin.py:188} INFO - [2026-06-08T20:12:09.576+0000] {dag.py:3954} INFO - Setting next_dagrun for example_task_group_decorator to 2026-06-07 00:00:00+00:00, run_after=2026-06-08 00:00:00+00:00
[2026-06-08T20:12:09.597+0000] {processor.py:183} INFO - Processing /home/airflow/.local/lib/python3.12/site-packages/airflow/example_dags/example_task_group_decorator.py took 0.118 seconds
[2026-06-08T20:12:42.654+0000] {processor.py:161} INFO - Started process (PID=569) to work on /home/airflow/.local/lib/python3.12/site-packages/airflow/example_dags/example_task_group_decorator.py
[2026-06-08T20:12:42.668+0000] {processor.py:830} INFO - Processing file /home/airflow/.local/lib/python3.12/site-packages/airflow/example_dags/example_task_group_decorator.py for tasks to queue
[2026-06-08T20:12:42.695+0000] {logging_mixin.py:188} INFO - [2026-06-08T20:12:42.687+0000] {dagbag.py:545} INFO - Filling up the DagBag from /home/airflow/.local/lib/python3.12/site-packages/airflow/example_dags/example_task_group_decorator.py
[2026-06-08T20:12:42.968+0000] {processor.py:840} INFO - DAG(s) 'example_task_group_decorator' retrieved from /home/airflow/.local/lib/python3.12/site-packages/airflow/example_dags/example_task_group_decorator.py
[2026-06-08T20:12:43.261+0000] {logging_mixin.py:188} INFO - [2026-06-08T20:12:43.257+0000] {dag.py:3096} INFO - Sync 1 DAGs
[2026-06-08T20:12:43.501+0000] {logging_mixin.py:188} INFO - [2026-06-08T20:12:43.490+0000] {dag.py:3954} INFO - Setting next_dagrun for example_task_group_decorator to 2026-06-07 00:00:00+00:00, run_after=2026-06-08 00:00:00+00:00
[2026-06-08T20:12:43.857+0000] {processor.py:183} INFO - Processing /home/airflow/.local/lib/python3.12/site-packages/airflow/example_dags/example_task_group_decorator.py took 1.277 seconds
[2026-06-08T20:13:14.190+0000] {processor.py:161} INFO - Started process (PID=627) to work on /home/airflow/.local/lib/python3.12/site-packages/airflow/example_dags/example_task_group_decorator.py
[2026-06-08T20:13:14.193+0000] {processor.py:830} INFO - Processing file /home/airflow/.local/lib/python3.12/site-packages/airflow/example_dags/example_task_group_decorator.py for tasks to queue
[2026-06-08T20:13:14.195+0000] {logging_mixin.py:188} INFO - [2026-06-08T20:13:14.195+0000] {dagbag.py:545} INFO - Filling up the DagBag from /home/airflow/.local/lib/python3.12/site-packages/airflow/example_dags/example_task_group_decorator.py
[2026-06-08T20:13:14.223+0000] {processor.py:840} INFO - DAG(s) 'example_task_group_decorator' retrieved from /home/airflow/.local/lib/python3.12/site-packages/airflow/example_dags/example_task_group_decorator.py
[2026-06-08T20:13:14.315+0000] {logging_mixin.py:188} INFO - [2026-06-08T20:13:14.315+0000] {dag.py:3096} INFO - Sync 1 DAGs
[2026-06-08T20:13:14.376+0000] {logging_mixin.py:188} INFO - [2026-06-08T20:13:14.375+0000] {dag.py:3954} INFO - Setting next_dagrun for example_task_group_decorator to 2026-06-07 00:00:00+00:00, run_after=2026-06-08 00:00:00+00:00
[2026-06-08T20:13:14.445+0000] {processor.py:183} INFO - Processing /home/airflow/.local/lib/python3.12/site-packages/airflow/example_dags/example_task_group_decorator.py took 0.267 seconds
[2026-06-08T20:13:44.821+0000] {processor.py:161} INFO - Started process (PID=684) to work on /home/airflow/.local/lib/python3.12/site-packages/airflow/example_dags/example_task_group_decorator.py
[2026-06-08T20:13:44.847+0000] {processor.py:830} INFO - Processing file /home/airflow/.local/lib/python3.12/site-packages/airflow/example_dags/example_task_group_decorator.py for tasks to queue
[2026-06-08T20:13:44.850+0000] {logging_mixin.py:188} INFO - [2026-06-08T20:13:44.849+0000] {dagbag.py:545} INFO - Filling up the DagBag from /home/airflow/.local/lib/python3.12/site-packages/airflow/example_dags/example_task_group_decorator.py
[2026-06-08T20:13:44.891+0000] {processor.py:840} INFO - DAG(s) 'example_task_group_decorator' retrieved from /home/airflow/.local/lib/python3.12/site-packages/airflow/example_dags/example_task_group_decorator.py
[2026-06-08T20:13:44.918+0000] {logging_mixin.py:188} INFO - [2026-06-08T20:13:44.918+0000] {dag.py:3096} INFO - Sync 1 DAGs
[2026-06-08T20:13:44.962+0000] {logging_mixin.py:188} INFO - [2026-06-08T20:13:44.961+0000] {dag.py:3954} INFO - Setting next_dagrun for example_task_group_decorator to 2026-06-07 00:00:00+00:00, run_after=2026-06-08 00:00:00+00:00
[2026-06-08T20:13:44.998+0000] {processor.py:183} INFO - Processing /home/airflow/.local/lib/python3.12/site-packages/airflow/example_dags/example_task_group_decorator.py took 0.188 seconds
[2026-06-08T20:14:15.645+0000] {processor.py:161} INFO - Started process (PID=742) to work on /home/airflow/.local/lib/python3.12/site-packages/airflow/example_dags/example_task_group_decorator.py
[2026-06-08T20:14:15.646+0000] {processor.py:830} INFO - Processing file /home/airflow/.local/lib/python3.12/site-packages/airflow/example_dags/example_task_group_decorator.py for tasks to queue
[2026-06-08T20:14:15.648+0000] {logging_mixin.py:188} INFO - [2026-06-08T20:14:15.647+0000] {dagbag.py:545} INFO - Filling up the DagBag from /home/airflow/.local/lib/python3.12/site-packages/airflow/example_dags/example_task_group_decorator.py
[2026-06-08T20:14:15.663+0000] {processor.py:840} INFO - DAG(s) 'example_task_group_decorator' retrieved from /home/airflow/.local/lib/python3.12/site-packages/airflow/example_dags/example_task_group_decorator.py
[2026-06-08T20:14:15.687+0000] {logging_mixin.py:188} INFO - [2026-06-08T20:14:15.687+0000] {dag.py:3096} INFO - Sync 1 DAGs
[2026-06-08T20:14:15.708+0000] {logging_mixin.py:188} INFO - [2026-06-08T20:14:15.708+0000] {dag.py:3954} INFO - Setting next_dagrun for example_task_group_decorator to 2026-06-07 00:00:00+00:00, run_after=2026-06-08 00:00:00+00:00
[2026-06-08T20:14:15.728+0000] {processor.py:183} INFO - Processing /home/airflow/.local/lib/python3.12/site-packages/airflow/example_dags/example_task_group_decorator.py took 0.090 seconds
[2026-06-08T20:14:46.104+0000] {processor.py:161} INFO - Started process (PID=800) to work on /home/airflow/.local/lib/python3.12/site-packages/airflow/example_dags/example_task_group_decorator.py
[2026-06-08T20:14:46.105+0000] {processor.py:830} INFO - Processing file /home/airflow/.local/lib/python3.12/site-packages/airflow/example_dags/example_task_group_decorator.py for tasks to queue
[2026-06-08T20:14:46.107+0000] {logging_mixin.py:188} INFO - [2026-06-08T20:14:46.106+0000] {dagbag.py:545} INFO - Filling up the DagBag from /home/airflow/.local/lib/python3.12/site-packages/airflow/example_dags/example_task_group_decorator.py
[2026-06-08T20:14:46.120+0000] {processor.py:840} INFO - DAG(s) 'example_task_group_decorator' retrieved from /home/airflow/.local/lib/python3.12/site-packages/airflow/example_dags/example_task_group_decorator.py
[2026-06-08T20:14:46.145+0000] {logging_mixin.py:188} INFO - [2026-06-08T20:14:46.145+0000] {dag.py:3096} INFO - Sync 1 DAGs
[2026-06-08T20:14:46.167+0000] {logging_mixin.py:188} INFO - [2026-06-08T20:14:46.166+0000] {dag.py:3954} INFO - Setting next_dagrun for example_task_group_decorator to 2026-06-07 00:00:00+00:00, run_after=2026-06-08 00:00:00+00:00
[2026-06-08T20:14:46.186+0000] {processor.py:183} INFO - Processing /home/airflow/.local/lib/python3.12/site-packages/airflow/example_dags/example_task_group_decorator.py took 0.088 seconds
[2026-06-08T20:15:17.776+0000] {processor.py:161} INFO - Started process (PID=858) to work on /home/airflow/.local/lib/python3.12/site-packages/airflow/example_dags/example_task_group_decorator.py
[2026-06-08T20:15:17.780+0000] {processor.py:830} INFO - Processing file /home/airflow/.local/lib/python3.12/site-packages/airflow/example_dags/example_task_group_decorator.py for tasks to queue
[2026-06-08T20:15:17.784+0000] {logging_mixin.py:188} INFO - [2026-06-08T20:15:17.783+0000] {dagbag.py:545} INFO - Filling up the DagBag from /home/airflow/.local/lib/python3.12/site-packages/airflow/example_dags/example_task_group_decorator.py
[2026-06-08T20:15:17.841+0000] {processor.py:840} INFO - DAG(s) 'example_task_group_decorator' retrieved from /home/airflow/.local/lib/python3.12/site-packages/airflow/example_dags/example_task_group_decorator.py
[2026-06-08T20:15:17.948+0000] {logging_mixin.py:188} INFO - [2026-06-08T20:15:17.948+0000] {dag.py:3096} INFO - Sync 1 DAGs
[2026-06-08T20:15:17.983+0000] {logging_mixin.py:188} INFO - [2026-06-08T20:15:17.983+0000] {dag.py:3954} INFO - Setting next_dagrun for example_task_group_decorator to 2026-06-07 00:00:00+00:00, run_after=2026-06-08 00:00:00+00:00
[2026-06-08T20:15:18.029+0000] {processor.py:183} INFO - Processing /home/airflow/.local/lib/python3.12/site-packages/airflow/example_dags/example_task_group_decorator.py took 0.281 seconds
[2026-06-08T20:15:48.842+0000] {processor.py:161} INFO - Started process (PID=916) to work on /home/airflow/.local/lib/python3.12/site-packages/airflow/example_dags/example_task_group_decorator.py
[2026-06-08T20:15:48.842+0000] {processor.py:830} INFO - Processing file /home/airflow/.local/lib/python3.12/site-packages/airflow/example_dags/example_task_group_decorator.py for tasks to queue
[2026-06-08T20:15:48.844+0000] {logging_mixin.py:188} INFO - [2026-06-08T20:15:48.844+0000] {dagbag.py:545} INFO - Filling up the DagBag from /home/airflow/.local/lib/python3.12/site-packages/airflow/example_dags/example_task_group_decorator.py
[2026-06-08T20:15:48.865+0000] {processor.py:840} INFO - DAG(s) 'example_task_group_decorator' retrieved from /home/airflow/.local/lib/python3.12/site-packages/airflow/example_dags/example_task_group_decorator.py
[2026-06-08T20:15:48.967+0000] {logging_mixin.py:188} INFO - [2026-06-08T20:15:48.967+0000] {dag.py:3096} INFO - Sync 1 DAGs
[2026-06-08T20:15:49.012+0000] {logging_mixin.py:188} INFO - [2026-06-08T20:15:49.012+0000] {dag.py:3954} INFO - Setting next_dagrun for example_task_group_decorator to 2026-06-07 00:00:00+00:00, run_after=2026-06-08 00:00:00+00:00
[2026-06-08T20:15:49.034+0000] {processor.py:183} INFO - Processing /home/airflow/.local/lib/python3.12/site-packages/airflow/example_dags/example_task_group_decorator.py took 0.200 seconds
[2026-06-08T20:16:19.281+0000] {processor.py:161} INFO - Started process (PID=974) to work on /home/airflow/.local/lib/python3.12/site-packages/airflow/example_dags/example_task_group_decorator.py
[2026-06-08T20:16:19.283+0000] {processor.py:830} INFO - Processing file /home/airflow/.local/lib/python3.12/site-packages/airflow/example_dags/example_task_group_decorator.py for tasks to queue
[2026-06-08T20:16:19.285+0000] {logging_mixin.py:188} INFO - [2026-06-08T20:16:19.284+0000] {dagbag.py:545} INFO - Filling up the DagBag from /home/airflow/.local/lib/python3.12/site-packages/airflow/example_dags/example_task_group_decorator.py
[2026-06-08T20:16:19.304+0000] {processor.py:840} INFO - DAG(s) 'example_task_group_decorator' retrieved from /home/airflow/.local/lib/python3.12/site-packages/airflow/example_dags/example_task_group_decorator.py
[2026-06-08T20:16:19.341+0000] {logging_mixin.py:188} INFO - [2026-06-08T20:16:19.341+0000] {dag.py:3096} INFO - Sync 1 DAGs
[2026-06-08T20:16:19.373+0000] {logging_mixin.py:188} INFO - [2026-06-08T20:16:19.373+0000] {dag.py:3954} INFO - Setting next_dagrun for example_task_group_decorator to 2026-06-07 00:00:00+00:00, run_after=2026-06-08 00:00:00+00:00
[2026-06-08T20:16:19.395+0000] {processor.py:183} INFO - Processing /home/airflow/.local/lib/python3.12/site-packages/airflow/example_dags/example_task_group_decorator.py took 0.121 seconds
[2026-06-08T20:16:49.541+0000] {processor.py:161} INFO - Started process (PID=1032) to work on /home/airflow/.local/lib/python3.12/site-packages/airflow/example_dags/example_task_group_decorator.py
[2026-06-08T20:16:49.542+0000] {processor.py:830} INFO - Processing file /home/airflow/.local/lib/python3.12/site-packages/airflow/example_dags/example_task_group_decorator.py for tasks to queue
[2026-06-08T20:16:49.544+0000] {logging_mixin.py:188} INFO - [2026-06-08T20:16:49.543+0000] {dagbag.py:545} INFO - Filling up the DagBag from /home/airflow/.local/lib/python3.12/site-packages/airflow/example_dags/example_task_group_decorator.py
[2026-06-08T20:16:49.562+0000] {processor.py:840} INFO - DAG(s) 'example_task_group_decorator' retrieved from /home/airflow/.local/lib/python3.12/site-packages/airflow/example_dags/example_task_group_decorator.py
[2026-06-08T20:16:49.598+0000] {logging_mixin.py:188} INFO - [2026-06-08T20:16:49.598+0000] {dag.py:3096} INFO - Sync 1 DAGs
[2026-06-08T20:16:49.628+0000] {logging_mixin.py:188} INFO - [2026-06-08T20:16:49.628+0000] {dag.py:3954} INFO - Setting next_dagrun for example_task_group_decorator to 2026-06-07 00:00:00+00:00, run_after=2026-06-08 00:00:00+00:00
[2026-06-08T20:16:49.651+0000] {processor.py:183} INFO - Processing /home/airflow/.local/lib/python3.12/site-packages/airflow/example_dags/example_task_group_decorator.py took 0.118 seconds
[2026-06-08T20:17:19.987+0000] {processor.py:161} INFO - Started process (PID=1090) to work on /home/airflow/.local/lib/python3.12/site-packages/airflow/example_dags/example_task_group_decorator.py
[2026-06-08T20:17:19.988+0000] {processor.py:830} INFO - Processing file /home/airflow/.local/lib/python3.12/site-packages/airflow/example_dags/example_task_group_decorator.py for tasks to queue
[2026-06-08T20:17:19.991+0000] {logging_mixin.py:188} INFO - [2026-06-08T20:17:19.990+0000] {dagbag.py:545} INFO - Filling up the DagBag from /home/airflow/.local/lib/python3.12/site-packages/airflow/example_dags/example_task_group_decorator.py
[2026-06-08T20:17:20.015+0000] {processor.py:840} INFO - DAG(s) 'example_task_group_decorator' retrieved from /home/airflow/.local/lib/python3.12/site-packages/airflow/example_dags/example_task_group_decorator.py
[2026-06-08T20:17:20.052+0000] {logging_mixin.py:188} INFO - [2026-06-08T20:17:20.052+0000] {dag.py:3096} INFO - Sync 1 DAGs
[2026-06-08T20:17:20.097+0000] {logging_mixin.py:188} INFO - [2026-06-08T20:17:20.096+0000] {dag.py:3954} INFO - Setting next_dagrun for example_task_group_decorator to 2026-06-07 00:00:00+00:00, run_after=2026-06-08 00:00:00+00:00
[2026-06-08T20:17:20.118+0000] {processor.py:183} INFO - Processing /home/airflow/.local/lib/python3.12/site-packages/airflow/example_dags/example_task_group_decorator.py took 0.139 seconds
[2026-06-08T20:19:02.648+0000] {processor.py:161} INFO - Started process (PID=101) to work on /home/airflow/.local/lib/python3.12/site-packages/airflow/example_dags/example_task_group_decorator.py
[2026-06-08T20:19:02.649+0000] {processor.py:830} INFO - Processing file /home/airflow/.local/lib/python3.12/site-packages/airflow/example_dags/example_task_group_decorator.py for tasks to queue
[2026-06-08T20:19:02.651+0000] {logging_mixin.py:188} INFO - [2026-06-08T20:19:02.651+0000] {dagbag.py:545} INFO - Filling up the DagBag from /home/airflow/.local/lib/python3.12/site-packages/airflow/example_dags/example_task_group_decorator.py
[2026-06-08T20:19:02.671+0000] {processor.py:840} INFO - DAG(s) 'example_task_group_decorator' retrieved from /home/airflow/.local/lib/python3.12/site-packages/airflow/example_dags/example_task_group_decorator.py
[2026-06-08T20:19:02.963+0000] {logging_mixin.py:188} INFO - [2026-06-08T20:19:02.963+0000] {dag.py:3096} INFO - Sync 1 DAGs
[2026-06-08T20:19:03.014+0000] {logging_mixin.py:188} INFO - [2026-06-08T20:19:03.014+0000] {dag.py:3954} INFO - Setting next_dagrun for example_task_group_decorator to 2026-06-07 00:00:00+00:00, run_after=2026-06-08 00:00:00+00:00
[2026-06-08T20:19:03.073+0000] {processor.py:183} INFO - Processing /home/airflow/.local/lib/python3.12/site-packages/airflow/example_dags/example_task_group_decorator.py took 0.432 seconds
[2026-06-08T20:19:33.652+0000] {processor.py:161} INFO - Started process (PID=160) to work on /home/airflow/.local/lib/python3.12/site-packages/airflow/example_dags/example_task_group_decorator.py
[2026-06-08T20:19:33.653+0000] {processor.py:830} INFO - Processing file /home/airflow/.local/lib/python3.12/site-packages/airflow/example_dags/example_task_group_decorator.py for tasks to queue
[2026-06-08T20:19:33.655+0000] {logging_mixin.py:188} INFO - [2026-06-08T20:19:33.654+0000] {dagbag.py:545} INFO - Filling up the DagBag from /home/airflow/.local/lib/python3.12/site-packages/airflow/example_dags/example_task_group_decorator.py
[2026-06-08T20:19:33.673+0000] {processor.py:840} INFO - DAG(s) 'example_task_group_decorator' retrieved from /home/airflow/.local/lib/python3.12/site-packages/airflow/example_dags/example_task_group_decorator.py
[2026-06-08T20:19:33.709+0000] {logging_mixin.py:188} INFO - [2026-06-08T20:19:33.709+0000] {dag.py:3096} INFO - Sync 1 DAGs
[2026-06-08T20:19:33.744+0000] {logging_mixin.py:188} INFO - [2026-06-08T20:19:33.744+0000] {dag.py:3954} INFO - Setting next_dagrun for example_task_group_decorator to 2026-06-07 00:00:00+00:00, run_after=2026-06-08 00:00:00+00:00
[2026-06-08T20:19:33.766+0000] {processor.py:183} INFO - Processing /home/airflow/.local/lib/python3.12/site-packages/airflow/example_dags/example_task_group_decorator.py took 0.121 seconds
[2026-06-08T20:20:04.247+0000] {processor.py:161} INFO - Started process (PID=219) to work on /home/airflow/.local/lib/python3.12/site-packages/airflow/example_dags/example_task_group_decorator.py
[2026-06-08T20:20:04.248+0000] {processor.py:830} INFO - Processing file /home/airflow/.local/lib/python3.12/site-packages/airflow/example_dags/example_task_group_decorator.py for tasks to queue
[2026-06-08T20:20:04.250+0000] {logging_mixin.py:188} INFO - [2026-06-08T20:20:04.250+0000] {dagbag.py:545} INFO - Filling up the DagBag from /home/airflow/.local/lib/python3.12/site-packages/airflow/example_dags/example_task_group_decorator.py
[2026-06-08T20:20:04.270+0000] {processor.py:840} INFO - DAG(s) 'example_task_group_decorator' retrieved from /home/airflow/.local/lib/python3.12/site-packages/airflow/example_dags/example_task_group_decorator.py
[2026-06-08T20:20:04.306+0000] {logging_mixin.py:188} INFO - [2026-06-08T20:20:04.306+0000] {dag.py:3096} INFO - Sync 1 DAGs
[2026-06-08T20:20:04.335+0000] {logging_mixin.py:188} INFO - [2026-06-08T20:20:04.335+0000] {dag.py:3954} INFO - Setting next_dagrun for example_task_group_decorator to 2026-06-07 00:00:00+00:00, run_after=2026-06-08 00:00:00+00:00
[2026-06-08T20:20:04.357+0000] {processor.py:183} INFO - Processing /home/airflow/.local/lib/python3.12/site-packages/airflow/example_dags/example_task_group_decorator.py took 0.117 seconds
[2026-06-08T20:20:34.578+0000] {processor.py:161} INFO - Started process (PID=277) to work on /home/airflow/.local/lib/python3.12/site-packages/airflow/example_dags/example_task_group_decorator.py
[2026-06-08T20:20:34.581+0000] {processor.py:830} INFO - Processing file /home/airflow/.local/lib/python3.12/site-packages/airflow/example_dags/example_task_group_decorator.py for tasks to queue
[2026-06-08T20:20:34.587+0000] {logging_mixin.py:188} INFO - [2026-06-08T20:20:34.587+0000] {dagbag.py:545} INFO - Filling up the DagBag from /home/airflow/.local/lib/python3.12/site-packages/airflow/example_dags/example_task_group_decorator.py
[2026-06-08T20:20:34.673+0000] {processor.py:840} INFO - DAG(s) 'example_task_group_decorator' retrieved from /home/airflow/.local/lib/python3.12/site-packages/airflow/example_dags/example_task_group_decorator.py
[2026-06-08T20:20:34.724+0000] {logging_mixin.py:188} INFO - [2026-06-08T20:20:34.723+0000] {dag.py:3096} INFO - Sync 1 DAGs
[2026-06-08T20:20:34.796+0000] {logging_mixin.py:188} INFO - [2026-06-08T20:20:34.796+0000] {dag.py:3954} INFO - Setting next_dagrun for example_task_group_decorator to 2026-06-07 00:00:00+00:00, run_after=2026-06-08 00:00:00+00:00
[2026-06-08T20:20:34.840+0000] {processor.py:183} INFO - Processing /home/airflow/.local/lib/python3.12/site-packages/airflow/example_dags/example_task_group_decorator.py took 0.288 seconds
[2026-06-08T20:21:04.973+0000] {processor.py:161} INFO - Started process (PID=336) to work on /home/airflow/.local/lib/python3.12/site-packages/airflow/example_dags/example_task_group_decorator.py
[2026-06-08T20:21:04.974+0000] {processor.py:830} INFO - Processing file /home/airflow/.local/lib/python3.12/site-packages/airflow/example_dags/example_task_group_decorator.py for tasks to queue
[2026-06-08T20:21:04.977+0000] {logging_mixin.py:188} INFO - [2026-06-08T20:21:04.976+0000] {dagbag.py:545} INFO - Filling up the DagBag from /home/airflow/.local/lib/python3.12/site-packages/airflow/example_dags/example_task_group_decorator.py
[2026-06-08T20:21:04.997+0000] {processor.py:840} INFO - DAG(s) 'example_task_group_decorator' retrieved from /home/airflow/.local/lib/python3.12/site-packages/airflow/example_dags/example_task_group_decorator.py
[2026-06-08T20:21:05.023+0000] {logging_mixin.py:188} INFO - [2026-06-08T20:21:05.023+0000] {dag.py:3096} INFO - Sync 1 DAGs
[2026-06-08T20:21:05.044+0000] {logging_mixin.py:188} INFO - [2026-06-08T20:21:05.044+0000] {dag.py:3954} INFO - Setting next_dagrun for example_task_group_decorator to 2026-06-07 00:00:00+00:00, run_after=2026-06-08 00:00:00+00:00
[2026-06-08T20:21:05.061+0000] {processor.py:183} INFO - Processing /home/airflow/.local/lib/python3.12/site-packages/airflow/example_dags/example_task_group_decorator.py took 0.105 seconds
[2026-06-08T20:21:35.498+0000] {processor.py:161} INFO - Started process (PID=394) to work on /home/airflow/.local/lib/python3.12/site-packages/airflow/example_dags/example_task_group_decorator.py
[2026-06-08T20:21:35.499+0000] {processor.py:830} INFO - Processing file /home/airflow/.local/lib/python3.12/site-packages/airflow/example_dags/example_task_group_decorator.py for tasks to queue
[2026-06-08T20:21:35.501+0000] {logging_mixin.py:188} INFO - [2026-06-08T20:21:35.501+0000] {dagbag.py:545} INFO - Filling up the DagBag from /home/airflow/.local/lib/python3.12/site-packages/airflow/example_dags/example_task_group_decorator.py
[2026-06-08T20:21:35.523+0000] {processor.py:840} INFO - DAG(s) 'example_task_group_decorator' retrieved from /home/airflow/.local/lib/python3.12/site-packages/airflow/example_dags/example_task_group_decorator.py
[2026-06-08T20:21:35.552+0000] {logging_mixin.py:188} INFO - [2026-06-08T20:21:35.552+0000] {dag.py:3096} INFO - Sync 1 DAGs
[2026-06-08T20:21:35.574+0000] {logging_mixin.py:188} INFO - [2026-06-08T20:21:35.574+0000] {dag.py:3954} INFO - Setting next_dagrun for example_task_group_decorator to 2026-06-07 00:00:00+00:00, run_after=2026-06-08 00:00:00+00:00
[2026-06-08T20:21:35.593+0000] {processor.py:183} INFO - Processing /home/airflow/.local/lib/python3.12/site-packages/airflow/example_dags/example_task_group_decorator.py took 0.103 seconds
[2026-06-08T20:22:06.063+0000] {processor.py:161} INFO - Started process (PID=453) to work on /home/airflow/.local/lib/python3.12/site-packages/airflow/example_dags/example_task_group_decorator.py
[2026-06-08T20:22:06.066+0000] {processor.py:830} INFO - Processing file /home/airflow/.local/lib/python3.12/site-packages/airflow/example_dags/example_task_group_decorator.py for tasks to queue
[2026-06-08T20:22:06.073+0000] {logging_mixin.py:188} INFO - [2026-06-08T20:22:06.072+0000] {dagbag.py:545} INFO - Filling up the DagBag from /home/airflow/.local/lib/python3.12/site-packages/airflow/example_dags/example_task_group_decorator.py
[2026-06-08T20:22:06.120+0000] {processor.py:840} INFO - DAG(s) 'example_task_group_decorator' retrieved from /home/airflow/.local/lib/python3.12/site-packages/airflow/example_dags/example_task_group_decorator.py
[2026-06-08T20:22:06.166+0000] {logging_mixin.py:188} INFO - [2026-06-08T20:22:06.166+0000] {dag.py:3096} INFO - Sync 1 DAGs
[2026-06-08T20:22:06.194+0000] {logging_mixin.py:188} INFO - [2026-06-08T20:22:06.194+0000] {dag.py:3954} INFO - Setting next_dagrun for example_task_group_decorator to 2026-06-07 00:00:00+00:00, run_after=2026-06-08 00:00:00+00:00
[2026-06-08T20:22:06.210+0000] {processor.py:183} INFO - Processing /home/airflow/.local/lib/python3.12/site-packages/airflow/example_dags/example_task_group_decorator.py took 0.165 seconds
[2026-06-08T20:22:36.649+0000] {processor.py:161} INFO - Started process (PID=512) to work on /home/airflow/.local/lib/python3.12/site-packages/airflow/example_dags/example_task_group_decorator.py
[2026-06-08T20:22:36.650+0000] {processor.py:830} INFO - Processing file /home/airflow/.local/lib/python3.12/site-packages/airflow/example_dags/example_task_group_decorator.py for tasks to queue
[2026-06-08T20:22:36.652+0000] {logging_mixin.py:188} INFO - [2026-06-08T20:22:36.652+0000] {dagbag.py:545} INFO - Filling up the DagBag from /home/airflow/.local/lib/python3.12/site-packages/airflow/example_dags/example_task_group_decorator.py
[2026-06-08T20:22:36.678+0000] {processor.py:840} INFO - DAG(s) 'example_task_group_decorator' retrieved from /home/airflow/.local/lib/python3.12/site-packages/airflow/example_dags/example_task_group_decorator.py
[2026-06-08T20:22:36.714+0000] {logging_mixin.py:188} INFO - [2026-06-08T20:22:36.714+0000] {dag.py:3096} INFO - Sync 1 DAGs
[2026-06-08T20:22:36.743+0000] {logging_mixin.py:188} INFO - [2026-06-08T20:22:36.742+0000] {dag.py:3954} INFO - Setting next_dagrun for example_task_group_decorator to 2026-06-07 00:00:00+00:00, run_after=2026-06-08 00:00:00+00:00
[2026-06-08T20:22:36.762+0000] {processor.py:183} INFO - Processing /home/airflow/.local/lib/python3.12/site-packages/airflow/example_dags/example_task_group_decorator.py took 0.120 seconds
[2026-06-08T20:23:07.756+0000] {processor.py:161} INFO - Started process (PID=571) to work on /home/airflow/.local/lib/python3.12/site-packages/airflow/example_dags/example_task_group_decorator.py
[2026-06-08T20:23:07.757+0000] {processor.py:830} INFO - Processing file /home/airflow/.local/lib/python3.12/site-packages/airflow/example_dags/example_task_group_decorator.py for tasks to queue
[2026-06-08T20:23:07.759+0000] {logging_mixin.py:188} INFO - [2026-06-08T20:23:07.758+0000] {dagbag.py:545} INFO - Filling up the DagBag from /home/airflow/.local/lib/python3.12/site-packages/airflow/example_dags/example_task_group_decorator.py
[2026-06-08T20:23:07.780+0000] {processor.py:840} INFO - DAG(s) 'example_task_group_decorator' retrieved from /home/airflow/.local/lib/python3.12/site-packages/airflow/example_dags/example_task_group_decorator.py
[2026-06-08T20:23:07.854+0000] {logging_mixin.py:188} INFO - [2026-06-08T20:23:07.854+0000] {dag.py:3096} INFO - Sync 1 DAGs
[2026-06-08T20:23:07.887+0000] {logging_mixin.py:188} INFO - [2026-06-08T20:23:07.887+0000] {dag.py:3954} INFO - Setting next_dagrun for example_task_group_decorator to 2026-06-07 00:00:00+00:00, run_after=2026-06-08 00:00:00+00:00
[2026-06-08T20:23:07.903+0000] {processor.py:183} INFO - Processing /home/airflow/.local/lib/python3.12/site-packages/airflow/example_dags/example_task_group_decorator.py took 0.156 seconds
[2026-06-08T20:23:38.481+0000] {processor.py:161} INFO - Started process (PID=630) to work on /home/airflow/.local/lib/python3.12/site-packages/airflow/example_dags/example_task_group_decorator.py
[2026-06-08T20:23:38.482+0000] {processor.py:830} INFO - Processing file /home/airflow/.local/lib/python3.12/site-packages/airflow/example_dags/example_task_group_decorator.py for tasks to queue
[2026-06-08T20:23:38.484+0000] {logging_mixin.py:188} INFO - [2026-06-08T20:23:38.483+0000] {dagbag.py:545} INFO - Filling up the DagBag from /home/airflow/.local/lib/python3.12/site-packages/airflow/example_dags/example_task_group_decorator.py
[2026-06-08T20:23:38.504+0000] {processor.py:840} INFO - DAG(s) 'example_task_group_decorator' retrieved from /home/airflow/.local/lib/python3.12/site-packages/airflow/example_dags/example_task_group_decorator.py
[2026-06-08T20:23:38.539+0000] {logging_mixin.py:188} INFO - [2026-06-08T20:23:38.538+0000] {dag.py:3096} INFO - Sync 1 DAGs
[2026-06-08T20:23:38.569+0000] {logging_mixin.py:188} INFO - [2026-06-08T20:23:38.569+0000] {dag.py:3954} INFO - Setting next_dagrun for example_task_group_decorator to 2026-06-07 00:00:00+00:00, run_after=2026-06-08 00:00:00+00:00
[2026-06-08T20:23:38.590+0000] {processor.py:183} INFO - Processing /home/airflow/.local/lib/python3.12/site-packages/airflow/example_dags/example_task_group_decorator.py took 0.117 seconds
