[2026-06-08T20:03:35.717+0000] {processor.py:161} INFO - Started process (PID=68) to work on /home/airflow/.local/lib/python3.12/site-packages/airflow/example_dags/example_python_decorator.py
[2026-06-08T20:03:35.722+0000] {processor.py:830} INFO - Processing file /home/airflow/.local/lib/python3.12/site-packages/airflow/example_dags/example_python_decorator.py for tasks to queue
[2026-06-08T20:03:35.729+0000] {logging_mixin.py:188} INFO - [2026-06-08T20:03:35.728+0000] {dagbag.py:545} INFO - Filling up the DagBag from /home/airflow/.local/lib/python3.12/site-packages/airflow/example_dags/example_python_decorator.py
[2026-06-08T20:03:35.876+0000] {processor.py:840} INFO - DAG(s) 'example_python_decorator' retrieved from /home/airflow/.local/lib/python3.12/site-packages/airflow/example_dags/example_python_decorator.py
[2026-06-08T20:03:36.649+0000] {logging_mixin.py:188} INFO - [2026-06-08T20:03:36.648+0000] {dag.py:3096} INFO - Sync 1 DAGs
[2026-06-08T20:03:36.730+0000] {logging_mixin.py:188} INFO - [2026-06-08T20:03:36.730+0000] {dag.py:3954} INFO - Setting next_dagrun for example_python_decorator to None, run_after=None
[2026-06-08T20:03:36.836+0000] {processor.py:183} INFO - Processing /home/airflow/.local/lib/python3.12/site-packages/airflow/example_dags/example_python_decorator.py took 1.144 seconds
[2026-06-08T20:04:07.622+0000] {processor.py:161} INFO - Started process (PID=126) to work on /home/airflow/.local/lib/python3.12/site-packages/airflow/example_dags/example_python_decorator.py
[2026-06-08T20:04:07.624+0000] {processor.py:830} INFO - Processing file /home/airflow/.local/lib/python3.12/site-packages/airflow/example_dags/example_python_decorator.py for tasks to queue
[2026-06-08T20:04:07.628+0000] {logging_mixin.py:188} INFO - [2026-06-08T20:04:07.628+0000] {dagbag.py:545} INFO - Filling up the DagBag from /home/airflow/.local/lib/python3.12/site-packages/airflow/example_dags/example_python_decorator.py
[2026-06-08T20:04:07.679+0000] {processor.py:840} INFO - DAG(s) 'example_python_decorator' retrieved from /home/airflow/.local/lib/python3.12/site-packages/airflow/example_dags/example_python_decorator.py
[2026-06-08T20:04:07.781+0000] {logging_mixin.py:188} INFO - [2026-06-08T20:04:07.781+0000] {dag.py:3096} INFO - Sync 1 DAGs
[2026-06-08T20:04:08.053+0000] {logging_mixin.py:188} INFO - [2026-06-08T20:04:08.053+0000] {dag.py:3954} INFO - Setting next_dagrun for example_python_decorator to None, run_after=None
[2026-06-08T20:04:08.231+0000] {processor.py:183} INFO - Processing /home/airflow/.local/lib/python3.12/site-packages/airflow/example_dags/example_python_decorator.py took 0.626 seconds
[2026-06-08T20:04:38.987+0000] {processor.py:161} INFO - Started process (PID=182) to work on /home/airflow/.local/lib/python3.12/site-packages/airflow/example_dags/example_python_decorator.py
[2026-06-08T20:04:38.988+0000] {processor.py:830} INFO - Processing file /home/airflow/.local/lib/python3.12/site-packages/airflow/example_dags/example_python_decorator.py for tasks to queue
[2026-06-08T20:04:38.990+0000] {logging_mixin.py:188} INFO - [2026-06-08T20:04:38.989+0000] {dagbag.py:545} INFO - Filling up the DagBag from /home/airflow/.local/lib/python3.12/site-packages/airflow/example_dags/example_python_decorator.py
[2026-06-08T20:04:39.001+0000] {processor.py:840} INFO - DAG(s) 'example_python_decorator' retrieved from /home/airflow/.local/lib/python3.12/site-packages/airflow/example_dags/example_python_decorator.py
[2026-06-08T20:04:39.022+0000] {logging_mixin.py:188} INFO - [2026-06-08T20:04:39.022+0000] {dag.py:3096} INFO - Sync 1 DAGs
[2026-06-08T20:04:39.034+0000] {logging_mixin.py:188} INFO - [2026-06-08T20:04:39.034+0000] {dag.py:3954} INFO - Setting next_dagrun for example_python_decorator to None, run_after=None
[2026-06-08T20:04:39.051+0000] {processor.py:183} INFO - Processing /home/airflow/.local/lib/python3.12/site-packages/airflow/example_dags/example_python_decorator.py took 0.069 seconds
[2026-06-08T20:05:09.771+0000] {processor.py:161} INFO - Started process (PID=240) to work on /home/airflow/.local/lib/python3.12/site-packages/airflow/example_dags/example_python_decorator.py
[2026-06-08T20:05:09.773+0000] {processor.py:830} INFO - Processing file /home/airflow/.local/lib/python3.12/site-packages/airflow/example_dags/example_python_decorator.py for tasks to queue
[2026-06-08T20:05:09.775+0000] {logging_mixin.py:188} INFO - [2026-06-08T20:05:09.775+0000] {dagbag.py:545} INFO - Filling up the DagBag from /home/airflow/.local/lib/python3.12/site-packages/airflow/example_dags/example_python_decorator.py
[2026-06-08T20:05:09.793+0000] {processor.py:840} INFO - DAG(s) 'example_python_decorator' retrieved from /home/airflow/.local/lib/python3.12/site-packages/airflow/example_dags/example_python_decorator.py
[2026-06-08T20:05:09.830+0000] {logging_mixin.py:188} INFO - [2026-06-08T20:05:09.829+0000] {dag.py:3096} INFO - Sync 1 DAGs
[2026-06-08T20:05:09.848+0000] {logging_mixin.py:188} INFO - [2026-06-08T20:05:09.847+0000] {dag.py:3954} INFO - Setting next_dagrun for example_python_decorator to None, run_after=None
[2026-06-08T20:05:09.871+0000] {processor.py:183} INFO - Processing /home/airflow/.local/lib/python3.12/site-packages/airflow/example_dags/example_python_decorator.py took 0.107 seconds
[2026-06-08T20:05:40.863+0000] {processor.py:161} INFO - Started process (PID=298) to work on /home/airflow/.local/lib/python3.12/site-packages/airflow/example_dags/example_python_decorator.py
[2026-06-08T20:05:40.865+0000] {processor.py:830} INFO - Processing file /home/airflow/.local/lib/python3.12/site-packages/airflow/example_dags/example_python_decorator.py for tasks to queue
[2026-06-08T20:05:40.869+0000] {logging_mixin.py:188} INFO - [2026-06-08T20:05:40.869+0000] {dagbag.py:545} INFO - Filling up the DagBag from /home/airflow/.local/lib/python3.12/site-packages/airflow/example_dags/example_python_decorator.py
[2026-06-08T20:05:40.891+0000] {processor.py:840} INFO - DAG(s) 'example_python_decorator' retrieved from /home/airflow/.local/lib/python3.12/site-packages/airflow/example_dags/example_python_decorator.py
[2026-06-08T20:05:40.966+0000] {logging_mixin.py:188} INFO - [2026-06-08T20:05:40.966+0000] {dag.py:3096} INFO - Sync 1 DAGs
[2026-06-08T20:05:40.989+0000] {logging_mixin.py:188} INFO - [2026-06-08T20:05:40.989+0000] {dag.py:3954} INFO - Setting next_dagrun for example_python_decorator to None, run_after=None
[2026-06-08T20:05:41.045+0000] {processor.py:183} INFO - Processing /home/airflow/.local/lib/python3.12/site-packages/airflow/example_dags/example_python_decorator.py took 0.202 seconds
[2026-06-08T20:06:11.260+0000] {processor.py:161} INFO - Started process (PID=356) to work on /home/airflow/.local/lib/python3.12/site-packages/airflow/example_dags/example_python_decorator.py
[2026-06-08T20:06:11.262+0000] {processor.py:830} INFO - Processing file /home/airflow/.local/lib/python3.12/site-packages/airflow/example_dags/example_python_decorator.py for tasks to queue
[2026-06-08T20:06:11.264+0000] {logging_mixin.py:188} INFO - [2026-06-08T20:06:11.264+0000] {dagbag.py:545} INFO - Filling up the DagBag from /home/airflow/.local/lib/python3.12/site-packages/airflow/example_dags/example_python_decorator.py
[2026-06-08T20:06:11.281+0000] {processor.py:840} INFO - DAG(s) 'example_python_decorator' retrieved from /home/airflow/.local/lib/python3.12/site-packages/airflow/example_dags/example_python_decorator.py
[2026-06-08T20:06:11.313+0000] {logging_mixin.py:188} INFO - [2026-06-08T20:06:11.313+0000] {dag.py:3096} INFO - Sync 1 DAGs
[2026-06-08T20:06:11.330+0000] {logging_mixin.py:188} INFO - [2026-06-08T20:06:11.330+0000] {dag.py:3954} INFO - Setting next_dagrun for example_python_decorator to None, run_after=None
[2026-06-08T20:06:11.353+0000] {processor.py:183} INFO - Processing /home/airflow/.local/lib/python3.12/site-packages/airflow/example_dags/example_python_decorator.py took 0.099 seconds
[2026-06-08T20:06:41.422+0000] {processor.py:161} INFO - Started process (PID=414) to work on /home/airflow/.local/lib/python3.12/site-packages/airflow/example_dags/example_python_decorator.py
[2026-06-08T20:06:41.424+0000] {processor.py:830} INFO - Processing file /home/airflow/.local/lib/python3.12/site-packages/airflow/example_dags/example_python_decorator.py for tasks to queue
[2026-06-08T20:06:41.426+0000] {logging_mixin.py:188} INFO - [2026-06-08T20:06:41.425+0000] {dagbag.py:545} INFO - Filling up the DagBag from /home/airflow/.local/lib/python3.12/site-packages/airflow/example_dags/example_python_decorator.py
[2026-06-08T20:06:41.443+0000] {processor.py:840} INFO - DAG(s) 'example_python_decorator' retrieved from /home/airflow/.local/lib/python3.12/site-packages/airflow/example_dags/example_python_decorator.py
[2026-06-08T20:06:41.476+0000] {logging_mixin.py:188} INFO - [2026-06-08T20:06:41.476+0000] {dag.py:3096} INFO - Sync 1 DAGs
[2026-06-08T20:06:41.494+0000] {logging_mixin.py:188} INFO - [2026-06-08T20:06:41.494+0000] {dag.py:3954} INFO - Setting next_dagrun for example_python_decorator to None, run_after=None
[2026-06-08T20:06:41.516+0000] {processor.py:183} INFO - Processing /home/airflow/.local/lib/python3.12/site-packages/airflow/example_dags/example_python_decorator.py took 0.101 seconds
[2026-06-08T20:08:18.681+0000] {processor.py:161} INFO - Started process (PID=61) to work on /home/airflow/.local/lib/python3.12/site-packages/airflow/example_dags/example_python_decorator.py
[2026-06-08T20:08:18.683+0000] {processor.py:830} INFO - Processing file /home/airflow/.local/lib/python3.12/site-packages/airflow/example_dags/example_python_decorator.py for tasks to queue
[2026-06-08T20:08:18.688+0000] {logging_mixin.py:188} INFO - [2026-06-08T20:08:18.688+0000] {dagbag.py:545} INFO - Filling up the DagBag from /home/airflow/.local/lib/python3.12/site-packages/airflow/example_dags/example_python_decorator.py
[2026-06-08T20:08:18.742+0000] {processor.py:840} INFO - DAG(s) 'example_python_decorator' retrieved from /home/airflow/.local/lib/python3.12/site-packages/airflow/example_dags/example_python_decorator.py
[2026-06-08T20:08:19.095+0000] {logging_mixin.py:188} INFO - [2026-06-08T20:08:19.095+0000] {dag.py:3096} INFO - Sync 1 DAGs
[2026-06-08T20:08:19.123+0000] {logging_mixin.py:188} INFO - [2026-06-08T20:08:19.122+0000] {dag.py:3954} INFO - Setting next_dagrun for example_python_decorator to None, run_after=None
[2026-06-08T20:08:19.176+0000] {processor.py:183} INFO - Processing /home/airflow/.local/lib/python3.12/site-packages/airflow/example_dags/example_python_decorator.py took 0.523 seconds
[2026-06-08T20:08:49.898+0000] {processor.py:161} INFO - Started process (PID=118) to work on /home/airflow/.local/lib/python3.12/site-packages/airflow/example_dags/example_python_decorator.py
[2026-06-08T20:08:49.903+0000] {processor.py:830} INFO - Processing file /home/airflow/.local/lib/python3.12/site-packages/airflow/example_dags/example_python_decorator.py for tasks to queue
[2026-06-08T20:08:49.908+0000] {logging_mixin.py:188} INFO - [2026-06-08T20:08:49.907+0000] {dagbag.py:545} INFO - Filling up the DagBag from /home/airflow/.local/lib/python3.12/site-packages/airflow/example_dags/example_python_decorator.py
[2026-06-08T20:08:49.948+0000] {processor.py:840} INFO - DAG(s) 'example_python_decorator' retrieved from /home/airflow/.local/lib/python3.12/site-packages/airflow/example_dags/example_python_decorator.py
[2026-06-08T20:08:50.095+0000] {logging_mixin.py:188} INFO - [2026-06-08T20:08:50.093+0000] {dag.py:3096} INFO - Sync 1 DAGs
[2026-06-08T20:08:50.182+0000] {logging_mixin.py:188} INFO - [2026-06-08T20:08:50.182+0000] {dag.py:3954} INFO - Setting next_dagrun for example_python_decorator to None, run_after=None
[2026-06-08T20:08:50.287+0000] {processor.py:183} INFO - Processing /home/airflow/.local/lib/python3.12/site-packages/airflow/example_dags/example_python_decorator.py took 0.408 seconds
[2026-06-08T20:09:21.203+0000] {processor.py:161} INFO - Started process (PID=176) to work on /home/airflow/.local/lib/python3.12/site-packages/airflow/example_dags/example_python_decorator.py
[2026-06-08T20:09:21.204+0000] {processor.py:830} INFO - Processing file /home/airflow/.local/lib/python3.12/site-packages/airflow/example_dags/example_python_decorator.py for tasks to queue
[2026-06-08T20:09:21.206+0000] {logging_mixin.py:188} INFO - [2026-06-08T20:09:21.206+0000] {dagbag.py:545} INFO - Filling up the DagBag from /home/airflow/.local/lib/python3.12/site-packages/airflow/example_dags/example_python_decorator.py
[2026-06-08T20:09:21.223+0000] {processor.py:840} INFO - DAG(s) 'example_python_decorator' retrieved from /home/airflow/.local/lib/python3.12/site-packages/airflow/example_dags/example_python_decorator.py
[2026-06-08T20:09:21.264+0000] {logging_mixin.py:188} INFO - [2026-06-08T20:09:21.264+0000] {dag.py:3096} INFO - Sync 1 DAGs
[2026-06-08T20:09:21.290+0000] {logging_mixin.py:188} INFO - [2026-06-08T20:09:21.289+0000] {dag.py:3954} INFO - Setting next_dagrun for example_python_decorator to None, run_after=None
[2026-06-08T20:09:21.405+0000] {processor.py:183} INFO - Processing /home/airflow/.local/lib/python3.12/site-packages/airflow/example_dags/example_python_decorator.py took 0.209 seconds
[2026-06-08T20:09:51.725+0000] {processor.py:161} INFO - Started process (PID=234) to work on /home/airflow/.local/lib/python3.12/site-packages/airflow/example_dags/example_python_decorator.py
[2026-06-08T20:09:51.728+0000] {processor.py:830} INFO - Processing file /home/airflow/.local/lib/python3.12/site-packages/airflow/example_dags/example_python_decorator.py for tasks to queue
[2026-06-08T20:09:51.733+0000] {logging_mixin.py:188} INFO - [2026-06-08T20:09:51.732+0000] {dagbag.py:545} INFO - Filling up the DagBag from /home/airflow/.local/lib/python3.12/site-packages/airflow/example_dags/example_python_decorator.py
[2026-06-08T20:09:51.794+0000] {processor.py:840} INFO - DAG(s) 'example_python_decorator' retrieved from /home/airflow/.local/lib/python3.12/site-packages/airflow/example_dags/example_python_decorator.py
[2026-06-08T20:09:51.876+0000] {logging_mixin.py:188} INFO - [2026-06-08T20:09:51.875+0000] {dag.py:3096} INFO - Sync 1 DAGs
[2026-06-08T20:09:51.911+0000] {logging_mixin.py:188} INFO - [2026-06-08T20:09:51.908+0000] {dag.py:3954} INFO - Setting next_dagrun for example_python_decorator to None, run_after=None
[2026-06-08T20:09:51.963+0000] {processor.py:183} INFO - Processing /home/airflow/.local/lib/python3.12/site-packages/airflow/example_dags/example_python_decorator.py took 0.255 seconds
[2026-06-08T20:10:22.852+0000] {processor.py:161} INFO - Started process (PID=294) to work on /home/airflow/.local/lib/python3.12/site-packages/airflow/example_dags/example_python_decorator.py
[2026-06-08T20:10:22.853+0000] {processor.py:830} INFO - Processing file /home/airflow/.local/lib/python3.12/site-packages/airflow/example_dags/example_python_decorator.py for tasks to queue
[2026-06-08T20:10:22.855+0000] {logging_mixin.py:188} INFO - [2026-06-08T20:10:22.855+0000] {dagbag.py:545} INFO - Filling up the DagBag from /home/airflow/.local/lib/python3.12/site-packages/airflow/example_dags/example_python_decorator.py
[2026-06-08T20:10:22.873+0000] {processor.py:840} INFO - DAG(s) 'example_python_decorator' retrieved from /home/airflow/.local/lib/python3.12/site-packages/airflow/example_dags/example_python_decorator.py
[2026-06-08T20:10:22.907+0000] {logging_mixin.py:188} INFO - [2026-06-08T20:10:22.906+0000] {dag.py:3096} INFO - Sync 1 DAGs
[2026-06-08T20:10:22.933+0000] {logging_mixin.py:188} INFO - [2026-06-08T20:10:22.933+0000] {dag.py:3954} INFO - Setting next_dagrun for example_python_decorator to None, run_after=None
[2026-06-08T20:10:22.958+0000] {processor.py:183} INFO - Processing /home/airflow/.local/lib/python3.12/site-packages/airflow/example_dags/example_python_decorator.py took 0.114 seconds
[2026-06-08T20:10:53.424+0000] {processor.py:161} INFO - Started process (PID=352) to work on /home/airflow/.local/lib/python3.12/site-packages/airflow/example_dags/example_python_decorator.py
[2026-06-08T20:10:53.427+0000] {processor.py:830} INFO - Processing file /home/airflow/.local/lib/python3.12/site-packages/airflow/example_dags/example_python_decorator.py for tasks to queue
[2026-06-08T20:10:53.437+0000] {logging_mixin.py:188} INFO - [2026-06-08T20:10:53.436+0000] {dagbag.py:545} INFO - Filling up the DagBag from /home/airflow/.local/lib/python3.12/site-packages/airflow/example_dags/example_python_decorator.py
[2026-06-08T20:10:53.519+0000] {processor.py:840} INFO - DAG(s) 'example_python_decorator' retrieved from /home/airflow/.local/lib/python3.12/site-packages/airflow/example_dags/example_python_decorator.py
[2026-06-08T20:10:53.623+0000] {logging_mixin.py:188} INFO - [2026-06-08T20:10:53.623+0000] {dag.py:3096} INFO - Sync 1 DAGs
[2026-06-08T20:10:53.719+0000] {logging_mixin.py:188} INFO - [2026-06-08T20:10:53.718+0000] {dag.py:3954} INFO - Setting next_dagrun for example_python_decorator to None, run_after=None
[2026-06-08T20:10:53.873+0000] {processor.py:183} INFO - Processing /home/airflow/.local/lib/python3.12/site-packages/airflow/example_dags/example_python_decorator.py took 0.474 seconds
[2026-06-08T20:11:23.955+0000] {processor.py:161} INFO - Started process (PID=409) to work on /home/airflow/.local/lib/python3.12/site-packages/airflow/example_dags/example_python_decorator.py
[2026-06-08T20:11:23.956+0000] {processor.py:830} INFO - Processing file /home/airflow/.local/lib/python3.12/site-packages/airflow/example_dags/example_python_decorator.py for tasks to queue
[2026-06-08T20:11:23.958+0000] {logging_mixin.py:188} INFO - [2026-06-08T20:11:23.958+0000] {dagbag.py:545} INFO - Filling up the DagBag from /home/airflow/.local/lib/python3.12/site-packages/airflow/example_dags/example_python_decorator.py
[2026-06-08T20:11:23.970+0000] {processor.py:840} INFO - DAG(s) 'example_python_decorator' retrieved from /home/airflow/.local/lib/python3.12/site-packages/airflow/example_dags/example_python_decorator.py
[2026-06-08T20:11:23.991+0000] {logging_mixin.py:188} INFO - [2026-06-08T20:11:23.991+0000] {dag.py:3096} INFO - Sync 1 DAGs
[2026-06-08T20:11:24.003+0000] {logging_mixin.py:188} INFO - [2026-06-08T20:11:24.003+0000] {dag.py:3954} INFO - Setting next_dagrun for example_python_decorator to None, run_after=None
[2026-06-08T20:11:24.020+0000] {processor.py:183} INFO - Processing /home/airflow/.local/lib/python3.12/site-packages/airflow/example_dags/example_python_decorator.py took 0.070 seconds
[2026-06-08T20:11:54.377+0000] {processor.py:161} INFO - Started process (PID=466) to work on /home/airflow/.local/lib/python3.12/site-packages/airflow/example_dags/example_python_decorator.py
[2026-06-08T20:11:54.377+0000] {processor.py:830} INFO - Processing file /home/airflow/.local/lib/python3.12/site-packages/airflow/example_dags/example_python_decorator.py for tasks to queue
[2026-06-08T20:11:54.379+0000] {logging_mixin.py:188} INFO - [2026-06-08T20:11:54.379+0000] {dagbag.py:545} INFO - Filling up the DagBag from /home/airflow/.local/lib/python3.12/site-packages/airflow/example_dags/example_python_decorator.py
[2026-06-08T20:11:54.390+0000] {processor.py:840} INFO - DAG(s) 'example_python_decorator' retrieved from /home/airflow/.local/lib/python3.12/site-packages/airflow/example_dags/example_python_decorator.py
[2026-06-08T20:11:54.411+0000] {logging_mixin.py:188} INFO - [2026-06-08T20:11:54.411+0000] {dag.py:3096} INFO - Sync 1 DAGs
[2026-06-08T20:11:54.423+0000] {logging_mixin.py:188} INFO - [2026-06-08T20:11:54.423+0000] {dag.py:3954} INFO - Setting next_dagrun for example_python_decorator to None, run_after=None
[2026-06-08T20:11:54.439+0000] {processor.py:183} INFO - Processing /home/airflow/.local/lib/python3.12/site-packages/airflow/example_dags/example_python_decorator.py took 0.068 seconds
[2026-06-08T20:12:24.629+0000] {processor.py:161} INFO - Started process (PID=525) to work on /home/airflow/.local/lib/python3.12/site-packages/airflow/example_dags/example_python_decorator.py
[2026-06-08T20:12:24.630+0000] {processor.py:830} INFO - Processing file /home/airflow/.local/lib/python3.12/site-packages/airflow/example_dags/example_python_decorator.py for tasks to queue
[2026-06-08T20:12:24.632+0000] {logging_mixin.py:188} INFO - [2026-06-08T20:12:24.631+0000] {dagbag.py:545} INFO - Filling up the DagBag from /home/airflow/.local/lib/python3.12/site-packages/airflow/example_dags/example_python_decorator.py
[2026-06-08T20:12:24.643+0000] {processor.py:840} INFO - DAG(s) 'example_python_decorator' retrieved from /home/airflow/.local/lib/python3.12/site-packages/airflow/example_dags/example_python_decorator.py
[2026-06-08T20:12:24.665+0000] {logging_mixin.py:188} INFO - [2026-06-08T20:12:24.664+0000] {dag.py:3096} INFO - Sync 1 DAGs
[2026-06-08T20:12:24.676+0000] {logging_mixin.py:188} INFO - [2026-06-08T20:12:24.676+0000] {dag.py:3954} INFO - Setting next_dagrun for example_python_decorator to None, run_after=None
[2026-06-08T20:12:24.699+0000] {processor.py:183} INFO - Processing /home/airflow/.local/lib/python3.12/site-packages/airflow/example_dags/example_python_decorator.py took 0.075 seconds
[2026-06-08T20:12:55.120+0000] {processor.py:161} INFO - Started process (PID=589) to work on /home/airflow/.local/lib/python3.12/site-packages/airflow/example_dags/example_python_decorator.py
[2026-06-08T20:12:55.121+0000] {processor.py:830} INFO - Processing file /home/airflow/.local/lib/python3.12/site-packages/airflow/example_dags/example_python_decorator.py for tasks to queue
[2026-06-08T20:12:55.124+0000] {logging_mixin.py:188} INFO - [2026-06-08T20:12:55.123+0000] {dagbag.py:545} INFO - Filling up the DagBag from /home/airflow/.local/lib/python3.12/site-packages/airflow/example_dags/example_python_decorator.py
[2026-06-08T20:12:55.147+0000] {processor.py:840} INFO - DAG(s) 'example_python_decorator' retrieved from /home/airflow/.local/lib/python3.12/site-packages/airflow/example_dags/example_python_decorator.py
[2026-06-08T20:12:55.181+0000] {logging_mixin.py:188} INFO - [2026-06-08T20:12:55.181+0000] {dag.py:3096} INFO - Sync 1 DAGs
[2026-06-08T20:12:55.203+0000] {logging_mixin.py:188} INFO - [2026-06-08T20:12:55.202+0000] {dag.py:3954} INFO - Setting next_dagrun for example_python_decorator to None, run_after=None
[2026-06-08T20:12:55.233+0000] {processor.py:183} INFO - Processing /home/airflow/.local/lib/python3.12/site-packages/airflow/example_dags/example_python_decorator.py took 0.124 seconds
[2026-06-08T20:13:26.119+0000] {processor.py:161} INFO - Started process (PID=646) to work on /home/airflow/.local/lib/python3.12/site-packages/airflow/example_dags/example_python_decorator.py
[2026-06-08T20:13:26.123+0000] {processor.py:830} INFO - Processing file /home/airflow/.local/lib/python3.12/site-packages/airflow/example_dags/example_python_decorator.py for tasks to queue
[2026-06-08T20:13:26.127+0000] {logging_mixin.py:188} INFO - [2026-06-08T20:13:26.125+0000] {dagbag.py:545} INFO - Filling up the DagBag from /home/airflow/.local/lib/python3.12/site-packages/airflow/example_dags/example_python_decorator.py
[2026-06-08T20:13:26.229+0000] {processor.py:840} INFO - DAG(s) 'example_python_decorator' retrieved from /home/airflow/.local/lib/python3.12/site-packages/airflow/example_dags/example_python_decorator.py
[2026-06-08T20:13:26.506+0000] {logging_mixin.py:188} INFO - [2026-06-08T20:13:26.506+0000] {dag.py:3096} INFO - Sync 1 DAGs
[2026-06-08T20:13:26.854+0000] {logging_mixin.py:188} INFO - [2026-06-08T20:13:26.854+0000] {dag.py:3954} INFO - Setting next_dagrun for example_python_decorator to None, run_after=None
[2026-06-08T20:13:27.065+0000] {processor.py:183} INFO - Processing /home/airflow/.local/lib/python3.12/site-packages/airflow/example_dags/example_python_decorator.py took 1.001 seconds
[2026-06-08T20:13:58.045+0000] {processor.py:161} INFO - Started process (PID=702) to work on /home/airflow/.local/lib/python3.12/site-packages/airflow/example_dags/example_python_decorator.py
[2026-06-08T20:13:58.046+0000] {processor.py:830} INFO - Processing file /home/airflow/.local/lib/python3.12/site-packages/airflow/example_dags/example_python_decorator.py for tasks to queue
[2026-06-08T20:13:58.047+0000] {logging_mixin.py:188} INFO - [2026-06-08T20:13:58.047+0000] {dagbag.py:545} INFO - Filling up the DagBag from /home/airflow/.local/lib/python3.12/site-packages/airflow/example_dags/example_python_decorator.py
[2026-06-08T20:13:58.059+0000] {processor.py:840} INFO - DAG(s) 'example_python_decorator' retrieved from /home/airflow/.local/lib/python3.12/site-packages/airflow/example_dags/example_python_decorator.py
[2026-06-08T20:13:58.081+0000] {logging_mixin.py:188} INFO - [2026-06-08T20:13:58.081+0000] {dag.py:3096} INFO - Sync 1 DAGs
[2026-06-08T20:13:58.098+0000] {logging_mixin.py:188} INFO - [2026-06-08T20:13:58.098+0000] {dag.py:3954} INFO - Setting next_dagrun for example_python_decorator to None, run_after=None
[2026-06-08T20:13:58.119+0000] {processor.py:183} INFO - Processing /home/airflow/.local/lib/python3.12/site-packages/airflow/example_dags/example_python_decorator.py took 0.079 seconds
[2026-06-08T20:14:28.421+0000] {processor.py:161} INFO - Started process (PID=760) to work on /home/airflow/.local/lib/python3.12/site-packages/airflow/example_dags/example_python_decorator.py
[2026-06-08T20:14:28.422+0000] {processor.py:830} INFO - Processing file /home/airflow/.local/lib/python3.12/site-packages/airflow/example_dags/example_python_decorator.py for tasks to queue
[2026-06-08T20:14:28.424+0000] {logging_mixin.py:188} INFO - [2026-06-08T20:14:28.424+0000] {dagbag.py:545} INFO - Filling up the DagBag from /home/airflow/.local/lib/python3.12/site-packages/airflow/example_dags/example_python_decorator.py
[2026-06-08T20:14:28.443+0000] {processor.py:840} INFO - DAG(s) 'example_python_decorator' retrieved from /home/airflow/.local/lib/python3.12/site-packages/airflow/example_dags/example_python_decorator.py
[2026-06-08T20:14:28.488+0000] {logging_mixin.py:188} INFO - [2026-06-08T20:14:28.488+0000] {dag.py:3096} INFO - Sync 1 DAGs
[2026-06-08T20:14:28.506+0000] {logging_mixin.py:188} INFO - [2026-06-08T20:14:28.505+0000] {dag.py:3954} INFO - Setting next_dagrun for example_python_decorator to None, run_after=None
[2026-06-08T20:14:28.527+0000] {processor.py:183} INFO - Processing /home/airflow/.local/lib/python3.12/site-packages/airflow/example_dags/example_python_decorator.py took 0.114 seconds
[2026-06-08T20:14:58.836+0000] {processor.py:161} INFO - Started process (PID=818) to work on /home/airflow/.local/lib/python3.12/site-packages/airflow/example_dags/example_python_decorator.py
[2026-06-08T20:14:58.837+0000] {processor.py:830} INFO - Processing file /home/airflow/.local/lib/python3.12/site-packages/airflow/example_dags/example_python_decorator.py for tasks to queue
[2026-06-08T20:14:58.839+0000] {logging_mixin.py:188} INFO - [2026-06-08T20:14:58.839+0000] {dagbag.py:545} INFO - Filling up the DagBag from /home/airflow/.local/lib/python3.12/site-packages/airflow/example_dags/example_python_decorator.py
[2026-06-08T20:14:58.851+0000] {processor.py:840} INFO - DAG(s) 'example_python_decorator' retrieved from /home/airflow/.local/lib/python3.12/site-packages/airflow/example_dags/example_python_decorator.py
[2026-06-08T20:14:58.881+0000] {logging_mixin.py:188} INFO - [2026-06-08T20:14:58.881+0000] {dag.py:3096} INFO - Sync 1 DAGs
[2026-06-08T20:14:58.892+0000] {logging_mixin.py:188} INFO - [2026-06-08T20:14:58.892+0000] {dag.py:3954} INFO - Setting next_dagrun for example_python_decorator to None, run_after=None
[2026-06-08T20:14:58.910+0000] {processor.py:183} INFO - Processing /home/airflow/.local/lib/python3.12/site-packages/airflow/example_dags/example_python_decorator.py took 0.081 seconds
[2026-06-08T20:15:29.319+0000] {processor.py:161} INFO - Started process (PID=876) to work on /home/airflow/.local/lib/python3.12/site-packages/airflow/example_dags/example_python_decorator.py
[2026-06-08T20:15:29.320+0000] {processor.py:830} INFO - Processing file /home/airflow/.local/lib/python3.12/site-packages/airflow/example_dags/example_python_decorator.py for tasks to queue
[2026-06-08T20:15:29.321+0000] {logging_mixin.py:188} INFO - [2026-06-08T20:15:29.321+0000] {dagbag.py:545} INFO - Filling up the DagBag from /home/airflow/.local/lib/python3.12/site-packages/airflow/example_dags/example_python_decorator.py
[2026-06-08T20:15:29.332+0000] {processor.py:840} INFO - DAG(s) 'example_python_decorator' retrieved from /home/airflow/.local/lib/python3.12/site-packages/airflow/example_dags/example_python_decorator.py
[2026-06-08T20:15:29.355+0000] {logging_mixin.py:188} INFO - [2026-06-08T20:15:29.354+0000] {dag.py:3096} INFO - Sync 1 DAGs
[2026-06-08T20:15:29.366+0000] {logging_mixin.py:188} INFO - [2026-06-08T20:15:29.366+0000] {dag.py:3954} INFO - Setting next_dagrun for example_python_decorator to None, run_after=None
[2026-06-08T20:15:29.384+0000] {processor.py:183} INFO - Processing /home/airflow/.local/lib/python3.12/site-packages/airflow/example_dags/example_python_decorator.py took 0.071 seconds
[2026-06-08T20:15:59.773+0000] {processor.py:161} INFO - Started process (PID=934) to work on /home/airflow/.local/lib/python3.12/site-packages/airflow/example_dags/example_python_decorator.py
[2026-06-08T20:15:59.774+0000] {processor.py:830} INFO - Processing file /home/airflow/.local/lib/python3.12/site-packages/airflow/example_dags/example_python_decorator.py for tasks to queue
[2026-06-08T20:15:59.776+0000] {logging_mixin.py:188} INFO - [2026-06-08T20:15:59.776+0000] {dagbag.py:545} INFO - Filling up the DagBag from /home/airflow/.local/lib/python3.12/site-packages/airflow/example_dags/example_python_decorator.py
[2026-06-08T20:15:59.792+0000] {processor.py:840} INFO - DAG(s) 'example_python_decorator' retrieved from /home/airflow/.local/lib/python3.12/site-packages/airflow/example_dags/example_python_decorator.py
[2026-06-08T20:15:59.814+0000] {logging_mixin.py:188} INFO - [2026-06-08T20:15:59.814+0000] {dag.py:3096} INFO - Sync 1 DAGs
[2026-06-08T20:15:59.826+0000] {logging_mixin.py:188} INFO - [2026-06-08T20:15:59.826+0000] {dag.py:3954} INFO - Setting next_dagrun for example_python_decorator to None, run_after=None
[2026-06-08T20:15:59.844+0000] {processor.py:183} INFO - Processing /home/airflow/.local/lib/python3.12/site-packages/airflow/example_dags/example_python_decorator.py took 0.077 seconds
[2026-06-08T20:16:29.972+0000] {processor.py:161} INFO - Started process (PID=992) to work on /home/airflow/.local/lib/python3.12/site-packages/airflow/example_dags/example_python_decorator.py
[2026-06-08T20:16:29.975+0000] {processor.py:830} INFO - Processing file /home/airflow/.local/lib/python3.12/site-packages/airflow/example_dags/example_python_decorator.py for tasks to queue
[2026-06-08T20:16:29.981+0000] {logging_mixin.py:188} INFO - [2026-06-08T20:16:29.981+0000] {dagbag.py:545} INFO - Filling up the DagBag from /home/airflow/.local/lib/python3.12/site-packages/airflow/example_dags/example_python_decorator.py
[2026-06-08T20:16:30.024+0000] {processor.py:840} INFO - DAG(s) 'example_python_decorator' retrieved from /home/airflow/.local/lib/python3.12/site-packages/airflow/example_dags/example_python_decorator.py
[2026-06-08T20:16:30.106+0000] {logging_mixin.py:188} INFO - [2026-06-08T20:16:30.104+0000] {dag.py:3096} INFO - Sync 1 DAGs
[2026-06-08T20:16:30.137+0000] {logging_mixin.py:188} INFO - [2026-06-08T20:16:30.136+0000] {dag.py:3954} INFO - Setting next_dagrun for example_python_decorator to None, run_after=None
[2026-06-08T20:16:30.182+0000] {processor.py:183} INFO - Processing /home/airflow/.local/lib/python3.12/site-packages/airflow/example_dags/example_python_decorator.py took 0.230 seconds
[2026-06-08T20:17:00.356+0000] {processor.py:161} INFO - Started process (PID=1050) to work on /home/airflow/.local/lib/python3.12/site-packages/airflow/example_dags/example_python_decorator.py
[2026-06-08T20:17:00.356+0000] {processor.py:830} INFO - Processing file /home/airflow/.local/lib/python3.12/site-packages/airflow/example_dags/example_python_decorator.py for tasks to queue
[2026-06-08T20:17:00.358+0000] {logging_mixin.py:188} INFO - [2026-06-08T20:17:00.357+0000] {dagbag.py:545} INFO - Filling up the DagBag from /home/airflow/.local/lib/python3.12/site-packages/airflow/example_dags/example_python_decorator.py
[2026-06-08T20:17:00.370+0000] {processor.py:840} INFO - DAG(s) 'example_python_decorator' retrieved from /home/airflow/.local/lib/python3.12/site-packages/airflow/example_dags/example_python_decorator.py
[2026-06-08T20:17:00.391+0000] {logging_mixin.py:188} INFO - [2026-06-08T20:17:00.391+0000] {dag.py:3096} INFO - Sync 1 DAGs
[2026-06-08T20:17:00.403+0000] {logging_mixin.py:188} INFO - [2026-06-08T20:17:00.403+0000] {dag.py:3954} INFO - Setting next_dagrun for example_python_decorator to None, run_after=None
[2026-06-08T20:17:00.420+0000] {processor.py:183} INFO - Processing /home/airflow/.local/lib/python3.12/site-packages/airflow/example_dags/example_python_decorator.py took 0.070 seconds
[2026-06-08T20:17:30.983+0000] {processor.py:161} INFO - Started process (PID=1108) to work on /home/airflow/.local/lib/python3.12/site-packages/airflow/example_dags/example_python_decorator.py
[2026-06-08T20:17:30.985+0000] {processor.py:830} INFO - Processing file /home/airflow/.local/lib/python3.12/site-packages/airflow/example_dags/example_python_decorator.py for tasks to queue
[2026-06-08T20:17:30.993+0000] {logging_mixin.py:188} INFO - [2026-06-08T20:17:30.992+0000] {dagbag.py:545} INFO - Filling up the DagBag from /home/airflow/.local/lib/python3.12/site-packages/airflow/example_dags/example_python_decorator.py
[2026-06-08T20:17:31.017+0000] {processor.py:840} INFO - DAG(s) 'example_python_decorator' retrieved from /home/airflow/.local/lib/python3.12/site-packages/airflow/example_dags/example_python_decorator.py
[2026-06-08T20:17:31.054+0000] {logging_mixin.py:188} INFO - [2026-06-08T20:17:31.054+0000] {dag.py:3096} INFO - Sync 1 DAGs
[2026-06-08T20:17:31.079+0000] {logging_mixin.py:188} INFO - [2026-06-08T20:17:31.079+0000] {dag.py:3954} INFO - Setting next_dagrun for example_python_decorator to None, run_after=None
[2026-06-08T20:17:31.118+0000] {processor.py:183} INFO - Processing /home/airflow/.local/lib/python3.12/site-packages/airflow/example_dags/example_python_decorator.py took 0.148 seconds
[2026-06-08T20:18:43.964+0000] {processor.py:161} INFO - Started process (PID=58) to work on /home/airflow/.local/lib/python3.12/site-packages/airflow/example_dags/example_python_decorator.py
[2026-06-08T20:18:43.984+0000] {processor.py:830} INFO - Processing file /home/airflow/.local/lib/python3.12/site-packages/airflow/example_dags/example_python_decorator.py for tasks to queue
[2026-06-08T20:18:43.991+0000] {logging_mixin.py:188} INFO - [2026-06-08T20:18:43.991+0000] {dagbag.py:545} INFO - Filling up the DagBag from /home/airflow/.local/lib/python3.12/site-packages/airflow/example_dags/example_python_decorator.py
[2026-06-08T20:18:44.110+0000] {processor.py:840} INFO - DAG(s) 'example_python_decorator' retrieved from /home/airflow/.local/lib/python3.12/site-packages/airflow/example_dags/example_python_decorator.py
[2026-06-08T20:18:45.021+0000] {logging_mixin.py:188} INFO - [2026-06-08T20:18:45.021+0000] {dag.py:3096} INFO - Sync 1 DAGs
[2026-06-08T20:18:45.075+0000] {logging_mixin.py:188} INFO - [2026-06-08T20:18:45.072+0000] {dag.py:3954} INFO - Setting next_dagrun for example_python_decorator to None, run_after=None
[2026-06-08T20:18:45.182+0000] {processor.py:183} INFO - Processing /home/airflow/.local/lib/python3.12/site-packages/airflow/example_dags/example_python_decorator.py took 1.271 seconds
[2026-06-08T20:19:15.968+0000] {processor.py:161} INFO - Started process (PID=115) to work on /home/airflow/.local/lib/python3.12/site-packages/airflow/example_dags/example_python_decorator.py
[2026-06-08T20:19:15.969+0000] {processor.py:830} INFO - Processing file /home/airflow/.local/lib/python3.12/site-packages/airflow/example_dags/example_python_decorator.py for tasks to queue
[2026-06-08T20:19:15.972+0000] {logging_mixin.py:188} INFO - [2026-06-08T20:19:15.971+0000] {dagbag.py:545} INFO - Filling up the DagBag from /home/airflow/.local/lib/python3.12/site-packages/airflow/example_dags/example_python_decorator.py
[2026-06-08T20:19:16.000+0000] {processor.py:840} INFO - DAG(s) 'example_python_decorator' retrieved from /home/airflow/.local/lib/python3.12/site-packages/airflow/example_dags/example_python_decorator.py
[2026-06-08T20:19:16.075+0000] {logging_mixin.py:188} INFO - [2026-06-08T20:19:16.075+0000] {dag.py:3096} INFO - Sync 1 DAGs
[2026-06-08T20:19:16.105+0000] {logging_mixin.py:188} INFO - [2026-06-08T20:19:16.104+0000] {dag.py:3954} INFO - Setting next_dagrun for example_python_decorator to None, run_after=None
[2026-06-08T20:19:16.144+0000] {processor.py:183} INFO - Processing /home/airflow/.local/lib/python3.12/site-packages/airflow/example_dags/example_python_decorator.py took 0.186 seconds
[2026-06-08T20:19:46.303+0000] {processor.py:161} INFO - Started process (PID=180) to work on /home/airflow/.local/lib/python3.12/site-packages/airflow/example_dags/example_python_decorator.py
[2026-06-08T20:19:46.312+0000] {processor.py:830} INFO - Processing file /home/airflow/.local/lib/python3.12/site-packages/airflow/example_dags/example_python_decorator.py for tasks to queue
[2026-06-08T20:19:46.320+0000] {logging_mixin.py:188} INFO - [2026-06-08T20:19:46.320+0000] {dagbag.py:545} INFO - Filling up the DagBag from /home/airflow/.local/lib/python3.12/site-packages/airflow/example_dags/example_python_decorator.py
[2026-06-08T20:19:46.364+0000] {processor.py:840} INFO - DAG(s) 'example_python_decorator' retrieved from /home/airflow/.local/lib/python3.12/site-packages/airflow/example_dags/example_python_decorator.py
[2026-06-08T20:19:46.399+0000] {logging_mixin.py:188} INFO - [2026-06-08T20:19:46.399+0000] {dag.py:3096} INFO - Sync 1 DAGs
[2026-06-08T20:19:46.419+0000] {logging_mixin.py:188} INFO - [2026-06-08T20:19:46.418+0000] {dag.py:3954} INFO - Setting next_dagrun for example_python_decorator to None, run_after=None
[2026-06-08T20:19:46.442+0000] {processor.py:183} INFO - Processing /home/airflow/.local/lib/python3.12/site-packages/airflow/example_dags/example_python_decorator.py took 0.159 seconds
[2026-06-08T20:20:16.692+0000] {processor.py:161} INFO - Started process (PID=238) to work on /home/airflow/.local/lib/python3.12/site-packages/airflow/example_dags/example_python_decorator.py
[2026-06-08T20:20:16.693+0000] {processor.py:830} INFO - Processing file /home/airflow/.local/lib/python3.12/site-packages/airflow/example_dags/example_python_decorator.py for tasks to queue
[2026-06-08T20:20:16.695+0000] {logging_mixin.py:188} INFO - [2026-06-08T20:20:16.695+0000] {dagbag.py:545} INFO - Filling up the DagBag from /home/airflow/.local/lib/python3.12/site-packages/airflow/example_dags/example_python_decorator.py
[2026-06-08T20:20:16.708+0000] {processor.py:840} INFO - DAG(s) 'example_python_decorator' retrieved from /home/airflow/.local/lib/python3.12/site-packages/airflow/example_dags/example_python_decorator.py
[2026-06-08T20:20:16.731+0000] {logging_mixin.py:188} INFO - [2026-06-08T20:20:16.730+0000] {dag.py:3096} INFO - Sync 1 DAGs
[2026-06-08T20:20:16.742+0000] {logging_mixin.py:188} INFO - [2026-06-08T20:20:16.742+0000] {dag.py:3954} INFO - Setting next_dagrun for example_python_decorator to None, run_after=None
[2026-06-08T20:20:16.760+0000] {processor.py:183} INFO - Processing /home/airflow/.local/lib/python3.12/site-packages/airflow/example_dags/example_python_decorator.py took 0.073 seconds
[2026-06-08T20:20:47.222+0000] {processor.py:161} INFO - Started process (PID=297) to work on /home/airflow/.local/lib/python3.12/site-packages/airflow/example_dags/example_python_decorator.py
[2026-06-08T20:20:47.223+0000] {processor.py:830} INFO - Processing file /home/airflow/.local/lib/python3.12/site-packages/airflow/example_dags/example_python_decorator.py for tasks to queue
[2026-06-08T20:20:47.224+0000] {logging_mixin.py:188} INFO - [2026-06-08T20:20:47.224+0000] {dagbag.py:545} INFO - Filling up the DagBag from /home/airflow/.local/lib/python3.12/site-packages/airflow/example_dags/example_python_decorator.py
[2026-06-08T20:20:47.239+0000] {processor.py:840} INFO - DAG(s) 'example_python_decorator' retrieved from /home/airflow/.local/lib/python3.12/site-packages/airflow/example_dags/example_python_decorator.py
[2026-06-08T20:20:47.270+0000] {logging_mixin.py:188} INFO - [2026-06-08T20:20:47.270+0000] {dag.py:3096} INFO - Sync 1 DAGs
[2026-06-08T20:20:47.281+0000] {logging_mixin.py:188} INFO - [2026-06-08T20:20:47.281+0000] {dag.py:3954} INFO - Setting next_dagrun for example_python_decorator to None, run_after=None
[2026-06-08T20:20:47.303+0000] {processor.py:183} INFO - Processing /home/airflow/.local/lib/python3.12/site-packages/airflow/example_dags/example_python_decorator.py took 0.087 seconds
[2026-06-08T20:21:17.649+0000] {processor.py:161} INFO - Started process (PID=355) to work on /home/airflow/.local/lib/python3.12/site-packages/airflow/example_dags/example_python_decorator.py
[2026-06-08T20:21:17.650+0000] {processor.py:830} INFO - Processing file /home/airflow/.local/lib/python3.12/site-packages/airflow/example_dags/example_python_decorator.py for tasks to queue
[2026-06-08T20:21:17.651+0000] {logging_mixin.py:188} INFO - [2026-06-08T20:21:17.651+0000] {dagbag.py:545} INFO - Filling up the DagBag from /home/airflow/.local/lib/python3.12/site-packages/airflow/example_dags/example_python_decorator.py
[2026-06-08T20:21:17.664+0000] {processor.py:840} INFO - DAG(s) 'example_python_decorator' retrieved from /home/airflow/.local/lib/python3.12/site-packages/airflow/example_dags/example_python_decorator.py
[2026-06-08T20:21:17.687+0000] {logging_mixin.py:188} INFO - [2026-06-08T20:21:17.687+0000] {dag.py:3096} INFO - Sync 1 DAGs
[2026-06-08T20:21:17.699+0000] {logging_mixin.py:188} INFO - [2026-06-08T20:21:17.699+0000] {dag.py:3954} INFO - Setting next_dagrun for example_python_decorator to None, run_after=None
[2026-06-08T20:21:17.718+0000] {processor.py:183} INFO - Processing /home/airflow/.local/lib/python3.12/site-packages/airflow/example_dags/example_python_decorator.py took 0.075 seconds
[2026-06-08T20:21:48.414+0000] {processor.py:161} INFO - Started process (PID=414) to work on /home/airflow/.local/lib/python3.12/site-packages/airflow/example_dags/example_python_decorator.py
[2026-06-08T20:21:48.415+0000] {processor.py:830} INFO - Processing file /home/airflow/.local/lib/python3.12/site-packages/airflow/example_dags/example_python_decorator.py for tasks to queue
[2026-06-08T20:21:48.417+0000] {logging_mixin.py:188} INFO - [2026-06-08T20:21:48.417+0000] {dagbag.py:545} INFO - Filling up the DagBag from /home/airflow/.local/lib/python3.12/site-packages/airflow/example_dags/example_python_decorator.py
[2026-06-08T20:21:48.445+0000] {processor.py:840} INFO - DAG(s) 'example_python_decorator' retrieved from /home/airflow/.local/lib/python3.12/site-packages/airflow/example_dags/example_python_decorator.py
[2026-06-08T20:21:48.521+0000] {logging_mixin.py:188} INFO - [2026-06-08T20:21:48.520+0000] {dag.py:3096} INFO - Sync 1 DAGs
[2026-06-08T20:21:48.636+0000] {logging_mixin.py:188} INFO - [2026-06-08T20:21:48.635+0000] {dag.py:3954} INFO - Setting next_dagrun for example_python_decorator to None, run_after=None
[2026-06-08T20:21:48.781+0000] {processor.py:183} INFO - Processing /home/airflow/.local/lib/python3.12/site-packages/airflow/example_dags/example_python_decorator.py took 0.378 seconds
[2026-06-08T20:22:18.846+0000] {processor.py:161} INFO - Started process (PID=473) to work on /home/airflow/.local/lib/python3.12/site-packages/airflow/example_dags/example_python_decorator.py
[2026-06-08T20:22:18.846+0000] {processor.py:830} INFO - Processing file /home/airflow/.local/lib/python3.12/site-packages/airflow/example_dags/example_python_decorator.py for tasks to queue
[2026-06-08T20:22:18.848+0000] {logging_mixin.py:188} INFO - [2026-06-08T20:22:18.847+0000] {dagbag.py:545} INFO - Filling up the DagBag from /home/airflow/.local/lib/python3.12/site-packages/airflow/example_dags/example_python_decorator.py
[2026-06-08T20:22:18.859+0000] {processor.py:840} INFO - DAG(s) 'example_python_decorator' retrieved from /home/airflow/.local/lib/python3.12/site-packages/airflow/example_dags/example_python_decorator.py
[2026-06-08T20:22:18.881+0000] {logging_mixin.py:188} INFO - [2026-06-08T20:22:18.881+0000] {dag.py:3096} INFO - Sync 1 DAGs
[2026-06-08T20:22:18.893+0000] {logging_mixin.py:188} INFO - [2026-06-08T20:22:18.893+0000] {dag.py:3954} INFO - Setting next_dagrun for example_python_decorator to None, run_after=None
[2026-06-08T20:22:18.909+0000] {processor.py:183} INFO - Processing /home/airflow/.local/lib/python3.12/site-packages/airflow/example_dags/example_python_decorator.py took 0.069 seconds
[2026-06-08T20:22:48.980+0000] {processor.py:161} INFO - Started process (PID=532) to work on /home/airflow/.local/lib/python3.12/site-packages/airflow/example_dags/example_python_decorator.py
[2026-06-08T20:22:48.981+0000] {processor.py:830} INFO - Processing file /home/airflow/.local/lib/python3.12/site-packages/airflow/example_dags/example_python_decorator.py for tasks to queue
[2026-06-08T20:22:48.983+0000] {logging_mixin.py:188} INFO - [2026-06-08T20:22:48.982+0000] {dagbag.py:545} INFO - Filling up the DagBag from /home/airflow/.local/lib/python3.12/site-packages/airflow/example_dags/example_python_decorator.py
[2026-06-08T20:22:48.994+0000] {processor.py:840} INFO - DAG(s) 'example_python_decorator' retrieved from /home/airflow/.local/lib/python3.12/site-packages/airflow/example_dags/example_python_decorator.py
[2026-06-08T20:22:49.015+0000] {logging_mixin.py:188} INFO - [2026-06-08T20:22:49.015+0000] {dag.py:3096} INFO - Sync 1 DAGs
[2026-06-08T20:22:49.034+0000] {logging_mixin.py:188} INFO - [2026-06-08T20:22:49.034+0000] {dag.py:3954} INFO - Setting next_dagrun for example_python_decorator to None, run_after=None
[2026-06-08T20:22:49.070+0000] {processor.py:183} INFO - Processing /home/airflow/.local/lib/python3.12/site-packages/airflow/example_dags/example_python_decorator.py took 0.097 seconds
[2026-06-08T20:23:19.628+0000] {processor.py:161} INFO - Started process (PID=591) to work on /home/airflow/.local/lib/python3.12/site-packages/airflow/example_dags/example_python_decorator.py
[2026-06-08T20:23:19.629+0000] {processor.py:830} INFO - Processing file /home/airflow/.local/lib/python3.12/site-packages/airflow/example_dags/example_python_decorator.py for tasks to queue
[2026-06-08T20:23:19.631+0000] {logging_mixin.py:188} INFO - [2026-06-08T20:23:19.630+0000] {dagbag.py:545} INFO - Filling up the DagBag from /home/airflow/.local/lib/python3.12/site-packages/airflow/example_dags/example_python_decorator.py
[2026-06-08T20:23:19.642+0000] {processor.py:840} INFO - DAG(s) 'example_python_decorator' retrieved from /home/airflow/.local/lib/python3.12/site-packages/airflow/example_dags/example_python_decorator.py
[2026-06-08T20:23:19.664+0000] {logging_mixin.py:188} INFO - [2026-06-08T20:23:19.664+0000] {dag.py:3096} INFO - Sync 1 DAGs
[2026-06-08T20:23:19.678+0000] {logging_mixin.py:188} INFO - [2026-06-08T20:23:19.677+0000] {dag.py:3954} INFO - Setting next_dagrun for example_python_decorator to None, run_after=None
[2026-06-08T20:23:19.705+0000] {processor.py:183} INFO - Processing /home/airflow/.local/lib/python3.12/site-packages/airflow/example_dags/example_python_decorator.py took 0.082 seconds
