[2026-06-08T20:03:43.398+0000] {processor.py:161} INFO - Started process (PID=78) to work on /home/airflow/.local/lib/python3.12/site-packages/airflow/example_dags/example_subdag_operator.py
[2026-06-08T20:03:43.405+0000] {processor.py:830} INFO - Processing file /home/airflow/.local/lib/python3.12/site-packages/airflow/example_dags/example_subdag_operator.py for tasks to queue
[2026-06-08T20:03:43.408+0000] {logging_mixin.py:188} INFO - [2026-06-08T20:03:43.407+0000] {dagbag.py:545} INFO - Filling up the DagBag from /home/airflow/.local/lib/python3.12/site-packages/airflow/example_dags/example_subdag_operator.py
[2026-06-08T20:03:43.492+0000] {processor.py:840} INFO - DAG(s) 'example_subdag_operator.section-1', 'example_subdag_operator.section-2', 'example_subdag_operator' retrieved from /home/airflow/.local/lib/python3.12/site-packages/airflow/example_dags/example_subdag_operator.py
[2026-06-08T20:03:43.983+0000] {logging_mixin.py:188} INFO - [2026-06-08T20:03:43.980+0000] {dag.py:3096} INFO - Sync 3 DAGs
[2026-06-08T20:03:44.104+0000] {logging_mixin.py:188} INFO - [2026-06-08T20:03:44.103+0000] {dag.py:3954} INFO - Setting next_dagrun for example_subdag_operator to 2022-01-01 00:00:00+00:00, run_after=2022-01-01 00:00:00+00:00
[2026-06-08T20:03:44.123+0000] {logging_mixin.py:188} INFO - [2026-06-08T20:03:44.123+0000] {dag.py:3954} INFO - Setting next_dagrun for example_subdag_operator.section-1 to None, run_after=None
[2026-06-08T20:03:44.129+0000] {logging_mixin.py:188} INFO - [2026-06-08T20:03:44.129+0000] {dag.py:3954} INFO - Setting next_dagrun for example_subdag_operator.section-2 to None, run_after=None
[2026-06-08T20:03:44.164+0000] {logging_mixin.py:188} INFO - [2026-06-08T20:03:44.163+0000] {dag.py:3096} INFO - Sync 2 DAGs
[2026-06-08T20:03:44.189+0000] {logging_mixin.py:188} INFO - [2026-06-08T20:03:44.189+0000] {dag.py:3954} INFO - Setting next_dagrun for example_subdag_operator.section-1 to None, run_after=None
[2026-06-08T20:03:44.190+0000] {logging_mixin.py:188} INFO - [2026-06-08T20:03:44.190+0000] {dag.py:3954} INFO - Setting next_dagrun for example_subdag_operator.section-2 to None, run_after=None
[2026-06-08T20:03:44.237+0000] {processor.py:183} INFO - Processing /home/airflow/.local/lib/python3.12/site-packages/airflow/example_dags/example_subdag_operator.py took 0.857 seconds
[2026-06-08T20:04:14.818+0000] {processor.py:161} INFO - Started process (PID=136) to work on /home/airflow/.local/lib/python3.12/site-packages/airflow/example_dags/example_subdag_operator.py
[2026-06-08T20:04:14.820+0000] {processor.py:830} INFO - Processing file /home/airflow/.local/lib/python3.12/site-packages/airflow/example_dags/example_subdag_operator.py for tasks to queue
[2026-06-08T20:04:14.826+0000] {logging_mixin.py:188} INFO - [2026-06-08T20:04:14.826+0000] {dagbag.py:545} INFO - Filling up the DagBag from /home/airflow/.local/lib/python3.12/site-packages/airflow/example_dags/example_subdag_operator.py
[2026-06-08T20:04:14.927+0000] {processor.py:840} INFO - DAG(s) 'example_subdag_operator.section-1', 'example_subdag_operator.section-2', 'example_subdag_operator' retrieved from /home/airflow/.local/lib/python3.12/site-packages/airflow/example_dags/example_subdag_operator.py
[2026-06-08T20:04:14.977+0000] {logging_mixin.py:188} INFO - [2026-06-08T20:04:14.977+0000] {dag.py:3096} INFO - Sync 3 DAGs
[2026-06-08T20:04:15.041+0000] {logging_mixin.py:188} INFO - [2026-06-08T20:04:15.040+0000] {dag.py:3954} INFO - Setting next_dagrun for example_subdag_operator to 2022-01-01 00:00:00+00:00, run_after=2022-01-01 00:00:00+00:00
[2026-06-08T20:04:15.052+0000] {logging_mixin.py:188} INFO - [2026-06-08T20:04:15.050+0000] {dag.py:3954} INFO - Setting next_dagrun for example_subdag_operator.section-1 to None, run_after=None
[2026-06-08T20:04:15.056+0000] {logging_mixin.py:188} INFO - [2026-06-08T20:04:15.056+0000] {dag.py:3954} INFO - Setting next_dagrun for example_subdag_operator.section-2 to None, run_after=None
[2026-06-08T20:04:15.077+0000] {logging_mixin.py:188} INFO - [2026-06-08T20:04:15.077+0000] {dag.py:3096} INFO - Sync 2 DAGs
[2026-06-08T20:04:15.098+0000] {logging_mixin.py:188} INFO - [2026-06-08T20:04:15.098+0000] {dag.py:3954} INFO - Setting next_dagrun for example_subdag_operator.section-1 to None, run_after=None
[2026-06-08T20:04:15.099+0000] {logging_mixin.py:188} INFO - [2026-06-08T20:04:15.099+0000] {dag.py:3954} INFO - Setting next_dagrun for example_subdag_operator.section-2 to None, run_after=None
[2026-06-08T20:04:15.130+0000] {processor.py:183} INFO - Processing /home/airflow/.local/lib/python3.12/site-packages/airflow/example_dags/example_subdag_operator.py took 0.348 seconds
[2026-06-08T20:04:45.847+0000] {processor.py:161} INFO - Started process (PID=194) to work on /home/airflow/.local/lib/python3.12/site-packages/airflow/example_dags/example_subdag_operator.py
[2026-06-08T20:04:45.849+0000] {processor.py:830} INFO - Processing file /home/airflow/.local/lib/python3.12/site-packages/airflow/example_dags/example_subdag_operator.py for tasks to queue
[2026-06-08T20:04:45.853+0000] {logging_mixin.py:188} INFO - [2026-06-08T20:04:45.853+0000] {dagbag.py:545} INFO - Filling up the DagBag from /home/airflow/.local/lib/python3.12/site-packages/airflow/example_dags/example_subdag_operator.py
[2026-06-08T20:04:45.942+0000] {processor.py:840} INFO - DAG(s) 'example_subdag_operator.section-1', 'example_subdag_operator.section-2', 'example_subdag_operator' retrieved from /home/airflow/.local/lib/python3.12/site-packages/airflow/example_dags/example_subdag_operator.py
[2026-06-08T20:04:46.047+0000] {logging_mixin.py:188} INFO - [2026-06-08T20:04:46.043+0000] {dag.py:3096} INFO - Sync 3 DAGs
[2026-06-08T20:04:46.263+0000] {logging_mixin.py:188} INFO - [2026-06-08T20:04:46.262+0000] {dag.py:3954} INFO - Setting next_dagrun for example_subdag_operator to 2022-01-01 00:00:00+00:00, run_after=2022-01-01 00:00:00+00:00
[2026-06-08T20:04:46.287+0000] {logging_mixin.py:188} INFO - [2026-06-08T20:04:46.287+0000] {dag.py:3954} INFO - Setting next_dagrun for example_subdag_operator.section-1 to None, run_after=None
[2026-06-08T20:04:46.293+0000] {logging_mixin.py:188} INFO - [2026-06-08T20:04:46.293+0000] {dag.py:3954} INFO - Setting next_dagrun for example_subdag_operator.section-2 to None, run_after=None
[2026-06-08T20:04:46.313+0000] {logging_mixin.py:188} INFO - [2026-06-08T20:04:46.310+0000] {dag.py:3096} INFO - Sync 2 DAGs
[2026-06-08T20:04:46.325+0000] {logging_mixin.py:188} INFO - [2026-06-08T20:04:46.325+0000] {dag.py:3954} INFO - Setting next_dagrun for example_subdag_operator.section-1 to None, run_after=None
[2026-06-08T20:04:46.328+0000] {logging_mixin.py:188} INFO - [2026-06-08T20:04:46.327+0000] {dag.py:3954} INFO - Setting next_dagrun for example_subdag_operator.section-2 to None, run_after=None
[2026-06-08T20:04:46.356+0000] {processor.py:183} INFO - Processing /home/airflow/.local/lib/python3.12/site-packages/airflow/example_dags/example_subdag_operator.py took 0.523 seconds
[2026-06-08T20:05:17.087+0000] {processor.py:161} INFO - Started process (PID=252) to work on /home/airflow/.local/lib/python3.12/site-packages/airflow/example_dags/example_subdag_operator.py
[2026-06-08T20:05:17.090+0000] {processor.py:830} INFO - Processing file /home/airflow/.local/lib/python3.12/site-packages/airflow/example_dags/example_subdag_operator.py for tasks to queue
[2026-06-08T20:05:17.091+0000] {logging_mixin.py:188} INFO - [2026-06-08T20:05:17.091+0000] {dagbag.py:545} INFO - Filling up the DagBag from /home/airflow/.local/lib/python3.12/site-packages/airflow/example_dags/example_subdag_operator.py
[2026-06-08T20:05:17.133+0000] {processor.py:840} INFO - DAG(s) 'example_subdag_operator.section-1', 'example_subdag_operator.section-2', 'example_subdag_operator' retrieved from /home/airflow/.local/lib/python3.12/site-packages/airflow/example_dags/example_subdag_operator.py
[2026-06-08T20:05:17.157+0000] {logging_mixin.py:188} INFO - [2026-06-08T20:05:17.156+0000] {dag.py:3096} INFO - Sync 3 DAGs
[2026-06-08T20:05:17.188+0000] {logging_mixin.py:188} INFO - [2026-06-08T20:05:17.188+0000] {dag.py:3954} INFO - Setting next_dagrun for example_subdag_operator to 2022-01-01 00:00:00+00:00, run_after=2022-01-01 00:00:00+00:00
[2026-06-08T20:05:17.193+0000] {logging_mixin.py:188} INFO - [2026-06-08T20:05:17.193+0000] {dag.py:3954} INFO - Setting next_dagrun for example_subdag_operator.section-1 to None, run_after=None
[2026-06-08T20:05:17.195+0000] {logging_mixin.py:188} INFO - [2026-06-08T20:05:17.194+0000] {dag.py:3954} INFO - Setting next_dagrun for example_subdag_operator.section-2 to None, run_after=None
[2026-06-08T20:05:17.204+0000] {logging_mixin.py:188} INFO - [2026-06-08T20:05:17.203+0000] {dag.py:3096} INFO - Sync 2 DAGs
[2026-06-08T20:05:17.222+0000] {logging_mixin.py:188} INFO - [2026-06-08T20:05:17.222+0000] {dag.py:3954} INFO - Setting next_dagrun for example_subdag_operator.section-1 to None, run_after=None
[2026-06-08T20:05:17.223+0000] {logging_mixin.py:188} INFO - [2026-06-08T20:05:17.223+0000] {dag.py:3954} INFO - Setting next_dagrun for example_subdag_operator.section-2 to None, run_after=None
[2026-06-08T20:05:17.234+0000] {processor.py:183} INFO - Processing /home/airflow/.local/lib/python3.12/site-packages/airflow/example_dags/example_subdag_operator.py took 0.154 seconds
[2026-06-08T20:05:47.911+0000] {processor.py:161} INFO - Started process (PID=310) to work on /home/airflow/.local/lib/python3.12/site-packages/airflow/example_dags/example_subdag_operator.py
[2026-06-08T20:05:47.915+0000] {processor.py:830} INFO - Processing file /home/airflow/.local/lib/python3.12/site-packages/airflow/example_dags/example_subdag_operator.py for tasks to queue
[2026-06-08T20:05:47.918+0000] {logging_mixin.py:188} INFO - [2026-06-08T20:05:47.917+0000] {dagbag.py:545} INFO - Filling up the DagBag from /home/airflow/.local/lib/python3.12/site-packages/airflow/example_dags/example_subdag_operator.py
[2026-06-08T20:05:48.005+0000] {processor.py:840} INFO - DAG(s) 'example_subdag_operator.section-1', 'example_subdag_operator.section-2', 'example_subdag_operator' retrieved from /home/airflow/.local/lib/python3.12/site-packages/airflow/example_dags/example_subdag_operator.py
[2026-06-08T20:05:48.102+0000] {logging_mixin.py:188} INFO - [2026-06-08T20:05:48.102+0000] {dag.py:3096} INFO - Sync 3 DAGs
[2026-06-08T20:05:48.231+0000] {logging_mixin.py:188} INFO - [2026-06-08T20:05:48.231+0000] {dag.py:3954} INFO - Setting next_dagrun for example_subdag_operator to 2022-01-01 00:00:00+00:00, run_after=2022-01-01 00:00:00+00:00
[2026-06-08T20:05:48.256+0000] {logging_mixin.py:188} INFO - [2026-06-08T20:05:48.256+0000] {dag.py:3954} INFO - Setting next_dagrun for example_subdag_operator.section-1 to None, run_after=None
[2026-06-08T20:05:48.261+0000] {logging_mixin.py:188} INFO - [2026-06-08T20:05:48.261+0000] {dag.py:3954} INFO - Setting next_dagrun for example_subdag_operator.section-2 to None, run_after=None
[2026-06-08T20:05:48.292+0000] {logging_mixin.py:188} INFO - [2026-06-08T20:05:48.291+0000] {dag.py:3096} INFO - Sync 2 DAGs
[2026-06-08T20:05:48.308+0000] {logging_mixin.py:188} INFO - [2026-06-08T20:05:48.307+0000] {dag.py:3954} INFO - Setting next_dagrun for example_subdag_operator.section-1 to None, run_after=None
[2026-06-08T20:05:48.310+0000] {logging_mixin.py:188} INFO - [2026-06-08T20:05:48.308+0000] {dag.py:3954} INFO - Setting next_dagrun for example_subdag_operator.section-2 to None, run_after=None
[2026-06-08T20:05:48.350+0000] {processor.py:183} INFO - Processing /home/airflow/.local/lib/python3.12/site-packages/airflow/example_dags/example_subdag_operator.py took 0.463 seconds
[2026-06-08T20:06:18.398+0000] {processor.py:161} INFO - Started process (PID=368) to work on /home/airflow/.local/lib/python3.12/site-packages/airflow/example_dags/example_subdag_operator.py
[2026-06-08T20:06:18.400+0000] {processor.py:830} INFO - Processing file /home/airflow/.local/lib/python3.12/site-packages/airflow/example_dags/example_subdag_operator.py for tasks to queue
[2026-06-08T20:06:18.402+0000] {logging_mixin.py:188} INFO - [2026-06-08T20:06:18.402+0000] {dagbag.py:545} INFO - Filling up the DagBag from /home/airflow/.local/lib/python3.12/site-packages/airflow/example_dags/example_subdag_operator.py
[2026-06-08T20:06:18.432+0000] {processor.py:840} INFO - DAG(s) 'example_subdag_operator.section-1', 'example_subdag_operator.section-2', 'example_subdag_operator' retrieved from /home/airflow/.local/lib/python3.12/site-packages/airflow/example_dags/example_subdag_operator.py
[2026-06-08T20:06:18.466+0000] {logging_mixin.py:188} INFO - [2026-06-08T20:06:18.466+0000] {dag.py:3096} INFO - Sync 3 DAGs
[2026-06-08T20:06:18.495+0000] {logging_mixin.py:188} INFO - [2026-06-08T20:06:18.495+0000] {dag.py:3954} INFO - Setting next_dagrun for example_subdag_operator to 2022-01-01 00:00:00+00:00, run_after=2022-01-01 00:00:00+00:00
[2026-06-08T20:06:18.500+0000] {logging_mixin.py:188} INFO - [2026-06-08T20:06:18.500+0000] {dag.py:3954} INFO - Setting next_dagrun for example_subdag_operator.section-1 to None, run_after=None
[2026-06-08T20:06:18.502+0000] {logging_mixin.py:188} INFO - [2026-06-08T20:06:18.501+0000] {dag.py:3954} INFO - Setting next_dagrun for example_subdag_operator.section-2 to None, run_after=None
[2026-06-08T20:06:18.509+0000] {logging_mixin.py:188} INFO - [2026-06-08T20:06:18.509+0000] {dag.py:3096} INFO - Sync 2 DAGs
[2026-06-08T20:06:18.515+0000] {logging_mixin.py:188} INFO - [2026-06-08T20:06:18.515+0000] {dag.py:3954} INFO - Setting next_dagrun for example_subdag_operator.section-1 to None, run_after=None
[2026-06-08T20:06:18.515+0000] {logging_mixin.py:188} INFO - [2026-06-08T20:06:18.515+0000] {dag.py:3954} INFO - Setting next_dagrun for example_subdag_operator.section-2 to None, run_after=None
[2026-06-08T20:06:18.527+0000] {processor.py:183} INFO - Processing /home/airflow/.local/lib/python3.12/site-packages/airflow/example_dags/example_subdag_operator.py took 0.135 seconds
[2026-06-08T20:06:49.036+0000] {processor.py:161} INFO - Started process (PID=424) to work on /home/airflow/.local/lib/python3.12/site-packages/airflow/example_dags/example_subdag_operator.py
[2026-06-08T20:06:49.037+0000] {processor.py:830} INFO - Processing file /home/airflow/.local/lib/python3.12/site-packages/airflow/example_dags/example_subdag_operator.py for tasks to queue
[2026-06-08T20:06:49.039+0000] {logging_mixin.py:188} INFO - [2026-06-08T20:06:49.038+0000] {dagbag.py:545} INFO - Filling up the DagBag from /home/airflow/.local/lib/python3.12/site-packages/airflow/example_dags/example_subdag_operator.py
[2026-06-08T20:06:49.072+0000] {processor.py:840} INFO - DAG(s) 'example_subdag_operator.section-1', 'example_subdag_operator.section-2', 'example_subdag_operator' retrieved from /home/airflow/.local/lib/python3.12/site-packages/airflow/example_dags/example_subdag_operator.py
[2026-06-08T20:06:49.101+0000] {logging_mixin.py:188} INFO - [2026-06-08T20:06:49.100+0000] {dag.py:3096} INFO - Sync 3 DAGs
[2026-06-08T20:06:49.146+0000] {logging_mixin.py:188} INFO - [2026-06-08T20:06:49.146+0000] {dag.py:3954} INFO - Setting next_dagrun for example_subdag_operator to 2022-01-01 00:00:00+00:00, run_after=2022-01-01 00:00:00+00:00
[2026-06-08T20:06:49.150+0000] {logging_mixin.py:188} INFO - [2026-06-08T20:06:49.150+0000] {dag.py:3954} INFO - Setting next_dagrun for example_subdag_operator.section-1 to None, run_after=None
[2026-06-08T20:06:49.152+0000] {logging_mixin.py:188} INFO - [2026-06-08T20:06:49.152+0000] {dag.py:3954} INFO - Setting next_dagrun for example_subdag_operator.section-2 to None, run_after=None
[2026-06-08T20:06:49.161+0000] {logging_mixin.py:188} INFO - [2026-06-08T20:06:49.161+0000] {dag.py:3096} INFO - Sync 2 DAGs
[2026-06-08T20:06:49.167+0000] {logging_mixin.py:188} INFO - [2026-06-08T20:06:49.167+0000] {dag.py:3954} INFO - Setting next_dagrun for example_subdag_operator.section-1 to None, run_after=None
[2026-06-08T20:06:49.168+0000] {logging_mixin.py:188} INFO - [2026-06-08T20:06:49.168+0000] {dag.py:3954} INFO - Setting next_dagrun for example_subdag_operator.section-2 to None, run_after=None
[2026-06-08T20:06:49.188+0000] {processor.py:183} INFO - Processing /home/airflow/.local/lib/python3.12/site-packages/airflow/example_dags/example_subdag_operator.py took 0.159 seconds
[2026-06-08T20:08:22.947+0000] {processor.py:161} INFO - Started process (PID=71) to work on /home/airflow/.local/lib/python3.12/site-packages/airflow/example_dags/example_subdag_operator.py
[2026-06-08T20:08:22.950+0000] {processor.py:830} INFO - Processing file /home/airflow/.local/lib/python3.12/site-packages/airflow/example_dags/example_subdag_operator.py for tasks to queue
[2026-06-08T20:08:22.968+0000] {logging_mixin.py:188} INFO - [2026-06-08T20:08:22.962+0000] {dagbag.py:545} INFO - Filling up the DagBag from /home/airflow/.local/lib/python3.12/site-packages/airflow/example_dags/example_subdag_operator.py
[2026-06-08T20:08:23.085+0000] {processor.py:840} INFO - DAG(s) 'example_subdag_operator.section-1', 'example_subdag_operator.section-2', 'example_subdag_operator' retrieved from /home/airflow/.local/lib/python3.12/site-packages/airflow/example_dags/example_subdag_operator.py
[2026-06-08T20:08:23.636+0000] {logging_mixin.py:188} INFO - [2026-06-08T20:08:23.633+0000] {dag.py:3096} INFO - Sync 3 DAGs
[2026-06-08T20:08:23.748+0000] {logging_mixin.py:188} INFO - [2026-06-08T20:08:23.748+0000] {dag.py:3954} INFO - Setting next_dagrun for example_subdag_operator to 2022-01-01 00:00:00+00:00, run_after=2022-01-01 00:00:00+00:00
[2026-06-08T20:08:23.763+0000] {logging_mixin.py:188} INFO - [2026-06-08T20:08:23.762+0000] {dag.py:3954} INFO - Setting next_dagrun for example_subdag_operator.section-1 to None, run_after=None
[2026-06-08T20:08:23.780+0000] {logging_mixin.py:188} INFO - [2026-06-08T20:08:23.778+0000] {dag.py:3954} INFO - Setting next_dagrun for example_subdag_operator.section-2 to None, run_after=None
[2026-06-08T20:08:23.843+0000] {logging_mixin.py:188} INFO - [2026-06-08T20:08:23.842+0000] {dag.py:3096} INFO - Sync 2 DAGs
[2026-06-08T20:08:23.883+0000] {logging_mixin.py:188} INFO - [2026-06-08T20:08:23.883+0000] {dag.py:3954} INFO - Setting next_dagrun for example_subdag_operator.section-1 to None, run_after=None
[2026-06-08T20:08:23.884+0000] {logging_mixin.py:188} INFO - [2026-06-08T20:08:23.884+0000] {dag.py:3954} INFO - Setting next_dagrun for example_subdag_operator.section-2 to None, run_after=None
[2026-06-08T20:08:23.952+0000] {processor.py:183} INFO - Processing /home/airflow/.local/lib/python3.12/site-packages/airflow/example_dags/example_subdag_operator.py took 1.096 seconds
[2026-06-08T20:08:54.460+0000] {processor.py:161} INFO - Started process (PID=134) to work on /home/airflow/.local/lib/python3.12/site-packages/airflow/example_dags/example_subdag_operator.py
[2026-06-08T20:08:54.461+0000] {processor.py:830} INFO - Processing file /home/airflow/.local/lib/python3.12/site-packages/airflow/example_dags/example_subdag_operator.py for tasks to queue
[2026-06-08T20:08:54.463+0000] {logging_mixin.py:188} INFO - [2026-06-08T20:08:54.463+0000] {dagbag.py:545} INFO - Filling up the DagBag from /home/airflow/.local/lib/python3.12/site-packages/airflow/example_dags/example_subdag_operator.py
[2026-06-08T20:08:54.493+0000] {processor.py:840} INFO - DAG(s) 'example_subdag_operator.section-1', 'example_subdag_operator.section-2', 'example_subdag_operator' retrieved from /home/airflow/.local/lib/python3.12/site-packages/airflow/example_dags/example_subdag_operator.py
[2026-06-08T20:08:54.515+0000] {logging_mixin.py:188} INFO - [2026-06-08T20:08:54.515+0000] {dag.py:3096} INFO - Sync 3 DAGs
[2026-06-08T20:08:54.542+0000] {logging_mixin.py:188} INFO - [2026-06-08T20:08:54.542+0000] {dag.py:3954} INFO - Setting next_dagrun for example_subdag_operator to 2022-01-01 00:00:00+00:00, run_after=2022-01-01 00:00:00+00:00
[2026-06-08T20:08:54.547+0000] {logging_mixin.py:188} INFO - [2026-06-08T20:08:54.547+0000] {dag.py:3954} INFO - Setting next_dagrun for example_subdag_operator.section-1 to None, run_after=None
[2026-06-08T20:08:54.549+0000] {logging_mixin.py:188} INFO - [2026-06-08T20:08:54.548+0000] {dag.py:3954} INFO - Setting next_dagrun for example_subdag_operator.section-2 to None, run_after=None
[2026-06-08T20:08:54.557+0000] {logging_mixin.py:188} INFO - [2026-06-08T20:08:54.556+0000] {dag.py:3096} INFO - Sync 2 DAGs
[2026-06-08T20:08:54.565+0000] {logging_mixin.py:188} INFO - [2026-06-08T20:08:54.564+0000] {dag.py:3954} INFO - Setting next_dagrun for example_subdag_operator.section-1 to None, run_after=None
[2026-06-08T20:08:54.565+0000] {logging_mixin.py:188} INFO - [2026-06-08T20:08:54.565+0000] {dag.py:3954} INFO - Setting next_dagrun for example_subdag_operator.section-2 to None, run_after=None
[2026-06-08T20:08:54.576+0000] {processor.py:183} INFO - Processing /home/airflow/.local/lib/python3.12/site-packages/airflow/example_dags/example_subdag_operator.py took 0.123 seconds
[2026-06-08T20:09:25.358+0000] {processor.py:161} INFO - Started process (PID=192) to work on /home/airflow/.local/lib/python3.12/site-packages/airflow/example_dags/example_subdag_operator.py
[2026-06-08T20:09:25.359+0000] {processor.py:830} INFO - Processing file /home/airflow/.local/lib/python3.12/site-packages/airflow/example_dags/example_subdag_operator.py for tasks to queue
[2026-06-08T20:09:25.361+0000] {logging_mixin.py:188} INFO - [2026-06-08T20:09:25.361+0000] {dagbag.py:545} INFO - Filling up the DagBag from /home/airflow/.local/lib/python3.12/site-packages/airflow/example_dags/example_subdag_operator.py
[2026-06-08T20:09:25.401+0000] {processor.py:840} INFO - DAG(s) 'example_subdag_operator.section-1', 'example_subdag_operator.section-2', 'example_subdag_operator' retrieved from /home/airflow/.local/lib/python3.12/site-packages/airflow/example_dags/example_subdag_operator.py
[2026-06-08T20:09:25.424+0000] {logging_mixin.py:188} INFO - [2026-06-08T20:09:25.424+0000] {dag.py:3096} INFO - Sync 3 DAGs
[2026-06-08T20:09:25.454+0000] {logging_mixin.py:188} INFO - [2026-06-08T20:09:25.454+0000] {dag.py:3954} INFO - Setting next_dagrun for example_subdag_operator to 2022-01-01 00:00:00+00:00, run_after=2022-01-01 00:00:00+00:00
[2026-06-08T20:09:25.459+0000] {logging_mixin.py:188} INFO - [2026-06-08T20:09:25.458+0000] {dag.py:3954} INFO - Setting next_dagrun for example_subdag_operator.section-1 to None, run_after=None
[2026-06-08T20:09:25.460+0000] {logging_mixin.py:188} INFO - [2026-06-08T20:09:25.460+0000] {dag.py:3954} INFO - Setting next_dagrun for example_subdag_operator.section-2 to None, run_after=None
[2026-06-08T20:09:25.469+0000] {logging_mixin.py:188} INFO - [2026-06-08T20:09:25.469+0000] {dag.py:3096} INFO - Sync 2 DAGs
[2026-06-08T20:09:25.477+0000] {logging_mixin.py:188} INFO - [2026-06-08T20:09:25.477+0000] {dag.py:3954} INFO - Setting next_dagrun for example_subdag_operator.section-1 to None, run_after=None
[2026-06-08T20:09:25.478+0000] {logging_mixin.py:188} INFO - [2026-06-08T20:09:25.477+0000] {dag.py:3954} INFO - Setting next_dagrun for example_subdag_operator.section-2 to None, run_after=None
[2026-06-08T20:09:25.488+0000] {processor.py:183} INFO - Processing /home/airflow/.local/lib/python3.12/site-packages/airflow/example_dags/example_subdag_operator.py took 0.137 seconds
[2026-06-08T20:09:56.086+0000] {processor.py:161} INFO - Started process (PID=252) to work on /home/airflow/.local/lib/python3.12/site-packages/airflow/example_dags/example_subdag_operator.py
[2026-06-08T20:09:56.087+0000] {processor.py:830} INFO - Processing file /home/airflow/.local/lib/python3.12/site-packages/airflow/example_dags/example_subdag_operator.py for tasks to queue
[2026-06-08T20:09:56.090+0000] {logging_mixin.py:188} INFO - [2026-06-08T20:09:56.089+0000] {dagbag.py:545} INFO - Filling up the DagBag from /home/airflow/.local/lib/python3.12/site-packages/airflow/example_dags/example_subdag_operator.py
[2026-06-08T20:09:56.119+0000] {processor.py:840} INFO - DAG(s) 'example_subdag_operator.section-1', 'example_subdag_operator.section-2', 'example_subdag_operator' retrieved from /home/airflow/.local/lib/python3.12/site-packages/airflow/example_dags/example_subdag_operator.py
[2026-06-08T20:09:56.156+0000] {logging_mixin.py:188} INFO - [2026-06-08T20:09:56.156+0000] {dag.py:3096} INFO - Sync 3 DAGs
[2026-06-08T20:09:56.212+0000] {logging_mixin.py:188} INFO - [2026-06-08T20:09:56.211+0000] {dag.py:3954} INFO - Setting next_dagrun for example_subdag_operator to 2022-01-01 00:00:00+00:00, run_after=2022-01-01 00:00:00+00:00
[2026-06-08T20:09:56.221+0000] {logging_mixin.py:188} INFO - [2026-06-08T20:09:56.221+0000] {dag.py:3954} INFO - Setting next_dagrun for example_subdag_operator.section-1 to None, run_after=None
[2026-06-08T20:09:56.224+0000] {logging_mixin.py:188} INFO - [2026-06-08T20:09:56.224+0000] {dag.py:3954} INFO - Setting next_dagrun for example_subdag_operator.section-2 to None, run_after=None
[2026-06-08T20:09:56.240+0000] {logging_mixin.py:188} INFO - [2026-06-08T20:09:56.240+0000] {dag.py:3096} INFO - Sync 2 DAGs
[2026-06-08T20:09:56.253+0000] {logging_mixin.py:188} INFO - [2026-06-08T20:09:56.253+0000] {dag.py:3954} INFO - Setting next_dagrun for example_subdag_operator.section-1 to None, run_after=None
[2026-06-08T20:09:56.256+0000] {logging_mixin.py:188} INFO - [2026-06-08T20:09:56.256+0000] {dag.py:3954} INFO - Setting next_dagrun for example_subdag_operator.section-2 to None, run_after=None
[2026-06-08T20:09:56.284+0000] {processor.py:183} INFO - Processing /home/airflow/.local/lib/python3.12/site-packages/airflow/example_dags/example_subdag_operator.py took 0.214 seconds
[2026-06-08T20:10:26.750+0000] {processor.py:161} INFO - Started process (PID=310) to work on /home/airflow/.local/lib/python3.12/site-packages/airflow/example_dags/example_subdag_operator.py
[2026-06-08T20:10:26.753+0000] {processor.py:830} INFO - Processing file /home/airflow/.local/lib/python3.12/site-packages/airflow/example_dags/example_subdag_operator.py for tasks to queue
[2026-06-08T20:10:26.755+0000] {logging_mixin.py:188} INFO - [2026-06-08T20:10:26.754+0000] {dagbag.py:545} INFO - Filling up the DagBag from /home/airflow/.local/lib/python3.12/site-packages/airflow/example_dags/example_subdag_operator.py
[2026-06-08T20:10:26.787+0000] {processor.py:840} INFO - DAG(s) 'example_subdag_operator.section-1', 'example_subdag_operator.section-2', 'example_subdag_operator' retrieved from /home/airflow/.local/lib/python3.12/site-packages/airflow/example_dags/example_subdag_operator.py
[2026-06-08T20:10:26.809+0000] {logging_mixin.py:188} INFO - [2026-06-08T20:10:26.808+0000] {dag.py:3096} INFO - Sync 3 DAGs
[2026-06-08T20:10:26.839+0000] {logging_mixin.py:188} INFO - [2026-06-08T20:10:26.839+0000] {dag.py:3954} INFO - Setting next_dagrun for example_subdag_operator to 2022-01-01 00:00:00+00:00, run_after=2022-01-01 00:00:00+00:00
[2026-06-08T20:10:26.844+0000] {logging_mixin.py:188} INFO - [2026-06-08T20:10:26.844+0000] {dag.py:3954} INFO - Setting next_dagrun for example_subdag_operator.section-1 to None, run_after=None
[2026-06-08T20:10:26.846+0000] {logging_mixin.py:188} INFO - [2026-06-08T20:10:26.846+0000] {dag.py:3954} INFO - Setting next_dagrun for example_subdag_operator.section-2 to None, run_after=None
[2026-06-08T20:10:26.856+0000] {logging_mixin.py:188} INFO - [2026-06-08T20:10:26.855+0000] {dag.py:3096} INFO - Sync 2 DAGs
[2026-06-08T20:10:26.868+0000] {logging_mixin.py:188} INFO - [2026-06-08T20:10:26.868+0000] {dag.py:3954} INFO - Setting next_dagrun for example_subdag_operator.section-1 to None, run_after=None
[2026-06-08T20:10:26.869+0000] {logging_mixin.py:188} INFO - [2026-06-08T20:10:26.869+0000] {dag.py:3954} INFO - Setting next_dagrun for example_subdag_operator.section-2 to None, run_after=None
[2026-06-08T20:10:26.881+0000] {processor.py:183} INFO - Processing /home/airflow/.local/lib/python3.12/site-packages/airflow/example_dags/example_subdag_operator.py took 0.137 seconds
[2026-06-08T20:10:57.710+0000] {processor.py:161} INFO - Started process (PID=368) to work on /home/airflow/.local/lib/python3.12/site-packages/airflow/example_dags/example_subdag_operator.py
[2026-06-08T20:10:57.716+0000] {processor.py:830} INFO - Processing file /home/airflow/.local/lib/python3.12/site-packages/airflow/example_dags/example_subdag_operator.py for tasks to queue
[2026-06-08T20:10:57.720+0000] {logging_mixin.py:188} INFO - [2026-06-08T20:10:57.719+0000] {dagbag.py:545} INFO - Filling up the DagBag from /home/airflow/.local/lib/python3.12/site-packages/airflow/example_dags/example_subdag_operator.py
[2026-06-08T20:10:57.776+0000] {processor.py:840} INFO - DAG(s) 'example_subdag_operator.section-1', 'example_subdag_operator.section-2', 'example_subdag_operator' retrieved from /home/airflow/.local/lib/python3.12/site-packages/airflow/example_dags/example_subdag_operator.py
[2026-06-08T20:10:57.798+0000] {logging_mixin.py:188} INFO - [2026-06-08T20:10:57.798+0000] {dag.py:3096} INFO - Sync 3 DAGs
[2026-06-08T20:10:57.855+0000] {logging_mixin.py:188} INFO - [2026-06-08T20:10:57.855+0000] {dag.py:3954} INFO - Setting next_dagrun for example_subdag_operator to 2022-01-01 00:00:00+00:00, run_after=2022-01-01 00:00:00+00:00
[2026-06-08T20:10:57.867+0000] {logging_mixin.py:188} INFO - [2026-06-08T20:10:57.867+0000] {dag.py:3954} INFO - Setting next_dagrun for example_subdag_operator.section-1 to None, run_after=None
[2026-06-08T20:10:57.873+0000] {logging_mixin.py:188} INFO - [2026-06-08T20:10:57.873+0000] {dag.py:3954} INFO - Setting next_dagrun for example_subdag_operator.section-2 to None, run_after=None
[2026-06-08T20:10:57.889+0000] {logging_mixin.py:188} INFO - [2026-06-08T20:10:57.889+0000] {dag.py:3096} INFO - Sync 2 DAGs
[2026-06-08T20:10:57.911+0000] {logging_mixin.py:188} INFO - [2026-06-08T20:10:57.911+0000] {dag.py:3954} INFO - Setting next_dagrun for example_subdag_operator.section-1 to None, run_after=None
[2026-06-08T20:10:57.914+0000] {logging_mixin.py:188} INFO - [2026-06-08T20:10:57.914+0000] {dag.py:3954} INFO - Setting next_dagrun for example_subdag_operator.section-2 to None, run_after=None
[2026-06-08T20:10:57.947+0000] {processor.py:183} INFO - Processing /home/airflow/.local/lib/python3.12/site-packages/airflow/example_dags/example_subdag_operator.py took 0.245 seconds
[2026-06-08T20:11:28.239+0000] {processor.py:161} INFO - Started process (PID=425) to work on /home/airflow/.local/lib/python3.12/site-packages/airflow/example_dags/example_subdag_operator.py
[2026-06-08T20:11:28.244+0000] {processor.py:830} INFO - Processing file /home/airflow/.local/lib/python3.12/site-packages/airflow/example_dags/example_subdag_operator.py for tasks to queue
[2026-06-08T20:11:28.250+0000] {logging_mixin.py:188} INFO - [2026-06-08T20:11:28.250+0000] {dagbag.py:545} INFO - Filling up the DagBag from /home/airflow/.local/lib/python3.12/site-packages/airflow/example_dags/example_subdag_operator.py
[2026-06-08T20:11:28.345+0000] {processor.py:840} INFO - DAG(s) 'example_subdag_operator.section-1', 'example_subdag_operator.section-2', 'example_subdag_operator' retrieved from /home/airflow/.local/lib/python3.12/site-packages/airflow/example_dags/example_subdag_operator.py
[2026-06-08T20:11:28.443+0000] {logging_mixin.py:188} INFO - [2026-06-08T20:11:28.443+0000] {dag.py:3096} INFO - Sync 3 DAGs
[2026-06-08T20:11:28.560+0000] {logging_mixin.py:188} INFO - [2026-06-08T20:11:28.560+0000] {dag.py:3954} INFO - Setting next_dagrun for example_subdag_operator to 2022-01-01 00:00:00+00:00, run_after=2022-01-01 00:00:00+00:00
[2026-06-08T20:11:28.576+0000] {logging_mixin.py:188} INFO - [2026-06-08T20:11:28.575+0000] {dag.py:3954} INFO - Setting next_dagrun for example_subdag_operator.section-1 to None, run_after=None
[2026-06-08T20:11:28.581+0000] {logging_mixin.py:188} INFO - [2026-06-08T20:11:28.581+0000] {dag.py:3954} INFO - Setting next_dagrun for example_subdag_operator.section-2 to None, run_after=None
[2026-06-08T20:11:28.604+0000] {logging_mixin.py:188} INFO - [2026-06-08T20:11:28.604+0000] {dag.py:3096} INFO - Sync 2 DAGs
[2026-06-08T20:11:28.621+0000] {logging_mixin.py:188} INFO - [2026-06-08T20:11:28.621+0000] {dag.py:3954} INFO - Setting next_dagrun for example_subdag_operator.section-1 to None, run_after=None
[2026-06-08T20:11:28.622+0000] {logging_mixin.py:188} INFO - [2026-06-08T20:11:28.621+0000] {dag.py:3954} INFO - Setting next_dagrun for example_subdag_operator.section-2 to None, run_after=None
[2026-06-08T20:11:28.670+0000] {processor.py:183} INFO - Processing /home/airflow/.local/lib/python3.12/site-packages/airflow/example_dags/example_subdag_operator.py took 0.451 seconds
[2026-06-08T20:11:59.180+0000] {processor.py:161} INFO - Started process (PID=484) to work on /home/airflow/.local/lib/python3.12/site-packages/airflow/example_dags/example_subdag_operator.py
[2026-06-08T20:11:59.181+0000] {processor.py:830} INFO - Processing file /home/airflow/.local/lib/python3.12/site-packages/airflow/example_dags/example_subdag_operator.py for tasks to queue
[2026-06-08T20:11:59.183+0000] {logging_mixin.py:188} INFO - [2026-06-08T20:11:59.182+0000] {dagbag.py:545} INFO - Filling up the DagBag from /home/airflow/.local/lib/python3.12/site-packages/airflow/example_dags/example_subdag_operator.py
[2026-06-08T20:11:59.214+0000] {processor.py:840} INFO - DAG(s) 'example_subdag_operator.section-1', 'example_subdag_operator.section-2', 'example_subdag_operator' retrieved from /home/airflow/.local/lib/python3.12/site-packages/airflow/example_dags/example_subdag_operator.py
[2026-06-08T20:11:59.235+0000] {logging_mixin.py:188} INFO - [2026-06-08T20:11:59.235+0000] {dag.py:3096} INFO - Sync 3 DAGs
[2026-06-08T20:11:59.266+0000] {logging_mixin.py:188} INFO - [2026-06-08T20:11:59.265+0000] {dag.py:3954} INFO - Setting next_dagrun for example_subdag_operator to 2022-01-01 00:00:00+00:00, run_after=2022-01-01 00:00:00+00:00
[2026-06-08T20:11:59.270+0000] {logging_mixin.py:188} INFO - [2026-06-08T20:11:59.270+0000] {dag.py:3954} INFO - Setting next_dagrun for example_subdag_operator.section-1 to None, run_after=None
[2026-06-08T20:11:59.272+0000] {logging_mixin.py:188} INFO - [2026-06-08T20:11:59.272+0000] {dag.py:3954} INFO - Setting next_dagrun for example_subdag_operator.section-2 to None, run_after=None
[2026-06-08T20:11:59.280+0000] {logging_mixin.py:188} INFO - [2026-06-08T20:11:59.280+0000] {dag.py:3096} INFO - Sync 2 DAGs
[2026-06-08T20:11:59.286+0000] {logging_mixin.py:188} INFO - [2026-06-08T20:11:59.286+0000] {dag.py:3954} INFO - Setting next_dagrun for example_subdag_operator.section-1 to None, run_after=None
[2026-06-08T20:11:59.287+0000] {logging_mixin.py:188} INFO - [2026-06-08T20:11:59.287+0000] {dag.py:3954} INFO - Setting next_dagrun for example_subdag_operator.section-2 to None, run_after=None
[2026-06-08T20:11:59.298+0000] {processor.py:183} INFO - Processing /home/airflow/.local/lib/python3.12/site-packages/airflow/example_dags/example_subdag_operator.py took 0.125 seconds
[2026-06-08T20:12:29.637+0000] {processor.py:161} INFO - Started process (PID=542) to work on /home/airflow/.local/lib/python3.12/site-packages/airflow/example_dags/example_subdag_operator.py
[2026-06-08T20:12:29.638+0000] {processor.py:830} INFO - Processing file /home/airflow/.local/lib/python3.12/site-packages/airflow/example_dags/example_subdag_operator.py for tasks to queue
[2026-06-08T20:12:29.640+0000] {logging_mixin.py:188} INFO - [2026-06-08T20:12:29.639+0000] {dagbag.py:545} INFO - Filling up the DagBag from /home/airflow/.local/lib/python3.12/site-packages/airflow/example_dags/example_subdag_operator.py
[2026-06-08T20:12:29.677+0000] {processor.py:840} INFO - DAG(s) 'example_subdag_operator.section-1', 'example_subdag_operator.section-2', 'example_subdag_operator' retrieved from /home/airflow/.local/lib/python3.12/site-packages/airflow/example_dags/example_subdag_operator.py
[2026-06-08T20:12:29.699+0000] {logging_mixin.py:188} INFO - [2026-06-08T20:12:29.698+0000] {dag.py:3096} INFO - Sync 3 DAGs
[2026-06-08T20:12:29.728+0000] {logging_mixin.py:188} INFO - [2026-06-08T20:12:29.728+0000] {dag.py:3954} INFO - Setting next_dagrun for example_subdag_operator to 2022-01-01 00:00:00+00:00, run_after=2022-01-01 00:00:00+00:00
[2026-06-08T20:12:29.733+0000] {logging_mixin.py:188} INFO - [2026-06-08T20:12:29.732+0000] {dag.py:3954} INFO - Setting next_dagrun for example_subdag_operator.section-1 to None, run_after=None
[2026-06-08T20:12:29.734+0000] {logging_mixin.py:188} INFO - [2026-06-08T20:12:29.734+0000] {dag.py:3954} INFO - Setting next_dagrun for example_subdag_operator.section-2 to None, run_after=None
[2026-06-08T20:12:29.743+0000] {logging_mixin.py:188} INFO - [2026-06-08T20:12:29.743+0000] {dag.py:3096} INFO - Sync 2 DAGs
[2026-06-08T20:12:29.750+0000] {logging_mixin.py:188} INFO - [2026-06-08T20:12:29.750+0000] {dag.py:3954} INFO - Setting next_dagrun for example_subdag_operator.section-1 to None, run_after=None
[2026-06-08T20:12:29.751+0000] {logging_mixin.py:188} INFO - [2026-06-08T20:12:29.750+0000] {dag.py:3954} INFO - Setting next_dagrun for example_subdag_operator.section-2 to None, run_after=None
[2026-06-08T20:12:29.767+0000] {processor.py:183} INFO - Processing /home/airflow/.local/lib/python3.12/site-packages/airflow/example_dags/example_subdag_operator.py took 0.137 seconds
[2026-06-08T20:12:59.904+0000] {processor.py:161} INFO - Started process (PID=600) to work on /home/airflow/.local/lib/python3.12/site-packages/airflow/example_dags/example_subdag_operator.py
[2026-06-08T20:12:59.905+0000] {processor.py:830} INFO - Processing file /home/airflow/.local/lib/python3.12/site-packages/airflow/example_dags/example_subdag_operator.py for tasks to queue
[2026-06-08T20:12:59.907+0000] {logging_mixin.py:188} INFO - [2026-06-08T20:12:59.907+0000] {dagbag.py:545} INFO - Filling up the DagBag from /home/airflow/.local/lib/python3.12/site-packages/airflow/example_dags/example_subdag_operator.py
[2026-06-08T20:12:59.952+0000] {processor.py:840} INFO - DAG(s) 'example_subdag_operator.section-1', 'example_subdag_operator.section-2', 'example_subdag_operator' retrieved from /home/airflow/.local/lib/python3.12/site-packages/airflow/example_dags/example_subdag_operator.py
[2026-06-08T20:12:59.993+0000] {logging_mixin.py:188} INFO - [2026-06-08T20:12:59.993+0000] {dag.py:3096} INFO - Sync 3 DAGs
[2026-06-08T20:13:00.055+0000] {logging_mixin.py:188} INFO - [2026-06-08T20:13:00.047+0000] {dag.py:3954} INFO - Setting next_dagrun for example_subdag_operator to 2022-01-01 00:00:00+00:00, run_after=2022-01-01 00:00:00+00:00
[2026-06-08T20:13:00.087+0000] {logging_mixin.py:188} INFO - [2026-06-08T20:13:00.087+0000] {dag.py:3954} INFO - Setting next_dagrun for example_subdag_operator.section-1 to None, run_after=None
[2026-06-08T20:13:00.092+0000] {logging_mixin.py:188} INFO - [2026-06-08T20:13:00.092+0000] {dag.py:3954} INFO - Setting next_dagrun for example_subdag_operator.section-2 to None, run_after=None
[2026-06-08T20:13:00.141+0000] {logging_mixin.py:188} INFO - [2026-06-08T20:13:00.138+0000] {dag.py:3096} INFO - Sync 2 DAGs
[2026-06-08T20:13:00.158+0000] {logging_mixin.py:188} INFO - [2026-06-08T20:13:00.157+0000] {dag.py:3954} INFO - Setting next_dagrun for example_subdag_operator.section-1 to None, run_after=None
[2026-06-08T20:13:00.158+0000] {logging_mixin.py:188} INFO - [2026-06-08T20:13:00.158+0000] {dag.py:3954} INFO - Setting next_dagrun for example_subdag_operator.section-2 to None, run_after=None
[2026-06-08T20:13:00.185+0000] {processor.py:183} INFO - Processing /home/airflow/.local/lib/python3.12/site-packages/airflow/example_dags/example_subdag_operator.py took 0.289 seconds
[2026-06-08T20:13:36.352+0000] {processor.py:161} INFO - Started process (PID=657) to work on /home/airflow/.local/lib/python3.12/site-packages/airflow/example_dags/example_subdag_operator.py
[2026-06-08T20:13:36.359+0000] {processor.py:830} INFO - Processing file /home/airflow/.local/lib/python3.12/site-packages/airflow/example_dags/example_subdag_operator.py for tasks to queue
[2026-06-08T20:13:36.377+0000] {logging_mixin.py:188} INFO - [2026-06-08T20:13:36.370+0000] {dagbag.py:545} INFO - Filling up the DagBag from /home/airflow/.local/lib/python3.12/site-packages/airflow/example_dags/example_subdag_operator.py
[2026-06-08T20:13:36.653+0000] {processor.py:840} INFO - DAG(s) 'example_subdag_operator.section-1', 'example_subdag_operator.section-2', 'example_subdag_operator' retrieved from /home/airflow/.local/lib/python3.12/site-packages/airflow/example_dags/example_subdag_operator.py
[2026-06-08T20:13:36.856+0000] {logging_mixin.py:188} INFO - [2026-06-08T20:13:36.856+0000] {dag.py:3096} INFO - Sync 3 DAGs
[2026-06-08T20:13:37.083+0000] {logging_mixin.py:188} INFO - [2026-06-08T20:13:37.078+0000] {dag.py:3954} INFO - Setting next_dagrun for example_subdag_operator to 2022-01-01 00:00:00+00:00, run_after=2022-01-01 00:00:00+00:00
[2026-06-08T20:13:37.118+0000] {logging_mixin.py:188} INFO - [2026-06-08T20:13:37.118+0000] {dag.py:3954} INFO - Setting next_dagrun for example_subdag_operator.section-1 to None, run_after=None
[2026-06-08T20:13:37.124+0000] {logging_mixin.py:188} INFO - [2026-06-08T20:13:37.124+0000] {dag.py:3954} INFO - Setting next_dagrun for example_subdag_operator.section-2 to None, run_after=None
[2026-06-08T20:13:37.194+0000] {logging_mixin.py:188} INFO - [2026-06-08T20:13:37.193+0000] {dag.py:3096} INFO - Sync 2 DAGs
[2026-06-08T20:13:37.234+0000] {logging_mixin.py:188} INFO - [2026-06-08T20:13:37.234+0000] {dag.py:3954} INFO - Setting next_dagrun for example_subdag_operator.section-1 to None, run_after=None
[2026-06-08T20:13:37.251+0000] {logging_mixin.py:188} INFO - [2026-06-08T20:13:37.251+0000] {dag.py:3954} INFO - Setting next_dagrun for example_subdag_operator.section-2 to None, run_after=None
[2026-06-08T20:13:37.343+0000] {processor.py:183} INFO - Processing /home/airflow/.local/lib/python3.12/site-packages/airflow/example_dags/example_subdag_operator.py took 1.059 seconds
[2026-06-08T20:14:07.638+0000] {processor.py:161} INFO - Started process (PID=715) to work on /home/airflow/.local/lib/python3.12/site-packages/airflow/example_dags/example_subdag_operator.py
[2026-06-08T20:14:07.639+0000] {processor.py:830} INFO - Processing file /home/airflow/.local/lib/python3.12/site-packages/airflow/example_dags/example_subdag_operator.py for tasks to queue
[2026-06-08T20:14:07.641+0000] {logging_mixin.py:188} INFO - [2026-06-08T20:14:07.641+0000] {dagbag.py:545} INFO - Filling up the DagBag from /home/airflow/.local/lib/python3.12/site-packages/airflow/example_dags/example_subdag_operator.py
[2026-06-08T20:14:07.676+0000] {processor.py:840} INFO - DAG(s) 'example_subdag_operator.section-1', 'example_subdag_operator.section-2', 'example_subdag_operator' retrieved from /home/airflow/.local/lib/python3.12/site-packages/airflow/example_dags/example_subdag_operator.py
[2026-06-08T20:14:07.698+0000] {logging_mixin.py:188} INFO - [2026-06-08T20:14:07.697+0000] {dag.py:3096} INFO - Sync 3 DAGs
[2026-06-08T20:14:07.728+0000] {logging_mixin.py:188} INFO - [2026-06-08T20:14:07.727+0000] {dag.py:3954} INFO - Setting next_dagrun for example_subdag_operator to 2022-01-01 00:00:00+00:00, run_after=2022-01-01 00:00:00+00:00
[2026-06-08T20:14:07.733+0000] {logging_mixin.py:188} INFO - [2026-06-08T20:14:07.732+0000] {dag.py:3954} INFO - Setting next_dagrun for example_subdag_operator.section-1 to None, run_after=None
[2026-06-08T20:14:07.734+0000] {logging_mixin.py:188} INFO - [2026-06-08T20:14:07.734+0000] {dag.py:3954} INFO - Setting next_dagrun for example_subdag_operator.section-2 to None, run_after=None
[2026-06-08T20:14:07.744+0000] {logging_mixin.py:188} INFO - [2026-06-08T20:14:07.744+0000] {dag.py:3096} INFO - Sync 2 DAGs
[2026-06-08T20:14:07.751+0000] {logging_mixin.py:188} INFO - [2026-06-08T20:14:07.750+0000] {dag.py:3954} INFO - Setting next_dagrun for example_subdag_operator.section-1 to None, run_after=None
[2026-06-08T20:14:07.751+0000] {logging_mixin.py:188} INFO - [2026-06-08T20:14:07.751+0000] {dag.py:3954} INFO - Setting next_dagrun for example_subdag_operator.section-2 to None, run_after=None
[2026-06-08T20:14:07.764+0000] {processor.py:183} INFO - Processing /home/airflow/.local/lib/python3.12/site-packages/airflow/example_dags/example_subdag_operator.py took 0.132 seconds
[2026-06-08T20:14:38.459+0000] {processor.py:161} INFO - Started process (PID=773) to work on /home/airflow/.local/lib/python3.12/site-packages/airflow/example_dags/example_subdag_operator.py
[2026-06-08T20:14:38.464+0000] {processor.py:830} INFO - Processing file /home/airflow/.local/lib/python3.12/site-packages/airflow/example_dags/example_subdag_operator.py for tasks to queue
[2026-06-08T20:14:38.472+0000] {logging_mixin.py:188} INFO - [2026-06-08T20:14:38.472+0000] {dagbag.py:545} INFO - Filling up the DagBag from /home/airflow/.local/lib/python3.12/site-packages/airflow/example_dags/example_subdag_operator.py
[2026-06-08T20:14:38.683+0000] {processor.py:840} INFO - DAG(s) 'example_subdag_operator.section-1', 'example_subdag_operator.section-2', 'example_subdag_operator' retrieved from /home/airflow/.local/lib/python3.12/site-packages/airflow/example_dags/example_subdag_operator.py
[2026-06-08T20:14:38.799+0000] {logging_mixin.py:188} INFO - [2026-06-08T20:14:38.799+0000] {dag.py:3096} INFO - Sync 3 DAGs
[2026-06-08T20:14:38.852+0000] {logging_mixin.py:188} INFO - [2026-06-08T20:14:38.851+0000] {dag.py:3954} INFO - Setting next_dagrun for example_subdag_operator to 2022-01-01 00:00:00+00:00, run_after=2022-01-01 00:00:00+00:00
[2026-06-08T20:14:38.874+0000] {logging_mixin.py:188} INFO - [2026-06-08T20:14:38.874+0000] {dag.py:3954} INFO - Setting next_dagrun for example_subdag_operator.section-1 to None, run_after=None
[2026-06-08T20:14:38.880+0000] {logging_mixin.py:188} INFO - [2026-06-08T20:14:38.880+0000] {dag.py:3954} INFO - Setting next_dagrun for example_subdag_operator.section-2 to None, run_after=None
[2026-06-08T20:14:38.916+0000] {logging_mixin.py:188} INFO - [2026-06-08T20:14:38.916+0000] {dag.py:3096} INFO - Sync 2 DAGs
[2026-06-08T20:14:38.951+0000] {logging_mixin.py:188} INFO - [2026-06-08T20:14:38.950+0000] {dag.py:3954} INFO - Setting next_dagrun for example_subdag_operator.section-1 to None, run_after=None
[2026-06-08T20:14:38.952+0000] {logging_mixin.py:188} INFO - [2026-06-08T20:14:38.951+0000] {dag.py:3954} INFO - Setting next_dagrun for example_subdag_operator.section-2 to None, run_after=None
[2026-06-08T20:14:39.004+0000] {processor.py:183} INFO - Processing /home/airflow/.local/lib/python3.12/site-packages/airflow/example_dags/example_subdag_operator.py took 0.567 seconds
[2026-06-08T20:15:09.205+0000] {processor.py:161} INFO - Started process (PID=831) to work on /home/airflow/.local/lib/python3.12/site-packages/airflow/example_dags/example_subdag_operator.py
[2026-06-08T20:15:09.206+0000] {processor.py:830} INFO - Processing file /home/airflow/.local/lib/python3.12/site-packages/airflow/example_dags/example_subdag_operator.py for tasks to queue
[2026-06-08T20:15:09.208+0000] {logging_mixin.py:188} INFO - [2026-06-08T20:15:09.207+0000] {dagbag.py:545} INFO - Filling up the DagBag from /home/airflow/.local/lib/python3.12/site-packages/airflow/example_dags/example_subdag_operator.py
[2026-06-08T20:15:09.250+0000] {processor.py:840} INFO - DAG(s) 'example_subdag_operator.section-1', 'example_subdag_operator.section-2', 'example_subdag_operator' retrieved from /home/airflow/.local/lib/python3.12/site-packages/airflow/example_dags/example_subdag_operator.py
[2026-06-08T20:15:09.271+0000] {logging_mixin.py:188} INFO - [2026-06-08T20:15:09.271+0000] {dag.py:3096} INFO - Sync 3 DAGs
[2026-06-08T20:15:09.300+0000] {logging_mixin.py:188} INFO - [2026-06-08T20:15:09.299+0000] {dag.py:3954} INFO - Setting next_dagrun for example_subdag_operator to 2022-01-01 00:00:00+00:00, run_after=2022-01-01 00:00:00+00:00
[2026-06-08T20:15:09.305+0000] {logging_mixin.py:188} INFO - [2026-06-08T20:15:09.305+0000] {dag.py:3954} INFO - Setting next_dagrun for example_subdag_operator.section-1 to None, run_after=None
[2026-06-08T20:15:09.307+0000] {logging_mixin.py:188} INFO - [2026-06-08T20:15:09.306+0000] {dag.py:3954} INFO - Setting next_dagrun for example_subdag_operator.section-2 to None, run_after=None
[2026-06-08T20:15:09.315+0000] {logging_mixin.py:188} INFO - [2026-06-08T20:15:09.315+0000] {dag.py:3096} INFO - Sync 2 DAGs
[2026-06-08T20:15:09.321+0000] {logging_mixin.py:188} INFO - [2026-06-08T20:15:09.321+0000] {dag.py:3954} INFO - Setting next_dagrun for example_subdag_operator.section-1 to None, run_after=None
[2026-06-08T20:15:09.322+0000] {logging_mixin.py:188} INFO - [2026-06-08T20:15:09.321+0000] {dag.py:3954} INFO - Setting next_dagrun for example_subdag_operator.section-2 to None, run_after=None
[2026-06-08T20:15:09.332+0000] {processor.py:183} INFO - Processing /home/airflow/.local/lib/python3.12/site-packages/airflow/example_dags/example_subdag_operator.py took 0.134 seconds
[2026-06-08T20:15:39.858+0000] {processor.py:161} INFO - Started process (PID=889) to work on /home/airflow/.local/lib/python3.12/site-packages/airflow/example_dags/example_subdag_operator.py
[2026-06-08T20:15:39.859+0000] {processor.py:830} INFO - Processing file /home/airflow/.local/lib/python3.12/site-packages/airflow/example_dags/example_subdag_operator.py for tasks to queue
[2026-06-08T20:15:39.861+0000] {logging_mixin.py:188} INFO - [2026-06-08T20:15:39.861+0000] {dagbag.py:545} INFO - Filling up the DagBag from /home/airflow/.local/lib/python3.12/site-packages/airflow/example_dags/example_subdag_operator.py
[2026-06-08T20:15:39.890+0000] {processor.py:840} INFO - DAG(s) 'example_subdag_operator.section-1', 'example_subdag_operator.section-2', 'example_subdag_operator' retrieved from /home/airflow/.local/lib/python3.12/site-packages/airflow/example_dags/example_subdag_operator.py
[2026-06-08T20:15:39.912+0000] {logging_mixin.py:188} INFO - [2026-06-08T20:15:39.911+0000] {dag.py:3096} INFO - Sync 3 DAGs
[2026-06-08T20:15:39.942+0000] {logging_mixin.py:188} INFO - [2026-06-08T20:15:39.942+0000] {dag.py:3954} INFO - Setting next_dagrun for example_subdag_operator to 2022-01-01 00:00:00+00:00, run_after=2022-01-01 00:00:00+00:00
[2026-06-08T20:15:39.948+0000] {logging_mixin.py:188} INFO - [2026-06-08T20:15:39.948+0000] {dag.py:3954} INFO - Setting next_dagrun for example_subdag_operator.section-1 to None, run_after=None
[2026-06-08T20:15:39.950+0000] {logging_mixin.py:188} INFO - [2026-06-08T20:15:39.950+0000] {dag.py:3954} INFO - Setting next_dagrun for example_subdag_operator.section-2 to None, run_after=None
[2026-06-08T20:15:39.959+0000] {logging_mixin.py:188} INFO - [2026-06-08T20:15:39.959+0000] {dag.py:3096} INFO - Sync 2 DAGs
[2026-06-08T20:15:39.966+0000] {logging_mixin.py:188} INFO - [2026-06-08T20:15:39.966+0000] {dag.py:3954} INFO - Setting next_dagrun for example_subdag_operator.section-1 to None, run_after=None
[2026-06-08T20:15:39.967+0000] {logging_mixin.py:188} INFO - [2026-06-08T20:15:39.967+0000] {dag.py:3954} INFO - Setting next_dagrun for example_subdag_operator.section-2 to None, run_after=None
[2026-06-08T20:15:39.988+0000] {processor.py:183} INFO - Processing /home/airflow/.local/lib/python3.12/site-packages/airflow/example_dags/example_subdag_operator.py took 0.137 seconds
[2026-06-08T20:16:10.137+0000] {processor.py:161} INFO - Started process (PID=947) to work on /home/airflow/.local/lib/python3.12/site-packages/airflow/example_dags/example_subdag_operator.py
[2026-06-08T20:16:10.138+0000] {processor.py:830} INFO - Processing file /home/airflow/.local/lib/python3.12/site-packages/airflow/example_dags/example_subdag_operator.py for tasks to queue
[2026-06-08T20:16:10.140+0000] {logging_mixin.py:188} INFO - [2026-06-08T20:16:10.140+0000] {dagbag.py:545} INFO - Filling up the DagBag from /home/airflow/.local/lib/python3.12/site-packages/airflow/example_dags/example_subdag_operator.py
[2026-06-08T20:16:10.172+0000] {processor.py:840} INFO - DAG(s) 'example_subdag_operator.section-1', 'example_subdag_operator.section-2', 'example_subdag_operator' retrieved from /home/airflow/.local/lib/python3.12/site-packages/airflow/example_dags/example_subdag_operator.py
[2026-06-08T20:16:10.193+0000] {logging_mixin.py:188} INFO - [2026-06-08T20:16:10.193+0000] {dag.py:3096} INFO - Sync 3 DAGs
[2026-06-08T20:16:10.224+0000] {logging_mixin.py:188} INFO - [2026-06-08T20:16:10.223+0000] {dag.py:3954} INFO - Setting next_dagrun for example_subdag_operator to 2022-01-01 00:00:00+00:00, run_after=2022-01-01 00:00:00+00:00
[2026-06-08T20:16:10.229+0000] {logging_mixin.py:188} INFO - [2026-06-08T20:16:10.229+0000] {dag.py:3954} INFO - Setting next_dagrun for example_subdag_operator.section-1 to None, run_after=None
[2026-06-08T20:16:10.231+0000] {logging_mixin.py:188} INFO - [2026-06-08T20:16:10.230+0000] {dag.py:3954} INFO - Setting next_dagrun for example_subdag_operator.section-2 to None, run_after=None
[2026-06-08T20:16:10.241+0000] {logging_mixin.py:188} INFO - [2026-06-08T20:16:10.241+0000] {dag.py:3096} INFO - Sync 2 DAGs
[2026-06-08T20:16:10.248+0000] {logging_mixin.py:188} INFO - [2026-06-08T20:16:10.248+0000] {dag.py:3954} INFO - Setting next_dagrun for example_subdag_operator.section-1 to None, run_after=None
[2026-06-08T20:16:10.249+0000] {logging_mixin.py:188} INFO - [2026-06-08T20:16:10.248+0000] {dag.py:3954} INFO - Setting next_dagrun for example_subdag_operator.section-2 to None, run_after=None
[2026-06-08T20:16:10.260+0000] {processor.py:183} INFO - Processing /home/airflow/.local/lib/python3.12/site-packages/airflow/example_dags/example_subdag_operator.py took 0.130 seconds
[2026-06-08T20:16:40.398+0000] {processor.py:161} INFO - Started process (PID=1003) to work on /home/airflow/.local/lib/python3.12/site-packages/airflow/example_dags/example_subdag_operator.py
[2026-06-08T20:16:40.400+0000] {processor.py:830} INFO - Processing file /home/airflow/.local/lib/python3.12/site-packages/airflow/example_dags/example_subdag_operator.py for tasks to queue
[2026-06-08T20:16:40.404+0000] {logging_mixin.py:188} INFO - [2026-06-08T20:16:40.404+0000] {dagbag.py:545} INFO - Filling up the DagBag from /home/airflow/.local/lib/python3.12/site-packages/airflow/example_dags/example_subdag_operator.py
[2026-06-08T20:16:40.437+0000] {processor.py:840} INFO - DAG(s) 'example_subdag_operator.section-1', 'example_subdag_operator.section-2', 'example_subdag_operator' retrieved from /home/airflow/.local/lib/python3.12/site-packages/airflow/example_dags/example_subdag_operator.py
[2026-06-08T20:16:40.472+0000] {logging_mixin.py:188} INFO - [2026-06-08T20:16:40.471+0000] {dag.py:3096} INFO - Sync 3 DAGs
[2026-06-08T20:16:40.502+0000] {logging_mixin.py:188} INFO - [2026-06-08T20:16:40.502+0000] {dag.py:3954} INFO - Setting next_dagrun for example_subdag_operator to 2022-01-01 00:00:00+00:00, run_after=2022-01-01 00:00:00+00:00
[2026-06-08T20:16:40.507+0000] {logging_mixin.py:188} INFO - [2026-06-08T20:16:40.507+0000] {dag.py:3954} INFO - Setting next_dagrun for example_subdag_operator.section-1 to None, run_after=None
[2026-06-08T20:16:40.508+0000] {logging_mixin.py:188} INFO - [2026-06-08T20:16:40.508+0000] {dag.py:3954} INFO - Setting next_dagrun for example_subdag_operator.section-2 to None, run_after=None
[2026-06-08T20:16:40.517+0000] {logging_mixin.py:188} INFO - [2026-06-08T20:16:40.517+0000] {dag.py:3096} INFO - Sync 2 DAGs
[2026-06-08T20:16:40.524+0000] {logging_mixin.py:188} INFO - [2026-06-08T20:16:40.523+0000] {dag.py:3954} INFO - Setting next_dagrun for example_subdag_operator.section-1 to None, run_after=None
[2026-06-08T20:16:40.524+0000] {logging_mixin.py:188} INFO - [2026-06-08T20:16:40.524+0000] {dag.py:3954} INFO - Setting next_dagrun for example_subdag_operator.section-2 to None, run_after=None
[2026-06-08T20:16:40.536+0000] {processor.py:183} INFO - Processing /home/airflow/.local/lib/python3.12/site-packages/airflow/example_dags/example_subdag_operator.py took 0.144 seconds
[2026-06-08T20:17:11.315+0000] {processor.py:161} INFO - Started process (PID=1061) to work on /home/airflow/.local/lib/python3.12/site-packages/airflow/example_dags/example_subdag_operator.py
[2026-06-08T20:17:11.316+0000] {processor.py:830} INFO - Processing file /home/airflow/.local/lib/python3.12/site-packages/airflow/example_dags/example_subdag_operator.py for tasks to queue
[2026-06-08T20:17:11.318+0000] {logging_mixin.py:188} INFO - [2026-06-08T20:17:11.318+0000] {dagbag.py:545} INFO - Filling up the DagBag from /home/airflow/.local/lib/python3.12/site-packages/airflow/example_dags/example_subdag_operator.py
[2026-06-08T20:17:11.349+0000] {processor.py:840} INFO - DAG(s) 'example_subdag_operator.section-1', 'example_subdag_operator.section-2', 'example_subdag_operator' retrieved from /home/airflow/.local/lib/python3.12/site-packages/airflow/example_dags/example_subdag_operator.py
[2026-06-08T20:17:11.394+0000] {logging_mixin.py:188} INFO - [2026-06-08T20:17:11.394+0000] {dag.py:3096} INFO - Sync 3 DAGs
[2026-06-08T20:17:11.431+0000] {logging_mixin.py:188} INFO - [2026-06-08T20:17:11.431+0000] {dag.py:3954} INFO - Setting next_dagrun for example_subdag_operator to 2022-01-01 00:00:00+00:00, run_after=2022-01-01 00:00:00+00:00
[2026-06-08T20:17:11.436+0000] {logging_mixin.py:188} INFO - [2026-06-08T20:17:11.435+0000] {dag.py:3954} INFO - Setting next_dagrun for example_subdag_operator.section-1 to None, run_after=None
[2026-06-08T20:17:11.437+0000] {logging_mixin.py:188} INFO - [2026-06-08T20:17:11.437+0000] {dag.py:3954} INFO - Setting next_dagrun for example_subdag_operator.section-2 to None, run_after=None
[2026-06-08T20:17:11.446+0000] {logging_mixin.py:188} INFO - [2026-06-08T20:17:11.446+0000] {dag.py:3096} INFO - Sync 2 DAGs
[2026-06-08T20:17:11.453+0000] {logging_mixin.py:188} INFO - [2026-06-08T20:17:11.452+0000] {dag.py:3954} INFO - Setting next_dagrun for example_subdag_operator.section-1 to None, run_after=None
[2026-06-08T20:17:11.453+0000] {logging_mixin.py:188} INFO - [2026-06-08T20:17:11.453+0000] {dag.py:3954} INFO - Setting next_dagrun for example_subdag_operator.section-2 to None, run_after=None
[2026-06-08T20:17:11.469+0000] {processor.py:183} INFO - Processing /home/airflow/.local/lib/python3.12/site-packages/airflow/example_dags/example_subdag_operator.py took 0.161 seconds
[2026-06-08T20:18:52.818+0000] {processor.py:161} INFO - Started process (PID=73) to work on /home/airflow/.local/lib/python3.12/site-packages/airflow/example_dags/example_subdag_operator.py
[2026-06-08T20:18:52.819+0000] {processor.py:830} INFO - Processing file /home/airflow/.local/lib/python3.12/site-packages/airflow/example_dags/example_subdag_operator.py for tasks to queue
[2026-06-08T20:18:52.821+0000] {logging_mixin.py:188} INFO - [2026-06-08T20:18:52.821+0000] {dagbag.py:545} INFO - Filling up the DagBag from /home/airflow/.local/lib/python3.12/site-packages/airflow/example_dags/example_subdag_operator.py
[2026-06-08T20:18:52.858+0000] {processor.py:840} INFO - DAG(s) 'example_subdag_operator.section-1', 'example_subdag_operator.section-2', 'example_subdag_operator' retrieved from /home/airflow/.local/lib/python3.12/site-packages/airflow/example_dags/example_subdag_operator.py
[2026-06-08T20:18:53.019+0000] {logging_mixin.py:188} INFO - [2026-06-08T20:18:53.019+0000] {dag.py:3096} INFO - Sync 3 DAGs
[2026-06-08T20:18:53.046+0000] {logging_mixin.py:188} INFO - [2026-06-08T20:18:53.046+0000] {dag.py:3954} INFO - Setting next_dagrun for example_subdag_operator to 2022-01-01 00:00:00+00:00, run_after=2022-01-01 00:00:00+00:00
[2026-06-08T20:18:53.051+0000] {logging_mixin.py:188} INFO - [2026-06-08T20:18:53.050+0000] {dag.py:3954} INFO - Setting next_dagrun for example_subdag_operator.section-1 to None, run_after=None
[2026-06-08T20:18:53.052+0000] {logging_mixin.py:188} INFO - [2026-06-08T20:18:53.052+0000] {dag.py:3954} INFO - Setting next_dagrun for example_subdag_operator.section-2 to None, run_after=None
[2026-06-08T20:18:53.063+0000] {logging_mixin.py:188} INFO - [2026-06-08T20:18:53.063+0000] {dag.py:3096} INFO - Sync 2 DAGs
[2026-06-08T20:18:53.071+0000] {logging_mixin.py:188} INFO - [2026-06-08T20:18:53.070+0000] {dag.py:3954} INFO - Setting next_dagrun for example_subdag_operator.section-1 to None, run_after=None
[2026-06-08T20:18:53.071+0000] {logging_mixin.py:188} INFO - [2026-06-08T20:18:53.071+0000] {dag.py:3954} INFO - Setting next_dagrun for example_subdag_operator.section-2 to None, run_after=None
[2026-06-08T20:18:53.089+0000] {processor.py:183} INFO - Processing /home/airflow/.local/lib/python3.12/site-packages/airflow/example_dags/example_subdag_operator.py took 0.285 seconds
[2026-06-08T20:19:23.179+0000] {processor.py:161} INFO - Started process (PID=132) to work on /home/airflow/.local/lib/python3.12/site-packages/airflow/example_dags/example_subdag_operator.py
[2026-06-08T20:19:23.180+0000] {processor.py:830} INFO - Processing file /home/airflow/.local/lib/python3.12/site-packages/airflow/example_dags/example_subdag_operator.py for tasks to queue
[2026-06-08T20:19:23.183+0000] {logging_mixin.py:188} INFO - [2026-06-08T20:19:23.183+0000] {dagbag.py:545} INFO - Filling up the DagBag from /home/airflow/.local/lib/python3.12/site-packages/airflow/example_dags/example_subdag_operator.py
[2026-06-08T20:19:23.265+0000] {processor.py:840} INFO - DAG(s) 'example_subdag_operator.section-1', 'example_subdag_operator.section-2', 'example_subdag_operator' retrieved from /home/airflow/.local/lib/python3.12/site-packages/airflow/example_dags/example_subdag_operator.py
[2026-06-08T20:19:23.314+0000] {logging_mixin.py:188} INFO - [2026-06-08T20:19:23.314+0000] {dag.py:3096} INFO - Sync 3 DAGs
[2026-06-08T20:19:23.394+0000] {logging_mixin.py:188} INFO - [2026-06-08T20:19:23.394+0000] {dag.py:3954} INFO - Setting next_dagrun for example_subdag_operator to 2022-01-01 00:00:00+00:00, run_after=2022-01-01 00:00:00+00:00
[2026-06-08T20:19:23.415+0000] {logging_mixin.py:188} INFO - [2026-06-08T20:19:23.414+0000] {dag.py:3954} INFO - Setting next_dagrun for example_subdag_operator.section-1 to None, run_after=None
[2026-06-08T20:19:23.419+0000] {logging_mixin.py:188} INFO - [2026-06-08T20:19:23.419+0000] {dag.py:3954} INFO - Setting next_dagrun for example_subdag_operator.section-2 to None, run_after=None
[2026-06-08T20:19:23.464+0000] {logging_mixin.py:188} INFO - [2026-06-08T20:19:23.464+0000] {dag.py:3096} INFO - Sync 2 DAGs
[2026-06-08T20:19:23.484+0000] {logging_mixin.py:188} INFO - [2026-06-08T20:19:23.483+0000] {dag.py:3954} INFO - Setting next_dagrun for example_subdag_operator.section-1 to None, run_after=None
[2026-06-08T20:19:23.484+0000] {logging_mixin.py:188} INFO - [2026-06-08T20:19:23.484+0000] {dag.py:3954} INFO - Setting next_dagrun for example_subdag_operator.section-2 to None, run_after=None
[2026-06-08T20:19:23.515+0000] {processor.py:183} INFO - Processing /home/airflow/.local/lib/python3.12/site-packages/airflow/example_dags/example_subdag_operator.py took 0.345 seconds
[2026-06-08T20:19:54.278+0000] {processor.py:161} INFO - Started process (PID=191) to work on /home/airflow/.local/lib/python3.12/site-packages/airflow/example_dags/example_subdag_operator.py
[2026-06-08T20:19:54.279+0000] {processor.py:830} INFO - Processing file /home/airflow/.local/lib/python3.12/site-packages/airflow/example_dags/example_subdag_operator.py for tasks to queue
[2026-06-08T20:19:54.280+0000] {logging_mixin.py:188} INFO - [2026-06-08T20:19:54.280+0000] {dagbag.py:545} INFO - Filling up the DagBag from /home/airflow/.local/lib/python3.12/site-packages/airflow/example_dags/example_subdag_operator.py
[2026-06-08T20:19:54.303+0000] {processor.py:840} INFO - DAG(s) 'example_subdag_operator.section-1', 'example_subdag_operator.section-2', 'example_subdag_operator' retrieved from /home/airflow/.local/lib/python3.12/site-packages/airflow/example_dags/example_subdag_operator.py
[2026-06-08T20:19:54.318+0000] {logging_mixin.py:188} INFO - [2026-06-08T20:19:54.318+0000] {dag.py:3096} INFO - Sync 3 DAGs
[2026-06-08T20:19:54.340+0000] {logging_mixin.py:188} INFO - [2026-06-08T20:19:54.340+0000] {dag.py:3954} INFO - Setting next_dagrun for example_subdag_operator to 2022-01-01 00:00:00+00:00, run_after=2022-01-01 00:00:00+00:00
[2026-06-08T20:19:54.346+0000] {logging_mixin.py:188} INFO - [2026-06-08T20:19:54.345+0000] {dag.py:3954} INFO - Setting next_dagrun for example_subdag_operator.section-1 to None, run_after=None
[2026-06-08T20:19:54.347+0000] {logging_mixin.py:188} INFO - [2026-06-08T20:19:54.347+0000] {dag.py:3954} INFO - Setting next_dagrun for example_subdag_operator.section-2 to None, run_after=None
[2026-06-08T20:19:54.355+0000] {logging_mixin.py:188} INFO - [2026-06-08T20:19:54.354+0000] {dag.py:3096} INFO - Sync 2 DAGs
[2026-06-08T20:19:54.360+0000] {logging_mixin.py:188} INFO - [2026-06-08T20:19:54.360+0000] {dag.py:3954} INFO - Setting next_dagrun for example_subdag_operator.section-1 to None, run_after=None
[2026-06-08T20:19:54.361+0000] {logging_mixin.py:188} INFO - [2026-06-08T20:19:54.360+0000] {dag.py:3954} INFO - Setting next_dagrun for example_subdag_operator.section-2 to None, run_after=None
[2026-06-08T20:19:54.372+0000] {processor.py:183} INFO - Processing /home/airflow/.local/lib/python3.12/site-packages/airflow/example_dags/example_subdag_operator.py took 0.100 seconds
[2026-06-08T20:20:25.124+0000] {processor.py:161} INFO - Started process (PID=249) to work on /home/airflow/.local/lib/python3.12/site-packages/airflow/example_dags/example_subdag_operator.py
[2026-06-08T20:20:25.125+0000] {processor.py:830} INFO - Processing file /home/airflow/.local/lib/python3.12/site-packages/airflow/example_dags/example_subdag_operator.py for tasks to queue
[2026-06-08T20:20:25.128+0000] {logging_mixin.py:188} INFO - [2026-06-08T20:20:25.127+0000] {dagbag.py:545} INFO - Filling up the DagBag from /home/airflow/.local/lib/python3.12/site-packages/airflow/example_dags/example_subdag_operator.py
[2026-06-08T20:20:25.155+0000] {processor.py:840} INFO - DAG(s) 'example_subdag_operator.section-1', 'example_subdag_operator.section-2', 'example_subdag_operator' retrieved from /home/airflow/.local/lib/python3.12/site-packages/airflow/example_dags/example_subdag_operator.py
[2026-06-08T20:20:25.171+0000] {logging_mixin.py:188} INFO - [2026-06-08T20:20:25.171+0000] {dag.py:3096} INFO - Sync 3 DAGs
[2026-06-08T20:20:25.195+0000] {logging_mixin.py:188} INFO - [2026-06-08T20:20:25.195+0000] {dag.py:3954} INFO - Setting next_dagrun for example_subdag_operator to 2022-01-01 00:00:00+00:00, run_after=2022-01-01 00:00:00+00:00
[2026-06-08T20:20:25.199+0000] {logging_mixin.py:188} INFO - [2026-06-08T20:20:25.199+0000] {dag.py:3954} INFO - Setting next_dagrun for example_subdag_operator.section-1 to None, run_after=None
[2026-06-08T20:20:25.200+0000] {logging_mixin.py:188} INFO - [2026-06-08T20:20:25.200+0000] {dag.py:3954} INFO - Setting next_dagrun for example_subdag_operator.section-2 to None, run_after=None
[2026-06-08T20:20:25.207+0000] {logging_mixin.py:188} INFO - [2026-06-08T20:20:25.206+0000] {dag.py:3096} INFO - Sync 2 DAGs
[2026-06-08T20:20:25.213+0000] {logging_mixin.py:188} INFO - [2026-06-08T20:20:25.212+0000] {dag.py:3954} INFO - Setting next_dagrun for example_subdag_operator.section-1 to None, run_after=None
[2026-06-08T20:20:25.213+0000] {logging_mixin.py:188} INFO - [2026-06-08T20:20:25.213+0000] {dag.py:3954} INFO - Setting next_dagrun for example_subdag_operator.section-2 to None, run_after=None
[2026-06-08T20:20:25.227+0000] {processor.py:183} INFO - Processing /home/airflow/.local/lib/python3.12/site-packages/airflow/example_dags/example_subdag_operator.py took 0.114 seconds
[2026-06-08T20:20:55.903+0000] {processor.py:161} INFO - Started process (PID=308) to work on /home/airflow/.local/lib/python3.12/site-packages/airflow/example_dags/example_subdag_operator.py
[2026-06-08T20:20:55.904+0000] {processor.py:830} INFO - Processing file /home/airflow/.local/lib/python3.12/site-packages/airflow/example_dags/example_subdag_operator.py for tasks to queue
[2026-06-08T20:20:55.906+0000] {logging_mixin.py:188} INFO - [2026-06-08T20:20:55.905+0000] {dagbag.py:545} INFO - Filling up the DagBag from /home/airflow/.local/lib/python3.12/site-packages/airflow/example_dags/example_subdag_operator.py
[2026-06-08T20:20:55.928+0000] {processor.py:840} INFO - DAG(s) 'example_subdag_operator.section-1', 'example_subdag_operator.section-2', 'example_subdag_operator' retrieved from /home/airflow/.local/lib/python3.12/site-packages/airflow/example_dags/example_subdag_operator.py
[2026-06-08T20:20:55.948+0000] {logging_mixin.py:188} INFO - [2026-06-08T20:20:55.947+0000] {dag.py:3096} INFO - Sync 3 DAGs
[2026-06-08T20:20:55.983+0000] {logging_mixin.py:188} INFO - [2026-06-08T20:20:55.983+0000] {dag.py:3954} INFO - Setting next_dagrun for example_subdag_operator to 2022-01-01 00:00:00+00:00, run_after=2022-01-01 00:00:00+00:00
[2026-06-08T20:20:55.986+0000] {logging_mixin.py:188} INFO - [2026-06-08T20:20:55.986+0000] {dag.py:3954} INFO - Setting next_dagrun for example_subdag_operator.section-1 to None, run_after=None
[2026-06-08T20:20:55.987+0000] {logging_mixin.py:188} INFO - [2026-06-08T20:20:55.987+0000] {dag.py:3954} INFO - Setting next_dagrun for example_subdag_operator.section-2 to None, run_after=None
[2026-06-08T20:20:55.994+0000] {logging_mixin.py:188} INFO - [2026-06-08T20:20:55.993+0000] {dag.py:3096} INFO - Sync 2 DAGs
[2026-06-08T20:20:55.998+0000] {logging_mixin.py:188} INFO - [2026-06-08T20:20:55.998+0000] {dag.py:3954} INFO - Setting next_dagrun for example_subdag_operator.section-1 to None, run_after=None
[2026-06-08T20:20:55.999+0000] {logging_mixin.py:188} INFO - [2026-06-08T20:20:55.998+0000] {dag.py:3954} INFO - Setting next_dagrun for example_subdag_operator.section-2 to None, run_after=None
[2026-06-08T20:20:56.008+0000] {processor.py:183} INFO - Processing /home/airflow/.local/lib/python3.12/site-packages/airflow/example_dags/example_subdag_operator.py took 0.110 seconds
[2026-06-08T20:21:26.485+0000] {processor.py:161} INFO - Started process (PID=366) to work on /home/airflow/.local/lib/python3.12/site-packages/airflow/example_dags/example_subdag_operator.py
[2026-06-08T20:21:26.485+0000] {processor.py:830} INFO - Processing file /home/airflow/.local/lib/python3.12/site-packages/airflow/example_dags/example_subdag_operator.py for tasks to queue
[2026-06-08T20:21:26.487+0000] {logging_mixin.py:188} INFO - [2026-06-08T20:21:26.487+0000] {dagbag.py:545} INFO - Filling up the DagBag from /home/airflow/.local/lib/python3.12/site-packages/airflow/example_dags/example_subdag_operator.py
[2026-06-08T20:21:26.509+0000] {processor.py:840} INFO - DAG(s) 'example_subdag_operator.section-1', 'example_subdag_operator.section-2', 'example_subdag_operator' retrieved from /home/airflow/.local/lib/python3.12/site-packages/airflow/example_dags/example_subdag_operator.py
[2026-06-08T20:21:26.535+0000] {logging_mixin.py:188} INFO - [2026-06-08T20:21:26.534+0000] {dag.py:3096} INFO - Sync 3 DAGs
[2026-06-08T20:21:26.574+0000] {logging_mixin.py:188} INFO - [2026-06-08T20:21:26.574+0000] {dag.py:3954} INFO - Setting next_dagrun for example_subdag_operator to 2022-01-01 00:00:00+00:00, run_after=2022-01-01 00:00:00+00:00
[2026-06-08T20:21:26.585+0000] {logging_mixin.py:188} INFO - [2026-06-08T20:21:26.583+0000] {dag.py:3954} INFO - Setting next_dagrun for example_subdag_operator.section-1 to None, run_after=None
[2026-06-08T20:21:26.588+0000] {logging_mixin.py:188} INFO - [2026-06-08T20:21:26.588+0000] {dag.py:3954} INFO - Setting next_dagrun for example_subdag_operator.section-2 to None, run_after=None
[2026-06-08T20:21:26.595+0000] {logging_mixin.py:188} INFO - [2026-06-08T20:21:26.595+0000] {dag.py:3096} INFO - Sync 2 DAGs
[2026-06-08T20:21:26.600+0000] {logging_mixin.py:188} INFO - [2026-06-08T20:21:26.600+0000] {dag.py:3954} INFO - Setting next_dagrun for example_subdag_operator.section-1 to None, run_after=None
[2026-06-08T20:21:26.601+0000] {logging_mixin.py:188} INFO - [2026-06-08T20:21:26.601+0000] {dag.py:3954} INFO - Setting next_dagrun for example_subdag_operator.section-2 to None, run_after=None
[2026-06-08T20:21:26.613+0000] {processor.py:183} INFO - Processing /home/airflow/.local/lib/python3.12/site-packages/airflow/example_dags/example_subdag_operator.py took 0.133 seconds
[2026-06-08T20:21:56.674+0000] {processor.py:161} INFO - Started process (PID=425) to work on /home/airflow/.local/lib/python3.12/site-packages/airflow/example_dags/example_subdag_operator.py
[2026-06-08T20:21:56.675+0000] {processor.py:830} INFO - Processing file /home/airflow/.local/lib/python3.12/site-packages/airflow/example_dags/example_subdag_operator.py for tasks to queue
[2026-06-08T20:21:56.677+0000] {logging_mixin.py:188} INFO - [2026-06-08T20:21:56.676+0000] {dagbag.py:545} INFO - Filling up the DagBag from /home/airflow/.local/lib/python3.12/site-packages/airflow/example_dags/example_subdag_operator.py
[2026-06-08T20:21:56.699+0000] {processor.py:840} INFO - DAG(s) 'example_subdag_operator.section-1', 'example_subdag_operator.section-2', 'example_subdag_operator' retrieved from /home/airflow/.local/lib/python3.12/site-packages/airflow/example_dags/example_subdag_operator.py
[2026-06-08T20:21:56.714+0000] {logging_mixin.py:188} INFO - [2026-06-08T20:21:56.713+0000] {dag.py:3096} INFO - Sync 3 DAGs
[2026-06-08T20:21:56.734+0000] {logging_mixin.py:188} INFO - [2026-06-08T20:21:56.734+0000] {dag.py:3954} INFO - Setting next_dagrun for example_subdag_operator to 2022-01-01 00:00:00+00:00, run_after=2022-01-01 00:00:00+00:00
[2026-06-08T20:21:56.739+0000] {logging_mixin.py:188} INFO - [2026-06-08T20:21:56.738+0000] {dag.py:3954} INFO - Setting next_dagrun for example_subdag_operator.section-1 to None, run_after=None
[2026-06-08T20:21:56.740+0000] {logging_mixin.py:188} INFO - [2026-06-08T20:21:56.740+0000] {dag.py:3954} INFO - Setting next_dagrun for example_subdag_operator.section-2 to None, run_after=None
[2026-06-08T20:21:56.746+0000] {logging_mixin.py:188} INFO - [2026-06-08T20:21:56.746+0000] {dag.py:3096} INFO - Sync 2 DAGs
[2026-06-08T20:21:56.751+0000] {logging_mixin.py:188} INFO - [2026-06-08T20:21:56.751+0000] {dag.py:3954} INFO - Setting next_dagrun for example_subdag_operator.section-1 to None, run_after=None
[2026-06-08T20:21:56.751+0000] {logging_mixin.py:188} INFO - [2026-06-08T20:21:56.751+0000] {dag.py:3954} INFO - Setting next_dagrun for example_subdag_operator.section-2 to None, run_after=None
[2026-06-08T20:21:56.762+0000] {processor.py:183} INFO - Processing /home/airflow/.local/lib/python3.12/site-packages/airflow/example_dags/example_subdag_operator.py took 0.093 seconds
[2026-06-08T20:22:27.199+0000] {processor.py:161} INFO - Started process (PID=484) to work on /home/airflow/.local/lib/python3.12/site-packages/airflow/example_dags/example_subdag_operator.py
[2026-06-08T20:22:27.200+0000] {processor.py:830} INFO - Processing file /home/airflow/.local/lib/python3.12/site-packages/airflow/example_dags/example_subdag_operator.py for tasks to queue
[2026-06-08T20:22:27.202+0000] {logging_mixin.py:188} INFO - [2026-06-08T20:22:27.202+0000] {dagbag.py:545} INFO - Filling up the DagBag from /home/airflow/.local/lib/python3.12/site-packages/airflow/example_dags/example_subdag_operator.py
[2026-06-08T20:22:27.224+0000] {processor.py:840} INFO - DAG(s) 'example_subdag_operator.section-1', 'example_subdag_operator.section-2', 'example_subdag_operator' retrieved from /home/airflow/.local/lib/python3.12/site-packages/airflow/example_dags/example_subdag_operator.py
[2026-06-08T20:22:27.241+0000] {logging_mixin.py:188} INFO - [2026-06-08T20:22:27.241+0000] {dag.py:3096} INFO - Sync 3 DAGs
[2026-06-08T20:22:27.263+0000] {logging_mixin.py:188} INFO - [2026-06-08T20:22:27.262+0000] {dag.py:3954} INFO - Setting next_dagrun for example_subdag_operator to 2022-01-01 00:00:00+00:00, run_after=2022-01-01 00:00:00+00:00
[2026-06-08T20:22:27.266+0000] {logging_mixin.py:188} INFO - [2026-06-08T20:22:27.266+0000] {dag.py:3954} INFO - Setting next_dagrun for example_subdag_operator.section-1 to None, run_after=None
[2026-06-08T20:22:27.268+0000] {logging_mixin.py:188} INFO - [2026-06-08T20:22:27.267+0000] {dag.py:3954} INFO - Setting next_dagrun for example_subdag_operator.section-2 to None, run_after=None
[2026-06-08T20:22:27.274+0000] {logging_mixin.py:188} INFO - [2026-06-08T20:22:27.274+0000] {dag.py:3096} INFO - Sync 2 DAGs
[2026-06-08T20:22:27.279+0000] {logging_mixin.py:188} INFO - [2026-06-08T20:22:27.279+0000] {dag.py:3954} INFO - Setting next_dagrun for example_subdag_operator.section-1 to None, run_after=None
[2026-06-08T20:22:27.280+0000] {logging_mixin.py:188} INFO - [2026-06-08T20:22:27.280+0000] {dag.py:3954} INFO - Setting next_dagrun for example_subdag_operator.section-2 to None, run_after=None
[2026-06-08T20:22:27.290+0000] {processor.py:183} INFO - Processing /home/airflow/.local/lib/python3.12/site-packages/airflow/example_dags/example_subdag_operator.py took 0.096 seconds
[2026-06-08T20:22:57.484+0000] {processor.py:161} INFO - Started process (PID=543) to work on /home/airflow/.local/lib/python3.12/site-packages/airflow/example_dags/example_subdag_operator.py
[2026-06-08T20:22:57.487+0000] {processor.py:830} INFO - Processing file /home/airflow/.local/lib/python3.12/site-packages/airflow/example_dags/example_subdag_operator.py for tasks to queue
[2026-06-08T20:22:57.493+0000] {logging_mixin.py:188} INFO - [2026-06-08T20:22:57.493+0000] {dagbag.py:545} INFO - Filling up the DagBag from /home/airflow/.local/lib/python3.12/site-packages/airflow/example_dags/example_subdag_operator.py
[2026-06-08T20:22:57.598+0000] {processor.py:840} INFO - DAG(s) 'example_subdag_operator.section-1', 'example_subdag_operator.section-2', 'example_subdag_operator' retrieved from /home/airflow/.local/lib/python3.12/site-packages/airflow/example_dags/example_subdag_operator.py
[2026-06-08T20:22:57.690+0000] {logging_mixin.py:188} INFO - [2026-06-08T20:22:57.689+0000] {dag.py:3096} INFO - Sync 3 DAGs
[2026-06-08T20:22:57.831+0000] {logging_mixin.py:188} INFO - [2026-06-08T20:22:57.831+0000] {dag.py:3954} INFO - Setting next_dagrun for example_subdag_operator to 2022-01-01 00:00:00+00:00, run_after=2022-01-01 00:00:00+00:00
[2026-06-08T20:22:57.844+0000] {logging_mixin.py:188} INFO - [2026-06-08T20:22:57.842+0000] {dag.py:3954} INFO - Setting next_dagrun for example_subdag_operator.section-1 to None, run_after=None
[2026-06-08T20:22:57.847+0000] {logging_mixin.py:188} INFO - [2026-06-08T20:22:57.847+0000] {dag.py:3954} INFO - Setting next_dagrun for example_subdag_operator.section-2 to None, run_after=None
[2026-06-08T20:22:57.866+0000] {logging_mixin.py:188} INFO - [2026-06-08T20:22:57.866+0000] {dag.py:3096} INFO - Sync 2 DAGs
[2026-06-08T20:22:57.882+0000] {logging_mixin.py:188} INFO - [2026-06-08T20:22:57.882+0000] {dag.py:3954} INFO - Setting next_dagrun for example_subdag_operator.section-1 to None, run_after=None
[2026-06-08T20:22:57.886+0000] {logging_mixin.py:188} INFO - [2026-06-08T20:22:57.886+0000] {dag.py:3954} INFO - Setting next_dagrun for example_subdag_operator.section-2 to None, run_after=None
[2026-06-08T20:22:57.913+0000] {processor.py:183} INFO - Processing /home/airflow/.local/lib/python3.12/site-packages/airflow/example_dags/example_subdag_operator.py took 0.457 seconds
[2026-06-08T20:23:28.307+0000] {processor.py:161} INFO - Started process (PID=602) to work on /home/airflow/.local/lib/python3.12/site-packages/airflow/example_dags/example_subdag_operator.py
[2026-06-08T20:23:28.308+0000] {processor.py:830} INFO - Processing file /home/airflow/.local/lib/python3.12/site-packages/airflow/example_dags/example_subdag_operator.py for tasks to queue
[2026-06-08T20:23:28.310+0000] {logging_mixin.py:188} INFO - [2026-06-08T20:23:28.310+0000] {dagbag.py:545} INFO - Filling up the DagBag from /home/airflow/.local/lib/python3.12/site-packages/airflow/example_dags/example_subdag_operator.py
[2026-06-08T20:23:28.340+0000] {processor.py:840} INFO - DAG(s) 'example_subdag_operator.section-1', 'example_subdag_operator.section-2', 'example_subdag_operator' retrieved from /home/airflow/.local/lib/python3.12/site-packages/airflow/example_dags/example_subdag_operator.py
[2026-06-08T20:23:28.363+0000] {logging_mixin.py:188} INFO - [2026-06-08T20:23:28.363+0000] {dag.py:3096} INFO - Sync 3 DAGs
[2026-06-08T20:23:28.383+0000] {logging_mixin.py:188} INFO - [2026-06-08T20:23:28.383+0000] {dag.py:3954} INFO - Setting next_dagrun for example_subdag_operator to 2022-01-01 00:00:00+00:00, run_after=2022-01-01 00:00:00+00:00
[2026-06-08T20:23:28.387+0000] {logging_mixin.py:188} INFO - [2026-06-08T20:23:28.387+0000] {dag.py:3954} INFO - Setting next_dagrun for example_subdag_operator.section-1 to None, run_after=None
[2026-06-08T20:23:28.388+0000] {logging_mixin.py:188} INFO - [2026-06-08T20:23:28.388+0000] {dag.py:3954} INFO - Setting next_dagrun for example_subdag_operator.section-2 to None, run_after=None
[2026-06-08T20:23:28.394+0000] {logging_mixin.py:188} INFO - [2026-06-08T20:23:28.394+0000] {dag.py:3096} INFO - Sync 2 DAGs
[2026-06-08T20:23:28.399+0000] {logging_mixin.py:188} INFO - [2026-06-08T20:23:28.399+0000] {dag.py:3954} INFO - Setting next_dagrun for example_subdag_operator.section-1 to None, run_after=None
[2026-06-08T20:23:28.400+0000] {logging_mixin.py:188} INFO - [2026-06-08T20:23:28.399+0000] {dag.py:3954} INFO - Setting next_dagrun for example_subdag_operator.section-2 to None, run_after=None
[2026-06-08T20:23:28.409+0000] {processor.py:183} INFO - Processing /home/airflow/.local/lib/python3.12/site-packages/airflow/example_dags/example_subdag_operator.py took 0.110 seconds
