[2026-06-08T20:03:38.546+0000] {processor.py:161} INFO - Started process (PID=72) to work on /home/airflow/.local/lib/python3.12/site-packages/airflow/example_dags/example_short_circuit_decorator.py
[2026-06-08T20:03:38.552+0000] {processor.py:830} INFO - Processing file /home/airflow/.local/lib/python3.12/site-packages/airflow/example_dags/example_short_circuit_decorator.py for tasks to queue
[2026-06-08T20:03:38.559+0000] {logging_mixin.py:188} INFO - [2026-06-08T20:03:38.554+0000] {dagbag.py:545} INFO - Filling up the DagBag from /home/airflow/.local/lib/python3.12/site-packages/airflow/example_dags/example_short_circuit_decorator.py
[2026-06-08T20:03:38.621+0000] {processor.py:840} INFO - DAG(s) 'example_short_circuit_decorator' retrieved from /home/airflow/.local/lib/python3.12/site-packages/airflow/example_dags/example_short_circuit_decorator.py
[2026-06-08T20:03:39.660+0000] {logging_mixin.py:188} INFO - [2026-06-08T20:03:39.660+0000] {dag.py:3096} INFO - Sync 1 DAGs
[2026-06-08T20:03:39.755+0000] {logging_mixin.py:188} INFO - [2026-06-08T20:03:39.755+0000] {dag.py:3954} INFO - Setting next_dagrun for example_short_circuit_decorator to 2026-06-07 00:00:00+00:00, run_after=2026-06-08 00:00:00+00:00
[2026-06-08T20:03:39.972+0000] {processor.py:183} INFO - Processing /home/airflow/.local/lib/python3.12/site-packages/airflow/example_dags/example_short_circuit_decorator.py took 1.472 seconds
[2026-06-08T20:04:11.570+0000] {processor.py:161} INFO - Started process (PID=130) to work on /home/airflow/.local/lib/python3.12/site-packages/airflow/example_dags/example_short_circuit_decorator.py
[2026-06-08T20:04:11.577+0000] {processor.py:830} INFO - Processing file /home/airflow/.local/lib/python3.12/site-packages/airflow/example_dags/example_short_circuit_decorator.py for tasks to queue
[2026-06-08T20:04:11.586+0000] {logging_mixin.py:188} INFO - [2026-06-08T20:04:11.586+0000] {dagbag.py:545} INFO - Filling up the DagBag from /home/airflow/.local/lib/python3.12/site-packages/airflow/example_dags/example_short_circuit_decorator.py
[2026-06-08T20:04:11.619+0000] {processor.py:840} INFO - DAG(s) 'example_short_circuit_decorator' retrieved from /home/airflow/.local/lib/python3.12/site-packages/airflow/example_dags/example_short_circuit_decorator.py
[2026-06-08T20:04:11.785+0000] {logging_mixin.py:188} INFO - [2026-06-08T20:04:11.784+0000] {dag.py:3096} INFO - Sync 1 DAGs
[2026-06-08T20:04:11.935+0000] {logging_mixin.py:188} INFO - [2026-06-08T20:04:11.935+0000] {dag.py:3954} INFO - Setting next_dagrun for example_short_circuit_decorator to 2026-06-07 00:00:00+00:00, run_after=2026-06-08 00:00:00+00:00
[2026-06-08T20:04:12.128+0000] {processor.py:183} INFO - Processing /home/airflow/.local/lib/python3.12/site-packages/airflow/example_dags/example_short_circuit_decorator.py took 0.599 seconds
[2026-06-08T20:04:43.005+0000] {processor.py:161} INFO - Started process (PID=188) to work on /home/airflow/.local/lib/python3.12/site-packages/airflow/example_dags/example_short_circuit_decorator.py
[2026-06-08T20:04:43.010+0000] {processor.py:830} INFO - Processing file /home/airflow/.local/lib/python3.12/site-packages/airflow/example_dags/example_short_circuit_decorator.py for tasks to queue
[2026-06-08T20:04:43.015+0000] {logging_mixin.py:188} INFO - [2026-06-08T20:04:43.015+0000] {dagbag.py:545} INFO - Filling up the DagBag from /home/airflow/.local/lib/python3.12/site-packages/airflow/example_dags/example_short_circuit_decorator.py
[2026-06-08T20:04:43.063+0000] {processor.py:840} INFO - DAG(s) 'example_short_circuit_decorator' retrieved from /home/airflow/.local/lib/python3.12/site-packages/airflow/example_dags/example_short_circuit_decorator.py
[2026-06-08T20:04:43.162+0000] {logging_mixin.py:188} INFO - [2026-06-08T20:04:43.161+0000] {dag.py:3096} INFO - Sync 1 DAGs
[2026-06-08T20:04:43.263+0000] {logging_mixin.py:188} INFO - [2026-06-08T20:04:43.263+0000] {dag.py:3954} INFO - Setting next_dagrun for example_short_circuit_decorator to 2026-06-07 00:00:00+00:00, run_after=2026-06-08 00:00:00+00:00
[2026-06-08T20:04:43.354+0000] {processor.py:183} INFO - Processing /home/airflow/.local/lib/python3.12/site-packages/airflow/example_dags/example_short_circuit_decorator.py took 0.369 seconds
[2026-06-08T20:05:14.039+0000] {processor.py:161} INFO - Started process (PID=244) to work on /home/airflow/.local/lib/python3.12/site-packages/airflow/example_dags/example_short_circuit_decorator.py
[2026-06-08T20:05:14.040+0000] {processor.py:830} INFO - Processing file /home/airflow/.local/lib/python3.12/site-packages/airflow/example_dags/example_short_circuit_decorator.py for tasks to queue
[2026-06-08T20:05:14.042+0000] {logging_mixin.py:188} INFO - [2026-06-08T20:05:14.042+0000] {dagbag.py:545} INFO - Filling up the DagBag from /home/airflow/.local/lib/python3.12/site-packages/airflow/example_dags/example_short_circuit_decorator.py
[2026-06-08T20:05:14.050+0000] {processor.py:840} INFO - DAG(s) 'example_short_circuit_decorator' retrieved from /home/airflow/.local/lib/python3.12/site-packages/airflow/example_dags/example_short_circuit_decorator.py
[2026-06-08T20:05:14.074+0000] {logging_mixin.py:188} INFO - [2026-06-08T20:05:14.074+0000] {dag.py:3096} INFO - Sync 1 DAGs
[2026-06-08T20:05:14.096+0000] {logging_mixin.py:188} INFO - [2026-06-08T20:05:14.095+0000] {dag.py:3954} INFO - Setting next_dagrun for example_short_circuit_decorator to 2026-06-07 00:00:00+00:00, run_after=2026-06-08 00:00:00+00:00
[2026-06-08T20:05:14.114+0000] {processor.py:183} INFO - Processing /home/airflow/.local/lib/python3.12/site-packages/airflow/example_dags/example_short_circuit_decorator.py took 0.080 seconds
[2026-06-08T20:05:44.225+0000] {processor.py:161} INFO - Started process (PID=302) to work on /home/airflow/.local/lib/python3.12/site-packages/airflow/example_dags/example_short_circuit_decorator.py
[2026-06-08T20:05:44.226+0000] {processor.py:830} INFO - Processing file /home/airflow/.local/lib/python3.12/site-packages/airflow/example_dags/example_short_circuit_decorator.py for tasks to queue
[2026-06-08T20:05:44.227+0000] {logging_mixin.py:188} INFO - [2026-06-08T20:05:44.227+0000] {dagbag.py:545} INFO - Filling up the DagBag from /home/airflow/.local/lib/python3.12/site-packages/airflow/example_dags/example_short_circuit_decorator.py
[2026-06-08T20:05:44.235+0000] {processor.py:840} INFO - DAG(s) 'example_short_circuit_decorator' retrieved from /home/airflow/.local/lib/python3.12/site-packages/airflow/example_dags/example_short_circuit_decorator.py
[2026-06-08T20:05:44.268+0000] {logging_mixin.py:188} INFO - [2026-06-08T20:05:44.268+0000] {dag.py:3096} INFO - Sync 1 DAGs
[2026-06-08T20:05:44.291+0000] {logging_mixin.py:188} INFO - [2026-06-08T20:05:44.291+0000] {dag.py:3954} INFO - Setting next_dagrun for example_short_circuit_decorator to 2026-06-07 00:00:00+00:00, run_after=2026-06-08 00:00:00+00:00
[2026-06-08T20:05:44.310+0000] {processor.py:183} INFO - Processing /home/airflow/.local/lib/python3.12/site-packages/airflow/example_dags/example_short_circuit_decorator.py took 0.090 seconds
[2026-06-08T20:06:14.502+0000] {processor.py:161} INFO - Started process (PID=360) to work on /home/airflow/.local/lib/python3.12/site-packages/airflow/example_dags/example_short_circuit_decorator.py
[2026-06-08T20:06:14.503+0000] {processor.py:830} INFO - Processing file /home/airflow/.local/lib/python3.12/site-packages/airflow/example_dags/example_short_circuit_decorator.py for tasks to queue
[2026-06-08T20:06:14.505+0000] {logging_mixin.py:188} INFO - [2026-06-08T20:06:14.505+0000] {dagbag.py:545} INFO - Filling up the DagBag from /home/airflow/.local/lib/python3.12/site-packages/airflow/example_dags/example_short_circuit_decorator.py
[2026-06-08T20:06:14.517+0000] {processor.py:840} INFO - DAG(s) 'example_short_circuit_decorator' retrieved from /home/airflow/.local/lib/python3.12/site-packages/airflow/example_dags/example_short_circuit_decorator.py
[2026-06-08T20:06:14.540+0000] {logging_mixin.py:188} INFO - [2026-06-08T20:06:14.540+0000] {dag.py:3096} INFO - Sync 1 DAGs
[2026-06-08T20:06:14.561+0000] {logging_mixin.py:188} INFO - [2026-06-08T20:06:14.561+0000] {dag.py:3954} INFO - Setting next_dagrun for example_short_circuit_decorator to 2026-06-07 00:00:00+00:00, run_after=2026-06-08 00:00:00+00:00
[2026-06-08T20:06:14.578+0000] {processor.py:183} INFO - Processing /home/airflow/.local/lib/python3.12/site-packages/airflow/example_dags/example_short_circuit_decorator.py took 0.084 seconds
[2026-06-08T20:06:44.682+0000] {processor.py:161} INFO - Started process (PID=418) to work on /home/airflow/.local/lib/python3.12/site-packages/airflow/example_dags/example_short_circuit_decorator.py
[2026-06-08T20:06:44.683+0000] {processor.py:830} INFO - Processing file /home/airflow/.local/lib/python3.12/site-packages/airflow/example_dags/example_short_circuit_decorator.py for tasks to queue
[2026-06-08T20:06:44.687+0000] {logging_mixin.py:188} INFO - [2026-06-08T20:06:44.687+0000] {dagbag.py:545} INFO - Filling up the DagBag from /home/airflow/.local/lib/python3.12/site-packages/airflow/example_dags/example_short_circuit_decorator.py
[2026-06-08T20:06:44.696+0000] {processor.py:840} INFO - DAG(s) 'example_short_circuit_decorator' retrieved from /home/airflow/.local/lib/python3.12/site-packages/airflow/example_dags/example_short_circuit_decorator.py
[2026-06-08T20:06:44.717+0000] {logging_mixin.py:188} INFO - [2026-06-08T20:06:44.717+0000] {dag.py:3096} INFO - Sync 1 DAGs
[2026-06-08T20:06:44.737+0000] {logging_mixin.py:188} INFO - [2026-06-08T20:06:44.737+0000] {dag.py:3954} INFO - Setting next_dagrun for example_short_circuit_decorator to 2026-06-07 00:00:00+00:00, run_after=2026-06-08 00:00:00+00:00
[2026-06-08T20:06:44.755+0000] {processor.py:183} INFO - Processing /home/airflow/.local/lib/python3.12/site-packages/airflow/example_dags/example_short_circuit_decorator.py took 0.082 seconds
[2026-06-08T20:08:19.821+0000] {processor.py:161} INFO - Started process (PID=65) to work on /home/airflow/.local/lib/python3.12/site-packages/airflow/example_dags/example_short_circuit_decorator.py
[2026-06-08T20:08:19.823+0000] {processor.py:830} INFO - Processing file /home/airflow/.local/lib/python3.12/site-packages/airflow/example_dags/example_short_circuit_decorator.py for tasks to queue
[2026-06-08T20:08:19.826+0000] {logging_mixin.py:188} INFO - [2026-06-08T20:08:19.825+0000] {dagbag.py:545} INFO - Filling up the DagBag from /home/airflow/.local/lib/python3.12/site-packages/airflow/example_dags/example_short_circuit_decorator.py
[2026-06-08T20:08:19.857+0000] {processor.py:840} INFO - DAG(s) 'example_short_circuit_decorator' retrieved from /home/airflow/.local/lib/python3.12/site-packages/airflow/example_dags/example_short_circuit_decorator.py
[2026-06-08T20:08:20.234+0000] {logging_mixin.py:188} INFO - [2026-06-08T20:08:20.234+0000] {dag.py:3096} INFO - Sync 1 DAGs
[2026-06-08T20:08:20.326+0000] {logging_mixin.py:188} INFO - [2026-06-08T20:08:20.325+0000] {dag.py:3954} INFO - Setting next_dagrun for example_short_circuit_decorator to 2026-06-07 00:00:00+00:00, run_after=2026-06-08 00:00:00+00:00
[2026-06-08T20:08:20.394+0000] {processor.py:183} INFO - Processing /home/airflow/.local/lib/python3.12/site-packages/airflow/example_dags/example_short_circuit_decorator.py took 0.588 seconds
[2026-06-08T20:08:50.895+0000] {processor.py:161} INFO - Started process (PID=122) to work on /home/airflow/.local/lib/python3.12/site-packages/airflow/example_dags/example_short_circuit_decorator.py
[2026-06-08T20:08:50.896+0000] {processor.py:830} INFO - Processing file /home/airflow/.local/lib/python3.12/site-packages/airflow/example_dags/example_short_circuit_decorator.py for tasks to queue
[2026-06-08T20:08:50.898+0000] {logging_mixin.py:188} INFO - [2026-06-08T20:08:50.897+0000] {dagbag.py:545} INFO - Filling up the DagBag from /home/airflow/.local/lib/python3.12/site-packages/airflow/example_dags/example_short_circuit_decorator.py
[2026-06-08T20:08:50.913+0000] {processor.py:840} INFO - DAG(s) 'example_short_circuit_decorator' retrieved from /home/airflow/.local/lib/python3.12/site-packages/airflow/example_dags/example_short_circuit_decorator.py
[2026-06-08T20:08:51.000+0000] {logging_mixin.py:188} INFO - [2026-06-08T20:08:51.000+0000] {dag.py:3096} INFO - Sync 1 DAGs
[2026-06-08T20:08:51.056+0000] {logging_mixin.py:188} INFO - [2026-06-08T20:08:51.056+0000] {dag.py:3954} INFO - Setting next_dagrun for example_short_circuit_decorator to 2026-06-07 00:00:00+00:00, run_after=2026-06-08 00:00:00+00:00
[2026-06-08T20:08:51.100+0000] {processor.py:183} INFO - Processing /home/airflow/.local/lib/python3.12/site-packages/airflow/example_dags/example_short_circuit_decorator.py took 0.224 seconds
[2026-06-08T20:09:21.827+0000] {processor.py:161} INFO - Started process (PID=180) to work on /home/airflow/.local/lib/python3.12/site-packages/airflow/example_dags/example_short_circuit_decorator.py
[2026-06-08T20:09:21.828+0000] {processor.py:830} INFO - Processing file /home/airflow/.local/lib/python3.12/site-packages/airflow/example_dags/example_short_circuit_decorator.py for tasks to queue
[2026-06-08T20:09:21.829+0000] {logging_mixin.py:188} INFO - [2026-06-08T20:09:21.829+0000] {dagbag.py:545} INFO - Filling up the DagBag from /home/airflow/.local/lib/python3.12/site-packages/airflow/example_dags/example_short_circuit_decorator.py
[2026-06-08T20:09:21.841+0000] {processor.py:840} INFO - DAG(s) 'example_short_circuit_decorator' retrieved from /home/airflow/.local/lib/python3.12/site-packages/airflow/example_dags/example_short_circuit_decorator.py
[2026-06-08T20:09:21.873+0000] {logging_mixin.py:188} INFO - [2026-06-08T20:09:21.873+0000] {dag.py:3096} INFO - Sync 1 DAGs
[2026-06-08T20:09:21.934+0000] {logging_mixin.py:188} INFO - [2026-06-08T20:09:21.934+0000] {dag.py:3954} INFO - Setting next_dagrun for example_short_circuit_decorator to 2026-06-07 00:00:00+00:00, run_after=2026-06-08 00:00:00+00:00
[2026-06-08T20:09:22.025+0000] {processor.py:183} INFO - Processing /home/airflow/.local/lib/python3.12/site-packages/airflow/example_dags/example_short_circuit_decorator.py took 0.206 seconds
[2026-06-08T20:09:52.563+0000] {processor.py:161} INFO - Started process (PID=238) to work on /home/airflow/.local/lib/python3.12/site-packages/airflow/example_dags/example_short_circuit_decorator.py
[2026-06-08T20:09:52.564+0000] {processor.py:830} INFO - Processing file /home/airflow/.local/lib/python3.12/site-packages/airflow/example_dags/example_short_circuit_decorator.py for tasks to queue
[2026-06-08T20:09:52.568+0000] {logging_mixin.py:188} INFO - [2026-06-08T20:09:52.567+0000] {dagbag.py:545} INFO - Filling up the DagBag from /home/airflow/.local/lib/python3.12/site-packages/airflow/example_dags/example_short_circuit_decorator.py
[2026-06-08T20:09:52.587+0000] {processor.py:840} INFO - DAG(s) 'example_short_circuit_decorator' retrieved from /home/airflow/.local/lib/python3.12/site-packages/airflow/example_dags/example_short_circuit_decorator.py
[2026-06-08T20:09:52.643+0000] {logging_mixin.py:188} INFO - [2026-06-08T20:09:52.642+0000] {dag.py:3096} INFO - Sync 1 DAGs
[2026-06-08T20:09:52.706+0000] {logging_mixin.py:188} INFO - [2026-06-08T20:09:52.706+0000] {dag.py:3954} INFO - Setting next_dagrun for example_short_circuit_decorator to 2026-06-07 00:00:00+00:00, run_after=2026-06-08 00:00:00+00:00
[2026-06-08T20:09:52.773+0000] {processor.py:183} INFO - Processing /home/airflow/.local/lib/python3.12/site-packages/airflow/example_dags/example_short_circuit_decorator.py took 0.220 seconds
[2026-06-08T20:10:23.297+0000] {processor.py:161} INFO - Started process (PID=298) to work on /home/airflow/.local/lib/python3.12/site-packages/airflow/example_dags/example_short_circuit_decorator.py
[2026-06-08T20:10:23.298+0000] {processor.py:830} INFO - Processing file /home/airflow/.local/lib/python3.12/site-packages/airflow/example_dags/example_short_circuit_decorator.py for tasks to queue
[2026-06-08T20:10:23.300+0000] {logging_mixin.py:188} INFO - [2026-06-08T20:10:23.300+0000] {dagbag.py:545} INFO - Filling up the DagBag from /home/airflow/.local/lib/python3.12/site-packages/airflow/example_dags/example_short_circuit_decorator.py
[2026-06-08T20:10:23.318+0000] {processor.py:840} INFO - DAG(s) 'example_short_circuit_decorator' retrieved from /home/airflow/.local/lib/python3.12/site-packages/airflow/example_dags/example_short_circuit_decorator.py
[2026-06-08T20:10:23.350+0000] {logging_mixin.py:188} INFO - [2026-06-08T20:10:23.350+0000] {dag.py:3096} INFO - Sync 1 DAGs
[2026-06-08T20:10:23.401+0000] {logging_mixin.py:188} INFO - [2026-06-08T20:10:23.397+0000] {dag.py:3954} INFO - Setting next_dagrun for example_short_circuit_decorator to 2026-06-07 00:00:00+00:00, run_after=2026-06-08 00:00:00+00:00
[2026-06-08T20:10:23.447+0000] {processor.py:183} INFO - Processing /home/airflow/.local/lib/python3.12/site-packages/airflow/example_dags/example_short_circuit_decorator.py took 0.162 seconds
[2026-06-08T20:10:54.924+0000] {processor.py:161} INFO - Started process (PID=362) to work on /home/airflow/.local/lib/python3.12/site-packages/airflow/example_dags/example_short_circuit_decorator.py
[2026-06-08T20:10:54.946+0000] {processor.py:830} INFO - Processing file /home/airflow/.local/lib/python3.12/site-packages/airflow/example_dags/example_short_circuit_decorator.py for tasks to queue
[2026-06-08T20:10:54.957+0000] {logging_mixin.py:188} INFO - [2026-06-08T20:10:54.957+0000] {dagbag.py:545} INFO - Filling up the DagBag from /home/airflow/.local/lib/python3.12/site-packages/airflow/example_dags/example_short_circuit_decorator.py
[2026-06-08T20:10:55.030+0000] {processor.py:840} INFO - DAG(s) 'example_short_circuit_decorator' retrieved from /home/airflow/.local/lib/python3.12/site-packages/airflow/example_dags/example_short_circuit_decorator.py
[2026-06-08T20:10:55.107+0000] {logging_mixin.py:188} INFO - [2026-06-08T20:10:55.107+0000] {dag.py:3096} INFO - Sync 1 DAGs
[2026-06-08T20:10:55.178+0000] {logging_mixin.py:188} INFO - [2026-06-08T20:10:55.178+0000] {dag.py:3954} INFO - Setting next_dagrun for example_short_circuit_decorator to 2026-06-07 00:00:00+00:00, run_after=2026-06-08 00:00:00+00:00
[2026-06-08T20:10:55.221+0000] {processor.py:183} INFO - Processing /home/airflow/.local/lib/python3.12/site-packages/airflow/example_dags/example_short_circuit_decorator.py took 0.312 seconds
[2026-06-08T20:11:25.994+0000] {processor.py:161} INFO - Started process (PID=419) to work on /home/airflow/.local/lib/python3.12/site-packages/airflow/example_dags/example_short_circuit_decorator.py
[2026-06-08T20:11:26.001+0000] {processor.py:830} INFO - Processing file /home/airflow/.local/lib/python3.12/site-packages/airflow/example_dags/example_short_circuit_decorator.py for tasks to queue
[2026-06-08T20:11:26.007+0000] {logging_mixin.py:188} INFO - [2026-06-08T20:11:26.007+0000] {dagbag.py:545} INFO - Filling up the DagBag from /home/airflow/.local/lib/python3.12/site-packages/airflow/example_dags/example_short_circuit_decorator.py
[2026-06-08T20:11:26.049+0000] {processor.py:840} INFO - DAG(s) 'example_short_circuit_decorator' retrieved from /home/airflow/.local/lib/python3.12/site-packages/airflow/example_dags/example_short_circuit_decorator.py
[2026-06-08T20:11:26.147+0000] {logging_mixin.py:188} INFO - [2026-06-08T20:11:26.146+0000] {dag.py:3096} INFO - Sync 1 DAGs
[2026-06-08T20:11:26.250+0000] {logging_mixin.py:188} INFO - [2026-06-08T20:11:26.250+0000] {dag.py:3954} INFO - Setting next_dagrun for example_short_circuit_decorator to 2026-06-07 00:00:00+00:00, run_after=2026-06-08 00:00:00+00:00
[2026-06-08T20:11:26.340+0000] {processor.py:183} INFO - Processing /home/airflow/.local/lib/python3.12/site-packages/airflow/example_dags/example_short_circuit_decorator.py took 0.370 seconds
[2026-06-08T20:11:56.830+0000] {processor.py:161} INFO - Started process (PID=478) to work on /home/airflow/.local/lib/python3.12/site-packages/airflow/example_dags/example_short_circuit_decorator.py
[2026-06-08T20:11:56.831+0000] {processor.py:830} INFO - Processing file /home/airflow/.local/lib/python3.12/site-packages/airflow/example_dags/example_short_circuit_decorator.py for tasks to queue
[2026-06-08T20:11:56.833+0000] {logging_mixin.py:188} INFO - [2026-06-08T20:11:56.832+0000] {dagbag.py:545} INFO - Filling up the DagBag from /home/airflow/.local/lib/python3.12/site-packages/airflow/example_dags/example_short_circuit_decorator.py
[2026-06-08T20:11:56.845+0000] {processor.py:840} INFO - DAG(s) 'example_short_circuit_decorator' retrieved from /home/airflow/.local/lib/python3.12/site-packages/airflow/example_dags/example_short_circuit_decorator.py
[2026-06-08T20:11:56.899+0000] {logging_mixin.py:188} INFO - [2026-06-08T20:11:56.898+0000] {dag.py:3096} INFO - Sync 1 DAGs
[2026-06-08T20:11:56.929+0000] {logging_mixin.py:188} INFO - [2026-06-08T20:11:56.928+0000] {dag.py:3954} INFO - Setting next_dagrun for example_short_circuit_decorator to 2026-06-07 00:00:00+00:00, run_after=2026-06-08 00:00:00+00:00
[2026-06-08T20:11:56.952+0000] {processor.py:183} INFO - Processing /home/airflow/.local/lib/python3.12/site-packages/airflow/example_dags/example_short_circuit_decorator.py took 0.130 seconds
[2026-06-08T20:12:27.050+0000] {processor.py:161} INFO - Started process (PID=536) to work on /home/airflow/.local/lib/python3.12/site-packages/airflow/example_dags/example_short_circuit_decorator.py
[2026-06-08T20:12:27.051+0000] {processor.py:830} INFO - Processing file /home/airflow/.local/lib/python3.12/site-packages/airflow/example_dags/example_short_circuit_decorator.py for tasks to queue
[2026-06-08T20:12:27.053+0000] {logging_mixin.py:188} INFO - [2026-06-08T20:12:27.052+0000] {dagbag.py:545} INFO - Filling up the DagBag from /home/airflow/.local/lib/python3.12/site-packages/airflow/example_dags/example_short_circuit_decorator.py
[2026-06-08T20:12:27.064+0000] {processor.py:840} INFO - DAG(s) 'example_short_circuit_decorator' retrieved from /home/airflow/.local/lib/python3.12/site-packages/airflow/example_dags/example_short_circuit_decorator.py
[2026-06-08T20:12:27.098+0000] {logging_mixin.py:188} INFO - [2026-06-08T20:12:27.097+0000] {dag.py:3096} INFO - Sync 1 DAGs
[2026-06-08T20:12:27.127+0000] {logging_mixin.py:188} INFO - [2026-06-08T20:12:27.127+0000] {dag.py:3954} INFO - Setting next_dagrun for example_short_circuit_decorator to 2026-06-07 00:00:00+00:00, run_after=2026-06-08 00:00:00+00:00
[2026-06-08T20:12:27.149+0000] {processor.py:183} INFO - Processing /home/airflow/.local/lib/python3.12/site-packages/airflow/example_dags/example_short_circuit_decorator.py took 0.107 seconds
[2026-06-08T20:12:58.039+0000] {processor.py:161} INFO - Started process (PID=594) to work on /home/airflow/.local/lib/python3.12/site-packages/airflow/example_dags/example_short_circuit_decorator.py
[2026-06-08T20:12:58.040+0000] {processor.py:830} INFO - Processing file /home/airflow/.local/lib/python3.12/site-packages/airflow/example_dags/example_short_circuit_decorator.py for tasks to queue
[2026-06-08T20:12:58.042+0000] {logging_mixin.py:188} INFO - [2026-06-08T20:12:58.042+0000] {dagbag.py:545} INFO - Filling up the DagBag from /home/airflow/.local/lib/python3.12/site-packages/airflow/example_dags/example_short_circuit_decorator.py
[2026-06-08T20:12:58.092+0000] {processor.py:840} INFO - DAG(s) 'example_short_circuit_decorator' retrieved from /home/airflow/.local/lib/python3.12/site-packages/airflow/example_dags/example_short_circuit_decorator.py
[2026-06-08T20:12:58.177+0000] {logging_mixin.py:188} INFO - [2026-06-08T20:12:58.176+0000] {dag.py:3096} INFO - Sync 1 DAGs
[2026-06-08T20:12:58.219+0000] {logging_mixin.py:188} INFO - [2026-06-08T20:12:58.219+0000] {dag.py:3954} INFO - Setting next_dagrun for example_short_circuit_decorator to 2026-06-07 00:00:00+00:00, run_after=2026-06-08 00:00:00+00:00
[2026-06-08T20:12:58.293+0000] {processor.py:183} INFO - Processing /home/airflow/.local/lib/python3.12/site-packages/airflow/example_dags/example_short_circuit_decorator.py took 0.265 seconds
[2026-06-08T20:13:31.611+0000] {processor.py:161} INFO - Started process (PID=651) to work on /home/airflow/.local/lib/python3.12/site-packages/airflow/example_dags/example_short_circuit_decorator.py
[2026-06-08T20:13:31.621+0000] {processor.py:830} INFO - Processing file /home/airflow/.local/lib/python3.12/site-packages/airflow/example_dags/example_short_circuit_decorator.py for tasks to queue
[2026-06-08T20:13:31.637+0000] {logging_mixin.py:188} INFO - [2026-06-08T20:13:31.636+0000] {dagbag.py:545} INFO - Filling up the DagBag from /home/airflow/.local/lib/python3.12/site-packages/airflow/example_dags/example_short_circuit_decorator.py
[2026-06-08T20:13:31.745+0000] {processor.py:840} INFO - DAG(s) 'example_short_circuit_decorator' retrieved from /home/airflow/.local/lib/python3.12/site-packages/airflow/example_dags/example_short_circuit_decorator.py
[2026-06-08T20:13:32.089+0000] {logging_mixin.py:188} INFO - [2026-06-08T20:13:32.088+0000] {dag.py:3096} INFO - Sync 1 DAGs
[2026-06-08T20:13:32.315+0000] {logging_mixin.py:188} INFO - [2026-06-08T20:13:32.315+0000] {dag.py:3954} INFO - Setting next_dagrun for example_short_circuit_decorator to 2026-06-07 00:00:00+00:00, run_after=2026-06-08 00:00:00+00:00
[2026-06-08T20:13:32.482+0000] {processor.py:183} INFO - Processing /home/airflow/.local/lib/python3.12/site-packages/airflow/example_dags/example_short_circuit_decorator.py took 0.950 seconds
[2026-06-08T20:14:03.669+0000] {processor.py:161} INFO - Started process (PID=709) to work on /home/airflow/.local/lib/python3.12/site-packages/airflow/example_dags/example_short_circuit_decorator.py
[2026-06-08T20:14:03.675+0000] {processor.py:830} INFO - Processing file /home/airflow/.local/lib/python3.12/site-packages/airflow/example_dags/example_short_circuit_decorator.py for tasks to queue
[2026-06-08T20:14:03.682+0000] {logging_mixin.py:188} INFO - [2026-06-08T20:14:03.680+0000] {dagbag.py:545} INFO - Filling up the DagBag from /home/airflow/.local/lib/python3.12/site-packages/airflow/example_dags/example_short_circuit_decorator.py
[2026-06-08T20:14:03.724+0000] {processor.py:840} INFO - DAG(s) 'example_short_circuit_decorator' retrieved from /home/airflow/.local/lib/python3.12/site-packages/airflow/example_dags/example_short_circuit_decorator.py
[2026-06-08T20:14:03.776+0000] {logging_mixin.py:188} INFO - [2026-06-08T20:14:03.776+0000] {dag.py:3096} INFO - Sync 1 DAGs
[2026-06-08T20:14:03.814+0000] {logging_mixin.py:188} INFO - [2026-06-08T20:14:03.813+0000] {dag.py:3954} INFO - Setting next_dagrun for example_short_circuit_decorator to 2026-06-07 00:00:00+00:00, run_after=2026-06-08 00:00:00+00:00
[2026-06-08T20:14:03.853+0000] {processor.py:183} INFO - Processing /home/airflow/.local/lib/python3.12/site-packages/airflow/example_dags/example_short_circuit_decorator.py took 0.212 seconds
[2026-06-08T20:14:34.793+0000] {processor.py:161} INFO - Started process (PID=765) to work on /home/airflow/.local/lib/python3.12/site-packages/airflow/example_dags/example_short_circuit_decorator.py
[2026-06-08T20:14:34.796+0000] {processor.py:830} INFO - Processing file /home/airflow/.local/lib/python3.12/site-packages/airflow/example_dags/example_short_circuit_decorator.py for tasks to queue
[2026-06-08T20:14:34.798+0000] {logging_mixin.py:188} INFO - [2026-06-08T20:14:34.797+0000] {dagbag.py:545} INFO - Filling up the DagBag from /home/airflow/.local/lib/python3.12/site-packages/airflow/example_dags/example_short_circuit_decorator.py
[2026-06-08T20:14:34.809+0000] {processor.py:840} INFO - DAG(s) 'example_short_circuit_decorator' retrieved from /home/airflow/.local/lib/python3.12/site-packages/airflow/example_dags/example_short_circuit_decorator.py
[2026-06-08T20:14:34.839+0000] {logging_mixin.py:188} INFO - [2026-06-08T20:14:34.839+0000] {dag.py:3096} INFO - Sync 1 DAGs
[2026-06-08T20:14:34.919+0000] {logging_mixin.py:188} INFO - [2026-06-08T20:14:34.918+0000] {dag.py:3954} INFO - Setting next_dagrun for example_short_circuit_decorator to 2026-06-07 00:00:00+00:00, run_after=2026-06-08 00:00:00+00:00
[2026-06-08T20:14:34.945+0000] {processor.py:183} INFO - Processing /home/airflow/.local/lib/python3.12/site-packages/airflow/example_dags/example_short_circuit_decorator.py took 0.158 seconds
[2026-06-08T20:15:05.224+0000] {processor.py:161} INFO - Started process (PID=823) to work on /home/airflow/.local/lib/python3.12/site-packages/airflow/example_dags/example_short_circuit_decorator.py
[2026-06-08T20:15:05.226+0000] {processor.py:830} INFO - Processing file /home/airflow/.local/lib/python3.12/site-packages/airflow/example_dags/example_short_circuit_decorator.py for tasks to queue
[2026-06-08T20:15:05.229+0000] {logging_mixin.py:188} INFO - [2026-06-08T20:15:05.228+0000] {dagbag.py:545} INFO - Filling up the DagBag from /home/airflow/.local/lib/python3.12/site-packages/airflow/example_dags/example_short_circuit_decorator.py
[2026-06-08T20:15:05.241+0000] {processor.py:840} INFO - DAG(s) 'example_short_circuit_decorator' retrieved from /home/airflow/.local/lib/python3.12/site-packages/airflow/example_dags/example_short_circuit_decorator.py
[2026-06-08T20:15:05.279+0000] {logging_mixin.py:188} INFO - [2026-06-08T20:15:05.278+0000] {dag.py:3096} INFO - Sync 1 DAGs
[2026-06-08T20:15:05.308+0000] {logging_mixin.py:188} INFO - [2026-06-08T20:15:05.308+0000] {dag.py:3954} INFO - Setting next_dagrun for example_short_circuit_decorator to 2026-06-07 00:00:00+00:00, run_after=2026-06-08 00:00:00+00:00
[2026-06-08T20:15:05.331+0000] {processor.py:183} INFO - Processing /home/airflow/.local/lib/python3.12/site-packages/airflow/example_dags/example_short_circuit_decorator.py took 0.113 seconds
[2026-06-08T20:15:35.658+0000] {processor.py:161} INFO - Started process (PID=881) to work on /home/airflow/.local/lib/python3.12/site-packages/airflow/example_dags/example_short_circuit_decorator.py
[2026-06-08T20:15:35.659+0000] {processor.py:830} INFO - Processing file /home/airflow/.local/lib/python3.12/site-packages/airflow/example_dags/example_short_circuit_decorator.py for tasks to queue
[2026-06-08T20:15:35.661+0000] {logging_mixin.py:188} INFO - [2026-06-08T20:15:35.660+0000] {dagbag.py:545} INFO - Filling up the DagBag from /home/airflow/.local/lib/python3.12/site-packages/airflow/example_dags/example_short_circuit_decorator.py
[2026-06-08T20:15:35.672+0000] {processor.py:840} INFO - DAG(s) 'example_short_circuit_decorator' retrieved from /home/airflow/.local/lib/python3.12/site-packages/airflow/example_dags/example_short_circuit_decorator.py
[2026-06-08T20:15:35.707+0000] {logging_mixin.py:188} INFO - [2026-06-08T20:15:35.707+0000] {dag.py:3096} INFO - Sync 1 DAGs
[2026-06-08T20:15:35.755+0000] {logging_mixin.py:188} INFO - [2026-06-08T20:15:35.755+0000] {dag.py:3954} INFO - Setting next_dagrun for example_short_circuit_decorator to 2026-06-07 00:00:00+00:00, run_after=2026-06-08 00:00:00+00:00
[2026-06-08T20:15:35.785+0000] {processor.py:183} INFO - Processing /home/airflow/.local/lib/python3.12/site-packages/airflow/example_dags/example_short_circuit_decorator.py took 0.135 seconds
[2026-06-08T20:16:06.431+0000] {processor.py:161} INFO - Started process (PID=939) to work on /home/airflow/.local/lib/python3.12/site-packages/airflow/example_dags/example_short_circuit_decorator.py
[2026-06-08T20:16:06.432+0000] {processor.py:830} INFO - Processing file /home/airflow/.local/lib/python3.12/site-packages/airflow/example_dags/example_short_circuit_decorator.py for tasks to queue
[2026-06-08T20:16:06.434+0000] {logging_mixin.py:188} INFO - [2026-06-08T20:16:06.434+0000] {dagbag.py:545} INFO - Filling up the DagBag from /home/airflow/.local/lib/python3.12/site-packages/airflow/example_dags/example_short_circuit_decorator.py
[2026-06-08T20:16:06.446+0000] {processor.py:840} INFO - DAG(s) 'example_short_circuit_decorator' retrieved from /home/airflow/.local/lib/python3.12/site-packages/airflow/example_dags/example_short_circuit_decorator.py
[2026-06-08T20:16:06.477+0000] {logging_mixin.py:188} INFO - [2026-06-08T20:16:06.477+0000] {dag.py:3096} INFO - Sync 1 DAGs
[2026-06-08T20:16:06.507+0000] {logging_mixin.py:188} INFO - [2026-06-08T20:16:06.507+0000] {dag.py:3954} INFO - Setting next_dagrun for example_short_circuit_decorator to 2026-06-07 00:00:00+00:00, run_after=2026-06-08 00:00:00+00:00
[2026-06-08T20:16:06.528+0000] {processor.py:183} INFO - Processing /home/airflow/.local/lib/python3.12/site-packages/airflow/example_dags/example_short_circuit_decorator.py took 0.104 seconds
[2026-06-08T20:16:36.881+0000] {processor.py:161} INFO - Started process (PID=997) to work on /home/airflow/.local/lib/python3.12/site-packages/airflow/example_dags/example_short_circuit_decorator.py
[2026-06-08T20:16:36.883+0000] {processor.py:830} INFO - Processing file /home/airflow/.local/lib/python3.12/site-packages/airflow/example_dags/example_short_circuit_decorator.py for tasks to queue
[2026-06-08T20:16:36.885+0000] {logging_mixin.py:188} INFO - [2026-06-08T20:16:36.884+0000] {dagbag.py:545} INFO - Filling up the DagBag from /home/airflow/.local/lib/python3.12/site-packages/airflow/example_dags/example_short_circuit_decorator.py
[2026-06-08T20:16:36.897+0000] {processor.py:840} INFO - DAG(s) 'example_short_circuit_decorator' retrieved from /home/airflow/.local/lib/python3.12/site-packages/airflow/example_dags/example_short_circuit_decorator.py
[2026-06-08T20:16:36.952+0000] {logging_mixin.py:188} INFO - [2026-06-08T20:16:36.952+0000] {dag.py:3096} INFO - Sync 1 DAGs
[2026-06-08T20:16:36.982+0000] {logging_mixin.py:188} INFO - [2026-06-08T20:16:36.982+0000] {dag.py:3954} INFO - Setting next_dagrun for example_short_circuit_decorator to 2026-06-07 00:00:00+00:00, run_after=2026-06-08 00:00:00+00:00
[2026-06-08T20:16:37.004+0000] {processor.py:183} INFO - Processing /home/airflow/.local/lib/python3.12/site-packages/airflow/example_dags/example_short_circuit_decorator.py took 0.129 seconds
[2026-06-08T20:17:07.146+0000] {processor.py:161} INFO - Started process (PID=1055) to work on /home/airflow/.local/lib/python3.12/site-packages/airflow/example_dags/example_short_circuit_decorator.py
[2026-06-08T20:17:07.153+0000] {processor.py:830} INFO - Processing file /home/airflow/.local/lib/python3.12/site-packages/airflow/example_dags/example_short_circuit_decorator.py for tasks to queue
[2026-06-08T20:17:07.163+0000] {logging_mixin.py:188} INFO - [2026-06-08T20:17:07.163+0000] {dagbag.py:545} INFO - Filling up the DagBag from /home/airflow/.local/lib/python3.12/site-packages/airflow/example_dags/example_short_circuit_decorator.py
[2026-06-08T20:17:07.254+0000] {processor.py:840} INFO - DAG(s) 'example_short_circuit_decorator' retrieved from /home/airflow/.local/lib/python3.12/site-packages/airflow/example_dags/example_short_circuit_decorator.py
[2026-06-08T20:17:07.424+0000] {logging_mixin.py:188} INFO - [2026-06-08T20:17:07.424+0000] {dag.py:3096} INFO - Sync 1 DAGs
[2026-06-08T20:17:07.529+0000] {logging_mixin.py:188} INFO - [2026-06-08T20:17:07.529+0000] {dag.py:3954} INFO - Setting next_dagrun for example_short_circuit_decorator to 2026-06-07 00:00:00+00:00, run_after=2026-06-08 00:00:00+00:00
[2026-06-08T20:17:07.676+0000] {processor.py:183} INFO - Processing /home/airflow/.local/lib/python3.12/site-packages/airflow/example_dags/example_short_circuit_decorator.py took 0.568 seconds
[2026-06-08T20:18:47.672+0000] {processor.py:161} INFO - Started process (PID=67) to work on /home/airflow/.local/lib/python3.12/site-packages/airflow/example_dags/example_short_circuit_decorator.py
[2026-06-08T20:18:47.677+0000] {processor.py:830} INFO - Processing file /home/airflow/.local/lib/python3.12/site-packages/airflow/example_dags/example_short_circuit_decorator.py for tasks to queue
[2026-06-08T20:18:47.688+0000] {logging_mixin.py:188} INFO - [2026-06-08T20:18:47.688+0000] {dagbag.py:545} INFO - Filling up the DagBag from /home/airflow/.local/lib/python3.12/site-packages/airflow/example_dags/example_short_circuit_decorator.py
[2026-06-08T20:18:47.763+0000] {processor.py:840} INFO - DAG(s) 'example_short_circuit_decorator' retrieved from /home/airflow/.local/lib/python3.12/site-packages/airflow/example_dags/example_short_circuit_decorator.py
[2026-06-08T20:18:48.996+0000] {logging_mixin.py:188} INFO - [2026-06-08T20:18:48.988+0000] {dag.py:3096} INFO - Sync 1 DAGs
[2026-06-08T20:18:49.278+0000] {logging_mixin.py:188} INFO - [2026-06-08T20:18:49.275+0000] {dag.py:3954} INFO - Setting next_dagrun for example_short_circuit_decorator to 2026-06-07 00:00:00+00:00, run_after=2026-06-08 00:00:00+00:00
[2026-06-08T20:18:49.486+0000] {processor.py:183} INFO - Processing /home/airflow/.local/lib/python3.12/site-packages/airflow/example_dags/example_short_circuit_decorator.py took 1.847 seconds
[2026-06-08T20:19:20.385+0000] {processor.py:161} INFO - Started process (PID=126) to work on /home/airflow/.local/lib/python3.12/site-packages/airflow/example_dags/example_short_circuit_decorator.py
[2026-06-08T20:19:20.389+0000] {processor.py:830} INFO - Processing file /home/airflow/.local/lib/python3.12/site-packages/airflow/example_dags/example_short_circuit_decorator.py for tasks to queue
[2026-06-08T20:19:20.394+0000] {logging_mixin.py:188} INFO - [2026-06-08T20:19:20.394+0000] {dagbag.py:545} INFO - Filling up the DagBag from /home/airflow/.local/lib/python3.12/site-packages/airflow/example_dags/example_short_circuit_decorator.py
[2026-06-08T20:19:20.435+0000] {processor.py:840} INFO - DAG(s) 'example_short_circuit_decorator' retrieved from /home/airflow/.local/lib/python3.12/site-packages/airflow/example_dags/example_short_circuit_decorator.py
[2026-06-08T20:19:20.541+0000] {logging_mixin.py:188} INFO - [2026-06-08T20:19:20.541+0000] {dag.py:3096} INFO - Sync 1 DAGs
[2026-06-08T20:19:20.597+0000] {logging_mixin.py:188} INFO - [2026-06-08T20:19:20.597+0000] {dag.py:3954} INFO - Setting next_dagrun for example_short_circuit_decorator to 2026-06-07 00:00:00+00:00, run_after=2026-06-08 00:00:00+00:00
[2026-06-08T20:19:20.625+0000] {processor.py:183} INFO - Processing /home/airflow/.local/lib/python3.12/site-packages/airflow/example_dags/example_short_circuit_decorator.py took 0.274 seconds
[2026-06-08T20:19:50.831+0000] {processor.py:161} INFO - Started process (PID=185) to work on /home/airflow/.local/lib/python3.12/site-packages/airflow/example_dags/example_short_circuit_decorator.py
[2026-06-08T20:19:50.837+0000] {processor.py:830} INFO - Processing file /home/airflow/.local/lib/python3.12/site-packages/airflow/example_dags/example_short_circuit_decorator.py for tasks to queue
[2026-06-08T20:19:50.849+0000] {logging_mixin.py:188} INFO - [2026-06-08T20:19:50.843+0000] {dagbag.py:545} INFO - Filling up the DagBag from /home/airflow/.local/lib/python3.12/site-packages/airflow/example_dags/example_short_circuit_decorator.py
[2026-06-08T20:19:50.933+0000] {processor.py:840} INFO - DAG(s) 'example_short_circuit_decorator' retrieved from /home/airflow/.local/lib/python3.12/site-packages/airflow/example_dags/example_short_circuit_decorator.py
[2026-06-08T20:19:51.279+0000] {logging_mixin.py:188} INFO - [2026-06-08T20:19:51.273+0000] {dag.py:3096} INFO - Sync 1 DAGs
[2026-06-08T20:19:51.433+0000] {logging_mixin.py:188} INFO - [2026-06-08T20:19:51.430+0000] {dag.py:3954} INFO - Setting next_dagrun for example_short_circuit_decorator to 2026-06-07 00:00:00+00:00, run_after=2026-06-08 00:00:00+00:00
[2026-06-08T20:19:51.822+0000] {processor.py:183} INFO - Processing /home/airflow/.local/lib/python3.12/site-packages/airflow/example_dags/example_short_circuit_decorator.py took 1.030 seconds
[2026-06-08T20:20:22.075+0000] {processor.py:161} INFO - Started process (PID=243) to work on /home/airflow/.local/lib/python3.12/site-packages/airflow/example_dags/example_short_circuit_decorator.py
[2026-06-08T20:20:22.078+0000] {processor.py:830} INFO - Processing file /home/airflow/.local/lib/python3.12/site-packages/airflow/example_dags/example_short_circuit_decorator.py for tasks to queue
[2026-06-08T20:20:22.087+0000] {logging_mixin.py:188} INFO - [2026-06-08T20:20:22.083+0000] {dagbag.py:545} INFO - Filling up the DagBag from /home/airflow/.local/lib/python3.12/site-packages/airflow/example_dags/example_short_circuit_decorator.py
[2026-06-08T20:20:22.124+0000] {processor.py:840} INFO - DAG(s) 'example_short_circuit_decorator' retrieved from /home/airflow/.local/lib/python3.12/site-packages/airflow/example_dags/example_short_circuit_decorator.py
[2026-06-08T20:20:22.286+0000] {logging_mixin.py:188} INFO - [2026-06-08T20:20:22.284+0000] {dag.py:3096} INFO - Sync 1 DAGs
[2026-06-08T20:20:22.588+0000] {logging_mixin.py:188} INFO - [2026-06-08T20:20:22.585+0000] {dag.py:3954} INFO - Setting next_dagrun for example_short_circuit_decorator to 2026-06-07 00:00:00+00:00, run_after=2026-06-08 00:00:00+00:00
[2026-06-08T20:20:22.672+0000] {processor.py:183} INFO - Processing /home/airflow/.local/lib/python3.12/site-packages/airflow/example_dags/example_short_circuit_decorator.py took 0.625 seconds
[2026-06-08T20:20:53.586+0000] {processor.py:161} INFO - Started process (PID=302) to work on /home/airflow/.local/lib/python3.12/site-packages/airflow/example_dags/example_short_circuit_decorator.py
[2026-06-08T20:20:53.587+0000] {processor.py:830} INFO - Processing file /home/airflow/.local/lib/python3.12/site-packages/airflow/example_dags/example_short_circuit_decorator.py for tasks to queue
[2026-06-08T20:20:53.589+0000] {logging_mixin.py:188} INFO - [2026-06-08T20:20:53.589+0000] {dagbag.py:545} INFO - Filling up the DagBag from /home/airflow/.local/lib/python3.12/site-packages/airflow/example_dags/example_short_circuit_decorator.py
[2026-06-08T20:20:53.600+0000] {processor.py:840} INFO - DAG(s) 'example_short_circuit_decorator' retrieved from /home/airflow/.local/lib/python3.12/site-packages/airflow/example_dags/example_short_circuit_decorator.py
[2026-06-08T20:20:53.633+0000] {logging_mixin.py:188} INFO - [2026-06-08T20:20:53.633+0000] {dag.py:3096} INFO - Sync 1 DAGs
[2026-06-08T20:20:53.667+0000] {logging_mixin.py:188} INFO - [2026-06-08T20:20:53.667+0000] {dag.py:3954} INFO - Setting next_dagrun for example_short_circuit_decorator to 2026-06-07 00:00:00+00:00, run_after=2026-06-08 00:00:00+00:00
[2026-06-08T20:20:53.690+0000] {processor.py:183} INFO - Processing /home/airflow/.local/lib/python3.12/site-packages/airflow/example_dags/example_short_circuit_decorator.py took 0.110 seconds
[2026-06-08T20:21:24.002+0000] {processor.py:161} INFO - Started process (PID=360) to work on /home/airflow/.local/lib/python3.12/site-packages/airflow/example_dags/example_short_circuit_decorator.py
[2026-06-08T20:21:24.005+0000] {processor.py:830} INFO - Processing file /home/airflow/.local/lib/python3.12/site-packages/airflow/example_dags/example_short_circuit_decorator.py for tasks to queue
[2026-06-08T20:21:24.011+0000] {logging_mixin.py:188} INFO - [2026-06-08T20:21:24.010+0000] {dagbag.py:545} INFO - Filling up the DagBag from /home/airflow/.local/lib/python3.12/site-packages/airflow/example_dags/example_short_circuit_decorator.py
[2026-06-08T20:21:24.040+0000] {processor.py:840} INFO - DAG(s) 'example_short_circuit_decorator' retrieved from /home/airflow/.local/lib/python3.12/site-packages/airflow/example_dags/example_short_circuit_decorator.py
[2026-06-08T20:21:24.125+0000] {logging_mixin.py:188} INFO - [2026-06-08T20:21:24.124+0000] {dag.py:3096} INFO - Sync 1 DAGs
[2026-06-08T20:21:24.186+0000] {logging_mixin.py:188} INFO - [2026-06-08T20:21:24.186+0000] {dag.py:3954} INFO - Setting next_dagrun for example_short_circuit_decorator to 2026-06-07 00:00:00+00:00, run_after=2026-06-08 00:00:00+00:00
[2026-06-08T20:21:24.247+0000] {processor.py:183} INFO - Processing /home/airflow/.local/lib/python3.12/site-packages/airflow/example_dags/example_short_circuit_decorator.py took 0.258 seconds
[2026-06-08T20:21:54.350+0000] {processor.py:161} INFO - Started process (PID=420) to work on /home/airflow/.local/lib/python3.12/site-packages/airflow/example_dags/example_short_circuit_decorator.py
[2026-06-08T20:21:54.351+0000] {processor.py:830} INFO - Processing file /home/airflow/.local/lib/python3.12/site-packages/airflow/example_dags/example_short_circuit_decorator.py for tasks to queue
[2026-06-08T20:21:54.352+0000] {logging_mixin.py:188} INFO - [2026-06-08T20:21:54.352+0000] {dagbag.py:545} INFO - Filling up the DagBag from /home/airflow/.local/lib/python3.12/site-packages/airflow/example_dags/example_short_circuit_decorator.py
[2026-06-08T20:21:54.360+0000] {processor.py:840} INFO - DAG(s) 'example_short_circuit_decorator' retrieved from /home/airflow/.local/lib/python3.12/site-packages/airflow/example_dags/example_short_circuit_decorator.py
[2026-06-08T20:21:54.383+0000] {logging_mixin.py:188} INFO - [2026-06-08T20:21:54.383+0000] {dag.py:3096} INFO - Sync 1 DAGs
[2026-06-08T20:21:54.403+0000] {logging_mixin.py:188} INFO - [2026-06-08T20:21:54.403+0000] {dag.py:3954} INFO - Setting next_dagrun for example_short_circuit_decorator to 2026-06-07 00:00:00+00:00, run_after=2026-06-08 00:00:00+00:00
[2026-06-08T20:21:54.419+0000] {processor.py:183} INFO - Processing /home/airflow/.local/lib/python3.12/site-packages/airflow/example_dags/example_short_circuit_decorator.py took 0.074 seconds
[2026-06-08T20:22:24.661+0000] {processor.py:161} INFO - Started process (PID=478) to work on /home/airflow/.local/lib/python3.12/site-packages/airflow/example_dags/example_short_circuit_decorator.py
[2026-06-08T20:22:24.663+0000] {processor.py:830} INFO - Processing file /home/airflow/.local/lib/python3.12/site-packages/airflow/example_dags/example_short_circuit_decorator.py for tasks to queue
[2026-06-08T20:22:24.666+0000] {logging_mixin.py:188} INFO - [2026-06-08T20:22:24.666+0000] {dagbag.py:545} INFO - Filling up the DagBag from /home/airflow/.local/lib/python3.12/site-packages/airflow/example_dags/example_short_circuit_decorator.py
[2026-06-08T20:22:24.693+0000] {processor.py:840} INFO - DAG(s) 'example_short_circuit_decorator' retrieved from /home/airflow/.local/lib/python3.12/site-packages/airflow/example_dags/example_short_circuit_decorator.py
[2026-06-08T20:22:24.767+0000] {logging_mixin.py:188} INFO - [2026-06-08T20:22:24.766+0000] {dag.py:3096} INFO - Sync 1 DAGs
[2026-06-08T20:22:24.817+0000] {logging_mixin.py:188} INFO - [2026-06-08T20:22:24.816+0000] {dag.py:3954} INFO - Setting next_dagrun for example_short_circuit_decorator to 2026-06-07 00:00:00+00:00, run_after=2026-06-08 00:00:00+00:00
[2026-06-08T20:22:24.857+0000] {processor.py:183} INFO - Processing /home/airflow/.local/lib/python3.12/site-packages/airflow/example_dags/example_short_circuit_decorator.py took 0.208 seconds
[2026-06-08T20:22:55.392+0000] {processor.py:161} INFO - Started process (PID=537) to work on /home/airflow/.local/lib/python3.12/site-packages/airflow/example_dags/example_short_circuit_decorator.py
[2026-06-08T20:22:55.395+0000] {processor.py:830} INFO - Processing file /home/airflow/.local/lib/python3.12/site-packages/airflow/example_dags/example_short_circuit_decorator.py for tasks to queue
[2026-06-08T20:22:55.404+0000] {logging_mixin.py:188} INFO - [2026-06-08T20:22:55.400+0000] {dagbag.py:545} INFO - Filling up the DagBag from /home/airflow/.local/lib/python3.12/site-packages/airflow/example_dags/example_short_circuit_decorator.py
[2026-06-08T20:22:55.430+0000] {processor.py:840} INFO - DAG(s) 'example_short_circuit_decorator' retrieved from /home/airflow/.local/lib/python3.12/site-packages/airflow/example_dags/example_short_circuit_decorator.py
[2026-06-08T20:22:55.477+0000] {logging_mixin.py:188} INFO - [2026-06-08T20:22:55.477+0000] {dag.py:3096} INFO - Sync 1 DAGs
[2026-06-08T20:22:55.533+0000] {logging_mixin.py:188} INFO - [2026-06-08T20:22:55.532+0000] {dag.py:3954} INFO - Setting next_dagrun for example_short_circuit_decorator to 2026-06-07 00:00:00+00:00, run_after=2026-06-08 00:00:00+00:00
[2026-06-08T20:22:55.611+0000] {processor.py:183} INFO - Processing /home/airflow/.local/lib/python3.12/site-packages/airflow/example_dags/example_short_circuit_decorator.py took 0.237 seconds
[2026-06-08T20:23:25.870+0000] {processor.py:161} INFO - Started process (PID=596) to work on /home/airflow/.local/lib/python3.12/site-packages/airflow/example_dags/example_short_circuit_decorator.py
[2026-06-08T20:23:25.872+0000] {processor.py:830} INFO - Processing file /home/airflow/.local/lib/python3.12/site-packages/airflow/example_dags/example_short_circuit_decorator.py for tasks to queue
[2026-06-08T20:23:25.874+0000] {logging_mixin.py:188} INFO - [2026-06-08T20:23:25.873+0000] {dagbag.py:545} INFO - Filling up the DagBag from /home/airflow/.local/lib/python3.12/site-packages/airflow/example_dags/example_short_circuit_decorator.py
[2026-06-08T20:23:25.886+0000] {processor.py:840} INFO - DAG(s) 'example_short_circuit_decorator' retrieved from /home/airflow/.local/lib/python3.12/site-packages/airflow/example_dags/example_short_circuit_decorator.py
[2026-06-08T20:23:25.924+0000] {logging_mixin.py:188} INFO - [2026-06-08T20:23:25.924+0000] {dag.py:3096} INFO - Sync 1 DAGs
[2026-06-08T20:23:25.966+0000] {logging_mixin.py:188} INFO - [2026-06-08T20:23:25.963+0000] {dag.py:3954} INFO - Setting next_dagrun for example_short_circuit_decorator to 2026-06-07 00:00:00+00:00, run_after=2026-06-08 00:00:00+00:00
[2026-06-08T20:23:25.995+0000] {processor.py:183} INFO - Processing /home/airflow/.local/lib/python3.12/site-packages/airflow/example_dags/example_short_circuit_decorator.py took 0.131 seconds
