[2026-06-08T20:03:59.551+0000] {processor.py:161} INFO - Started process (PID=116) to work on /home/airflow/.local/lib/python3.12/site-packages/airflow/example_dags/example_branch_python_dop_operator_3.py
[2026-06-08T20:03:59.552+0000] {processor.py:830} INFO - Processing file /home/airflow/.local/lib/python3.12/site-packages/airflow/example_dags/example_branch_python_dop_operator_3.py for tasks to queue
[2026-06-08T20:03:59.554+0000] {logging_mixin.py:188} INFO - [2026-06-08T20:03:59.554+0000] {dagbag.py:545} INFO - Filling up the DagBag from /home/airflow/.local/lib/python3.12/site-packages/airflow/example_dags/example_branch_python_dop_operator_3.py
[2026-06-08T20:03:59.567+0000] {processor.py:840} INFO - DAG(s) 'example_branch_dop_operator_v3' retrieved from /home/airflow/.local/lib/python3.12/site-packages/airflow/example_dags/example_branch_python_dop_operator_3.py
[2026-06-08T20:04:00.250+0000] {logging_mixin.py:188} INFO - [2026-06-08T20:04:00.250+0000] {dag.py:3096} INFO - Sync 1 DAGs
[2026-06-08T20:04:00.341+0000] {logging_mixin.py:188} INFO - [2026-06-08T20:04:00.341+0000] {dag.py:3954} INFO - Setting next_dagrun for example_branch_dop_operator_v3 to 2026-06-08 20:03:00+00:00, run_after=2026-06-08 20:04:00+00:00
[2026-06-08T20:04:00.433+0000] {processor.py:183} INFO - Processing /home/airflow/.local/lib/python3.12/site-packages/airflow/example_dags/example_branch_python_dop_operator_3.py took 0.898 seconds
[2026-06-08T20:04:30.599+0000] {processor.py:161} INFO - Started process (PID=174) to work on /home/airflow/.local/lib/python3.12/site-packages/airflow/example_dags/example_branch_python_dop_operator_3.py
[2026-06-08T20:04:30.600+0000] {processor.py:830} INFO - Processing file /home/airflow/.local/lib/python3.12/site-packages/airflow/example_dags/example_branch_python_dop_operator_3.py for tasks to queue
[2026-06-08T20:04:30.602+0000] {logging_mixin.py:188} INFO - [2026-06-08T20:04:30.601+0000] {dagbag.py:545} INFO - Filling up the DagBag from /home/airflow/.local/lib/python3.12/site-packages/airflow/example_dags/example_branch_python_dop_operator_3.py
[2026-06-08T20:04:30.612+0000] {processor.py:840} INFO - DAG(s) 'example_branch_dop_operator_v3' retrieved from /home/airflow/.local/lib/python3.12/site-packages/airflow/example_dags/example_branch_python_dop_operator_3.py
[2026-06-08T20:04:30.631+0000] {logging_mixin.py:188} INFO - [2026-06-08T20:04:30.631+0000] {dag.py:3096} INFO - Sync 1 DAGs
[2026-06-08T20:04:30.661+0000] {logging_mixin.py:188} INFO - [2026-06-08T20:04:30.660+0000] {dag.py:3954} INFO - Setting next_dagrun for example_branch_dop_operator_v3 to 2026-06-08 20:03:00+00:00, run_after=2026-06-08 20:04:00+00:00
[2026-06-08T20:04:30.699+0000] {processor.py:183} INFO - Processing /home/airflow/.local/lib/python3.12/site-packages/airflow/example_dags/example_branch_python_dop_operator_3.py took 0.105 seconds
[2026-06-08T20:05:01.692+0000] {processor.py:161} INFO - Started process (PID=232) to work on /home/airflow/.local/lib/python3.12/site-packages/airflow/example_dags/example_branch_python_dop_operator_3.py
[2026-06-08T20:05:01.693+0000] {processor.py:830} INFO - Processing file /home/airflow/.local/lib/python3.12/site-packages/airflow/example_dags/example_branch_python_dop_operator_3.py for tasks to queue
[2026-06-08T20:05:01.695+0000] {logging_mixin.py:188} INFO - [2026-06-08T20:05:01.695+0000] {dagbag.py:545} INFO - Filling up the DagBag from /home/airflow/.local/lib/python3.12/site-packages/airflow/example_dags/example_branch_python_dop_operator_3.py
[2026-06-08T20:05:01.710+0000] {processor.py:840} INFO - DAG(s) 'example_branch_dop_operator_v3' retrieved from /home/airflow/.local/lib/python3.12/site-packages/airflow/example_dags/example_branch_python_dop_operator_3.py
[2026-06-08T20:05:01.754+0000] {logging_mixin.py:188} INFO - [2026-06-08T20:05:01.754+0000] {dag.py:3096} INFO - Sync 1 DAGs
[2026-06-08T20:05:01.834+0000] {logging_mixin.py:188} INFO - [2026-06-08T20:05:01.834+0000] {dag.py:3954} INFO - Setting next_dagrun for example_branch_dop_operator_v3 to 2026-06-08 20:04:00+00:00, run_after=2026-06-08 20:05:00+00:00
[2026-06-08T20:05:01.932+0000] {processor.py:183} INFO - Processing /home/airflow/.local/lib/python3.12/site-packages/airflow/example_dags/example_branch_python_dop_operator_3.py took 0.247 seconds
[2026-06-08T20:05:32.333+0000] {processor.py:161} INFO - Started process (PID=289) to work on /home/airflow/.local/lib/python3.12/site-packages/airflow/example_dags/example_branch_python_dop_operator_3.py
[2026-06-08T20:05:32.333+0000] {processor.py:830} INFO - Processing file /home/airflow/.local/lib/python3.12/site-packages/airflow/example_dags/example_branch_python_dop_operator_3.py for tasks to queue
[2026-06-08T20:05:32.335+0000] {logging_mixin.py:188} INFO - [2026-06-08T20:05:32.335+0000] {dagbag.py:545} INFO - Filling up the DagBag from /home/airflow/.local/lib/python3.12/site-packages/airflow/example_dags/example_branch_python_dop_operator_3.py
[2026-06-08T20:05:32.343+0000] {processor.py:840} INFO - DAG(s) 'example_branch_dop_operator_v3' retrieved from /home/airflow/.local/lib/python3.12/site-packages/airflow/example_dags/example_branch_python_dop_operator_3.py
[2026-06-08T20:05:32.364+0000] {logging_mixin.py:188} INFO - [2026-06-08T20:05:32.364+0000] {dag.py:3096} INFO - Sync 1 DAGs
[2026-06-08T20:05:32.388+0000] {logging_mixin.py:188} INFO - [2026-06-08T20:05:32.388+0000] {dag.py:3954} INFO - Setting next_dagrun for example_branch_dop_operator_v3 to 2026-06-08 20:04:00+00:00, run_after=2026-06-08 20:05:00+00:00
[2026-06-08T20:05:32.406+0000] {processor.py:183} INFO - Processing /home/airflow/.local/lib/python3.12/site-packages/airflow/example_dags/example_branch_python_dop_operator_3.py took 0.078 seconds
[2026-06-08T20:06:02.662+0000] {processor.py:161} INFO - Started process (PID=348) to work on /home/airflow/.local/lib/python3.12/site-packages/airflow/example_dags/example_branch_python_dop_operator_3.py
[2026-06-08T20:06:02.665+0000] {processor.py:830} INFO - Processing file /home/airflow/.local/lib/python3.12/site-packages/airflow/example_dags/example_branch_python_dop_operator_3.py for tasks to queue
[2026-06-08T20:06:02.670+0000] {logging_mixin.py:188} INFO - [2026-06-08T20:06:02.666+0000] {dagbag.py:545} INFO - Filling up the DagBag from /home/airflow/.local/lib/python3.12/site-packages/airflow/example_dags/example_branch_python_dop_operator_3.py
[2026-06-08T20:06:02.683+0000] {processor.py:840} INFO - DAG(s) 'example_branch_dop_operator_v3' retrieved from /home/airflow/.local/lib/python3.12/site-packages/airflow/example_dags/example_branch_python_dop_operator_3.py
[2026-06-08T20:06:02.732+0000] {logging_mixin.py:188} INFO - [2026-06-08T20:06:02.731+0000] {dag.py:3096} INFO - Sync 1 DAGs
[2026-06-08T20:06:02.797+0000] {logging_mixin.py:188} INFO - [2026-06-08T20:06:02.796+0000] {dag.py:3954} INFO - Setting next_dagrun for example_branch_dop_operator_v3 to 2026-06-08 20:05:00+00:00, run_after=2026-06-08 20:06:00+00:00
[2026-06-08T20:06:02.824+0000] {processor.py:183} INFO - Processing /home/airflow/.local/lib/python3.12/site-packages/airflow/example_dags/example_branch_python_dop_operator_3.py took 0.173 seconds
[2026-06-08T20:06:34.106+0000] {processor.py:161} INFO - Started process (PID=406) to work on /home/airflow/.local/lib/python3.12/site-packages/airflow/example_dags/example_branch_python_dop_operator_3.py
[2026-06-08T20:06:34.109+0000] {processor.py:830} INFO - Processing file /home/airflow/.local/lib/python3.12/site-packages/airflow/example_dags/example_branch_python_dop_operator_3.py for tasks to queue
[2026-06-08T20:06:34.117+0000] {logging_mixin.py:188} INFO - [2026-06-08T20:06:34.116+0000] {dagbag.py:545} INFO - Filling up the DagBag from /home/airflow/.local/lib/python3.12/site-packages/airflow/example_dags/example_branch_python_dop_operator_3.py
[2026-06-08T20:06:34.161+0000] {processor.py:840} INFO - DAG(s) 'example_branch_dop_operator_v3' retrieved from /home/airflow/.local/lib/python3.12/site-packages/airflow/example_dags/example_branch_python_dop_operator_3.py
[2026-06-08T20:06:34.294+0000] {logging_mixin.py:188} INFO - [2026-06-08T20:06:34.294+0000] {dag.py:3096} INFO - Sync 1 DAGs
[2026-06-08T20:06:34.373+0000] {logging_mixin.py:188} INFO - [2026-06-08T20:06:34.372+0000] {dag.py:3954} INFO - Setting next_dagrun for example_branch_dop_operator_v3 to 2026-06-08 20:05:00+00:00, run_after=2026-06-08 20:06:00+00:00
[2026-06-08T20:06:34.420+0000] {processor.py:183} INFO - Processing /home/airflow/.local/lib/python3.12/site-packages/airflow/example_dags/example_branch_python_dop_operator_3.py took 0.341 seconds
[2026-06-08T20:07:04.946+0000] {processor.py:161} INFO - Started process (PID=464) to work on /home/airflow/.local/lib/python3.12/site-packages/airflow/example_dags/example_branch_python_dop_operator_3.py
[2026-06-08T20:07:04.949+0000] {processor.py:830} INFO - Processing file /home/airflow/.local/lib/python3.12/site-packages/airflow/example_dags/example_branch_python_dop_operator_3.py for tasks to queue
[2026-06-08T20:07:04.955+0000] {logging_mixin.py:188} INFO - [2026-06-08T20:07:04.953+0000] {dagbag.py:545} INFO - Filling up the DagBag from /home/airflow/.local/lib/python3.12/site-packages/airflow/example_dags/example_branch_python_dop_operator_3.py
[2026-06-08T20:07:04.979+0000] {processor.py:840} INFO - DAG(s) 'example_branch_dop_operator_v3' retrieved from /home/airflow/.local/lib/python3.12/site-packages/airflow/example_dags/example_branch_python_dop_operator_3.py
[2026-06-08T20:07:05.011+0000] {logging_mixin.py:188} INFO - [2026-06-08T20:07:05.010+0000] {dag.py:3096} INFO - Sync 1 DAGs
[2026-06-08T20:07:05.052+0000] {logging_mixin.py:188} INFO - [2026-06-08T20:07:05.052+0000] {dag.py:3954} INFO - Setting next_dagrun for example_branch_dop_operator_v3 to 2026-06-08 20:06:00+00:00, run_after=2026-06-08 20:07:00+00:00
[2026-06-08T20:07:05.077+0000] {processor.py:183} INFO - Processing /home/airflow/.local/lib/python3.12/site-packages/airflow/example_dags/example_branch_python_dop_operator_3.py took 0.156 seconds
[2026-06-08T20:08:35.747+0000] {processor.py:161} INFO - Started process (PID=108) to work on /home/airflow/.local/lib/python3.12/site-packages/airflow/example_dags/example_branch_python_dop_operator_3.py
[2026-06-08T20:08:35.756+0000] {processor.py:830} INFO - Processing file /home/airflow/.local/lib/python3.12/site-packages/airflow/example_dags/example_branch_python_dop_operator_3.py for tasks to queue
[2026-06-08T20:08:35.764+0000] {logging_mixin.py:188} INFO - [2026-06-08T20:08:35.763+0000] {dagbag.py:545} INFO - Filling up the DagBag from /home/airflow/.local/lib/python3.12/site-packages/airflow/example_dags/example_branch_python_dop_operator_3.py
[2026-06-08T20:08:35.809+0000] {processor.py:840} INFO - DAG(s) 'example_branch_dop_operator_v3' retrieved from /home/airflow/.local/lib/python3.12/site-packages/airflow/example_dags/example_branch_python_dop_operator_3.py
[2026-06-08T20:08:36.194+0000] {logging_mixin.py:188} INFO - [2026-06-08T20:08:36.194+0000] {dag.py:3096} INFO - Sync 1 DAGs
[2026-06-08T20:08:36.231+0000] {logging_mixin.py:188} INFO - [2026-06-08T20:08:36.230+0000] {dag.py:3954} INFO - Setting next_dagrun for example_branch_dop_operator_v3 to 2026-06-08 20:07:00+00:00, run_after=2026-06-08 20:08:00+00:00
[2026-06-08T20:08:36.259+0000] {processor.py:183} INFO - Processing /home/airflow/.local/lib/python3.12/site-packages/airflow/example_dags/example_branch_python_dop_operator_3.py took 0.541 seconds
[2026-06-08T20:09:07.083+0000] {processor.py:161} INFO - Started process (PID=166) to work on /home/airflow/.local/lib/python3.12/site-packages/airflow/example_dags/example_branch_python_dop_operator_3.py
[2026-06-08T20:09:07.088+0000] {processor.py:830} INFO - Processing file /home/airflow/.local/lib/python3.12/site-packages/airflow/example_dags/example_branch_python_dop_operator_3.py for tasks to queue
[2026-06-08T20:09:07.091+0000] {logging_mixin.py:188} INFO - [2026-06-08T20:09:07.090+0000] {dagbag.py:545} INFO - Filling up the DagBag from /home/airflow/.local/lib/python3.12/site-packages/airflow/example_dags/example_branch_python_dop_operator_3.py
[2026-06-08T20:09:07.114+0000] {processor.py:840} INFO - DAG(s) 'example_branch_dop_operator_v3' retrieved from /home/airflow/.local/lib/python3.12/site-packages/airflow/example_dags/example_branch_python_dop_operator_3.py
[2026-06-08T20:09:07.154+0000] {logging_mixin.py:188} INFO - [2026-06-08T20:09:07.154+0000] {dag.py:3096} INFO - Sync 1 DAGs
[2026-06-08T20:09:07.241+0000] {logging_mixin.py:188} INFO - [2026-06-08T20:09:07.241+0000] {dag.py:3954} INFO - Setting next_dagrun for example_branch_dop_operator_v3 to 2026-06-08 20:08:00+00:00, run_after=2026-06-08 20:09:00+00:00
[2026-06-08T20:09:07.556+0000] {processor.py:183} INFO - Processing /home/airflow/.local/lib/python3.12/site-packages/airflow/example_dags/example_branch_python_dop_operator_3.py took 0.486 seconds
[2026-06-08T20:09:38.148+0000] {processor.py:161} INFO - Started process (PID=224) to work on /home/airflow/.local/lib/python3.12/site-packages/airflow/example_dags/example_branch_python_dop_operator_3.py
[2026-06-08T20:09:38.154+0000] {processor.py:830} INFO - Processing file /home/airflow/.local/lib/python3.12/site-packages/airflow/example_dags/example_branch_python_dop_operator_3.py for tasks to queue
[2026-06-08T20:09:38.160+0000] {logging_mixin.py:188} INFO - [2026-06-08T20:09:38.160+0000] {dagbag.py:545} INFO - Filling up the DagBag from /home/airflow/.local/lib/python3.12/site-packages/airflow/example_dags/example_branch_python_dop_operator_3.py
[2026-06-08T20:09:38.185+0000] {processor.py:840} INFO - DAG(s) 'example_branch_dop_operator_v3' retrieved from /home/airflow/.local/lib/python3.12/site-packages/airflow/example_dags/example_branch_python_dop_operator_3.py
[2026-06-08T20:09:38.268+0000] {logging_mixin.py:188} INFO - [2026-06-08T20:09:38.268+0000] {dag.py:3096} INFO - Sync 1 DAGs
[2026-06-08T20:09:38.339+0000] {logging_mixin.py:188} INFO - [2026-06-08T20:09:38.339+0000] {dag.py:3954} INFO - Setting next_dagrun for example_branch_dop_operator_v3 to 2026-06-08 20:08:00+00:00, run_after=2026-06-08 20:09:00+00:00
[2026-06-08T20:09:38.618+0000] {processor.py:183} INFO - Processing /home/airflow/.local/lib/python3.12/site-packages/airflow/example_dags/example_branch_python_dop_operator_3.py took 0.512 seconds
[2026-06-08T20:10:09.579+0000] {processor.py:161} INFO - Started process (PID=284) to work on /home/airflow/.local/lib/python3.12/site-packages/airflow/example_dags/example_branch_python_dop_operator_3.py
[2026-06-08T20:10:09.582+0000] {processor.py:830} INFO - Processing file /home/airflow/.local/lib/python3.12/site-packages/airflow/example_dags/example_branch_python_dop_operator_3.py for tasks to queue
[2026-06-08T20:10:09.586+0000] {logging_mixin.py:188} INFO - [2026-06-08T20:10:09.586+0000] {dagbag.py:545} INFO - Filling up the DagBag from /home/airflow/.local/lib/python3.12/site-packages/airflow/example_dags/example_branch_python_dop_operator_3.py
[2026-06-08T20:10:09.626+0000] {processor.py:840} INFO - DAG(s) 'example_branch_dop_operator_v3' retrieved from /home/airflow/.local/lib/python3.12/site-packages/airflow/example_dags/example_branch_python_dop_operator_3.py
[2026-06-08T20:10:09.675+0000] {logging_mixin.py:188} INFO - [2026-06-08T20:10:09.675+0000] {dag.py:3096} INFO - Sync 1 DAGs
[2026-06-08T20:10:09.709+0000] {logging_mixin.py:188} INFO - [2026-06-08T20:10:09.708+0000] {dag.py:3954} INFO - Setting next_dagrun for example_branch_dop_operator_v3 to 2026-06-08 20:09:00+00:00, run_after=2026-06-08 20:10:00+00:00
[2026-06-08T20:10:09.755+0000] {processor.py:183} INFO - Processing /home/airflow/.local/lib/python3.12/site-packages/airflow/example_dags/example_branch_python_dop_operator_3.py took 0.190 seconds
[2026-06-08T20:10:40.257+0000] {processor.py:161} INFO - Started process (PID=342) to work on /home/airflow/.local/lib/python3.12/site-packages/airflow/example_dags/example_branch_python_dop_operator_3.py
[2026-06-08T20:10:40.258+0000] {processor.py:830} INFO - Processing file /home/airflow/.local/lib/python3.12/site-packages/airflow/example_dags/example_branch_python_dop_operator_3.py for tasks to queue
[2026-06-08T20:10:40.260+0000] {logging_mixin.py:188} INFO - [2026-06-08T20:10:40.259+0000] {dagbag.py:545} INFO - Filling up the DagBag from /home/airflow/.local/lib/python3.12/site-packages/airflow/example_dags/example_branch_python_dop_operator_3.py
[2026-06-08T20:10:40.272+0000] {processor.py:840} INFO - DAG(s) 'example_branch_dop_operator_v3' retrieved from /home/airflow/.local/lib/python3.12/site-packages/airflow/example_dags/example_branch_python_dop_operator_3.py
[2026-06-08T20:10:40.304+0000] {logging_mixin.py:188} INFO - [2026-06-08T20:10:40.303+0000] {dag.py:3096} INFO - Sync 1 DAGs
[2026-06-08T20:10:40.351+0000] {logging_mixin.py:188} INFO - [2026-06-08T20:10:40.349+0000] {dag.py:3954} INFO - Setting next_dagrun for example_branch_dop_operator_v3 to 2026-06-08 20:09:00+00:00, run_after=2026-06-08 20:10:00+00:00
[2026-06-08T20:10:40.438+0000] {processor.py:183} INFO - Processing /home/airflow/.local/lib/python3.12/site-packages/airflow/example_dags/example_branch_python_dop_operator_3.py took 0.188 seconds
[2026-06-08T20:11:10.872+0000] {processor.py:161} INFO - Started process (PID=400) to work on /home/airflow/.local/lib/python3.12/site-packages/airflow/example_dags/example_branch_python_dop_operator_3.py
[2026-06-08T20:11:10.873+0000] {processor.py:830} INFO - Processing file /home/airflow/.local/lib/python3.12/site-packages/airflow/example_dags/example_branch_python_dop_operator_3.py for tasks to queue
[2026-06-08T20:11:10.876+0000] {logging_mixin.py:188} INFO - [2026-06-08T20:11:10.876+0000] {dagbag.py:545} INFO - Filling up the DagBag from /home/airflow/.local/lib/python3.12/site-packages/airflow/example_dags/example_branch_python_dop_operator_3.py
[2026-06-08T20:11:10.895+0000] {processor.py:840} INFO - DAG(s) 'example_branch_dop_operator_v3' retrieved from /home/airflow/.local/lib/python3.12/site-packages/airflow/example_dags/example_branch_python_dop_operator_3.py
[2026-06-08T20:11:10.956+0000] {logging_mixin.py:188} INFO - [2026-06-08T20:11:10.956+0000] {dag.py:3096} INFO - Sync 1 DAGs
[2026-06-08T20:11:11.001+0000] {logging_mixin.py:188} INFO - [2026-06-08T20:11:11.001+0000] {dag.py:3954} INFO - Setting next_dagrun for example_branch_dop_operator_v3 to 2026-06-08 20:10:00+00:00, run_after=2026-06-08 20:11:00+00:00
[2026-06-08T20:11:11.024+0000] {processor.py:183} INFO - Processing /home/airflow/.local/lib/python3.12/site-packages/airflow/example_dags/example_branch_python_dop_operator_3.py took 0.162 seconds
[2026-06-08T20:11:41.336+0000] {processor.py:161} INFO - Started process (PID=457) to work on /home/airflow/.local/lib/python3.12/site-packages/airflow/example_dags/example_branch_python_dop_operator_3.py
[2026-06-08T20:11:41.337+0000] {processor.py:830} INFO - Processing file /home/airflow/.local/lib/python3.12/site-packages/airflow/example_dags/example_branch_python_dop_operator_3.py for tasks to queue
[2026-06-08T20:11:41.339+0000] {logging_mixin.py:188} INFO - [2026-06-08T20:11:41.339+0000] {dagbag.py:545} INFO - Filling up the DagBag from /home/airflow/.local/lib/python3.12/site-packages/airflow/example_dags/example_branch_python_dop_operator_3.py
[2026-06-08T20:11:41.350+0000] {processor.py:840} INFO - DAG(s) 'example_branch_dop_operator_v3' retrieved from /home/airflow/.local/lib/python3.12/site-packages/airflow/example_dags/example_branch_python_dop_operator_3.py
[2026-06-08T20:11:41.389+0000] {logging_mixin.py:188} INFO - [2026-06-08T20:11:41.388+0000] {dag.py:3096} INFO - Sync 1 DAGs
[2026-06-08T20:11:41.442+0000] {logging_mixin.py:188} INFO - [2026-06-08T20:11:41.441+0000] {dag.py:3954} INFO - Setting next_dagrun for example_branch_dop_operator_v3 to 2026-06-08 20:10:00+00:00, run_after=2026-06-08 20:11:00+00:00
[2026-06-08T20:11:41.467+0000] {processor.py:183} INFO - Processing /home/airflow/.local/lib/python3.12/site-packages/airflow/example_dags/example_branch_python_dop_operator_3.py took 0.139 seconds
[2026-06-08T20:12:11.703+0000] {processor.py:161} INFO - Started process (PID=516) to work on /home/airflow/.local/lib/python3.12/site-packages/airflow/example_dags/example_branch_python_dop_operator_3.py
[2026-06-08T20:12:11.704+0000] {processor.py:830} INFO - Processing file /home/airflow/.local/lib/python3.12/site-packages/airflow/example_dags/example_branch_python_dop_operator_3.py for tasks to queue
[2026-06-08T20:12:11.705+0000] {logging_mixin.py:188} INFO - [2026-06-08T20:12:11.705+0000] {dagbag.py:545} INFO - Filling up the DagBag from /home/airflow/.local/lib/python3.12/site-packages/airflow/example_dags/example_branch_python_dop_operator_3.py
[2026-06-08T20:12:11.716+0000] {processor.py:840} INFO - DAG(s) 'example_branch_dop_operator_v3' retrieved from /home/airflow/.local/lib/python3.12/site-packages/airflow/example_dags/example_branch_python_dop_operator_3.py
[2026-06-08T20:12:11.742+0000] {logging_mixin.py:188} INFO - [2026-06-08T20:12:11.742+0000] {dag.py:3096} INFO - Sync 1 DAGs
[2026-06-08T20:12:11.785+0000] {logging_mixin.py:188} INFO - [2026-06-08T20:12:11.785+0000] {dag.py:3954} INFO - Setting next_dagrun for example_branch_dop_operator_v3 to 2026-06-08 20:11:00+00:00, run_after=2026-06-08 20:12:00+00:00
[2026-06-08T20:12:11.807+0000] {processor.py:183} INFO - Processing /home/airflow/.local/lib/python3.12/site-packages/airflow/example_dags/example_branch_python_dop_operator_3.py took 0.111 seconds
[2026-06-08T20:12:47.098+0000] {processor.py:161} INFO - Started process (PID=574) to work on /home/airflow/.local/lib/python3.12/site-packages/airflow/example_dags/example_branch_python_dop_operator_3.py
[2026-06-08T20:12:47.115+0000] {processor.py:830} INFO - Processing file /home/airflow/.local/lib/python3.12/site-packages/airflow/example_dags/example_branch_python_dop_operator_3.py for tasks to queue
[2026-06-08T20:12:47.166+0000] {logging_mixin.py:188} INFO - [2026-06-08T20:12:47.142+0000] {dagbag.py:545} INFO - Filling up the DagBag from /home/airflow/.local/lib/python3.12/site-packages/airflow/example_dags/example_branch_python_dop_operator_3.py
[2026-06-08T20:12:47.271+0000] {processor.py:840} INFO - DAG(s) 'example_branch_dop_operator_v3' retrieved from /home/airflow/.local/lib/python3.12/site-packages/airflow/example_dags/example_branch_python_dop_operator_3.py
[2026-06-08T20:12:47.432+0000] {logging_mixin.py:188} INFO - [2026-06-08T20:12:47.426+0000] {dag.py:3096} INFO - Sync 1 DAGs
[2026-06-08T20:12:47.643+0000] {logging_mixin.py:188} INFO - [2026-06-08T20:12:47.643+0000] {dag.py:3954} INFO - Setting next_dagrun for example_branch_dop_operator_v3 to 2026-06-08 20:11:00+00:00, run_after=2026-06-08 20:12:00+00:00
[2026-06-08T20:12:47.719+0000] {processor.py:183} INFO - Processing /home/airflow/.local/lib/python3.12/site-packages/airflow/example_dags/example_branch_python_dop_operator_3.py took 0.739 seconds
[2026-06-08T20:13:18.193+0000] {processor.py:161} INFO - Started process (PID=632) to work on /home/airflow/.local/lib/python3.12/site-packages/airflow/example_dags/example_branch_python_dop_operator_3.py
[2026-06-08T20:13:18.219+0000] {processor.py:830} INFO - Processing file /home/airflow/.local/lib/python3.12/site-packages/airflow/example_dags/example_branch_python_dop_operator_3.py for tasks to queue
[2026-06-08T20:13:18.234+0000] {logging_mixin.py:188} INFO - [2026-06-08T20:13:18.234+0000] {dagbag.py:545} INFO - Filling up the DagBag from /home/airflow/.local/lib/python3.12/site-packages/airflow/example_dags/example_branch_python_dop_operator_3.py
[2026-06-08T20:13:18.309+0000] {processor.py:840} INFO - DAG(s) 'example_branch_dop_operator_v3' retrieved from /home/airflow/.local/lib/python3.12/site-packages/airflow/example_dags/example_branch_python_dop_operator_3.py
[2026-06-08T20:13:18.523+0000] {logging_mixin.py:188} INFO - [2026-06-08T20:13:18.518+0000] {dag.py:3096} INFO - Sync 1 DAGs
[2026-06-08T20:13:18.916+0000] {logging_mixin.py:188} INFO - [2026-06-08T20:13:18.916+0000] {dag.py:3954} INFO - Setting next_dagrun for example_branch_dop_operator_v3 to 2026-06-08 20:12:00+00:00, run_after=2026-06-08 20:13:00+00:00
[2026-06-08T20:13:19.244+0000] {processor.py:183} INFO - Processing /home/airflow/.local/lib/python3.12/site-packages/airflow/example_dags/example_branch_python_dop_operator_3.py took 1.097 seconds
[2026-06-08T20:13:50.081+0000] {processor.py:161} INFO - Started process (PID=688) to work on /home/airflow/.local/lib/python3.12/site-packages/airflow/example_dags/example_branch_python_dop_operator_3.py
[2026-06-08T20:13:50.082+0000] {processor.py:830} INFO - Processing file /home/airflow/.local/lib/python3.12/site-packages/airflow/example_dags/example_branch_python_dop_operator_3.py for tasks to queue
[2026-06-08T20:13:50.086+0000] {logging_mixin.py:188} INFO - [2026-06-08T20:13:50.085+0000] {dagbag.py:545} INFO - Filling up the DagBag from /home/airflow/.local/lib/python3.12/site-packages/airflow/example_dags/example_branch_python_dop_operator_3.py
[2026-06-08T20:13:50.117+0000] {processor.py:840} INFO - DAG(s) 'example_branch_dop_operator_v3' retrieved from /home/airflow/.local/lib/python3.12/site-packages/airflow/example_dags/example_branch_python_dop_operator_3.py
[2026-06-08T20:13:50.170+0000] {logging_mixin.py:188} INFO - [2026-06-08T20:13:50.170+0000] {dag.py:3096} INFO - Sync 1 DAGs
[2026-06-08T20:13:50.211+0000] {logging_mixin.py:188} INFO - [2026-06-08T20:13:50.210+0000] {dag.py:3954} INFO - Setting next_dagrun for example_branch_dop_operator_v3 to 2026-06-08 20:12:00+00:00, run_after=2026-06-08 20:13:00+00:00
[2026-06-08T20:13:50.261+0000] {processor.py:183} INFO - Processing /home/airflow/.local/lib/python3.12/site-packages/airflow/example_dags/example_branch_python_dop_operator_3.py took 0.189 seconds
[2026-06-08T20:14:20.827+0000] {processor.py:161} INFO - Started process (PID=746) to work on /home/airflow/.local/lib/python3.12/site-packages/airflow/example_dags/example_branch_python_dop_operator_3.py
[2026-06-08T20:14:20.828+0000] {processor.py:830} INFO - Processing file /home/airflow/.local/lib/python3.12/site-packages/airflow/example_dags/example_branch_python_dop_operator_3.py for tasks to queue
[2026-06-08T20:14:20.830+0000] {logging_mixin.py:188} INFO - [2026-06-08T20:14:20.830+0000] {dagbag.py:545} INFO - Filling up the DagBag from /home/airflow/.local/lib/python3.12/site-packages/airflow/example_dags/example_branch_python_dop_operator_3.py
[2026-06-08T20:14:20.838+0000] {processor.py:840} INFO - DAG(s) 'example_branch_dop_operator_v3' retrieved from /home/airflow/.local/lib/python3.12/site-packages/airflow/example_dags/example_branch_python_dop_operator_3.py
[2026-06-08T20:14:20.856+0000] {logging_mixin.py:188} INFO - [2026-06-08T20:14:20.856+0000] {dag.py:3096} INFO - Sync 1 DAGs
[2026-06-08T20:14:20.880+0000] {logging_mixin.py:188} INFO - [2026-06-08T20:14:20.880+0000] {dag.py:3954} INFO - Setting next_dagrun for example_branch_dop_operator_v3 to 2026-06-08 20:13:00+00:00, run_after=2026-06-08 20:14:00+00:00
[2026-06-08T20:14:20.898+0000] {processor.py:183} INFO - Processing /home/airflow/.local/lib/python3.12/site-packages/airflow/example_dags/example_branch_python_dop_operator_3.py took 0.076 seconds
[2026-06-08T20:14:51.404+0000] {processor.py:161} INFO - Started process (PID=804) to work on /home/airflow/.local/lib/python3.12/site-packages/airflow/example_dags/example_branch_python_dop_operator_3.py
[2026-06-08T20:14:51.406+0000] {processor.py:830} INFO - Processing file /home/airflow/.local/lib/python3.12/site-packages/airflow/example_dags/example_branch_python_dop_operator_3.py for tasks to queue
[2026-06-08T20:14:51.408+0000] {logging_mixin.py:188} INFO - [2026-06-08T20:14:51.408+0000] {dagbag.py:545} INFO - Filling up the DagBag from /home/airflow/.local/lib/python3.12/site-packages/airflow/example_dags/example_branch_python_dop_operator_3.py
[2026-06-08T20:14:51.416+0000] {processor.py:840} INFO - DAG(s) 'example_branch_dop_operator_v3' retrieved from /home/airflow/.local/lib/python3.12/site-packages/airflow/example_dags/example_branch_python_dop_operator_3.py
[2026-06-08T20:14:51.436+0000] {logging_mixin.py:188} INFO - [2026-06-08T20:14:51.436+0000] {dag.py:3096} INFO - Sync 1 DAGs
[2026-06-08T20:14:51.464+0000] {logging_mixin.py:188} INFO - [2026-06-08T20:14:51.463+0000] {dag.py:3954} INFO - Setting next_dagrun for example_branch_dop_operator_v3 to 2026-06-08 20:13:00+00:00, run_after=2026-06-08 20:14:00+00:00
[2026-06-08T20:14:51.483+0000] {processor.py:183} INFO - Processing /home/airflow/.local/lib/python3.12/site-packages/airflow/example_dags/example_branch_python_dop_operator_3.py took 0.084 seconds
[2026-06-08T20:15:21.588+0000] {processor.py:161} INFO - Started process (PID=862) to work on /home/airflow/.local/lib/python3.12/site-packages/airflow/example_dags/example_branch_python_dop_operator_3.py
[2026-06-08T20:15:21.595+0000] {processor.py:830} INFO - Processing file /home/airflow/.local/lib/python3.12/site-packages/airflow/example_dags/example_branch_python_dop_operator_3.py for tasks to queue
[2026-06-08T20:15:21.599+0000] {logging_mixin.py:188} INFO - [2026-06-08T20:15:21.598+0000] {dagbag.py:545} INFO - Filling up the DagBag from /home/airflow/.local/lib/python3.12/site-packages/airflow/example_dags/example_branch_python_dop_operator_3.py
[2026-06-08T20:15:21.628+0000] {processor.py:840} INFO - DAG(s) 'example_branch_dop_operator_v3' retrieved from /home/airflow/.local/lib/python3.12/site-packages/airflow/example_dags/example_branch_python_dop_operator_3.py
[2026-06-08T20:15:21.672+0000] {logging_mixin.py:188} INFO - [2026-06-08T20:15:21.671+0000] {dag.py:3096} INFO - Sync 1 DAGs
[2026-06-08T20:15:21.728+0000] {logging_mixin.py:188} INFO - [2026-06-08T20:15:21.728+0000] {dag.py:3954} INFO - Setting next_dagrun for example_branch_dop_operator_v3 to 2026-06-08 20:14:00+00:00, run_after=2026-06-08 20:15:00+00:00
[2026-06-08T20:15:21.762+0000] {processor.py:183} INFO - Processing /home/airflow/.local/lib/python3.12/site-packages/airflow/example_dags/example_branch_python_dop_operator_3.py took 0.193 seconds
[2026-06-08T20:15:52.361+0000] {processor.py:161} INFO - Started process (PID=920) to work on /home/airflow/.local/lib/python3.12/site-packages/airflow/example_dags/example_branch_python_dop_operator_3.py
[2026-06-08T20:15:52.367+0000] {processor.py:830} INFO - Processing file /home/airflow/.local/lib/python3.12/site-packages/airflow/example_dags/example_branch_python_dop_operator_3.py for tasks to queue
[2026-06-08T20:15:52.377+0000] {logging_mixin.py:188} INFO - [2026-06-08T20:15:52.377+0000] {dagbag.py:545} INFO - Filling up the DagBag from /home/airflow/.local/lib/python3.12/site-packages/airflow/example_dags/example_branch_python_dop_operator_3.py
[2026-06-08T20:15:52.475+0000] {processor.py:840} INFO - DAG(s) 'example_branch_dop_operator_v3' retrieved from /home/airflow/.local/lib/python3.12/site-packages/airflow/example_dags/example_branch_python_dop_operator_3.py
[2026-06-08T20:15:52.645+0000] {logging_mixin.py:188} INFO - [2026-06-08T20:15:52.644+0000] {dag.py:3096} INFO - Sync 1 DAGs
[2026-06-08T20:15:52.733+0000] {logging_mixin.py:188} INFO - [2026-06-08T20:15:52.733+0000] {dag.py:3954} INFO - Setting next_dagrun for example_branch_dop_operator_v3 to 2026-06-08 20:14:00+00:00, run_after=2026-06-08 20:15:00+00:00
[2026-06-08T20:15:52.837+0000] {processor.py:183} INFO - Processing /home/airflow/.local/lib/python3.12/site-packages/airflow/example_dags/example_branch_python_dop_operator_3.py took 0.541 seconds
[2026-06-08T20:16:23.576+0000] {processor.py:161} INFO - Started process (PID=978) to work on /home/airflow/.local/lib/python3.12/site-packages/airflow/example_dags/example_branch_python_dop_operator_3.py
[2026-06-08T20:16:23.577+0000] {processor.py:830} INFO - Processing file /home/airflow/.local/lib/python3.12/site-packages/airflow/example_dags/example_branch_python_dop_operator_3.py for tasks to queue
[2026-06-08T20:16:23.579+0000] {logging_mixin.py:188} INFO - [2026-06-08T20:16:23.579+0000] {dagbag.py:545} INFO - Filling up the DagBag from /home/airflow/.local/lib/python3.12/site-packages/airflow/example_dags/example_branch_python_dop_operator_3.py
[2026-06-08T20:16:23.589+0000] {processor.py:840} INFO - DAG(s) 'example_branch_dop_operator_v3' retrieved from /home/airflow/.local/lib/python3.12/site-packages/airflow/example_dags/example_branch_python_dop_operator_3.py
[2026-06-08T20:16:23.620+0000] {logging_mixin.py:188} INFO - [2026-06-08T20:16:23.620+0000] {dag.py:3096} INFO - Sync 1 DAGs
[2026-06-08T20:16:23.658+0000] {logging_mixin.py:188} INFO - [2026-06-08T20:16:23.658+0000] {dag.py:3954} INFO - Setting next_dagrun for example_branch_dop_operator_v3 to 2026-06-08 20:15:00+00:00, run_after=2026-06-08 20:16:00+00:00
[2026-06-08T20:16:23.681+0000] {processor.py:183} INFO - Processing /home/airflow/.local/lib/python3.12/site-packages/airflow/example_dags/example_branch_python_dop_operator_3.py took 0.112 seconds
[2026-06-08T20:16:53.807+0000] {processor.py:161} INFO - Started process (PID=1036) to work on /home/airflow/.local/lib/python3.12/site-packages/airflow/example_dags/example_branch_python_dop_operator_3.py
[2026-06-08T20:16:53.809+0000] {processor.py:830} INFO - Processing file /home/airflow/.local/lib/python3.12/site-packages/airflow/example_dags/example_branch_python_dop_operator_3.py for tasks to queue
[2026-06-08T20:16:53.813+0000] {logging_mixin.py:188} INFO - [2026-06-08T20:16:53.813+0000] {dagbag.py:545} INFO - Filling up the DagBag from /home/airflow/.local/lib/python3.12/site-packages/airflow/example_dags/example_branch_python_dop_operator_3.py
[2026-06-08T20:16:53.830+0000] {processor.py:840} INFO - DAG(s) 'example_branch_dop_operator_v3' retrieved from /home/airflow/.local/lib/python3.12/site-packages/airflow/example_dags/example_branch_python_dop_operator_3.py
[2026-06-08T20:16:53.916+0000] {logging_mixin.py:188} INFO - [2026-06-08T20:16:53.915+0000] {dag.py:3096} INFO - Sync 1 DAGs
[2026-06-08T20:16:54.032+0000] {logging_mixin.py:188} INFO - [2026-06-08T20:16:54.029+0000] {dag.py:3954} INFO - Setting next_dagrun for example_branch_dop_operator_v3 to 2026-06-08 20:15:00+00:00, run_after=2026-06-08 20:16:00+00:00
[2026-06-08T20:16:54.083+0000] {processor.py:183} INFO - Processing /home/airflow/.local/lib/python3.12/site-packages/airflow/example_dags/example_branch_python_dop_operator_3.py took 0.286 seconds
[2026-06-08T20:17:24.280+0000] {processor.py:161} INFO - Started process (PID=1094) to work on /home/airflow/.local/lib/python3.12/site-packages/airflow/example_dags/example_branch_python_dop_operator_3.py
[2026-06-08T20:17:24.281+0000] {processor.py:830} INFO - Processing file /home/airflow/.local/lib/python3.12/site-packages/airflow/example_dags/example_branch_python_dop_operator_3.py for tasks to queue
[2026-06-08T20:17:24.284+0000] {logging_mixin.py:188} INFO - [2026-06-08T20:17:24.283+0000] {dagbag.py:545} INFO - Filling up the DagBag from /home/airflow/.local/lib/python3.12/site-packages/airflow/example_dags/example_branch_python_dop_operator_3.py
[2026-06-08T20:17:24.294+0000] {processor.py:840} INFO - DAG(s) 'example_branch_dop_operator_v3' retrieved from /home/airflow/.local/lib/python3.12/site-packages/airflow/example_dags/example_branch_python_dop_operator_3.py
[2026-06-08T20:17:24.343+0000] {logging_mixin.py:188} INFO - [2026-06-08T20:17:24.341+0000] {dag.py:3096} INFO - Sync 1 DAGs
[2026-06-08T20:17:24.420+0000] {logging_mixin.py:188} INFO - [2026-06-08T20:17:24.420+0000] {dag.py:3954} INFO - Setting next_dagrun for example_branch_dop_operator_v3 to 2026-06-08 20:16:00+00:00, run_after=2026-06-08 20:17:00+00:00
[2026-06-08T20:17:24.500+0000] {processor.py:183} INFO - Processing /home/airflow/.local/lib/python3.12/site-packages/airflow/example_dags/example_branch_python_dop_operator_3.py took 0.226 seconds
[2026-06-08T20:19:03.694+0000] {processor.py:161} INFO - Started process (PID=105) to work on /home/airflow/.local/lib/python3.12/site-packages/airflow/example_dags/example_branch_python_dop_operator_3.py
[2026-06-08T20:19:03.698+0000] {processor.py:830} INFO - Processing file /home/airflow/.local/lib/python3.12/site-packages/airflow/example_dags/example_branch_python_dop_operator_3.py for tasks to queue
[2026-06-08T20:19:03.702+0000] {logging_mixin.py:188} INFO - [2026-06-08T20:19:03.702+0000] {dagbag.py:545} INFO - Filling up the DagBag from /home/airflow/.local/lib/python3.12/site-packages/airflow/example_dags/example_branch_python_dop_operator_3.py
[2026-06-08T20:19:03.732+0000] {processor.py:840} INFO - DAG(s) 'example_branch_dop_operator_v3' retrieved from /home/airflow/.local/lib/python3.12/site-packages/airflow/example_dags/example_branch_python_dop_operator_3.py
[2026-06-08T20:19:04.038+0000] {logging_mixin.py:188} INFO - [2026-06-08T20:19:04.036+0000] {dag.py:3096} INFO - Sync 1 DAGs
[2026-06-08T20:19:04.192+0000] {logging_mixin.py:188} INFO - [2026-06-08T20:19:04.191+0000] {dag.py:3954} INFO - Setting next_dagrun for example_branch_dop_operator_v3 to 2026-06-08 20:18:00+00:00, run_after=2026-06-08 20:19:00+00:00
[2026-06-08T20:19:04.283+0000] {processor.py:183} INFO - Processing /home/airflow/.local/lib/python3.12/site-packages/airflow/example_dags/example_branch_python_dop_operator_3.py took 0.608 seconds
[2026-06-08T20:19:34.830+0000] {processor.py:161} INFO - Started process (PID=164) to work on /home/airflow/.local/lib/python3.12/site-packages/airflow/example_dags/example_branch_python_dop_operator_3.py
[2026-06-08T20:19:34.830+0000] {processor.py:830} INFO - Processing file /home/airflow/.local/lib/python3.12/site-packages/airflow/example_dags/example_branch_python_dop_operator_3.py for tasks to queue
[2026-06-08T20:19:34.833+0000] {logging_mixin.py:188} INFO - [2026-06-08T20:19:34.833+0000] {dagbag.py:545} INFO - Filling up the DagBag from /home/airflow/.local/lib/python3.12/site-packages/airflow/example_dags/example_branch_python_dop_operator_3.py
[2026-06-08T20:19:34.845+0000] {processor.py:840} INFO - DAG(s) 'example_branch_dop_operator_v3' retrieved from /home/airflow/.local/lib/python3.12/site-packages/airflow/example_dags/example_branch_python_dop_operator_3.py
[2026-06-08T20:19:34.872+0000] {logging_mixin.py:188} INFO - [2026-06-08T20:19:34.871+0000] {dag.py:3096} INFO - Sync 1 DAGs
[2026-06-08T20:19:34.912+0000] {logging_mixin.py:188} INFO - [2026-06-08T20:19:34.912+0000] {dag.py:3954} INFO - Setting next_dagrun for example_branch_dop_operator_v3 to 2026-06-08 20:18:00+00:00, run_after=2026-06-08 20:19:00+00:00
[2026-06-08T20:19:34.933+0000] {processor.py:183} INFO - Processing /home/airflow/.local/lib/python3.12/site-packages/airflow/example_dags/example_branch_python_dop_operator_3.py took 0.110 seconds
[2026-06-08T20:20:05.563+0000] {processor.py:161} INFO - Started process (PID=223) to work on /home/airflow/.local/lib/python3.12/site-packages/airflow/example_dags/example_branch_python_dop_operator_3.py
[2026-06-08T20:20:05.565+0000] {processor.py:830} INFO - Processing file /home/airflow/.local/lib/python3.12/site-packages/airflow/example_dags/example_branch_python_dop_operator_3.py for tasks to queue
[2026-06-08T20:20:05.567+0000] {logging_mixin.py:188} INFO - [2026-06-08T20:20:05.566+0000] {dagbag.py:545} INFO - Filling up the DagBag from /home/airflow/.local/lib/python3.12/site-packages/airflow/example_dags/example_branch_python_dop_operator_3.py
[2026-06-08T20:20:05.578+0000] {processor.py:840} INFO - DAG(s) 'example_branch_dop_operator_v3' retrieved from /home/airflow/.local/lib/python3.12/site-packages/airflow/example_dags/example_branch_python_dop_operator_3.py
[2026-06-08T20:20:05.610+0000] {logging_mixin.py:188} INFO - [2026-06-08T20:20:05.610+0000] {dag.py:3096} INFO - Sync 1 DAGs
[2026-06-08T20:20:05.661+0000] {logging_mixin.py:188} INFO - [2026-06-08T20:20:05.661+0000] {dag.py:3954} INFO - Setting next_dagrun for example_branch_dop_operator_v3 to 2026-06-08 20:19:00+00:00, run_after=2026-06-08 20:20:00+00:00
[2026-06-08T20:20:05.685+0000] {processor.py:183} INFO - Processing /home/airflow/.local/lib/python3.12/site-packages/airflow/example_dags/example_branch_python_dop_operator_3.py took 0.132 seconds
[2026-06-08T20:20:36.273+0000] {processor.py:161} INFO - Started process (PID=281) to work on /home/airflow/.local/lib/python3.12/site-packages/airflow/example_dags/example_branch_python_dop_operator_3.py
[2026-06-08T20:20:36.275+0000] {processor.py:830} INFO - Processing file /home/airflow/.local/lib/python3.12/site-packages/airflow/example_dags/example_branch_python_dop_operator_3.py for tasks to queue
[2026-06-08T20:20:36.283+0000] {logging_mixin.py:188} INFO - [2026-06-08T20:20:36.282+0000] {dagbag.py:545} INFO - Filling up the DagBag from /home/airflow/.local/lib/python3.12/site-packages/airflow/example_dags/example_branch_python_dop_operator_3.py
[2026-06-08T20:20:36.335+0000] {processor.py:840} INFO - DAG(s) 'example_branch_dop_operator_v3' retrieved from /home/airflow/.local/lib/python3.12/site-packages/airflow/example_dags/example_branch_python_dop_operator_3.py
[2026-06-08T20:20:36.486+0000] {logging_mixin.py:188} INFO - [2026-06-08T20:20:36.486+0000] {dag.py:3096} INFO - Sync 1 DAGs
[2026-06-08T20:20:36.628+0000] {logging_mixin.py:188} INFO - [2026-06-08T20:20:36.627+0000] {dag.py:3954} INFO - Setting next_dagrun for example_branch_dop_operator_v3 to 2026-06-08 20:19:00+00:00, run_after=2026-06-08 20:20:00+00:00
[2026-06-08T20:20:36.687+0000] {processor.py:183} INFO - Processing /home/airflow/.local/lib/python3.12/site-packages/airflow/example_dags/example_branch_python_dop_operator_3.py took 0.452 seconds
[2026-06-08T20:21:07.114+0000] {processor.py:161} INFO - Started process (PID=340) to work on /home/airflow/.local/lib/python3.12/site-packages/airflow/example_dags/example_branch_python_dop_operator_3.py
[2026-06-08T20:21:07.114+0000] {processor.py:830} INFO - Processing file /home/airflow/.local/lib/python3.12/site-packages/airflow/example_dags/example_branch_python_dop_operator_3.py for tasks to queue
[2026-06-08T20:21:07.116+0000] {logging_mixin.py:188} INFO - [2026-06-08T20:21:07.116+0000] {dagbag.py:545} INFO - Filling up the DagBag from /home/airflow/.local/lib/python3.12/site-packages/airflow/example_dags/example_branch_python_dop_operator_3.py
[2026-06-08T20:21:07.128+0000] {processor.py:840} INFO - DAG(s) 'example_branch_dop_operator_v3' retrieved from /home/airflow/.local/lib/python3.12/site-packages/airflow/example_dags/example_branch_python_dop_operator_3.py
[2026-06-08T20:21:07.155+0000] {logging_mixin.py:188} INFO - [2026-06-08T20:21:07.155+0000] {dag.py:3096} INFO - Sync 1 DAGs
[2026-06-08T20:21:07.210+0000] {logging_mixin.py:188} INFO - [2026-06-08T20:21:07.210+0000] {dag.py:3954} INFO - Setting next_dagrun for example_branch_dop_operator_v3 to 2026-06-08 20:20:00+00:00, run_after=2026-06-08 20:21:00+00:00
[2026-06-08T20:21:07.234+0000] {processor.py:183} INFO - Processing /home/airflow/.local/lib/python3.12/site-packages/airflow/example_dags/example_branch_python_dop_operator_3.py took 0.127 seconds
[2026-06-08T20:21:37.826+0000] {processor.py:161} INFO - Started process (PID=398) to work on /home/airflow/.local/lib/python3.12/site-packages/airflow/example_dags/example_branch_python_dop_operator_3.py
[2026-06-08T20:21:37.827+0000] {processor.py:830} INFO - Processing file /home/airflow/.local/lib/python3.12/site-packages/airflow/example_dags/example_branch_python_dop_operator_3.py for tasks to queue
[2026-06-08T20:21:37.829+0000] {logging_mixin.py:188} INFO - [2026-06-08T20:21:37.829+0000] {dagbag.py:545} INFO - Filling up the DagBag from /home/airflow/.local/lib/python3.12/site-packages/airflow/example_dags/example_branch_python_dop_operator_3.py
[2026-06-08T20:21:37.841+0000] {processor.py:840} INFO - DAG(s) 'example_branch_dop_operator_v3' retrieved from /home/airflow/.local/lib/python3.12/site-packages/airflow/example_dags/example_branch_python_dop_operator_3.py
[2026-06-08T20:21:37.885+0000] {logging_mixin.py:188} INFO - [2026-06-08T20:21:37.885+0000] {dag.py:3096} INFO - Sync 1 DAGs
[2026-06-08T20:21:37.919+0000] {logging_mixin.py:188} INFO - [2026-06-08T20:21:37.919+0000] {dag.py:3954} INFO - Setting next_dagrun for example_branch_dop_operator_v3 to 2026-06-08 20:20:00+00:00, run_after=2026-06-08 20:21:00+00:00
[2026-06-08T20:21:37.953+0000] {processor.py:183} INFO - Processing /home/airflow/.local/lib/python3.12/site-packages/airflow/example_dags/example_branch_python_dop_operator_3.py took 0.142 seconds
[2026-06-08T20:22:08.346+0000] {processor.py:161} INFO - Started process (PID=457) to work on /home/airflow/.local/lib/python3.12/site-packages/airflow/example_dags/example_branch_python_dop_operator_3.py
[2026-06-08T20:22:08.346+0000] {processor.py:830} INFO - Processing file /home/airflow/.local/lib/python3.12/site-packages/airflow/example_dags/example_branch_python_dop_operator_3.py for tasks to queue
[2026-06-08T20:22:08.348+0000] {logging_mixin.py:188} INFO - [2026-06-08T20:22:08.348+0000] {dagbag.py:545} INFO - Filling up the DagBag from /home/airflow/.local/lib/python3.12/site-packages/airflow/example_dags/example_branch_python_dop_operator_3.py
[2026-06-08T20:22:08.360+0000] {processor.py:840} INFO - DAG(s) 'example_branch_dop_operator_v3' retrieved from /home/airflow/.local/lib/python3.12/site-packages/airflow/example_dags/example_branch_python_dop_operator_3.py
[2026-06-08T20:22:08.384+0000] {logging_mixin.py:188} INFO - [2026-06-08T20:22:08.384+0000] {dag.py:3096} INFO - Sync 1 DAGs
[2026-06-08T20:22:08.419+0000] {logging_mixin.py:188} INFO - [2026-06-08T20:22:08.419+0000] {dag.py:3954} INFO - Setting next_dagrun for example_branch_dop_operator_v3 to 2026-06-08 20:21:00+00:00, run_after=2026-06-08 20:22:00+00:00
[2026-06-08T20:22:08.443+0000] {processor.py:183} INFO - Processing /home/airflow/.local/lib/python3.12/site-packages/airflow/example_dags/example_branch_python_dop_operator_3.py took 0.108 seconds
[2026-06-08T20:22:38.915+0000] {processor.py:161} INFO - Started process (PID=516) to work on /home/airflow/.local/lib/python3.12/site-packages/airflow/example_dags/example_branch_python_dop_operator_3.py
[2026-06-08T20:22:38.916+0000] {processor.py:830} INFO - Processing file /home/airflow/.local/lib/python3.12/site-packages/airflow/example_dags/example_branch_python_dop_operator_3.py for tasks to queue
[2026-06-08T20:22:38.918+0000] {logging_mixin.py:188} INFO - [2026-06-08T20:22:38.918+0000] {dagbag.py:545} INFO - Filling up the DagBag from /home/airflow/.local/lib/python3.12/site-packages/airflow/example_dags/example_branch_python_dop_operator_3.py
[2026-06-08T20:22:38.931+0000] {processor.py:840} INFO - DAG(s) 'example_branch_dop_operator_v3' retrieved from /home/airflow/.local/lib/python3.12/site-packages/airflow/example_dags/example_branch_python_dop_operator_3.py
[2026-06-08T20:22:38.958+0000] {logging_mixin.py:188} INFO - [2026-06-08T20:22:38.957+0000] {dag.py:3096} INFO - Sync 1 DAGs
[2026-06-08T20:22:38.992+0000] {logging_mixin.py:188} INFO - [2026-06-08T20:22:38.992+0000] {dag.py:3954} INFO - Setting next_dagrun for example_branch_dop_operator_v3 to 2026-06-08 20:21:00+00:00, run_after=2026-06-08 20:22:00+00:00
[2026-06-08T20:22:39.018+0000] {processor.py:183} INFO - Processing /home/airflow/.local/lib/python3.12/site-packages/airflow/example_dags/example_branch_python_dop_operator_3.py took 0.113 seconds
[2026-06-08T20:23:09.076+0000] {processor.py:161} INFO - Started process (PID=575) to work on /home/airflow/.local/lib/python3.12/site-packages/airflow/example_dags/example_branch_python_dop_operator_3.py
[2026-06-08T20:23:09.077+0000] {processor.py:830} INFO - Processing file /home/airflow/.local/lib/python3.12/site-packages/airflow/example_dags/example_branch_python_dop_operator_3.py for tasks to queue
[2026-06-08T20:23:09.079+0000] {logging_mixin.py:188} INFO - [2026-06-08T20:23:09.078+0000] {dagbag.py:545} INFO - Filling up the DagBag from /home/airflow/.local/lib/python3.12/site-packages/airflow/example_dags/example_branch_python_dop_operator_3.py
[2026-06-08T20:23:09.091+0000] {processor.py:840} INFO - DAG(s) 'example_branch_dop_operator_v3' retrieved from /home/airflow/.local/lib/python3.12/site-packages/airflow/example_dags/example_branch_python_dop_operator_3.py
[2026-06-08T20:23:09.115+0000] {logging_mixin.py:188} INFO - [2026-06-08T20:23:09.115+0000] {dag.py:3096} INFO - Sync 1 DAGs
[2026-06-08T20:23:09.149+0000] {logging_mixin.py:188} INFO - [2026-06-08T20:23:09.148+0000] {dag.py:3954} INFO - Setting next_dagrun for example_branch_dop_operator_v3 to 2026-06-08 20:22:00+00:00, run_after=2026-06-08 20:23:00+00:00
[2026-06-08T20:23:09.171+0000] {processor.py:183} INFO - Processing /home/airflow/.local/lib/python3.12/site-packages/airflow/example_dags/example_branch_python_dop_operator_3.py took 0.106 seconds
[2026-06-08T20:23:39.652+0000] {processor.py:161} INFO - Started process (PID=634) to work on /home/airflow/.local/lib/python3.12/site-packages/airflow/example_dags/example_branch_python_dop_operator_3.py
[2026-06-08T20:23:39.653+0000] {processor.py:830} INFO - Processing file /home/airflow/.local/lib/python3.12/site-packages/airflow/example_dags/example_branch_python_dop_operator_3.py for tasks to queue
[2026-06-08T20:23:39.655+0000] {logging_mixin.py:188} INFO - [2026-06-08T20:23:39.655+0000] {dagbag.py:545} INFO - Filling up the DagBag from /home/airflow/.local/lib/python3.12/site-packages/airflow/example_dags/example_branch_python_dop_operator_3.py
[2026-06-08T20:23:39.666+0000] {processor.py:840} INFO - DAG(s) 'example_branch_dop_operator_v3' retrieved from /home/airflow/.local/lib/python3.12/site-packages/airflow/example_dags/example_branch_python_dop_operator_3.py
[2026-06-08T20:23:39.709+0000] {logging_mixin.py:188} INFO - [2026-06-08T20:23:39.709+0000] {dag.py:3096} INFO - Sync 1 DAGs
[2026-06-08T20:23:39.779+0000] {logging_mixin.py:188} INFO - [2026-06-08T20:23:39.779+0000] {dag.py:3954} INFO - Setting next_dagrun for example_branch_dop_operator_v3 to 2026-06-08 20:22:00+00:00, run_after=2026-06-08 20:23:00+00:00
[2026-06-08T20:23:39.800+0000] {processor.py:183} INFO - Processing /home/airflow/.local/lib/python3.12/site-packages/airflow/example_dags/example_branch_python_dop_operator_3.py took 0.156 seconds
