[2026-06-08T20:03:53.655+0000] {processor.py:161} INFO - Started process (PID=104) to work on /home/airflow/.local/lib/python3.12/site-packages/airflow/example_dags/example_dag_decorator.py
[2026-06-08T20:03:53.662+0000] {processor.py:830} INFO - Processing file /home/airflow/.local/lib/python3.12/site-packages/airflow/example_dags/example_dag_decorator.py for tasks to queue
[2026-06-08T20:03:53.668+0000] {logging_mixin.py:188} INFO - [2026-06-08T20:03:53.668+0000] {dagbag.py:545} INFO - Filling up the DagBag from /home/airflow/.local/lib/python3.12/site-packages/airflow/example_dags/example_dag_decorator.py
[2026-06-08T20:03:54.440+0000] {processor.py:840} INFO - DAG(s) 'example_dag_decorator' retrieved from /home/airflow/.local/lib/python3.12/site-packages/airflow/example_dags/example_dag_decorator.py
[2026-06-08T20:03:55.031+0000] {logging_mixin.py:188} INFO - [2026-06-08T20:03:55.031+0000] {dag.py:3096} INFO - Sync 1 DAGs
[2026-06-08T20:03:55.147+0000] {logging_mixin.py:188} INFO - [2026-06-08T20:03:55.146+0000] {dag.py:3954} INFO - Setting next_dagrun for example_dag_decorator to None, run_after=None
[2026-06-08T20:03:55.242+0000] {processor.py:183} INFO - Processing /home/airflow/.local/lib/python3.12/site-packages/airflow/example_dags/example_dag_decorator.py took 1.633 seconds
[2026-06-08T20:04:26.215+0000] {processor.py:161} INFO - Started process (PID=162) to work on /home/airflow/.local/lib/python3.12/site-packages/airflow/example_dags/example_dag_decorator.py
[2026-06-08T20:04:26.218+0000] {processor.py:830} INFO - Processing file /home/airflow/.local/lib/python3.12/site-packages/airflow/example_dags/example_dag_decorator.py for tasks to queue
[2026-06-08T20:04:26.221+0000] {logging_mixin.py:188} INFO - [2026-06-08T20:04:26.219+0000] {dagbag.py:545} INFO - Filling up the DagBag from /home/airflow/.local/lib/python3.12/site-packages/airflow/example_dags/example_dag_decorator.py
[2026-06-08T20:04:26.373+0000] {processor.py:840} INFO - DAG(s) 'example_dag_decorator' retrieved from /home/airflow/.local/lib/python3.12/site-packages/airflow/example_dags/example_dag_decorator.py
[2026-06-08T20:04:26.814+0000] {logging_mixin.py:188} INFO - [2026-06-08T20:04:26.809+0000] {dag.py:3096} INFO - Sync 1 DAGs
[2026-06-08T20:04:26.865+0000] {logging_mixin.py:188} INFO - [2026-06-08T20:04:26.863+0000] {dag.py:3954} INFO - Setting next_dagrun for example_dag_decorator to None, run_after=None
[2026-06-08T20:04:26.986+0000] {processor.py:183} INFO - Processing /home/airflow/.local/lib/python3.12/site-packages/airflow/example_dags/example_dag_decorator.py took 0.777 seconds
[2026-06-08T20:04:57.613+0000] {processor.py:161} INFO - Started process (PID=222) to work on /home/airflow/.local/lib/python3.12/site-packages/airflow/example_dags/example_dag_decorator.py
[2026-06-08T20:04:57.614+0000] {processor.py:830} INFO - Processing file /home/airflow/.local/lib/python3.12/site-packages/airflow/example_dags/example_dag_decorator.py for tasks to queue
[2026-06-08T20:04:57.616+0000] {logging_mixin.py:188} INFO - [2026-06-08T20:04:57.616+0000] {dagbag.py:545} INFO - Filling up the DagBag from /home/airflow/.local/lib/python3.12/site-packages/airflow/example_dags/example_dag_decorator.py
[2026-06-08T20:04:57.757+0000] {processor.py:840} INFO - DAG(s) 'example_dag_decorator' retrieved from /home/airflow/.local/lib/python3.12/site-packages/airflow/example_dags/example_dag_decorator.py
[2026-06-08T20:04:57.938+0000] {logging_mixin.py:188} INFO - [2026-06-08T20:04:57.937+0000] {dag.py:3096} INFO - Sync 1 DAGs
[2026-06-08T20:04:57.949+0000] {logging_mixin.py:188} INFO - [2026-06-08T20:04:57.949+0000] {dag.py:3954} INFO - Setting next_dagrun for example_dag_decorator to None, run_after=None
[2026-06-08T20:04:57.966+0000] {processor.py:183} INFO - Processing /home/airflow/.local/lib/python3.12/site-packages/airflow/example_dags/example_dag_decorator.py took 0.360 seconds
[2026-06-08T20:05:28.611+0000] {processor.py:161} INFO - Started process (PID=280) to work on /home/airflow/.local/lib/python3.12/site-packages/airflow/example_dags/example_dag_decorator.py
[2026-06-08T20:05:28.612+0000] {processor.py:830} INFO - Processing file /home/airflow/.local/lib/python3.12/site-packages/airflow/example_dags/example_dag_decorator.py for tasks to queue
[2026-06-08T20:05:28.614+0000] {logging_mixin.py:188} INFO - [2026-06-08T20:05:28.613+0000] {dagbag.py:545} INFO - Filling up the DagBag from /home/airflow/.local/lib/python3.12/site-packages/airflow/example_dags/example_dag_decorator.py
[2026-06-08T20:05:28.749+0000] {processor.py:840} INFO - DAG(s) 'example_dag_decorator' retrieved from /home/airflow/.local/lib/python3.12/site-packages/airflow/example_dags/example_dag_decorator.py
[2026-06-08T20:05:28.913+0000] {logging_mixin.py:188} INFO - [2026-06-08T20:05:28.912+0000] {dag.py:3096} INFO - Sync 1 DAGs
[2026-06-08T20:05:28.923+0000] {logging_mixin.py:188} INFO - [2026-06-08T20:05:28.923+0000] {dag.py:3954} INFO - Setting next_dagrun for example_dag_decorator to None, run_after=None
[2026-06-08T20:05:28.942+0000] {processor.py:183} INFO - Processing /home/airflow/.local/lib/python3.12/site-packages/airflow/example_dags/example_dag_decorator.py took 0.338 seconds
[2026-06-08T20:05:59.510+0000] {processor.py:161} INFO - Started process (PID=338) to work on /home/airflow/.local/lib/python3.12/site-packages/airflow/example_dags/example_dag_decorator.py
[2026-06-08T20:05:59.513+0000] {processor.py:830} INFO - Processing file /home/airflow/.local/lib/python3.12/site-packages/airflow/example_dags/example_dag_decorator.py for tasks to queue
[2026-06-08T20:05:59.517+0000] {logging_mixin.py:188} INFO - [2026-06-08T20:05:59.514+0000] {dagbag.py:545} INFO - Filling up the DagBag from /home/airflow/.local/lib/python3.12/site-packages/airflow/example_dags/example_dag_decorator.py
[2026-06-08T20:05:59.937+0000] {processor.py:840} INFO - DAG(s) 'example_dag_decorator' retrieved from /home/airflow/.local/lib/python3.12/site-packages/airflow/example_dags/example_dag_decorator.py
[2026-06-08T20:06:00.337+0000] {logging_mixin.py:188} INFO - [2026-06-08T20:06:00.337+0000] {dag.py:3096} INFO - Sync 1 DAGs
[2026-06-08T20:06:00.367+0000] {logging_mixin.py:188} INFO - [2026-06-08T20:06:00.367+0000] {dag.py:3954} INFO - Setting next_dagrun for example_dag_decorator to None, run_after=None
[2026-06-08T20:06:00.423+0000] {processor.py:183} INFO - Processing /home/airflow/.local/lib/python3.12/site-packages/airflow/example_dags/example_dag_decorator.py took 0.939 seconds
[2026-06-08T20:06:31.197+0000] {processor.py:161} INFO - Started process (PID=397) to work on /home/airflow/.local/lib/python3.12/site-packages/airflow/example_dags/example_dag_decorator.py
[2026-06-08T20:06:31.198+0000] {processor.py:830} INFO - Processing file /home/airflow/.local/lib/python3.12/site-packages/airflow/example_dags/example_dag_decorator.py for tasks to queue
[2026-06-08T20:06:31.200+0000] {logging_mixin.py:188} INFO - [2026-06-08T20:06:31.200+0000] {dagbag.py:545} INFO - Filling up the DagBag from /home/airflow/.local/lib/python3.12/site-packages/airflow/example_dags/example_dag_decorator.py
[2026-06-08T20:06:31.341+0000] {processor.py:840} INFO - DAG(s) 'example_dag_decorator' retrieved from /home/airflow/.local/lib/python3.12/site-packages/airflow/example_dags/example_dag_decorator.py
[2026-06-08T20:06:31.493+0000] {logging_mixin.py:188} INFO - [2026-06-08T20:06:31.492+0000] {dag.py:3096} INFO - Sync 1 DAGs
[2026-06-08T20:06:31.506+0000] {logging_mixin.py:188} INFO - [2026-06-08T20:06:31.506+0000] {dag.py:3954} INFO - Setting next_dagrun for example_dag_decorator to None, run_after=None
[2026-06-08T20:06:31.530+0000] {processor.py:183} INFO - Processing /home/airflow/.local/lib/python3.12/site-packages/airflow/example_dags/example_dag_decorator.py took 0.339 seconds
[2026-06-08T20:07:02.149+0000] {processor.py:161} INFO - Started process (PID=455) to work on /home/airflow/.local/lib/python3.12/site-packages/airflow/example_dags/example_dag_decorator.py
[2026-06-08T20:07:02.150+0000] {processor.py:830} INFO - Processing file /home/airflow/.local/lib/python3.12/site-packages/airflow/example_dags/example_dag_decorator.py for tasks to queue
[2026-06-08T20:07:02.152+0000] {logging_mixin.py:188} INFO - [2026-06-08T20:07:02.152+0000] {dagbag.py:545} INFO - Filling up the DagBag from /home/airflow/.local/lib/python3.12/site-packages/airflow/example_dags/example_dag_decorator.py
[2026-06-08T20:07:02.347+0000] {processor.py:840} INFO - DAG(s) 'example_dag_decorator' retrieved from /home/airflow/.local/lib/python3.12/site-packages/airflow/example_dags/example_dag_decorator.py
[2026-06-08T20:07:02.509+0000] {logging_mixin.py:188} INFO - [2026-06-08T20:07:02.509+0000] {dag.py:3096} INFO - Sync 1 DAGs
[2026-06-08T20:07:02.524+0000] {logging_mixin.py:188} INFO - [2026-06-08T20:07:02.524+0000] {dag.py:3954} INFO - Setting next_dagrun for example_dag_decorator to None, run_after=None
[2026-06-08T20:07:02.545+0000] {processor.py:183} INFO - Processing /home/airflow/.local/lib/python3.12/site-packages/airflow/example_dags/example_dag_decorator.py took 0.403 seconds
[2026-06-08T20:08:32.007+0000] {processor.py:161} INFO - Started process (PID=96) to work on /home/airflow/.local/lib/python3.12/site-packages/airflow/example_dags/example_dag_decorator.py
[2026-06-08T20:08:32.018+0000] {processor.py:830} INFO - Processing file /home/airflow/.local/lib/python3.12/site-packages/airflow/example_dags/example_dag_decorator.py for tasks to queue
[2026-06-08T20:08:32.040+0000] {logging_mixin.py:188} INFO - [2026-06-08T20:08:32.031+0000] {dagbag.py:545} INFO - Filling up the DagBag from /home/airflow/.local/lib/python3.12/site-packages/airflow/example_dags/example_dag_decorator.py
[2026-06-08T20:08:32.357+0000] {processor.py:840} INFO - DAG(s) 'example_dag_decorator' retrieved from /home/airflow/.local/lib/python3.12/site-packages/airflow/example_dags/example_dag_decorator.py
[2026-06-08T20:08:32.823+0000] {logging_mixin.py:188} INFO - [2026-06-08T20:08:32.815+0000] {dag.py:3096} INFO - Sync 1 DAGs
[2026-06-08T20:08:32.887+0000] {logging_mixin.py:188} INFO - [2026-06-08T20:08:32.887+0000] {dag.py:3954} INFO - Setting next_dagrun for example_dag_decorator to None, run_after=None
[2026-06-08T20:08:32.938+0000] {processor.py:183} INFO - Processing /home/airflow/.local/lib/python3.12/site-packages/airflow/example_dags/example_dag_decorator.py took 1.010 seconds
[2026-06-08T20:09:03.515+0000] {processor.py:161} INFO - Started process (PID=154) to work on /home/airflow/.local/lib/python3.12/site-packages/airflow/example_dags/example_dag_decorator.py
[2026-06-08T20:09:03.521+0000] {processor.py:830} INFO - Processing file /home/airflow/.local/lib/python3.12/site-packages/airflow/example_dags/example_dag_decorator.py for tasks to queue
[2026-06-08T20:09:03.528+0000] {logging_mixin.py:188} INFO - [2026-06-08T20:09:03.526+0000] {dagbag.py:545} INFO - Filling up the DagBag from /home/airflow/.local/lib/python3.12/site-packages/airflow/example_dags/example_dag_decorator.py
[2026-06-08T20:09:04.029+0000] {processor.py:840} INFO - DAG(s) 'example_dag_decorator' retrieved from /home/airflow/.local/lib/python3.12/site-packages/airflow/example_dags/example_dag_decorator.py
[2026-06-08T20:09:04.621+0000] {logging_mixin.py:188} INFO - [2026-06-08T20:09:04.620+0000] {dag.py:3096} INFO - Sync 1 DAGs
[2026-06-08T20:09:04.711+0000] {logging_mixin.py:188} INFO - [2026-06-08T20:09:04.711+0000] {dag.py:3954} INFO - Setting next_dagrun for example_dag_decorator to None, run_after=None
[2026-06-08T20:09:04.954+0000] {processor.py:183} INFO - Processing /home/airflow/.local/lib/python3.12/site-packages/airflow/example_dags/example_dag_decorator.py took 1.471 seconds
[2026-06-08T20:09:35.224+0000] {processor.py:161} INFO - Started process (PID=213) to work on /home/airflow/.local/lib/python3.12/site-packages/airflow/example_dags/example_dag_decorator.py
[2026-06-08T20:09:35.226+0000] {processor.py:830} INFO - Processing file /home/airflow/.local/lib/python3.12/site-packages/airflow/example_dags/example_dag_decorator.py for tasks to queue
[2026-06-08T20:09:35.234+0000] {logging_mixin.py:188} INFO - [2026-06-08T20:09:35.233+0000] {dagbag.py:545} INFO - Filling up the DagBag from /home/airflow/.local/lib/python3.12/site-packages/airflow/example_dags/example_dag_decorator.py
[2026-06-08T20:09:35.558+0000] {processor.py:840} INFO - DAG(s) 'example_dag_decorator' retrieved from /home/airflow/.local/lib/python3.12/site-packages/airflow/example_dags/example_dag_decorator.py
[2026-06-08T20:09:35.820+0000] {logging_mixin.py:188} INFO - [2026-06-08T20:09:35.820+0000] {dag.py:3096} INFO - Sync 1 DAGs
[2026-06-08T20:09:35.903+0000] {logging_mixin.py:188} INFO - [2026-06-08T20:09:35.903+0000] {dag.py:3954} INFO - Setting next_dagrun for example_dag_decorator to None, run_after=None
[2026-06-08T20:09:36.067+0000] {processor.py:183} INFO - Processing /home/airflow/.local/lib/python3.12/site-packages/airflow/example_dags/example_dag_decorator.py took 0.860 seconds
[2026-06-08T20:10:06.214+0000] {processor.py:161} INFO - Started process (PID=275) to work on /home/airflow/.local/lib/python3.12/site-packages/airflow/example_dags/example_dag_decorator.py
[2026-06-08T20:10:06.215+0000] {processor.py:830} INFO - Processing file /home/airflow/.local/lib/python3.12/site-packages/airflow/example_dags/example_dag_decorator.py for tasks to queue
[2026-06-08T20:10:06.218+0000] {logging_mixin.py:188} INFO - [2026-06-08T20:10:06.218+0000] {dagbag.py:545} INFO - Filling up the DagBag from /home/airflow/.local/lib/python3.12/site-packages/airflow/example_dags/example_dag_decorator.py
[2026-06-08T20:10:06.546+0000] {processor.py:840} INFO - DAG(s) 'example_dag_decorator' retrieved from /home/airflow/.local/lib/python3.12/site-packages/airflow/example_dags/example_dag_decorator.py
[2026-06-08T20:10:06.802+0000] {logging_mixin.py:188} INFO - [2026-06-08T20:10:06.800+0000] {dag.py:3096} INFO - Sync 1 DAGs
[2026-06-08T20:10:06.838+0000] {logging_mixin.py:188} INFO - [2026-06-08T20:10:06.836+0000] {dag.py:3954} INFO - Setting next_dagrun for example_dag_decorator to None, run_after=None
[2026-06-08T20:10:06.892+0000] {processor.py:183} INFO - Processing /home/airflow/.local/lib/python3.12/site-packages/airflow/example_dags/example_dag_decorator.py took 0.696 seconds
[2026-06-08T20:10:37.465+0000] {processor.py:161} INFO - Started process (PID=333) to work on /home/airflow/.local/lib/python3.12/site-packages/airflow/example_dags/example_dag_decorator.py
[2026-06-08T20:10:37.469+0000] {processor.py:830} INFO - Processing file /home/airflow/.local/lib/python3.12/site-packages/airflow/example_dags/example_dag_decorator.py for tasks to queue
[2026-06-08T20:10:37.485+0000] {logging_mixin.py:188} INFO - [2026-06-08T20:10:37.479+0000] {dagbag.py:545} INFO - Filling up the DagBag from /home/airflow/.local/lib/python3.12/site-packages/airflow/example_dags/example_dag_decorator.py
[2026-06-08T20:10:37.627+0000] {processor.py:840} INFO - DAG(s) 'example_dag_decorator' retrieved from /home/airflow/.local/lib/python3.12/site-packages/airflow/example_dags/example_dag_decorator.py
[2026-06-08T20:10:37.783+0000] {logging_mixin.py:188} INFO - [2026-06-08T20:10:37.782+0000] {dag.py:3096} INFO - Sync 1 DAGs
[2026-06-08T20:10:37.798+0000] {logging_mixin.py:188} INFO - [2026-06-08T20:10:37.798+0000] {dag.py:3954} INFO - Setting next_dagrun for example_dag_decorator to None, run_after=None
[2026-06-08T20:10:37.819+0000] {processor.py:183} INFO - Processing /home/airflow/.local/lib/python3.12/site-packages/airflow/example_dags/example_dag_decorator.py took 0.380 seconds
[2026-06-08T20:11:08.123+0000] {processor.py:161} INFO - Started process (PID=391) to work on /home/airflow/.local/lib/python3.12/site-packages/airflow/example_dags/example_dag_decorator.py
[2026-06-08T20:11:08.124+0000] {processor.py:830} INFO - Processing file /home/airflow/.local/lib/python3.12/site-packages/airflow/example_dags/example_dag_decorator.py for tasks to queue
[2026-06-08T20:11:08.128+0000] {logging_mixin.py:188} INFO - [2026-06-08T20:11:08.128+0000] {dagbag.py:545} INFO - Filling up the DagBag from /home/airflow/.local/lib/python3.12/site-packages/airflow/example_dags/example_dag_decorator.py
[2026-06-08T20:11:08.313+0000] {processor.py:840} INFO - DAG(s) 'example_dag_decorator' retrieved from /home/airflow/.local/lib/python3.12/site-packages/airflow/example_dags/example_dag_decorator.py
[2026-06-08T20:11:08.468+0000] {logging_mixin.py:188} INFO - [2026-06-08T20:11:08.467+0000] {dag.py:3096} INFO - Sync 1 DAGs
[2026-06-08T20:11:08.484+0000] {logging_mixin.py:188} INFO - [2026-06-08T20:11:08.483+0000] {dag.py:3954} INFO - Setting next_dagrun for example_dag_decorator to None, run_after=None
[2026-06-08T20:11:08.695+0000] {processor.py:183} INFO - Processing /home/airflow/.local/lib/python3.12/site-packages/airflow/example_dags/example_dag_decorator.py took 0.590 seconds
[2026-06-08T20:11:38.751+0000] {processor.py:161} INFO - Started process (PID=451) to work on /home/airflow/.local/lib/python3.12/site-packages/airflow/example_dags/example_dag_decorator.py
[2026-06-08T20:11:38.752+0000] {processor.py:830} INFO - Processing file /home/airflow/.local/lib/python3.12/site-packages/airflow/example_dags/example_dag_decorator.py for tasks to queue
[2026-06-08T20:11:38.754+0000] {logging_mixin.py:188} INFO - [2026-06-08T20:11:38.754+0000] {dagbag.py:545} INFO - Filling up the DagBag from /home/airflow/.local/lib/python3.12/site-packages/airflow/example_dags/example_dag_decorator.py
[2026-06-08T20:11:38.902+0000] {processor.py:840} INFO - DAG(s) 'example_dag_decorator' retrieved from /home/airflow/.local/lib/python3.12/site-packages/airflow/example_dags/example_dag_decorator.py
[2026-06-08T20:11:39.057+0000] {logging_mixin.py:188} INFO - [2026-06-08T20:11:39.057+0000] {dag.py:3096} INFO - Sync 1 DAGs
[2026-06-08T20:11:39.263+0000] {logging_mixin.py:188} INFO - [2026-06-08T20:11:39.263+0000] {dag.py:3954} INFO - Setting next_dagrun for example_dag_decorator to None, run_after=None
[2026-06-08T20:11:39.283+0000] {processor.py:183} INFO - Processing /home/airflow/.local/lib/python3.12/site-packages/airflow/example_dags/example_dag_decorator.py took 0.538 seconds
[2026-06-08T20:12:09.444+0000] {processor.py:161} INFO - Started process (PID=511) to work on /home/airflow/.local/lib/python3.12/site-packages/airflow/example_dags/example_dag_decorator.py
[2026-06-08T20:12:09.445+0000] {processor.py:830} INFO - Processing file /home/airflow/.local/lib/python3.12/site-packages/airflow/example_dags/example_dag_decorator.py for tasks to queue
[2026-06-08T20:12:09.447+0000] {logging_mixin.py:188} INFO - [2026-06-08T20:12:09.447+0000] {dagbag.py:545} INFO - Filling up the DagBag from /home/airflow/.local/lib/python3.12/site-packages/airflow/example_dags/example_dag_decorator.py
[2026-06-08T20:12:09.603+0000] {processor.py:840} INFO - DAG(s) 'example_dag_decorator' retrieved from /home/airflow/.local/lib/python3.12/site-packages/airflow/example_dags/example_dag_decorator.py
[2026-06-08T20:12:09.955+0000] {logging_mixin.py:188} INFO - [2026-06-08T20:12:09.953+0000] {dag.py:3096} INFO - Sync 1 DAGs
[2026-06-08T20:12:10.004+0000] {logging_mixin.py:188} INFO - [2026-06-08T20:12:10.004+0000] {dag.py:3954} INFO - Setting next_dagrun for example_dag_decorator to None, run_after=None
[2026-06-08T20:12:10.656+0000] {processor.py:183} INFO - Processing /home/airflow/.local/lib/python3.12/site-packages/airflow/example_dags/example_dag_decorator.py took 1.225 seconds
[2026-06-08T20:12:43.082+0000] {processor.py:161} INFO - Started process (PID=570) to work on /home/airflow/.local/lib/python3.12/site-packages/airflow/example_dags/example_dag_decorator.py
[2026-06-08T20:12:43.087+0000] {processor.py:830} INFO - Processing file /home/airflow/.local/lib/python3.12/site-packages/airflow/example_dags/example_dag_decorator.py for tasks to queue
[2026-06-08T20:12:43.093+0000] {logging_mixin.py:188} INFO - [2026-06-08T20:12:43.093+0000] {dagbag.py:545} INFO - Filling up the DagBag from /home/airflow/.local/lib/python3.12/site-packages/airflow/example_dags/example_dag_decorator.py
[2026-06-08T20:12:44.360+0000] {processor.py:840} INFO - DAG(s) 'example_dag_decorator' retrieved from /home/airflow/.local/lib/python3.12/site-packages/airflow/example_dags/example_dag_decorator.py
[2026-06-08T20:12:45.433+0000] {logging_mixin.py:188} INFO - [2026-06-08T20:12:45.431+0000] {dag.py:3096} INFO - Sync 1 DAGs
[2026-06-08T20:12:45.518+0000] {logging_mixin.py:188} INFO - [2026-06-08T20:12:45.513+0000] {dag.py:3954} INFO - Setting next_dagrun for example_dag_decorator to None, run_after=None
[2026-06-08T20:12:47.442+0000] {processor.py:183} INFO - Processing /home/airflow/.local/lib/python3.12/site-packages/airflow/example_dags/example_dag_decorator.py took 4.390 seconds
[2026-06-08T20:13:18.141+0000] {processor.py:161} INFO - Started process (PID=631) to work on /home/airflow/.local/lib/python3.12/site-packages/airflow/example_dags/example_dag_decorator.py
[2026-06-08T20:13:18.151+0000] {processor.py:830} INFO - Processing file /home/airflow/.local/lib/python3.12/site-packages/airflow/example_dags/example_dag_decorator.py for tasks to queue
[2026-06-08T20:13:18.161+0000] {logging_mixin.py:188} INFO - [2026-06-08T20:13:18.158+0000] {dagbag.py:545} INFO - Filling up the DagBag from /home/airflow/.local/lib/python3.12/site-packages/airflow/example_dags/example_dag_decorator.py
[2026-06-08T20:13:18.967+0000] {processor.py:840} INFO - DAG(s) 'example_dag_decorator' retrieved from /home/airflow/.local/lib/python3.12/site-packages/airflow/example_dags/example_dag_decorator.py
[2026-06-08T20:13:20.496+0000] {logging_mixin.py:188} INFO - [2026-06-08T20:13:20.496+0000] {dag.py:3096} INFO - Sync 1 DAGs
[2026-06-08T20:13:20.534+0000] {logging_mixin.py:188} INFO - [2026-06-08T20:13:20.532+0000] {dag.py:3954} INFO - Setting next_dagrun for example_dag_decorator to None, run_after=None
[2026-06-08T20:13:21.817+0000] {processor.py:183} INFO - Processing /home/airflow/.local/lib/python3.12/site-packages/airflow/example_dags/example_dag_decorator.py took 3.718 seconds
[2026-06-08T20:13:52.330+0000] {processor.py:161} INFO - Started process (PID=693) to work on /home/airflow/.local/lib/python3.12/site-packages/airflow/example_dags/example_dag_decorator.py
[2026-06-08T20:13:52.344+0000] {processor.py:830} INFO - Processing file /home/airflow/.local/lib/python3.12/site-packages/airflow/example_dags/example_dag_decorator.py for tasks to queue
[2026-06-08T20:13:52.361+0000] {logging_mixin.py:188} INFO - [2026-06-08T20:13:52.358+0000] {dagbag.py:545} INFO - Filling up the DagBag from /home/airflow/.local/lib/python3.12/site-packages/airflow/example_dags/example_dag_decorator.py
[2026-06-08T20:13:52.695+0000] {processor.py:840} INFO - DAG(s) 'example_dag_decorator' retrieved from /home/airflow/.local/lib/python3.12/site-packages/airflow/example_dags/example_dag_decorator.py
[2026-06-08T20:13:52.925+0000] {logging_mixin.py:188} INFO - [2026-06-08T20:13:52.925+0000] {dag.py:3096} INFO - Sync 1 DAGs
[2026-06-08T20:13:52.944+0000] {logging_mixin.py:188} INFO - [2026-06-08T20:13:52.944+0000] {dag.py:3954} INFO - Setting next_dagrun for example_dag_decorator to None, run_after=None
[2026-06-08T20:13:52.982+0000] {processor.py:183} INFO - Processing /home/airflow/.local/lib/python3.12/site-packages/airflow/example_dags/example_dag_decorator.py took 0.668 seconds
[2026-06-08T20:14:23.032+0000] {processor.py:161} INFO - Started process (PID=752) to work on /home/airflow/.local/lib/python3.12/site-packages/airflow/example_dags/example_dag_decorator.py
[2026-06-08T20:14:23.033+0000] {processor.py:830} INFO - Processing file /home/airflow/.local/lib/python3.12/site-packages/airflow/example_dags/example_dag_decorator.py for tasks to queue
[2026-06-08T20:14:23.035+0000] {logging_mixin.py:188} INFO - [2026-06-08T20:14:23.035+0000] {dagbag.py:545} INFO - Filling up the DagBag from /home/airflow/.local/lib/python3.12/site-packages/airflow/example_dags/example_dag_decorator.py
[2026-06-08T20:14:23.276+0000] {processor.py:840} INFO - DAG(s) 'example_dag_decorator' retrieved from /home/airflow/.local/lib/python3.12/site-packages/airflow/example_dags/example_dag_decorator.py
[2026-06-08T20:14:23.315+0000] {logging_mixin.py:188} INFO - [2026-06-08T20:14:23.315+0000] {dag.py:3096} INFO - Sync 1 DAGs
[2026-06-08T20:14:23.327+0000] {logging_mixin.py:188} INFO - [2026-06-08T20:14:23.327+0000] {dag.py:3954} INFO - Setting next_dagrun for example_dag_decorator to None, run_after=None
[2026-06-08T20:14:23.344+0000] {processor.py:183} INFO - Processing /home/airflow/.local/lib/python3.12/site-packages/airflow/example_dags/example_dag_decorator.py took 0.317 seconds
[2026-06-08T20:14:53.626+0000] {processor.py:161} INFO - Started process (PID=809) to work on /home/airflow/.local/lib/python3.12/site-packages/airflow/example_dags/example_dag_decorator.py
[2026-06-08T20:14:53.631+0000] {processor.py:830} INFO - Processing file /home/airflow/.local/lib/python3.12/site-packages/airflow/example_dags/example_dag_decorator.py for tasks to queue
[2026-06-08T20:14:53.639+0000] {logging_mixin.py:188} INFO - [2026-06-08T20:14:53.632+0000] {dagbag.py:545} INFO - Filling up the DagBag from /home/airflow/.local/lib/python3.12/site-packages/airflow/example_dags/example_dag_decorator.py
[2026-06-08T20:14:54.003+0000] {processor.py:840} INFO - DAG(s) 'example_dag_decorator' retrieved from /home/airflow/.local/lib/python3.12/site-packages/airflow/example_dags/example_dag_decorator.py
[2026-06-08T20:14:54.424+0000] {logging_mixin.py:188} INFO - [2026-06-08T20:14:54.424+0000] {dag.py:3096} INFO - Sync 1 DAGs
[2026-06-08T20:14:54.434+0000] {logging_mixin.py:188} INFO - [2026-06-08T20:14:54.433+0000] {dag.py:3954} INFO - Setting next_dagrun for example_dag_decorator to None, run_after=None
[2026-06-08T20:14:54.450+0000] {processor.py:183} INFO - Processing /home/airflow/.local/lib/python3.12/site-packages/airflow/example_dags/example_dag_decorator.py took 0.847 seconds
[2026-06-08T20:15:24.736+0000] {processor.py:161} INFO - Started process (PID=867) to work on /home/airflow/.local/lib/python3.12/site-packages/airflow/example_dags/example_dag_decorator.py
[2026-06-08T20:15:24.737+0000] {processor.py:830} INFO - Processing file /home/airflow/.local/lib/python3.12/site-packages/airflow/example_dags/example_dag_decorator.py for tasks to queue
[2026-06-08T20:15:24.739+0000] {logging_mixin.py:188} INFO - [2026-06-08T20:15:24.739+0000] {dagbag.py:545} INFO - Filling up the DagBag from /home/airflow/.local/lib/python3.12/site-packages/airflow/example_dags/example_dag_decorator.py
[2026-06-08T20:15:24.859+0000] {processor.py:840} INFO - DAG(s) 'example_dag_decorator' retrieved from /home/airflow/.local/lib/python3.12/site-packages/airflow/example_dags/example_dag_decorator.py
[2026-06-08T20:15:25.199+0000] {logging_mixin.py:188} INFO - [2026-06-08T20:15:25.199+0000] {dag.py:3096} INFO - Sync 1 DAGs
[2026-06-08T20:15:25.214+0000] {logging_mixin.py:188} INFO - [2026-06-08T20:15:25.213+0000] {dag.py:3954} INFO - Setting next_dagrun for example_dag_decorator to None, run_after=None
[2026-06-08T20:15:25.258+0000] {processor.py:183} INFO - Processing /home/airflow/.local/lib/python3.12/site-packages/airflow/example_dags/example_dag_decorator.py took 0.529 seconds
[2026-06-08T20:15:55.598+0000] {processor.py:161} INFO - Started process (PID=925) to work on /home/airflow/.local/lib/python3.12/site-packages/airflow/example_dags/example_dag_decorator.py
[2026-06-08T20:15:55.601+0000] {processor.py:830} INFO - Processing file /home/airflow/.local/lib/python3.12/site-packages/airflow/example_dags/example_dag_decorator.py for tasks to queue
[2026-06-08T20:15:55.605+0000] {logging_mixin.py:188} INFO - [2026-06-08T20:15:55.604+0000] {dagbag.py:545} INFO - Filling up the DagBag from /home/airflow/.local/lib/python3.12/site-packages/airflow/example_dags/example_dag_decorator.py
[2026-06-08T20:15:55.909+0000] {processor.py:840} INFO - DAG(s) 'example_dag_decorator' retrieved from /home/airflow/.local/lib/python3.12/site-packages/airflow/example_dags/example_dag_decorator.py
[2026-06-08T20:15:55.983+0000] {logging_mixin.py:188} INFO - [2026-06-08T20:15:55.982+0000] {dag.py:3096} INFO - Sync 1 DAGs
[2026-06-08T20:15:56.022+0000] {logging_mixin.py:188} INFO - [2026-06-08T20:15:56.021+0000] {dag.py:3954} INFO - Setting next_dagrun for example_dag_decorator to None, run_after=None
[2026-06-08T20:15:56.071+0000] {processor.py:183} INFO - Processing /home/airflow/.local/lib/python3.12/site-packages/airflow/example_dags/example_dag_decorator.py took 0.493 seconds
[2026-06-08T20:16:26.873+0000] {processor.py:161} INFO - Started process (PID=990) to work on /home/airflow/.local/lib/python3.12/site-packages/airflow/example_dags/example_dag_decorator.py
[2026-06-08T20:16:26.874+0000] {processor.py:830} INFO - Processing file /home/airflow/.local/lib/python3.12/site-packages/airflow/example_dags/example_dag_decorator.py for tasks to queue
[2026-06-08T20:16:26.876+0000] {logging_mixin.py:188} INFO - [2026-06-08T20:16:26.875+0000] {dagbag.py:545} INFO - Filling up the DagBag from /home/airflow/.local/lib/python3.12/site-packages/airflow/example_dags/example_dag_decorator.py
[2026-06-08T20:16:26.975+0000] {processor.py:840} INFO - DAG(s) 'example_dag_decorator' retrieved from /home/airflow/.local/lib/python3.12/site-packages/airflow/example_dags/example_dag_decorator.py
[2026-06-08T20:16:26.997+0000] {logging_mixin.py:188} INFO - [2026-06-08T20:16:26.997+0000] {dag.py:3096} INFO - Sync 1 DAGs
[2026-06-08T20:16:27.009+0000] {logging_mixin.py:188} INFO - [2026-06-08T20:16:27.009+0000] {dag.py:3954} INFO - Setting next_dagrun for example_dag_decorator to None, run_after=None
[2026-06-08T20:16:27.030+0000] {processor.py:183} INFO - Processing /home/airflow/.local/lib/python3.12/site-packages/airflow/example_dags/example_dag_decorator.py took 0.162 seconds
[2026-06-08T20:16:57.297+0000] {processor.py:161} INFO - Started process (PID=1048) to work on /home/airflow/.local/lib/python3.12/site-packages/airflow/example_dags/example_dag_decorator.py
[2026-06-08T20:16:57.298+0000] {processor.py:830} INFO - Processing file /home/airflow/.local/lib/python3.12/site-packages/airflow/example_dags/example_dag_decorator.py for tasks to queue
[2026-06-08T20:16:57.300+0000] {logging_mixin.py:188} INFO - [2026-06-08T20:16:57.299+0000] {dagbag.py:545} INFO - Filling up the DagBag from /home/airflow/.local/lib/python3.12/site-packages/airflow/example_dags/example_dag_decorator.py
[2026-06-08T20:16:57.566+0000] {processor.py:840} INFO - DAG(s) 'example_dag_decorator' retrieved from /home/airflow/.local/lib/python3.12/site-packages/airflow/example_dags/example_dag_decorator.py
[2026-06-08T20:16:57.664+0000] {logging_mixin.py:188} INFO - [2026-06-08T20:16:57.664+0000] {dag.py:3096} INFO - Sync 1 DAGs
[2026-06-08T20:16:57.674+0000] {logging_mixin.py:188} INFO - [2026-06-08T20:16:57.673+0000] {dag.py:3954} INFO - Setting next_dagrun for example_dag_decorator to None, run_after=None
[2026-06-08T20:16:57.690+0000] {processor.py:183} INFO - Processing /home/airflow/.local/lib/python3.12/site-packages/airflow/example_dags/example_dag_decorator.py took 0.398 seconds
[2026-06-08T20:17:28.724+0000] {processor.py:161} INFO - Started process (PID=1107) to work on /home/airflow/.local/lib/python3.12/site-packages/airflow/example_dags/example_dag_decorator.py
[2026-06-08T20:17:28.727+0000] {processor.py:830} INFO - Processing file /home/airflow/.local/lib/python3.12/site-packages/airflow/example_dags/example_dag_decorator.py for tasks to queue
[2026-06-08T20:17:28.729+0000] {logging_mixin.py:188} INFO - [2026-06-08T20:17:28.729+0000] {dagbag.py:545} INFO - Filling up the DagBag from /home/airflow/.local/lib/python3.12/site-packages/airflow/example_dags/example_dag_decorator.py
[2026-06-08T20:17:28.978+0000] {processor.py:840} INFO - DAG(s) 'example_dag_decorator' retrieved from /home/airflow/.local/lib/python3.12/site-packages/airflow/example_dags/example_dag_decorator.py
[2026-06-08T20:17:29.283+0000] {logging_mixin.py:188} INFO - [2026-06-08T20:17:29.283+0000] {dag.py:3096} INFO - Sync 1 DAGs
[2026-06-08T20:17:29.302+0000] {logging_mixin.py:188} INFO - [2026-06-08T20:17:29.301+0000] {dag.py:3954} INFO - Setting next_dagrun for example_dag_decorator to None, run_after=None
[2026-06-08T20:17:29.343+0000] {processor.py:183} INFO - Processing /home/airflow/.local/lib/python3.12/site-packages/airflow/example_dags/example_dag_decorator.py took 0.630 seconds
[2026-06-08T20:19:00.248+0000] {processor.py:161} INFO - Started process (PID=93) to work on /home/airflow/.local/lib/python3.12/site-packages/airflow/example_dags/example_dag_decorator.py
[2026-06-08T20:19:00.257+0000] {processor.py:830} INFO - Processing file /home/airflow/.local/lib/python3.12/site-packages/airflow/example_dags/example_dag_decorator.py for tasks to queue
[2026-06-08T20:19:00.262+0000] {logging_mixin.py:188} INFO - [2026-06-08T20:19:00.261+0000] {dagbag.py:545} INFO - Filling up the DagBag from /home/airflow/.local/lib/python3.12/site-packages/airflow/example_dags/example_dag_decorator.py
[2026-06-08T20:19:00.707+0000] {processor.py:840} INFO - DAG(s) 'example_dag_decorator' retrieved from /home/airflow/.local/lib/python3.12/site-packages/airflow/example_dags/example_dag_decorator.py
[2026-06-08T20:19:01.019+0000] {logging_mixin.py:188} INFO - [2026-06-08T20:19:01.019+0000] {dag.py:3096} INFO - Sync 1 DAGs
[2026-06-08T20:19:01.048+0000] {logging_mixin.py:188} INFO - [2026-06-08T20:19:01.048+0000] {dag.py:3954} INFO - Setting next_dagrun for example_dag_decorator to None, run_after=None
[2026-06-08T20:19:01.105+0000] {processor.py:183} INFO - Processing /home/airflow/.local/lib/python3.12/site-packages/airflow/example_dags/example_dag_decorator.py took 0.876 seconds
[2026-06-08T20:19:31.191+0000] {processor.py:161} INFO - Started process (PID=153) to work on /home/airflow/.local/lib/python3.12/site-packages/airflow/example_dags/example_dag_decorator.py
[2026-06-08T20:19:31.194+0000] {processor.py:830} INFO - Processing file /home/airflow/.local/lib/python3.12/site-packages/airflow/example_dags/example_dag_decorator.py for tasks to queue
[2026-06-08T20:19:31.196+0000] {logging_mixin.py:188} INFO - [2026-06-08T20:19:31.195+0000] {dagbag.py:545} INFO - Filling up the DagBag from /home/airflow/.local/lib/python3.12/site-packages/airflow/example_dags/example_dag_decorator.py
[2026-06-08T20:19:31.307+0000] {processor.py:840} INFO - DAG(s) 'example_dag_decorator' retrieved from /home/airflow/.local/lib/python3.12/site-packages/airflow/example_dags/example_dag_decorator.py
[2026-06-08T20:19:31.330+0000] {logging_mixin.py:188} INFO - [2026-06-08T20:19:31.330+0000] {dag.py:3096} INFO - Sync 1 DAGs
[2026-06-08T20:19:31.342+0000] {logging_mixin.py:188} INFO - [2026-06-08T20:19:31.342+0000] {dag.py:3954} INFO - Setting next_dagrun for example_dag_decorator to None, run_after=None
[2026-06-08T20:19:31.358+0000] {processor.py:183} INFO - Processing /home/airflow/.local/lib/python3.12/site-packages/airflow/example_dags/example_dag_decorator.py took 0.175 seconds
[2026-06-08T20:20:01.922+0000] {processor.py:161} INFO - Started process (PID=212) to work on /home/airflow/.local/lib/python3.12/site-packages/airflow/example_dags/example_dag_decorator.py
[2026-06-08T20:20:01.924+0000] {processor.py:830} INFO - Processing file /home/airflow/.local/lib/python3.12/site-packages/airflow/example_dags/example_dag_decorator.py for tasks to queue
[2026-06-08T20:20:01.928+0000] {logging_mixin.py:188} INFO - [2026-06-08T20:20:01.928+0000] {dagbag.py:545} INFO - Filling up the DagBag from /home/airflow/.local/lib/python3.12/site-packages/airflow/example_dags/example_dag_decorator.py
[2026-06-08T20:20:02.249+0000] {processor.py:840} INFO - DAG(s) 'example_dag_decorator' retrieved from /home/airflow/.local/lib/python3.12/site-packages/airflow/example_dags/example_dag_decorator.py
[2026-06-08T20:20:02.340+0000] {logging_mixin.py:188} INFO - [2026-06-08T20:20:02.340+0000] {dag.py:3096} INFO - Sync 1 DAGs
[2026-06-08T20:20:02.366+0000] {logging_mixin.py:188} INFO - [2026-06-08T20:20:02.365+0000] {dag.py:3954} INFO - Setting next_dagrun for example_dag_decorator to None, run_after=None
[2026-06-08T20:20:02.452+0000] {processor.py:183} INFO - Processing /home/airflow/.local/lib/python3.12/site-packages/airflow/example_dags/example_dag_decorator.py took 0.556 seconds
[2026-06-08T20:20:33.266+0000] {processor.py:161} INFO - Started process (PID=270) to work on /home/airflow/.local/lib/python3.12/site-packages/airflow/example_dags/example_dag_decorator.py
[2026-06-08T20:20:33.269+0000] {processor.py:830} INFO - Processing file /home/airflow/.local/lib/python3.12/site-packages/airflow/example_dags/example_dag_decorator.py for tasks to queue
[2026-06-08T20:20:33.272+0000] {logging_mixin.py:188} INFO - [2026-06-08T20:20:33.271+0000] {dagbag.py:545} INFO - Filling up the DagBag from /home/airflow/.local/lib/python3.12/site-packages/airflow/example_dags/example_dag_decorator.py
[2026-06-08T20:20:33.520+0000] {processor.py:840} INFO - DAG(s) 'example_dag_decorator' retrieved from /home/airflow/.local/lib/python3.12/site-packages/airflow/example_dags/example_dag_decorator.py
[2026-06-08T20:20:33.759+0000] {logging_mixin.py:188} INFO - [2026-06-08T20:20:33.759+0000] {dag.py:3096} INFO - Sync 1 DAGs
[2026-06-08T20:20:33.774+0000] {logging_mixin.py:188} INFO - [2026-06-08T20:20:33.774+0000] {dag.py:3954} INFO - Setting next_dagrun for example_dag_decorator to None, run_after=None
[2026-06-08T20:20:33.800+0000] {processor.py:183} INFO - Processing /home/airflow/.local/lib/python3.12/site-packages/airflow/example_dags/example_dag_decorator.py took 0.548 seconds
[2026-06-08T20:21:04.361+0000] {processor.py:161} INFO - Started process (PID=329) to work on /home/airflow/.local/lib/python3.12/site-packages/airflow/example_dags/example_dag_decorator.py
[2026-06-08T20:21:04.362+0000] {processor.py:830} INFO - Processing file /home/airflow/.local/lib/python3.12/site-packages/airflow/example_dags/example_dag_decorator.py for tasks to queue
[2026-06-08T20:21:04.364+0000] {logging_mixin.py:188} INFO - [2026-06-08T20:21:04.364+0000] {dagbag.py:545} INFO - Filling up the DagBag from /home/airflow/.local/lib/python3.12/site-packages/airflow/example_dags/example_dag_decorator.py
[2026-06-08T20:21:04.506+0000] {processor.py:840} INFO - DAG(s) 'example_dag_decorator' retrieved from /home/airflow/.local/lib/python3.12/site-packages/airflow/example_dags/example_dag_decorator.py
[2026-06-08T20:21:04.654+0000] {logging_mixin.py:188} INFO - [2026-06-08T20:21:04.654+0000] {dag.py:3096} INFO - Sync 1 DAGs
[2026-06-08T20:21:04.669+0000] {logging_mixin.py:188} INFO - [2026-06-08T20:21:04.669+0000] {dag.py:3954} INFO - Setting next_dagrun for example_dag_decorator to None, run_after=None
[2026-06-08T20:21:04.695+0000] {processor.py:183} INFO - Processing /home/airflow/.local/lib/python3.12/site-packages/airflow/example_dags/example_dag_decorator.py took 0.340 seconds
[2026-06-08T20:21:34.901+0000] {processor.py:161} INFO - Started process (PID=387) to work on /home/airflow/.local/lib/python3.12/site-packages/airflow/example_dags/example_dag_decorator.py
[2026-06-08T20:21:34.901+0000] {processor.py:830} INFO - Processing file /home/airflow/.local/lib/python3.12/site-packages/airflow/example_dags/example_dag_decorator.py for tasks to queue
[2026-06-08T20:21:34.903+0000] {logging_mixin.py:188} INFO - [2026-06-08T20:21:34.903+0000] {dagbag.py:545} INFO - Filling up the DagBag from /home/airflow/.local/lib/python3.12/site-packages/airflow/example_dags/example_dag_decorator.py
[2026-06-08T20:21:35.045+0000] {processor.py:840} INFO - DAG(s) 'example_dag_decorator' retrieved from /home/airflow/.local/lib/python3.12/site-packages/airflow/example_dags/example_dag_decorator.py
[2026-06-08T20:21:35.198+0000] {logging_mixin.py:188} INFO - [2026-06-08T20:21:35.197+0000] {dag.py:3096} INFO - Sync 1 DAGs
[2026-06-08T20:21:35.213+0000] {logging_mixin.py:188} INFO - [2026-06-08T20:21:35.212+0000] {dag.py:3954} INFO - Setting next_dagrun for example_dag_decorator to None, run_after=None
[2026-06-08T20:21:35.236+0000] {processor.py:183} INFO - Processing /home/airflow/.local/lib/python3.12/site-packages/airflow/example_dags/example_dag_decorator.py took 0.342 seconds
[2026-06-08T20:22:05.323+0000] {processor.py:161} INFO - Started process (PID=446) to work on /home/airflow/.local/lib/python3.12/site-packages/airflow/example_dags/example_dag_decorator.py
[2026-06-08T20:22:05.324+0000] {processor.py:830} INFO - Processing file /home/airflow/.local/lib/python3.12/site-packages/airflow/example_dags/example_dag_decorator.py for tasks to queue
[2026-06-08T20:22:05.330+0000] {logging_mixin.py:188} INFO - [2026-06-08T20:22:05.329+0000] {dagbag.py:545} INFO - Filling up the DagBag from /home/airflow/.local/lib/python3.12/site-packages/airflow/example_dags/example_dag_decorator.py
[2026-06-08T20:22:05.575+0000] {processor.py:840} INFO - DAG(s) 'example_dag_decorator' retrieved from /home/airflow/.local/lib/python3.12/site-packages/airflow/example_dags/example_dag_decorator.py
[2026-06-08T20:22:05.726+0000] {logging_mixin.py:188} INFO - [2026-06-08T20:22:05.725+0000] {dag.py:3096} INFO - Sync 1 DAGs
[2026-06-08T20:22:05.741+0000] {logging_mixin.py:188} INFO - [2026-06-08T20:22:05.740+0000] {dag.py:3954} INFO - Setting next_dagrun for example_dag_decorator to None, run_after=None
[2026-06-08T20:22:05.764+0000] {processor.py:183} INFO - Processing /home/airflow/.local/lib/python3.12/site-packages/airflow/example_dags/example_dag_decorator.py took 0.450 seconds
[2026-06-08T20:22:35.805+0000] {processor.py:161} INFO - Started process (PID=507) to work on /home/airflow/.local/lib/python3.12/site-packages/airflow/example_dags/example_dag_decorator.py
[2026-06-08T20:22:35.806+0000] {processor.py:830} INFO - Processing file /home/airflow/.local/lib/python3.12/site-packages/airflow/example_dags/example_dag_decorator.py for tasks to queue
[2026-06-08T20:22:35.808+0000] {logging_mixin.py:188} INFO - [2026-06-08T20:22:35.808+0000] {dagbag.py:545} INFO - Filling up the DagBag from /home/airflow/.local/lib/python3.12/site-packages/airflow/example_dags/example_dag_decorator.py
[2026-06-08T20:22:35.908+0000] {processor.py:840} INFO - DAG(s) 'example_dag_decorator' retrieved from /home/airflow/.local/lib/python3.12/site-packages/airflow/example_dags/example_dag_decorator.py
[2026-06-08T20:22:36.021+0000] {logging_mixin.py:188} INFO - [2026-06-08T20:22:36.021+0000] {dag.py:3096} INFO - Sync 1 DAGs
[2026-06-08T20:22:36.038+0000] {logging_mixin.py:188} INFO - [2026-06-08T20:22:36.037+0000] {dag.py:3954} INFO - Setting next_dagrun for example_dag_decorator to None, run_after=None
[2026-06-08T20:22:36.066+0000] {processor.py:183} INFO - Processing /home/airflow/.local/lib/python3.12/site-packages/airflow/example_dags/example_dag_decorator.py took 0.269 seconds
[2026-06-08T20:23:06.179+0000] {processor.py:161} INFO - Started process (PID=566) to work on /home/airflow/.local/lib/python3.12/site-packages/airflow/example_dags/example_dag_decorator.py
[2026-06-08T20:23:06.180+0000] {processor.py:830} INFO - Processing file /home/airflow/.local/lib/python3.12/site-packages/airflow/example_dags/example_dag_decorator.py for tasks to queue
[2026-06-08T20:23:06.181+0000] {logging_mixin.py:188} INFO - [2026-06-08T20:23:06.181+0000] {dagbag.py:545} INFO - Filling up the DagBag from /home/airflow/.local/lib/python3.12/site-packages/airflow/example_dags/example_dag_decorator.py
[2026-06-08T20:23:06.282+0000] {processor.py:840} INFO - DAG(s) 'example_dag_decorator' retrieved from /home/airflow/.local/lib/python3.12/site-packages/airflow/example_dags/example_dag_decorator.py
[2026-06-08T20:23:06.417+0000] {logging_mixin.py:188} INFO - [2026-06-08T20:23:06.417+0000] {dag.py:3096} INFO - Sync 1 DAGs
[2026-06-08T20:23:06.427+0000] {logging_mixin.py:188} INFO - [2026-06-08T20:23:06.427+0000] {dag.py:3954} INFO - Setting next_dagrun for example_dag_decorator to None, run_after=None
[2026-06-08T20:23:06.445+0000] {processor.py:183} INFO - Processing /home/airflow/.local/lib/python3.12/site-packages/airflow/example_dags/example_dag_decorator.py took 0.271 seconds
[2026-06-08T20:23:36.791+0000] {processor.py:161} INFO - Started process (PID=623) to work on /home/airflow/.local/lib/python3.12/site-packages/airflow/example_dags/example_dag_decorator.py
[2026-06-08T20:23:36.796+0000] {processor.py:830} INFO - Processing file /home/airflow/.local/lib/python3.12/site-packages/airflow/example_dags/example_dag_decorator.py for tasks to queue
[2026-06-08T20:23:36.798+0000] {logging_mixin.py:188} INFO - [2026-06-08T20:23:36.797+0000] {dagbag.py:545} INFO - Filling up the DagBag from /home/airflow/.local/lib/python3.12/site-packages/airflow/example_dags/example_dag_decorator.py
[2026-06-08T20:23:36.939+0000] {processor.py:840} INFO - DAG(s) 'example_dag_decorator' retrieved from /home/airflow/.local/lib/python3.12/site-packages/airflow/example_dags/example_dag_decorator.py
[2026-06-08T20:23:37.077+0000] {logging_mixin.py:188} INFO - [2026-06-08T20:23:37.077+0000] {dag.py:3096} INFO - Sync 1 DAGs
[2026-06-08T20:23:37.088+0000] {logging_mixin.py:188} INFO - [2026-06-08T20:23:37.087+0000] {dag.py:3954} INFO - Setting next_dagrun for example_dag_decorator to None, run_after=None
[2026-06-08T20:23:37.105+0000] {processor.py:183} INFO - Processing /home/airflow/.local/lib/python3.12/site-packages/airflow/example_dags/example_dag_decorator.py took 0.320 seconds
