[2026-06-08T20:03:47.214+0000] {processor.py:161} INFO - Started process (PID=86) to work on /home/airflow/.local/lib/python3.12/site-packages/airflow/example_dags/example_setup_teardown.py
[2026-06-08T20:03:47.225+0000] {processor.py:830} INFO - Processing file /home/airflow/.local/lib/python3.12/site-packages/airflow/example_dags/example_setup_teardown.py for tasks to queue
[2026-06-08T20:03:47.233+0000] {logging_mixin.py:188} INFO - [2026-06-08T20:03:47.232+0000] {dagbag.py:545} INFO - Filling up the DagBag from /home/airflow/.local/lib/python3.12/site-packages/airflow/example_dags/example_setup_teardown.py
[2026-06-08T20:03:47.272+0000] {processor.py:840} INFO - DAG(s) 'example_setup_teardown' retrieved from /home/airflow/.local/lib/python3.12/site-packages/airflow/example_dags/example_setup_teardown.py
[2026-06-08T20:03:47.974+0000] {logging_mixin.py:188} INFO - [2026-06-08T20:03:47.970+0000] {dag.py:3096} INFO - Sync 1 DAGs
[2026-06-08T20:03:48.081+0000] {logging_mixin.py:188} INFO - [2026-06-08T20:03:48.081+0000] {dag.py:3954} INFO - Setting next_dagrun for example_setup_teardown to 2026-06-07 00:00:00+00:00, run_after=2026-06-08 00:00:00+00:00
[2026-06-08T20:03:48.164+0000] {processor.py:183} INFO - Processing /home/airflow/.local/lib/python3.12/site-packages/airflow/example_dags/example_setup_teardown.py took 0.986 seconds
[2026-06-08T20:04:19.119+0000] {processor.py:161} INFO - Started process (PID=144) to work on /home/airflow/.local/lib/python3.12/site-packages/airflow/example_dags/example_setup_teardown.py
[2026-06-08T20:04:19.121+0000] {processor.py:830} INFO - Processing file /home/airflow/.local/lib/python3.12/site-packages/airflow/example_dags/example_setup_teardown.py for tasks to queue
[2026-06-08T20:04:19.123+0000] {logging_mixin.py:188} INFO - [2026-06-08T20:04:19.122+0000] {dagbag.py:545} INFO - Filling up the DagBag from /home/airflow/.local/lib/python3.12/site-packages/airflow/example_dags/example_setup_teardown.py
[2026-06-08T20:04:19.134+0000] {processor.py:840} INFO - DAG(s) 'example_setup_teardown' retrieved from /home/airflow/.local/lib/python3.12/site-packages/airflow/example_dags/example_setup_teardown.py
[2026-06-08T20:04:19.167+0000] {logging_mixin.py:188} INFO - [2026-06-08T20:04:19.167+0000] {dag.py:3096} INFO - Sync 1 DAGs
[2026-06-08T20:04:19.208+0000] {logging_mixin.py:188} INFO - [2026-06-08T20:04:19.208+0000] {dag.py:3954} INFO - Setting next_dagrun for example_setup_teardown to 2026-06-07 00:00:00+00:00, run_after=2026-06-08 00:00:00+00:00
[2026-06-08T20:04:19.257+0000] {processor.py:183} INFO - Processing /home/airflow/.local/lib/python3.12/site-packages/airflow/example_dags/example_setup_teardown.py took 0.159 seconds
[2026-06-08T20:04:49.487+0000] {processor.py:161} INFO - Started process (PID=202) to work on /home/airflow/.local/lib/python3.12/site-packages/airflow/example_dags/example_setup_teardown.py
[2026-06-08T20:04:49.488+0000] {processor.py:830} INFO - Processing file /home/airflow/.local/lib/python3.12/site-packages/airflow/example_dags/example_setup_teardown.py for tasks to queue
[2026-06-08T20:04:49.492+0000] {logging_mixin.py:188} INFO - [2026-06-08T20:04:49.492+0000] {dagbag.py:545} INFO - Filling up the DagBag from /home/airflow/.local/lib/python3.12/site-packages/airflow/example_dags/example_setup_teardown.py
[2026-06-08T20:04:49.508+0000] {processor.py:840} INFO - DAG(s) 'example_setup_teardown' retrieved from /home/airflow/.local/lib/python3.12/site-packages/airflow/example_dags/example_setup_teardown.py
[2026-06-08T20:04:49.562+0000] {logging_mixin.py:188} INFO - [2026-06-08T20:04:49.562+0000] {dag.py:3096} INFO - Sync 1 DAGs
[2026-06-08T20:04:49.619+0000] {logging_mixin.py:188} INFO - [2026-06-08T20:04:49.619+0000] {dag.py:3954} INFO - Setting next_dagrun for example_setup_teardown to 2026-06-07 00:00:00+00:00, run_after=2026-06-08 00:00:00+00:00
[2026-06-08T20:04:49.664+0000] {processor.py:183} INFO - Processing /home/airflow/.local/lib/python3.12/site-packages/airflow/example_dags/example_setup_teardown.py took 0.206 seconds
[2026-06-08T20:05:19.739+0000] {processor.py:161} INFO - Started process (PID=260) to work on /home/airflow/.local/lib/python3.12/site-packages/airflow/example_dags/example_setup_teardown.py
[2026-06-08T20:05:19.741+0000] {processor.py:830} INFO - Processing file /home/airflow/.local/lib/python3.12/site-packages/airflow/example_dags/example_setup_teardown.py for tasks to queue
[2026-06-08T20:05:19.743+0000] {logging_mixin.py:188} INFO - [2026-06-08T20:05:19.743+0000] {dagbag.py:545} INFO - Filling up the DagBag from /home/airflow/.local/lib/python3.12/site-packages/airflow/example_dags/example_setup_teardown.py
[2026-06-08T20:05:19.757+0000] {processor.py:840} INFO - DAG(s) 'example_setup_teardown' retrieved from /home/airflow/.local/lib/python3.12/site-packages/airflow/example_dags/example_setup_teardown.py
[2026-06-08T20:05:19.789+0000] {logging_mixin.py:188} INFO - [2026-06-08T20:05:19.789+0000] {dag.py:3096} INFO - Sync 1 DAGs
[2026-06-08T20:05:19.819+0000] {logging_mixin.py:188} INFO - [2026-06-08T20:05:19.819+0000] {dag.py:3954} INFO - Setting next_dagrun for example_setup_teardown to 2026-06-07 00:00:00+00:00, run_after=2026-06-08 00:00:00+00:00
[2026-06-08T20:05:19.870+0000] {processor.py:183} INFO - Processing /home/airflow/.local/lib/python3.12/site-packages/airflow/example_dags/example_setup_teardown.py took 0.146 seconds
[2026-06-08T20:05:49.979+0000] {processor.py:161} INFO - Started process (PID=318) to work on /home/airflow/.local/lib/python3.12/site-packages/airflow/example_dags/example_setup_teardown.py
[2026-06-08T20:05:49.980+0000] {processor.py:830} INFO - Processing file /home/airflow/.local/lib/python3.12/site-packages/airflow/example_dags/example_setup_teardown.py for tasks to queue
[2026-06-08T20:05:49.982+0000] {logging_mixin.py:188} INFO - [2026-06-08T20:05:49.981+0000] {dagbag.py:545} INFO - Filling up the DagBag from /home/airflow/.local/lib/python3.12/site-packages/airflow/example_dags/example_setup_teardown.py
[2026-06-08T20:05:49.988+0000] {processor.py:840} INFO - DAG(s) 'example_setup_teardown' retrieved from /home/airflow/.local/lib/python3.12/site-packages/airflow/example_dags/example_setup_teardown.py
[2026-06-08T20:05:50.007+0000] {logging_mixin.py:188} INFO - [2026-06-08T20:05:50.007+0000] {dag.py:3096} INFO - Sync 1 DAGs
[2026-06-08T20:05:50.027+0000] {logging_mixin.py:188} INFO - [2026-06-08T20:05:50.027+0000] {dag.py:3954} INFO - Setting next_dagrun for example_setup_teardown to 2026-06-07 00:00:00+00:00, run_after=2026-06-08 00:00:00+00:00
[2026-06-08T20:05:50.044+0000] {processor.py:183} INFO - Processing /home/airflow/.local/lib/python3.12/site-packages/airflow/example_dags/example_setup_teardown.py took 0.070 seconds
[2026-06-08T20:06:20.932+0000] {processor.py:161} INFO - Started process (PID=376) to work on /home/airflow/.local/lib/python3.12/site-packages/airflow/example_dags/example_setup_teardown.py
[2026-06-08T20:06:20.935+0000] {processor.py:830} INFO - Processing file /home/airflow/.local/lib/python3.12/site-packages/airflow/example_dags/example_setup_teardown.py for tasks to queue
[2026-06-08T20:06:20.941+0000] {logging_mixin.py:188} INFO - [2026-06-08T20:06:20.941+0000] {dagbag.py:545} INFO - Filling up the DagBag from /home/airflow/.local/lib/python3.12/site-packages/airflow/example_dags/example_setup_teardown.py
[2026-06-08T20:06:20.965+0000] {processor.py:840} INFO - DAG(s) 'example_setup_teardown' retrieved from /home/airflow/.local/lib/python3.12/site-packages/airflow/example_dags/example_setup_teardown.py
[2026-06-08T20:06:20.997+0000] {logging_mixin.py:188} INFO - [2026-06-08T20:06:20.997+0000] {dag.py:3096} INFO - Sync 1 DAGs
[2026-06-08T20:06:21.028+0000] {logging_mixin.py:188} INFO - [2026-06-08T20:06:21.028+0000] {dag.py:3954} INFO - Setting next_dagrun for example_setup_teardown to 2026-06-07 00:00:00+00:00, run_after=2026-06-08 00:00:00+00:00
[2026-06-08T20:06:21.050+0000] {processor.py:183} INFO - Processing /home/airflow/.local/lib/python3.12/site-packages/airflow/example_dags/example_setup_teardown.py took 0.139 seconds
[2026-06-08T20:06:51.207+0000] {processor.py:161} INFO - Started process (PID=434) to work on /home/airflow/.local/lib/python3.12/site-packages/airflow/example_dags/example_setup_teardown.py
[2026-06-08T20:06:51.209+0000] {processor.py:830} INFO - Processing file /home/airflow/.local/lib/python3.12/site-packages/airflow/example_dags/example_setup_teardown.py for tasks to queue
[2026-06-08T20:06:51.211+0000] {logging_mixin.py:188} INFO - [2026-06-08T20:06:51.211+0000] {dagbag.py:545} INFO - Filling up the DagBag from /home/airflow/.local/lib/python3.12/site-packages/airflow/example_dags/example_setup_teardown.py
[2026-06-08T20:06:51.225+0000] {processor.py:840} INFO - DAG(s) 'example_setup_teardown' retrieved from /home/airflow/.local/lib/python3.12/site-packages/airflow/example_dags/example_setup_teardown.py
[2026-06-08T20:06:51.260+0000] {logging_mixin.py:188} INFO - [2026-06-08T20:06:51.259+0000] {dag.py:3096} INFO - Sync 1 DAGs
[2026-06-08T20:06:51.290+0000] {logging_mixin.py:188} INFO - [2026-06-08T20:06:51.289+0000] {dag.py:3954} INFO - Setting next_dagrun for example_setup_teardown to 2026-06-07 00:00:00+00:00, run_after=2026-06-08 00:00:00+00:00
[2026-06-08T20:06:51.311+0000] {processor.py:183} INFO - Processing /home/airflow/.local/lib/python3.12/site-packages/airflow/example_dags/example_setup_teardown.py took 0.113 seconds
[2026-06-08T20:08:26.862+0000] {processor.py:161} INFO - Started process (PID=84) to work on /home/airflow/.local/lib/python3.12/site-packages/airflow/example_dags/example_setup_teardown.py
[2026-06-08T20:08:26.872+0000] {processor.py:830} INFO - Processing file /home/airflow/.local/lib/python3.12/site-packages/airflow/example_dags/example_setup_teardown.py for tasks to queue
[2026-06-08T20:08:26.876+0000] {logging_mixin.py:188} INFO - [2026-06-08T20:08:26.875+0000] {dagbag.py:545} INFO - Filling up the DagBag from /home/airflow/.local/lib/python3.12/site-packages/airflow/example_dags/example_setup_teardown.py
[2026-06-08T20:08:26.913+0000] {processor.py:840} INFO - DAG(s) 'example_setup_teardown' retrieved from /home/airflow/.local/lib/python3.12/site-packages/airflow/example_dags/example_setup_teardown.py
[2026-06-08T20:08:27.458+0000] {logging_mixin.py:188} INFO - [2026-06-08T20:08:27.453+0000] {dag.py:3096} INFO - Sync 1 DAGs
[2026-06-08T20:08:27.565+0000] {logging_mixin.py:188} INFO - [2026-06-08T20:08:27.565+0000] {dag.py:3954} INFO - Setting next_dagrun for example_setup_teardown to 2026-06-07 00:00:00+00:00, run_after=2026-06-08 00:00:00+00:00
[2026-06-08T20:08:27.619+0000] {processor.py:183} INFO - Processing /home/airflow/.local/lib/python3.12/site-packages/airflow/example_dags/example_setup_teardown.py took 0.783 seconds
[2026-06-08T20:08:57.857+0000] {processor.py:161} INFO - Started process (PID=142) to work on /home/airflow/.local/lib/python3.12/site-packages/airflow/example_dags/example_setup_teardown.py
[2026-06-08T20:08:57.858+0000] {processor.py:830} INFO - Processing file /home/airflow/.local/lib/python3.12/site-packages/airflow/example_dags/example_setup_teardown.py for tasks to queue
[2026-06-08T20:08:57.860+0000] {logging_mixin.py:188} INFO - [2026-06-08T20:08:57.859+0000] {dagbag.py:545} INFO - Filling up the DagBag from /home/airflow/.local/lib/python3.12/site-packages/airflow/example_dags/example_setup_teardown.py
[2026-06-08T20:08:57.868+0000] {processor.py:840} INFO - DAG(s) 'example_setup_teardown' retrieved from /home/airflow/.local/lib/python3.12/site-packages/airflow/example_dags/example_setup_teardown.py
[2026-06-08T20:08:57.893+0000] {logging_mixin.py:188} INFO - [2026-06-08T20:08:57.893+0000] {dag.py:3096} INFO - Sync 1 DAGs
[2026-06-08T20:08:57.934+0000] {logging_mixin.py:188} INFO - [2026-06-08T20:08:57.934+0000] {dag.py:3954} INFO - Setting next_dagrun for example_setup_teardown to 2026-06-07 00:00:00+00:00, run_after=2026-06-08 00:00:00+00:00
[2026-06-08T20:08:57.960+0000] {processor.py:183} INFO - Processing /home/airflow/.local/lib/python3.12/site-packages/airflow/example_dags/example_setup_teardown.py took 0.110 seconds
[2026-06-08T20:09:28.930+0000] {processor.py:161} INFO - Started process (PID=200) to work on /home/airflow/.local/lib/python3.12/site-packages/airflow/example_dags/example_setup_teardown.py
[2026-06-08T20:09:28.932+0000] {processor.py:830} INFO - Processing file /home/airflow/.local/lib/python3.12/site-packages/airflow/example_dags/example_setup_teardown.py for tasks to queue
[2026-06-08T20:09:28.934+0000] {logging_mixin.py:188} INFO - [2026-06-08T20:09:28.934+0000] {dagbag.py:545} INFO - Filling up the DagBag from /home/airflow/.local/lib/python3.12/site-packages/airflow/example_dags/example_setup_teardown.py
[2026-06-08T20:09:28.942+0000] {processor.py:840} INFO - DAG(s) 'example_setup_teardown' retrieved from /home/airflow/.local/lib/python3.12/site-packages/airflow/example_dags/example_setup_teardown.py
[2026-06-08T20:09:28.968+0000] {logging_mixin.py:188} INFO - [2026-06-08T20:09:28.968+0000] {dag.py:3096} INFO - Sync 1 DAGs
[2026-06-08T20:09:28.997+0000] {logging_mixin.py:188} INFO - [2026-06-08T20:09:28.997+0000] {dag.py:3954} INFO - Setting next_dagrun for example_setup_teardown to 2026-06-07 00:00:00+00:00, run_after=2026-06-08 00:00:00+00:00
[2026-06-08T20:09:29.019+0000] {processor.py:183} INFO - Processing /home/airflow/.local/lib/python3.12/site-packages/airflow/example_dags/example_setup_teardown.py took 0.104 seconds
[2026-06-08T20:09:59.831+0000] {processor.py:161} INFO - Started process (PID=260) to work on /home/airflow/.local/lib/python3.12/site-packages/airflow/example_dags/example_setup_teardown.py
[2026-06-08T20:09:59.834+0000] {processor.py:830} INFO - Processing file /home/airflow/.local/lib/python3.12/site-packages/airflow/example_dags/example_setup_teardown.py for tasks to queue
[2026-06-08T20:09:59.836+0000] {logging_mixin.py:188} INFO - [2026-06-08T20:09:59.836+0000] {dagbag.py:545} INFO - Filling up the DagBag from /home/airflow/.local/lib/python3.12/site-packages/airflow/example_dags/example_setup_teardown.py
[2026-06-08T20:09:59.856+0000] {processor.py:840} INFO - DAG(s) 'example_setup_teardown' retrieved from /home/airflow/.local/lib/python3.12/site-packages/airflow/example_dags/example_setup_teardown.py
[2026-06-08T20:09:59.945+0000] {logging_mixin.py:188} INFO - [2026-06-08T20:09:59.942+0000] {dag.py:3096} INFO - Sync 1 DAGs
[2026-06-08T20:10:00.002+0000] {logging_mixin.py:188} INFO - [2026-06-08T20:10:00.002+0000] {dag.py:3954} INFO - Setting next_dagrun for example_setup_teardown to 2026-06-07 00:00:00+00:00, run_after=2026-06-08 00:00:00+00:00
[2026-06-08T20:10:00.057+0000] {processor.py:183} INFO - Processing /home/airflow/.local/lib/python3.12/site-packages/airflow/example_dags/example_setup_teardown.py took 0.242 seconds
[2026-06-08T20:10:30.226+0000] {processor.py:161} INFO - Started process (PID=318) to work on /home/airflow/.local/lib/python3.12/site-packages/airflow/example_dags/example_setup_teardown.py
[2026-06-08T20:10:30.227+0000] {processor.py:830} INFO - Processing file /home/airflow/.local/lib/python3.12/site-packages/airflow/example_dags/example_setup_teardown.py for tasks to queue
[2026-06-08T20:10:30.229+0000] {logging_mixin.py:188} INFO - [2026-06-08T20:10:30.229+0000] {dagbag.py:545} INFO - Filling up the DagBag from /home/airflow/.local/lib/python3.12/site-packages/airflow/example_dags/example_setup_teardown.py
[2026-06-08T20:10:30.248+0000] {processor.py:840} INFO - DAG(s) 'example_setup_teardown' retrieved from /home/airflow/.local/lib/python3.12/site-packages/airflow/example_dags/example_setup_teardown.py
[2026-06-08T20:10:30.315+0000] {logging_mixin.py:188} INFO - [2026-06-08T20:10:30.315+0000] {dag.py:3096} INFO - Sync 1 DAGs
[2026-06-08T20:10:30.361+0000] {logging_mixin.py:188} INFO - [2026-06-08T20:10:30.361+0000] {dag.py:3954} INFO - Setting next_dagrun for example_setup_teardown to 2026-06-07 00:00:00+00:00, run_after=2026-06-08 00:00:00+00:00
[2026-06-08T20:10:30.383+0000] {processor.py:183} INFO - Processing /home/airflow/.local/lib/python3.12/site-packages/airflow/example_dags/example_setup_teardown.py took 0.164 seconds
[2026-06-08T20:11:00.874+0000] {processor.py:161} INFO - Started process (PID=376) to work on /home/airflow/.local/lib/python3.12/site-packages/airflow/example_dags/example_setup_teardown.py
[2026-06-08T20:11:00.875+0000] {processor.py:830} INFO - Processing file /home/airflow/.local/lib/python3.12/site-packages/airflow/example_dags/example_setup_teardown.py for tasks to queue
[2026-06-08T20:11:00.876+0000] {logging_mixin.py:188} INFO - [2026-06-08T20:11:00.876+0000] {dagbag.py:545} INFO - Filling up the DagBag from /home/airflow/.local/lib/python3.12/site-packages/airflow/example_dags/example_setup_teardown.py
[2026-06-08T20:11:00.882+0000] {processor.py:840} INFO - DAG(s) 'example_setup_teardown' retrieved from /home/airflow/.local/lib/python3.12/site-packages/airflow/example_dags/example_setup_teardown.py
[2026-06-08T20:11:00.901+0000] {logging_mixin.py:188} INFO - [2026-06-08T20:11:00.901+0000] {dag.py:3096} INFO - Sync 1 DAGs
[2026-06-08T20:11:00.921+0000] {logging_mixin.py:188} INFO - [2026-06-08T20:11:00.921+0000] {dag.py:3954} INFO - Setting next_dagrun for example_setup_teardown to 2026-06-07 00:00:00+00:00, run_after=2026-06-08 00:00:00+00:00
[2026-06-08T20:11:00.944+0000] {processor.py:183} INFO - Processing /home/airflow/.local/lib/python3.12/site-packages/airflow/example_dags/example_setup_teardown.py took 0.076 seconds
[2026-06-08T20:11:31.255+0000] {processor.py:161} INFO - Started process (PID=433) to work on /home/airflow/.local/lib/python3.12/site-packages/airflow/example_dags/example_setup_teardown.py
[2026-06-08T20:11:31.256+0000] {processor.py:830} INFO - Processing file /home/airflow/.local/lib/python3.12/site-packages/airflow/example_dags/example_setup_teardown.py for tasks to queue
[2026-06-08T20:11:31.258+0000] {logging_mixin.py:188} INFO - [2026-06-08T20:11:31.258+0000] {dagbag.py:545} INFO - Filling up the DagBag from /home/airflow/.local/lib/python3.12/site-packages/airflow/example_dags/example_setup_teardown.py
[2026-06-08T20:11:31.267+0000] {processor.py:840} INFO - DAG(s) 'example_setup_teardown' retrieved from /home/airflow/.local/lib/python3.12/site-packages/airflow/example_dags/example_setup_teardown.py
[2026-06-08T20:11:31.316+0000] {logging_mixin.py:188} INFO - [2026-06-08T20:11:31.316+0000] {dag.py:3096} INFO - Sync 1 DAGs
[2026-06-08T20:11:31.353+0000] {logging_mixin.py:188} INFO - [2026-06-08T20:11:31.352+0000] {dag.py:3954} INFO - Setting next_dagrun for example_setup_teardown to 2026-06-07 00:00:00+00:00, run_after=2026-06-08 00:00:00+00:00
[2026-06-08T20:11:31.378+0000] {processor.py:183} INFO - Processing /home/airflow/.local/lib/python3.12/site-packages/airflow/example_dags/example_setup_teardown.py took 0.137 seconds
[2026-06-08T20:12:02.199+0000] {processor.py:161} INFO - Started process (PID=492) to work on /home/airflow/.local/lib/python3.12/site-packages/airflow/example_dags/example_setup_teardown.py
[2026-06-08T20:12:02.204+0000] {processor.py:830} INFO - Processing file /home/airflow/.local/lib/python3.12/site-packages/airflow/example_dags/example_setup_teardown.py for tasks to queue
[2026-06-08T20:12:02.208+0000] {logging_mixin.py:188} INFO - [2026-06-08T20:12:02.208+0000] {dagbag.py:545} INFO - Filling up the DagBag from /home/airflow/.local/lib/python3.12/site-packages/airflow/example_dags/example_setup_teardown.py
[2026-06-08T20:12:02.222+0000] {processor.py:840} INFO - DAG(s) 'example_setup_teardown' retrieved from /home/airflow/.local/lib/python3.12/site-packages/airflow/example_dags/example_setup_teardown.py
[2026-06-08T20:12:02.280+0000] {logging_mixin.py:188} INFO - [2026-06-08T20:12:02.279+0000] {dag.py:3096} INFO - Sync 1 DAGs
[2026-06-08T20:12:02.340+0000] {logging_mixin.py:188} INFO - [2026-06-08T20:12:02.339+0000] {dag.py:3954} INFO - Setting next_dagrun for example_setup_teardown to 2026-06-07 00:00:00+00:00, run_after=2026-06-08 00:00:00+00:00
[2026-06-08T20:12:02.388+0000] {processor.py:183} INFO - Processing /home/airflow/.local/lib/python3.12/site-packages/airflow/example_dags/example_setup_teardown.py took 0.210 seconds
[2026-06-08T20:12:33.110+0000] {processor.py:161} INFO - Started process (PID=550) to work on /home/airflow/.local/lib/python3.12/site-packages/airflow/example_dags/example_setup_teardown.py
[2026-06-08T20:12:33.111+0000] {processor.py:830} INFO - Processing file /home/airflow/.local/lib/python3.12/site-packages/airflow/example_dags/example_setup_teardown.py for tasks to queue
[2026-06-08T20:12:33.114+0000] {logging_mixin.py:188} INFO - [2026-06-08T20:12:33.114+0000] {dagbag.py:545} INFO - Filling up the DagBag from /home/airflow/.local/lib/python3.12/site-packages/airflow/example_dags/example_setup_teardown.py
[2026-06-08T20:12:33.123+0000] {processor.py:840} INFO - DAG(s) 'example_setup_teardown' retrieved from /home/airflow/.local/lib/python3.12/site-packages/airflow/example_dags/example_setup_teardown.py
[2026-06-08T20:12:33.142+0000] {logging_mixin.py:188} INFO - [2026-06-08T20:12:33.141+0000] {dag.py:3096} INFO - Sync 1 DAGs
[2026-06-08T20:12:33.162+0000] {logging_mixin.py:188} INFO - [2026-06-08T20:12:33.162+0000] {dag.py:3954} INFO - Setting next_dagrun for example_setup_teardown to 2026-06-07 00:00:00+00:00, run_after=2026-06-08 00:00:00+00:00
[2026-06-08T20:12:33.179+0000] {processor.py:183} INFO - Processing /home/airflow/.local/lib/python3.12/site-packages/airflow/example_dags/example_setup_teardown.py took 0.077 seconds
[2026-06-08T20:13:03.785+0000] {processor.py:161} INFO - Started process (PID=608) to work on /home/airflow/.local/lib/python3.12/site-packages/airflow/example_dags/example_setup_teardown.py
[2026-06-08T20:13:03.792+0000] {processor.py:830} INFO - Processing file /home/airflow/.local/lib/python3.12/site-packages/airflow/example_dags/example_setup_teardown.py for tasks to queue
[2026-06-08T20:13:03.797+0000] {logging_mixin.py:188} INFO - [2026-06-08T20:13:03.797+0000] {dagbag.py:545} INFO - Filling up the DagBag from /home/airflow/.local/lib/python3.12/site-packages/airflow/example_dags/example_setup_teardown.py
[2026-06-08T20:13:03.811+0000] {processor.py:840} INFO - DAG(s) 'example_setup_teardown' retrieved from /home/airflow/.local/lib/python3.12/site-packages/airflow/example_dags/example_setup_teardown.py
[2026-06-08T20:13:03.857+0000] {logging_mixin.py:188} INFO - [2026-06-08T20:13:03.857+0000] {dag.py:3096} INFO - Sync 1 DAGs
[2026-06-08T20:13:03.907+0000] {logging_mixin.py:188} INFO - [2026-06-08T20:13:03.905+0000] {dag.py:3954} INFO - Setting next_dagrun for example_setup_teardown to 2026-06-07 00:00:00+00:00, run_after=2026-06-08 00:00:00+00:00
[2026-06-08T20:13:03.942+0000] {processor.py:183} INFO - Processing /home/airflow/.local/lib/python3.12/site-packages/airflow/example_dags/example_setup_teardown.py took 0.172 seconds
[2026-06-08T20:13:39.662+0000] {processor.py:161} INFO - Started process (PID=665) to work on /home/airflow/.local/lib/python3.12/site-packages/airflow/example_dags/example_setup_teardown.py
[2026-06-08T20:13:39.665+0000] {processor.py:830} INFO - Processing file /home/airflow/.local/lib/python3.12/site-packages/airflow/example_dags/example_setup_teardown.py for tasks to queue
[2026-06-08T20:13:39.667+0000] {logging_mixin.py:188} INFO - [2026-06-08T20:13:39.667+0000] {dagbag.py:545} INFO - Filling up the DagBag from /home/airflow/.local/lib/python3.12/site-packages/airflow/example_dags/example_setup_teardown.py
[2026-06-08T20:13:39.688+0000] {processor.py:840} INFO - DAG(s) 'example_setup_teardown' retrieved from /home/airflow/.local/lib/python3.12/site-packages/airflow/example_dags/example_setup_teardown.py
[2026-06-08T20:13:39.811+0000] {logging_mixin.py:188} INFO - [2026-06-08T20:13:39.811+0000] {dag.py:3096} INFO - Sync 1 DAGs
[2026-06-08T20:13:40.204+0000] {logging_mixin.py:188} INFO - [2026-06-08T20:13:40.204+0000] {dag.py:3954} INFO - Setting next_dagrun for example_setup_teardown to 2026-06-07 00:00:00+00:00, run_after=2026-06-08 00:00:00+00:00
[2026-06-08T20:13:40.320+0000] {processor.py:183} INFO - Processing /home/airflow/.local/lib/python3.12/site-packages/airflow/example_dags/example_setup_teardown.py took 0.667 seconds
[2026-06-08T20:14:11.125+0000] {processor.py:161} INFO - Started process (PID=723) to work on /home/airflow/.local/lib/python3.12/site-packages/airflow/example_dags/example_setup_teardown.py
[2026-06-08T20:14:11.131+0000] {processor.py:830} INFO - Processing file /home/airflow/.local/lib/python3.12/site-packages/airflow/example_dags/example_setup_teardown.py for tasks to queue
[2026-06-08T20:14:11.138+0000] {logging_mixin.py:188} INFO - [2026-06-08T20:14:11.138+0000] {dagbag.py:545} INFO - Filling up the DagBag from /home/airflow/.local/lib/python3.12/site-packages/airflow/example_dags/example_setup_teardown.py
[2026-06-08T20:14:11.159+0000] {processor.py:840} INFO - DAG(s) 'example_setup_teardown' retrieved from /home/airflow/.local/lib/python3.12/site-packages/airflow/example_dags/example_setup_teardown.py
[2026-06-08T20:14:11.201+0000] {logging_mixin.py:188} INFO - [2026-06-08T20:14:11.200+0000] {dag.py:3096} INFO - Sync 1 DAGs
[2026-06-08T20:14:11.230+0000] {logging_mixin.py:188} INFO - [2026-06-08T20:14:11.230+0000] {dag.py:3954} INFO - Setting next_dagrun for example_setup_teardown to 2026-06-07 00:00:00+00:00, run_after=2026-06-08 00:00:00+00:00
[2026-06-08T20:14:11.253+0000] {processor.py:183} INFO - Processing /home/airflow/.local/lib/python3.12/site-packages/airflow/example_dags/example_setup_teardown.py took 0.135 seconds
[2026-06-08T20:14:42.011+0000] {processor.py:161} INFO - Started process (PID=781) to work on /home/airflow/.local/lib/python3.12/site-packages/airflow/example_dags/example_setup_teardown.py
[2026-06-08T20:14:42.014+0000] {processor.py:830} INFO - Processing file /home/airflow/.local/lib/python3.12/site-packages/airflow/example_dags/example_setup_teardown.py for tasks to queue
[2026-06-08T20:14:42.018+0000] {logging_mixin.py:188} INFO - [2026-06-08T20:14:42.017+0000] {dagbag.py:545} INFO - Filling up the DagBag from /home/airflow/.local/lib/python3.12/site-packages/airflow/example_dags/example_setup_teardown.py
[2026-06-08T20:14:42.036+0000] {processor.py:840} INFO - DAG(s) 'example_setup_teardown' retrieved from /home/airflow/.local/lib/python3.12/site-packages/airflow/example_dags/example_setup_teardown.py
[2026-06-08T20:14:42.154+0000] {logging_mixin.py:188} INFO - [2026-06-08T20:14:42.153+0000] {dag.py:3096} INFO - Sync 1 DAGs
[2026-06-08T20:14:42.256+0000] {logging_mixin.py:188} INFO - [2026-06-08T20:14:42.256+0000] {dag.py:3954} INFO - Setting next_dagrun for example_setup_teardown to 2026-06-07 00:00:00+00:00, run_after=2026-06-08 00:00:00+00:00
[2026-06-08T20:14:42.301+0000] {processor.py:183} INFO - Processing /home/airflow/.local/lib/python3.12/site-packages/airflow/example_dags/example_setup_teardown.py took 0.304 seconds
[2026-06-08T20:15:12.643+0000] {processor.py:161} INFO - Started process (PID=839) to work on /home/airflow/.local/lib/python3.12/site-packages/airflow/example_dags/example_setup_teardown.py
[2026-06-08T20:15:12.648+0000] {processor.py:830} INFO - Processing file /home/airflow/.local/lib/python3.12/site-packages/airflow/example_dags/example_setup_teardown.py for tasks to queue
[2026-06-08T20:15:12.650+0000] {logging_mixin.py:188} INFO - [2026-06-08T20:15:12.649+0000] {dagbag.py:545} INFO - Filling up the DagBag from /home/airflow/.local/lib/python3.12/site-packages/airflow/example_dags/example_setup_teardown.py
[2026-06-08T20:15:12.658+0000] {processor.py:840} INFO - DAG(s) 'example_setup_teardown' retrieved from /home/airflow/.local/lib/python3.12/site-packages/airflow/example_dags/example_setup_teardown.py
[2026-06-08T20:15:12.687+0000] {logging_mixin.py:188} INFO - [2026-06-08T20:15:12.687+0000] {dag.py:3096} INFO - Sync 1 DAGs
[2026-06-08T20:15:12.717+0000] {logging_mixin.py:188} INFO - [2026-06-08T20:15:12.717+0000] {dag.py:3954} INFO - Setting next_dagrun for example_setup_teardown to 2026-06-07 00:00:00+00:00, run_after=2026-06-08 00:00:00+00:00
[2026-06-08T20:15:12.739+0000] {processor.py:183} INFO - Processing /home/airflow/.local/lib/python3.12/site-packages/airflow/example_dags/example_setup_teardown.py took 0.104 seconds
[2026-06-08T20:15:43.246+0000] {processor.py:161} INFO - Started process (PID=897) to work on /home/airflow/.local/lib/python3.12/site-packages/airflow/example_dags/example_setup_teardown.py
[2026-06-08T20:15:43.247+0000] {processor.py:830} INFO - Processing file /home/airflow/.local/lib/python3.12/site-packages/airflow/example_dags/example_setup_teardown.py for tasks to queue
[2026-06-08T20:15:43.249+0000] {logging_mixin.py:188} INFO - [2026-06-08T20:15:43.248+0000] {dagbag.py:545} INFO - Filling up the DagBag from /home/airflow/.local/lib/python3.12/site-packages/airflow/example_dags/example_setup_teardown.py
[2026-06-08T20:15:43.257+0000] {processor.py:840} INFO - DAG(s) 'example_setup_teardown' retrieved from /home/airflow/.local/lib/python3.12/site-packages/airflow/example_dags/example_setup_teardown.py
[2026-06-08T20:15:43.339+0000] {logging_mixin.py:188} INFO - [2026-06-08T20:15:43.336+0000] {dag.py:3096} INFO - Sync 1 DAGs
[2026-06-08T20:15:43.395+0000] {logging_mixin.py:188} INFO - [2026-06-08T20:15:43.394+0000] {dag.py:3954} INFO - Setting next_dagrun for example_setup_teardown to 2026-06-07 00:00:00+00:00, run_after=2026-06-08 00:00:00+00:00
[2026-06-08T20:15:43.418+0000] {processor.py:183} INFO - Processing /home/airflow/.local/lib/python3.12/site-packages/airflow/example_dags/example_setup_teardown.py took 0.180 seconds
[2026-06-08T20:16:13.626+0000] {processor.py:161} INFO - Started process (PID=955) to work on /home/airflow/.local/lib/python3.12/site-packages/airflow/example_dags/example_setup_teardown.py
[2026-06-08T20:16:13.633+0000] {processor.py:830} INFO - Processing file /home/airflow/.local/lib/python3.12/site-packages/airflow/example_dags/example_setup_teardown.py for tasks to queue
[2026-06-08T20:16:13.645+0000] {logging_mixin.py:188} INFO - [2026-06-08T20:16:13.641+0000] {dagbag.py:545} INFO - Filling up the DagBag from /home/airflow/.local/lib/python3.12/site-packages/airflow/example_dags/example_setup_teardown.py
[2026-06-08T20:16:13.674+0000] {processor.py:840} INFO - DAG(s) 'example_setup_teardown' retrieved from /home/airflow/.local/lib/python3.12/site-packages/airflow/example_dags/example_setup_teardown.py
[2026-06-08T20:16:13.743+0000] {logging_mixin.py:188} INFO - [2026-06-08T20:16:13.743+0000] {dag.py:3096} INFO - Sync 1 DAGs
[2026-06-08T20:16:13.810+0000] {logging_mixin.py:188} INFO - [2026-06-08T20:16:13.809+0000] {dag.py:3954} INFO - Setting next_dagrun for example_setup_teardown to 2026-06-07 00:00:00+00:00, run_after=2026-06-08 00:00:00+00:00
[2026-06-08T20:16:13.859+0000] {processor.py:183} INFO - Processing /home/airflow/.local/lib/python3.12/site-packages/airflow/example_dags/example_setup_teardown.py took 0.274 seconds
[2026-06-08T20:16:43.987+0000] {processor.py:161} INFO - Started process (PID=1013) to work on /home/airflow/.local/lib/python3.12/site-packages/airflow/example_dags/example_setup_teardown.py
[2026-06-08T20:16:43.988+0000] {processor.py:830} INFO - Processing file /home/airflow/.local/lib/python3.12/site-packages/airflow/example_dags/example_setup_teardown.py for tasks to queue
[2026-06-08T20:16:43.990+0000] {logging_mixin.py:188} INFO - [2026-06-08T20:16:43.989+0000] {dagbag.py:545} INFO - Filling up the DagBag from /home/airflow/.local/lib/python3.12/site-packages/airflow/example_dags/example_setup_teardown.py
[2026-06-08T20:16:43.996+0000] {processor.py:840} INFO - DAG(s) 'example_setup_teardown' retrieved from /home/airflow/.local/lib/python3.12/site-packages/airflow/example_dags/example_setup_teardown.py
[2026-06-08T20:16:44.015+0000] {logging_mixin.py:188} INFO - [2026-06-08T20:16:44.014+0000] {dag.py:3096} INFO - Sync 1 DAGs
[2026-06-08T20:16:44.037+0000] {logging_mixin.py:188} INFO - [2026-06-08T20:16:44.037+0000] {dag.py:3954} INFO - Setting next_dagrun for example_setup_teardown to 2026-06-07 00:00:00+00:00, run_after=2026-06-08 00:00:00+00:00
[2026-06-08T20:16:44.060+0000] {processor.py:183} INFO - Processing /home/airflow/.local/lib/python3.12/site-packages/airflow/example_dags/example_setup_teardown.py took 0.078 seconds
[2026-06-08T20:17:14.507+0000] {processor.py:161} INFO - Started process (PID=1071) to work on /home/airflow/.local/lib/python3.12/site-packages/airflow/example_dags/example_setup_teardown.py
[2026-06-08T20:17:14.508+0000] {processor.py:830} INFO - Processing file /home/airflow/.local/lib/python3.12/site-packages/airflow/example_dags/example_setup_teardown.py for tasks to queue
[2026-06-08T20:17:14.510+0000] {logging_mixin.py:188} INFO - [2026-06-08T20:17:14.510+0000] {dagbag.py:545} INFO - Filling up the DagBag from /home/airflow/.local/lib/python3.12/site-packages/airflow/example_dags/example_setup_teardown.py
[2026-06-08T20:17:14.520+0000] {processor.py:840} INFO - DAG(s) 'example_setup_teardown' retrieved from /home/airflow/.local/lib/python3.12/site-packages/airflow/example_dags/example_setup_teardown.py
[2026-06-08T20:17:14.558+0000] {logging_mixin.py:188} INFO - [2026-06-08T20:17:14.557+0000] {dag.py:3096} INFO - Sync 1 DAGs
[2026-06-08T20:17:14.588+0000] {logging_mixin.py:188} INFO - [2026-06-08T20:17:14.588+0000] {dag.py:3954} INFO - Setting next_dagrun for example_setup_teardown to 2026-06-07 00:00:00+00:00, run_after=2026-06-08 00:00:00+00:00
[2026-06-08T20:17:14.611+0000] {processor.py:183} INFO - Processing /home/airflow/.local/lib/python3.12/site-packages/airflow/example_dags/example_setup_teardown.py took 0.111 seconds
[2026-06-08T20:18:56.130+0000] {processor.py:161} INFO - Started process (PID=81) to work on /home/airflow/.local/lib/python3.12/site-packages/airflow/example_dags/example_setup_teardown.py
[2026-06-08T20:18:56.134+0000] {processor.py:830} INFO - Processing file /home/airflow/.local/lib/python3.12/site-packages/airflow/example_dags/example_setup_teardown.py for tasks to queue
[2026-06-08T20:18:56.138+0000] {logging_mixin.py:188} INFO - [2026-06-08T20:18:56.137+0000] {dagbag.py:545} INFO - Filling up the DagBag from /home/airflow/.local/lib/python3.12/site-packages/airflow/example_dags/example_setup_teardown.py
[2026-06-08T20:18:56.161+0000] {processor.py:840} INFO - DAG(s) 'example_setup_teardown' retrieved from /home/airflow/.local/lib/python3.12/site-packages/airflow/example_dags/example_setup_teardown.py
[2026-06-08T20:18:56.595+0000] {logging_mixin.py:188} INFO - [2026-06-08T20:18:56.594+0000] {dag.py:3096} INFO - Sync 1 DAGs
[2026-06-08T20:18:56.647+0000] {logging_mixin.py:188} INFO - [2026-06-08T20:18:56.647+0000] {dag.py:3954} INFO - Setting next_dagrun for example_setup_teardown to 2026-06-07 00:00:00+00:00, run_after=2026-06-08 00:00:00+00:00
[2026-06-08T20:18:56.697+0000] {processor.py:183} INFO - Processing /home/airflow/.local/lib/python3.12/site-packages/airflow/example_dags/example_setup_teardown.py took 0.580 seconds
[2026-06-08T20:19:27.555+0000] {processor.py:161} INFO - Started process (PID=140) to work on /home/airflow/.local/lib/python3.12/site-packages/airflow/example_dags/example_setup_teardown.py
[2026-06-08T20:19:27.557+0000] {processor.py:830} INFO - Processing file /home/airflow/.local/lib/python3.12/site-packages/airflow/example_dags/example_setup_teardown.py for tasks to queue
[2026-06-08T20:19:27.563+0000] {logging_mixin.py:188} INFO - [2026-06-08T20:19:27.563+0000] {dagbag.py:545} INFO - Filling up the DagBag from /home/airflow/.local/lib/python3.12/site-packages/airflow/example_dags/example_setup_teardown.py
[2026-06-08T20:19:27.579+0000] {processor.py:840} INFO - DAG(s) 'example_setup_teardown' retrieved from /home/airflow/.local/lib/python3.12/site-packages/airflow/example_dags/example_setup_teardown.py
[2026-06-08T20:19:27.609+0000] {logging_mixin.py:188} INFO - [2026-06-08T20:19:27.609+0000] {dag.py:3096} INFO - Sync 1 DAGs
[2026-06-08T20:19:27.644+0000] {logging_mixin.py:188} INFO - [2026-06-08T20:19:27.644+0000] {dag.py:3954} INFO - Setting next_dagrun for example_setup_teardown to 2026-06-07 00:00:00+00:00, run_after=2026-06-08 00:00:00+00:00
[2026-06-08T20:19:27.680+0000] {processor.py:183} INFO - Processing /home/airflow/.local/lib/python3.12/site-packages/airflow/example_dags/example_setup_teardown.py took 0.133 seconds
[2026-06-08T20:19:58.152+0000] {processor.py:161} INFO - Started process (PID=199) to work on /home/airflow/.local/lib/python3.12/site-packages/airflow/example_dags/example_setup_teardown.py
[2026-06-08T20:19:58.155+0000] {processor.py:830} INFO - Processing file /home/airflow/.local/lib/python3.12/site-packages/airflow/example_dags/example_setup_teardown.py for tasks to queue
[2026-06-08T20:19:58.159+0000] {logging_mixin.py:188} INFO - [2026-06-08T20:19:58.158+0000] {dagbag.py:545} INFO - Filling up the DagBag from /home/airflow/.local/lib/python3.12/site-packages/airflow/example_dags/example_setup_teardown.py
[2026-06-08T20:19:58.177+0000] {processor.py:840} INFO - DAG(s) 'example_setup_teardown' retrieved from /home/airflow/.local/lib/python3.12/site-packages/airflow/example_dags/example_setup_teardown.py
[2026-06-08T20:19:58.211+0000] {logging_mixin.py:188} INFO - [2026-06-08T20:19:58.211+0000] {dag.py:3096} INFO - Sync 1 DAGs
[2026-06-08T20:19:58.247+0000] {logging_mixin.py:188} INFO - [2026-06-08T20:19:58.247+0000] {dag.py:3954} INFO - Setting next_dagrun for example_setup_teardown to 2026-06-07 00:00:00+00:00, run_after=2026-06-08 00:00:00+00:00
[2026-06-08T20:19:58.292+0000] {processor.py:183} INFO - Processing /home/airflow/.local/lib/python3.12/site-packages/airflow/example_dags/example_setup_teardown.py took 0.156 seconds
[2026-06-08T20:20:28.540+0000] {processor.py:161} INFO - Started process (PID=257) to work on /home/airflow/.local/lib/python3.12/site-packages/airflow/example_dags/example_setup_teardown.py
[2026-06-08T20:20:28.541+0000] {processor.py:830} INFO - Processing file /home/airflow/.local/lib/python3.12/site-packages/airflow/example_dags/example_setup_teardown.py for tasks to queue
[2026-06-08T20:20:28.546+0000] {logging_mixin.py:188} INFO - [2026-06-08T20:20:28.545+0000] {dagbag.py:545} INFO - Filling up the DagBag from /home/airflow/.local/lib/python3.12/site-packages/airflow/example_dags/example_setup_teardown.py
[2026-06-08T20:20:28.563+0000] {processor.py:840} INFO - DAG(s) 'example_setup_teardown' retrieved from /home/airflow/.local/lib/python3.12/site-packages/airflow/example_dags/example_setup_teardown.py
[2026-06-08T20:20:28.602+0000] {logging_mixin.py:188} INFO - [2026-06-08T20:20:28.602+0000] {dag.py:3096} INFO - Sync 1 DAGs
[2026-06-08T20:20:28.650+0000] {logging_mixin.py:188} INFO - [2026-06-08T20:20:28.650+0000] {dag.py:3954} INFO - Setting next_dagrun for example_setup_teardown to 2026-06-07 00:00:00+00:00, run_after=2026-06-08 00:00:00+00:00
[2026-06-08T20:20:28.697+0000] {processor.py:183} INFO - Processing /home/airflow/.local/lib/python3.12/site-packages/airflow/example_dags/example_setup_teardown.py took 0.166 seconds
[2026-06-08T20:20:59.369+0000] {processor.py:161} INFO - Started process (PID=316) to work on /home/airflow/.local/lib/python3.12/site-packages/airflow/example_dags/example_setup_teardown.py
[2026-06-08T20:20:59.370+0000] {processor.py:830} INFO - Processing file /home/airflow/.local/lib/python3.12/site-packages/airflow/example_dags/example_setup_teardown.py for tasks to queue
[2026-06-08T20:20:59.372+0000] {logging_mixin.py:188} INFO - [2026-06-08T20:20:59.372+0000] {dagbag.py:545} INFO - Filling up the DagBag from /home/airflow/.local/lib/python3.12/site-packages/airflow/example_dags/example_setup_teardown.py
[2026-06-08T20:20:59.387+0000] {processor.py:840} INFO - DAG(s) 'example_setup_teardown' retrieved from /home/airflow/.local/lib/python3.12/site-packages/airflow/example_dags/example_setup_teardown.py
[2026-06-08T20:20:59.413+0000] {logging_mixin.py:188} INFO - [2026-06-08T20:20:59.412+0000] {dag.py:3096} INFO - Sync 1 DAGs
[2026-06-08T20:20:59.441+0000] {logging_mixin.py:188} INFO - [2026-06-08T20:20:59.441+0000] {dag.py:3954} INFO - Setting next_dagrun for example_setup_teardown to 2026-06-07 00:00:00+00:00, run_after=2026-06-08 00:00:00+00:00
[2026-06-08T20:20:59.463+0000] {processor.py:183} INFO - Processing /home/airflow/.local/lib/python3.12/site-packages/airflow/example_dags/example_setup_teardown.py took 0.102 seconds
[2026-06-08T20:21:30.003+0000] {processor.py:161} INFO - Started process (PID=374) to work on /home/airflow/.local/lib/python3.12/site-packages/airflow/example_dags/example_setup_teardown.py
[2026-06-08T20:21:30.004+0000] {processor.py:830} INFO - Processing file /home/airflow/.local/lib/python3.12/site-packages/airflow/example_dags/example_setup_teardown.py for tasks to queue
[2026-06-08T20:21:30.006+0000] {logging_mixin.py:188} INFO - [2026-06-08T20:21:30.006+0000] {dagbag.py:545} INFO - Filling up the DagBag from /home/airflow/.local/lib/python3.12/site-packages/airflow/example_dags/example_setup_teardown.py
[2026-06-08T20:21:30.015+0000] {processor.py:840} INFO - DAG(s) 'example_setup_teardown' retrieved from /home/airflow/.local/lib/python3.12/site-packages/airflow/example_dags/example_setup_teardown.py
[2026-06-08T20:21:30.049+0000] {logging_mixin.py:188} INFO - [2026-06-08T20:21:30.048+0000] {dag.py:3096} INFO - Sync 1 DAGs
[2026-06-08T20:21:30.079+0000] {logging_mixin.py:188} INFO - [2026-06-08T20:21:30.078+0000] {dag.py:3954} INFO - Setting next_dagrun for example_setup_teardown to 2026-06-07 00:00:00+00:00, run_after=2026-06-08 00:00:00+00:00
[2026-06-08T20:21:30.100+0000] {processor.py:183} INFO - Processing /home/airflow/.local/lib/python3.12/site-packages/airflow/example_dags/example_setup_teardown.py took 0.104 seconds
[2026-06-08T20:22:00.264+0000] {processor.py:161} INFO - Started process (PID=433) to work on /home/airflow/.local/lib/python3.12/site-packages/airflow/example_dags/example_setup_teardown.py
[2026-06-08T20:22:00.265+0000] {processor.py:830} INFO - Processing file /home/airflow/.local/lib/python3.12/site-packages/airflow/example_dags/example_setup_teardown.py for tasks to queue
[2026-06-08T20:22:00.267+0000] {logging_mixin.py:188} INFO - [2026-06-08T20:22:00.267+0000] {dagbag.py:545} INFO - Filling up the DagBag from /home/airflow/.local/lib/python3.12/site-packages/airflow/example_dags/example_setup_teardown.py
[2026-06-08T20:22:00.276+0000] {processor.py:840} INFO - DAG(s) 'example_setup_teardown' retrieved from /home/airflow/.local/lib/python3.12/site-packages/airflow/example_dags/example_setup_teardown.py
[2026-06-08T20:22:00.316+0000] {logging_mixin.py:188} INFO - [2026-06-08T20:22:00.316+0000] {dag.py:3096} INFO - Sync 1 DAGs
[2026-06-08T20:22:00.348+0000] {logging_mixin.py:188} INFO - [2026-06-08T20:22:00.347+0000] {dag.py:3954} INFO - Setting next_dagrun for example_setup_teardown to 2026-06-07 00:00:00+00:00, run_after=2026-06-08 00:00:00+00:00
[2026-06-08T20:22:00.370+0000] {processor.py:183} INFO - Processing /home/airflow/.local/lib/python3.12/site-packages/airflow/example_dags/example_setup_teardown.py took 0.114 seconds
[2026-06-08T20:22:30.773+0000] {processor.py:161} INFO - Started process (PID=492) to work on /home/airflow/.local/lib/python3.12/site-packages/airflow/example_dags/example_setup_teardown.py
[2026-06-08T20:22:30.774+0000] {processor.py:830} INFO - Processing file /home/airflow/.local/lib/python3.12/site-packages/airflow/example_dags/example_setup_teardown.py for tasks to queue
[2026-06-08T20:22:30.776+0000] {logging_mixin.py:188} INFO - [2026-06-08T20:22:30.775+0000] {dagbag.py:545} INFO - Filling up the DagBag from /home/airflow/.local/lib/python3.12/site-packages/airflow/example_dags/example_setup_teardown.py
[2026-06-08T20:22:30.784+0000] {processor.py:840} INFO - DAG(s) 'example_setup_teardown' retrieved from /home/airflow/.local/lib/python3.12/site-packages/airflow/example_dags/example_setup_teardown.py
[2026-06-08T20:22:30.810+0000] {logging_mixin.py:188} INFO - [2026-06-08T20:22:30.810+0000] {dag.py:3096} INFO - Sync 1 DAGs
[2026-06-08T20:22:30.840+0000] {logging_mixin.py:188} INFO - [2026-06-08T20:22:30.839+0000] {dag.py:3954} INFO - Setting next_dagrun for example_setup_teardown to 2026-06-07 00:00:00+00:00, run_after=2026-06-08 00:00:00+00:00
[2026-06-08T20:22:30.862+0000] {processor.py:183} INFO - Processing /home/airflow/.local/lib/python3.12/site-packages/airflow/example_dags/example_setup_teardown.py took 0.096 seconds
[2026-06-08T20:23:01.858+0000] {processor.py:161} INFO - Started process (PID=551) to work on /home/airflow/.local/lib/python3.12/site-packages/airflow/example_dags/example_setup_teardown.py
[2026-06-08T20:23:01.859+0000] {processor.py:830} INFO - Processing file /home/airflow/.local/lib/python3.12/site-packages/airflow/example_dags/example_setup_teardown.py for tasks to queue
[2026-06-08T20:23:01.861+0000] {logging_mixin.py:188} INFO - [2026-06-08T20:23:01.860+0000] {dagbag.py:545} INFO - Filling up the DagBag from /home/airflow/.local/lib/python3.12/site-packages/airflow/example_dags/example_setup_teardown.py
[2026-06-08T20:23:01.868+0000] {processor.py:840} INFO - DAG(s) 'example_setup_teardown' retrieved from /home/airflow/.local/lib/python3.12/site-packages/airflow/example_dags/example_setup_teardown.py
[2026-06-08T20:23:01.895+0000] {logging_mixin.py:188} INFO - [2026-06-08T20:23:01.894+0000] {dag.py:3096} INFO - Sync 1 DAGs
[2026-06-08T20:23:01.935+0000] {logging_mixin.py:188} INFO - [2026-06-08T20:23:01.934+0000] {dag.py:3954} INFO - Setting next_dagrun for example_setup_teardown to 2026-06-07 00:00:00+00:00, run_after=2026-06-08 00:00:00+00:00
[2026-06-08T20:23:01.969+0000] {processor.py:183} INFO - Processing /home/airflow/.local/lib/python3.12/site-packages/airflow/example_dags/example_setup_teardown.py took 0.118 seconds
[2026-06-08T20:23:32.597+0000] {processor.py:161} INFO - Started process (PID=610) to work on /home/airflow/.local/lib/python3.12/site-packages/airflow/example_dags/example_setup_teardown.py
[2026-06-08T20:23:32.602+0000] {processor.py:830} INFO - Processing file /home/airflow/.local/lib/python3.12/site-packages/airflow/example_dags/example_setup_teardown.py for tasks to queue
[2026-06-08T20:23:32.611+0000] {logging_mixin.py:188} INFO - [2026-06-08T20:23:32.608+0000] {dagbag.py:545} INFO - Filling up the DagBag from /home/airflow/.local/lib/python3.12/site-packages/airflow/example_dags/example_setup_teardown.py
[2026-06-08T20:23:32.642+0000] {processor.py:840} INFO - DAG(s) 'example_setup_teardown' retrieved from /home/airflow/.local/lib/python3.12/site-packages/airflow/example_dags/example_setup_teardown.py
[2026-06-08T20:23:32.774+0000] {logging_mixin.py:188} INFO - [2026-06-08T20:23:32.771+0000] {dag.py:3096} INFO - Sync 1 DAGs
[2026-06-08T20:23:33.013+0000] {logging_mixin.py:188} INFO - [2026-06-08T20:23:33.012+0000] {dag.py:3954} INFO - Setting next_dagrun for example_setup_teardown to 2026-06-07 00:00:00+00:00, run_after=2026-06-08 00:00:00+00:00
[2026-06-08T20:23:33.157+0000] {processor.py:183} INFO - Processing /home/airflow/.local/lib/python3.12/site-packages/airflow/example_dags/example_setup_teardown.py took 0.578 seconds
