[2026-06-08T20:03:49.037+0000] {processor.py:161} INFO - Started process (PID=90) to work on /home/airflow/.local/lib/python3.12/site-packages/airflow/example_dags/example_sensors.py
[2026-06-08T20:03:49.044+0000] {processor.py:830} INFO - Processing file /home/airflow/.local/lib/python3.12/site-packages/airflow/example_dags/example_sensors.py for tasks to queue
[2026-06-08T20:03:49.057+0000] {logging_mixin.py:188} INFO - [2026-06-08T20:03:49.056+0000] {dagbag.py:545} INFO - Filling up the DagBag from /home/airflow/.local/lib/python3.12/site-packages/airflow/example_dags/example_sensors.py
[2026-06-08T20:03:49.129+0000] {processor.py:840} INFO - DAG(s) 'example_sensors' retrieved from /home/airflow/.local/lib/python3.12/site-packages/airflow/example_dags/example_sensors.py
[2026-06-08T20:03:49.745+0000] {logging_mixin.py:188} INFO - [2026-06-08T20:03:49.741+0000] {dag.py:3096} INFO - Sync 1 DAGs
[2026-06-08T20:03:49.822+0000] {logging_mixin.py:188} INFO - [2026-06-08T20:03:49.822+0000] {dag.py:3954} INFO - Setting next_dagrun for example_sensors to None, run_after=None
[2026-06-08T20:03:50.008+0000] {processor.py:183} INFO - Processing /home/airflow/.local/lib/python3.12/site-packages/airflow/example_dags/example_sensors.py took 0.989 seconds
[2026-06-08T20:04:20.491+0000] {processor.py:161} INFO - Started process (PID=148) to work on /home/airflow/.local/lib/python3.12/site-packages/airflow/example_dags/example_sensors.py
[2026-06-08T20:04:20.494+0000] {processor.py:830} INFO - Processing file /home/airflow/.local/lib/python3.12/site-packages/airflow/example_dags/example_sensors.py for tasks to queue
[2026-06-08T20:04:20.504+0000] {logging_mixin.py:188} INFO - [2026-06-08T20:04:20.502+0000] {dagbag.py:545} INFO - Filling up the DagBag from /home/airflow/.local/lib/python3.12/site-packages/airflow/example_dags/example_sensors.py
[2026-06-08T20:04:20.533+0000] {processor.py:840} INFO - DAG(s) 'example_sensors' retrieved from /home/airflow/.local/lib/python3.12/site-packages/airflow/example_dags/example_sensors.py
[2026-06-08T20:04:20.596+0000] {logging_mixin.py:188} INFO - [2026-06-08T20:04:20.595+0000] {dag.py:3096} INFO - Sync 1 DAGs
[2026-06-08T20:04:20.638+0000] {logging_mixin.py:188} INFO - [2026-06-08T20:04:20.638+0000] {dag.py:3954} INFO - Setting next_dagrun for example_sensors to None, run_after=None
[2026-06-08T20:04:20.667+0000] {processor.py:183} INFO - Processing /home/airflow/.local/lib/python3.12/site-packages/airflow/example_dags/example_sensors.py took 0.200 seconds
[2026-06-08T20:04:50.757+0000] {processor.py:161} INFO - Started process (PID=206) to work on /home/airflow/.local/lib/python3.12/site-packages/airflow/example_dags/example_sensors.py
[2026-06-08T20:04:50.758+0000] {processor.py:830} INFO - Processing file /home/airflow/.local/lib/python3.12/site-packages/airflow/example_dags/example_sensors.py for tasks to queue
[2026-06-08T20:04:50.760+0000] {logging_mixin.py:188} INFO - [2026-06-08T20:04:50.760+0000] {dagbag.py:545} INFO - Filling up the DagBag from /home/airflow/.local/lib/python3.12/site-packages/airflow/example_dags/example_sensors.py
[2026-06-08T20:04:50.772+0000] {processor.py:840} INFO - DAG(s) 'example_sensors' retrieved from /home/airflow/.local/lib/python3.12/site-packages/airflow/example_dags/example_sensors.py
[2026-06-08T20:04:50.808+0000] {logging_mixin.py:188} INFO - [2026-06-08T20:04:50.808+0000] {dag.py:3096} INFO - Sync 1 DAGs
[2026-06-08T20:04:50.839+0000] {logging_mixin.py:188} INFO - [2026-06-08T20:04:50.837+0000] {dag.py:3954} INFO - Setting next_dagrun for example_sensors to None, run_after=None
[2026-06-08T20:04:50.871+0000] {processor.py:183} INFO - Processing /home/airflow/.local/lib/python3.12/site-packages/airflow/example_dags/example_sensors.py took 0.121 seconds
[2026-06-08T20:05:21.313+0000] {processor.py:161} INFO - Started process (PID=264) to work on /home/airflow/.local/lib/python3.12/site-packages/airflow/example_dags/example_sensors.py
[2026-06-08T20:05:21.319+0000] {processor.py:830} INFO - Processing file /home/airflow/.local/lib/python3.12/site-packages/airflow/example_dags/example_sensors.py for tasks to queue
[2026-06-08T20:05:21.325+0000] {logging_mixin.py:188} INFO - [2026-06-08T20:05:21.325+0000] {dagbag.py:545} INFO - Filling up the DagBag from /home/airflow/.local/lib/python3.12/site-packages/airflow/example_dags/example_sensors.py
[2026-06-08T20:05:21.378+0000] {processor.py:840} INFO - DAG(s) 'example_sensors' retrieved from /home/airflow/.local/lib/python3.12/site-packages/airflow/example_dags/example_sensors.py
[2026-06-08T20:05:21.545+0000] {logging_mixin.py:188} INFO - [2026-06-08T20:05:21.544+0000] {dag.py:3096} INFO - Sync 1 DAGs
[2026-06-08T20:05:21.599+0000] {logging_mixin.py:188} INFO - [2026-06-08T20:05:21.599+0000] {dag.py:3954} INFO - Setting next_dagrun for example_sensors to None, run_after=None
[2026-06-08T20:05:21.653+0000] {processor.py:183} INFO - Processing /home/airflow/.local/lib/python3.12/site-packages/airflow/example_dags/example_sensors.py took 0.370 seconds
[2026-06-08T20:05:52.130+0000] {processor.py:161} INFO - Started process (PID=322) to work on /home/airflow/.local/lib/python3.12/site-packages/airflow/example_dags/example_sensors.py
[2026-06-08T20:05:52.131+0000] {processor.py:830} INFO - Processing file /home/airflow/.local/lib/python3.12/site-packages/airflow/example_dags/example_sensors.py for tasks to queue
[2026-06-08T20:05:52.133+0000] {logging_mixin.py:188} INFO - [2026-06-08T20:05:52.133+0000] {dagbag.py:545} INFO - Filling up the DagBag from /home/airflow/.local/lib/python3.12/site-packages/airflow/example_dags/example_sensors.py
[2026-06-08T20:05:52.146+0000] {processor.py:840} INFO - DAG(s) 'example_sensors' retrieved from /home/airflow/.local/lib/python3.12/site-packages/airflow/example_dags/example_sensors.py
[2026-06-08T20:05:52.181+0000] {logging_mixin.py:188} INFO - [2026-06-08T20:05:52.181+0000] {dag.py:3096} INFO - Sync 1 DAGs
[2026-06-08T20:05:52.199+0000] {logging_mixin.py:188} INFO - [2026-06-08T20:05:52.199+0000] {dag.py:3954} INFO - Setting next_dagrun for example_sensors to None, run_after=None
[2026-06-08T20:05:52.222+0000] {processor.py:183} INFO - Processing /home/airflow/.local/lib/python3.12/site-packages/airflow/example_dags/example_sensors.py took 0.105 seconds
[2026-06-08T20:06:22.298+0000] {processor.py:161} INFO - Started process (PID=380) to work on /home/airflow/.local/lib/python3.12/site-packages/airflow/example_dags/example_sensors.py
[2026-06-08T20:06:22.298+0000] {processor.py:830} INFO - Processing file /home/airflow/.local/lib/python3.12/site-packages/airflow/example_dags/example_sensors.py for tasks to queue
[2026-06-08T20:06:22.301+0000] {logging_mixin.py:188} INFO - [2026-06-08T20:06:22.301+0000] {dagbag.py:545} INFO - Filling up the DagBag from /home/airflow/.local/lib/python3.12/site-packages/airflow/example_dags/example_sensors.py
[2026-06-08T20:06:22.313+0000] {processor.py:840} INFO - DAG(s) 'example_sensors' retrieved from /home/airflow/.local/lib/python3.12/site-packages/airflow/example_dags/example_sensors.py
[2026-06-08T20:06:22.349+0000] {logging_mixin.py:188} INFO - [2026-06-08T20:06:22.348+0000] {dag.py:3096} INFO - Sync 1 DAGs
[2026-06-08T20:06:22.369+0000] {logging_mixin.py:188} INFO - [2026-06-08T20:06:22.368+0000] {dag.py:3954} INFO - Setting next_dagrun for example_sensors to None, run_after=None
[2026-06-08T20:06:22.391+0000] {processor.py:183} INFO - Processing /home/airflow/.local/lib/python3.12/site-packages/airflow/example_dags/example_sensors.py took 0.102 seconds
[2026-06-08T20:06:52.431+0000] {processor.py:161} INFO - Started process (PID=437) to work on /home/airflow/.local/lib/python3.12/site-packages/airflow/example_dags/example_sensors.py
[2026-06-08T20:06:52.432+0000] {processor.py:830} INFO - Processing file /home/airflow/.local/lib/python3.12/site-packages/airflow/example_dags/example_sensors.py for tasks to queue
[2026-06-08T20:06:52.433+0000] {logging_mixin.py:188} INFO - [2026-06-08T20:06:52.433+0000] {dagbag.py:545} INFO - Filling up the DagBag from /home/airflow/.local/lib/python3.12/site-packages/airflow/example_dags/example_sensors.py
[2026-06-08T20:06:52.442+0000] {processor.py:840} INFO - DAG(s) 'example_sensors' retrieved from /home/airflow/.local/lib/python3.12/site-packages/airflow/example_dags/example_sensors.py
[2026-06-08T20:06:52.467+0000] {logging_mixin.py:188} INFO - [2026-06-08T20:06:52.467+0000] {dag.py:3096} INFO - Sync 1 DAGs
[2026-06-08T20:06:52.479+0000] {logging_mixin.py:188} INFO - [2026-06-08T20:06:52.479+0000] {dag.py:3954} INFO - Setting next_dagrun for example_sensors to None, run_after=None
[2026-06-08T20:06:52.496+0000] {processor.py:183} INFO - Processing /home/airflow/.local/lib/python3.12/site-packages/airflow/example_dags/example_sensors.py took 0.070 seconds
[2026-06-08T20:08:28.662+0000] {processor.py:161} INFO - Started process (PID=88) to work on /home/airflow/.local/lib/python3.12/site-packages/airflow/example_dags/example_sensors.py
[2026-06-08T20:08:28.672+0000] {processor.py:830} INFO - Processing file /home/airflow/.local/lib/python3.12/site-packages/airflow/example_dags/example_sensors.py for tasks to queue
[2026-06-08T20:08:28.699+0000] {logging_mixin.py:188} INFO - [2026-06-08T20:08:28.689+0000] {dagbag.py:545} INFO - Filling up the DagBag from /home/airflow/.local/lib/python3.12/site-packages/airflow/example_dags/example_sensors.py
[2026-06-08T20:08:28.828+0000] {processor.py:840} INFO - DAG(s) 'example_sensors' retrieved from /home/airflow/.local/lib/python3.12/site-packages/airflow/example_dags/example_sensors.py
[2026-06-08T20:08:29.318+0000] {logging_mixin.py:188} INFO - [2026-06-08T20:08:29.318+0000] {dag.py:3096} INFO - Sync 1 DAGs
[2026-06-08T20:08:29.364+0000] {logging_mixin.py:188} INFO - [2026-06-08T20:08:29.346+0000] {dag.py:3954} INFO - Setting next_dagrun for example_sensors to None, run_after=None
[2026-06-08T20:08:29.459+0000] {processor.py:183} INFO - Processing /home/airflow/.local/lib/python3.12/site-packages/airflow/example_dags/example_sensors.py took 0.836 seconds
[2026-06-08T20:09:00.221+0000] {processor.py:161} INFO - Started process (PID=146) to work on /home/airflow/.local/lib/python3.12/site-packages/airflow/example_dags/example_sensors.py
[2026-06-08T20:09:00.227+0000] {processor.py:830} INFO - Processing file /home/airflow/.local/lib/python3.12/site-packages/airflow/example_dags/example_sensors.py for tasks to queue
[2026-06-08T20:09:00.229+0000] {logging_mixin.py:188} INFO - [2026-06-08T20:09:00.229+0000] {dagbag.py:545} INFO - Filling up the DagBag from /home/airflow/.local/lib/python3.12/site-packages/airflow/example_dags/example_sensors.py
[2026-06-08T20:09:00.249+0000] {processor.py:840} INFO - DAG(s) 'example_sensors' retrieved from /home/airflow/.local/lib/python3.12/site-packages/airflow/example_dags/example_sensors.py
[2026-06-08T20:09:00.325+0000] {logging_mixin.py:188} INFO - [2026-06-08T20:09:00.325+0000] {dag.py:3096} INFO - Sync 1 DAGs
[2026-06-08T20:09:00.380+0000] {logging_mixin.py:188} INFO - [2026-06-08T20:09:00.380+0000] {dag.py:3954} INFO - Setting next_dagrun for example_sensors to None, run_after=None
[2026-06-08T20:09:00.420+0000] {processor.py:183} INFO - Processing /home/airflow/.local/lib/python3.12/site-packages/airflow/example_dags/example_sensors.py took 0.216 seconds
[2026-06-08T20:09:31.218+0000] {processor.py:161} INFO - Started process (PID=204) to work on /home/airflow/.local/lib/python3.12/site-packages/airflow/example_dags/example_sensors.py
[2026-06-08T20:09:31.221+0000] {processor.py:830} INFO - Processing file /home/airflow/.local/lib/python3.12/site-packages/airflow/example_dags/example_sensors.py for tasks to queue
[2026-06-08T20:09:31.224+0000] {logging_mixin.py:188} INFO - [2026-06-08T20:09:31.224+0000] {dagbag.py:545} INFO - Filling up the DagBag from /home/airflow/.local/lib/python3.12/site-packages/airflow/example_dags/example_sensors.py
[2026-06-08T20:09:31.241+0000] {processor.py:840} INFO - DAG(s) 'example_sensors' retrieved from /home/airflow/.local/lib/python3.12/site-packages/airflow/example_dags/example_sensors.py
[2026-06-08T20:09:31.315+0000] {logging_mixin.py:188} INFO - [2026-06-08T20:09:31.315+0000] {dag.py:3096} INFO - Sync 1 DAGs
[2026-06-08T20:09:31.366+0000] {logging_mixin.py:188} INFO - [2026-06-08T20:09:31.366+0000] {dag.py:3954} INFO - Setting next_dagrun for example_sensors to None, run_after=None
[2026-06-08T20:09:31.389+0000] {processor.py:183} INFO - Processing /home/airflow/.local/lib/python3.12/site-packages/airflow/example_dags/example_sensors.py took 0.186 seconds
[2026-06-08T20:10:01.549+0000] {processor.py:161} INFO - Started process (PID=264) to work on /home/airflow/.local/lib/python3.12/site-packages/airflow/example_dags/example_sensors.py
[2026-06-08T20:10:01.553+0000] {processor.py:830} INFO - Processing file /home/airflow/.local/lib/python3.12/site-packages/airflow/example_dags/example_sensors.py for tasks to queue
[2026-06-08T20:10:01.559+0000] {logging_mixin.py:188} INFO - [2026-06-08T20:10:01.554+0000] {dagbag.py:545} INFO - Filling up the DagBag from /home/airflow/.local/lib/python3.12/site-packages/airflow/example_dags/example_sensors.py
[2026-06-08T20:10:01.597+0000] {processor.py:840} INFO - DAG(s) 'example_sensors' retrieved from /home/airflow/.local/lib/python3.12/site-packages/airflow/example_dags/example_sensors.py
[2026-06-08T20:10:01.693+0000] {logging_mixin.py:188} INFO - [2026-06-08T20:10:01.693+0000] {dag.py:3096} INFO - Sync 1 DAGs
[2026-06-08T20:10:01.752+0000] {logging_mixin.py:188} INFO - [2026-06-08T20:10:01.752+0000] {dag.py:3954} INFO - Setting next_dagrun for example_sensors to None, run_after=None
[2026-06-08T20:10:01.821+0000] {processor.py:183} INFO - Processing /home/airflow/.local/lib/python3.12/site-packages/airflow/example_dags/example_sensors.py took 0.297 seconds
[2026-06-08T20:10:32.644+0000] {processor.py:161} INFO - Started process (PID=322) to work on /home/airflow/.local/lib/python3.12/site-packages/airflow/example_dags/example_sensors.py
[2026-06-08T20:10:32.645+0000] {processor.py:830} INFO - Processing file /home/airflow/.local/lib/python3.12/site-packages/airflow/example_dags/example_sensors.py for tasks to queue
[2026-06-08T20:10:32.647+0000] {logging_mixin.py:188} INFO - [2026-06-08T20:10:32.647+0000] {dagbag.py:545} INFO - Filling up the DagBag from /home/airflow/.local/lib/python3.12/site-packages/airflow/example_dags/example_sensors.py
[2026-06-08T20:10:32.659+0000] {processor.py:840} INFO - DAG(s) 'example_sensors' retrieved from /home/airflow/.local/lib/python3.12/site-packages/airflow/example_dags/example_sensors.py
[2026-06-08T20:10:32.706+0000] {logging_mixin.py:188} INFO - [2026-06-08T20:10:32.706+0000] {dag.py:3096} INFO - Sync 1 DAGs
[2026-06-08T20:10:32.726+0000] {logging_mixin.py:188} INFO - [2026-06-08T20:10:32.726+0000] {dag.py:3954} INFO - Setting next_dagrun for example_sensors to None, run_after=None
[2026-06-08T20:10:32.748+0000] {processor.py:183} INFO - Processing /home/airflow/.local/lib/python3.12/site-packages/airflow/example_dags/example_sensors.py took 0.110 seconds
[2026-06-08T20:11:03.147+0000] {processor.py:161} INFO - Started process (PID=380) to work on /home/airflow/.local/lib/python3.12/site-packages/airflow/example_dags/example_sensors.py
[2026-06-08T20:11:03.148+0000] {processor.py:830} INFO - Processing file /home/airflow/.local/lib/python3.12/site-packages/airflow/example_dags/example_sensors.py for tasks to queue
[2026-06-08T20:11:03.151+0000] {logging_mixin.py:188} INFO - [2026-06-08T20:11:03.150+0000] {dagbag.py:545} INFO - Filling up the DagBag from /home/airflow/.local/lib/python3.12/site-packages/airflow/example_dags/example_sensors.py
[2026-06-08T20:11:03.165+0000] {processor.py:840} INFO - DAG(s) 'example_sensors' retrieved from /home/airflow/.local/lib/python3.12/site-packages/airflow/example_dags/example_sensors.py
[2026-06-08T20:11:03.202+0000] {logging_mixin.py:188} INFO - [2026-06-08T20:11:03.202+0000] {dag.py:3096} INFO - Sync 1 DAGs
[2026-06-08T20:11:03.219+0000] {logging_mixin.py:188} INFO - [2026-06-08T20:11:03.219+0000] {dag.py:3954} INFO - Setting next_dagrun for example_sensors to None, run_after=None
[2026-06-08T20:11:03.240+0000] {processor.py:183} INFO - Processing /home/airflow/.local/lib/python3.12/site-packages/airflow/example_dags/example_sensors.py took 0.101 seconds
[2026-06-08T20:11:33.583+0000] {processor.py:161} INFO - Started process (PID=437) to work on /home/airflow/.local/lib/python3.12/site-packages/airflow/example_dags/example_sensors.py
[2026-06-08T20:11:33.585+0000] {processor.py:830} INFO - Processing file /home/airflow/.local/lib/python3.12/site-packages/airflow/example_dags/example_sensors.py for tasks to queue
[2026-06-08T20:11:33.589+0000] {logging_mixin.py:188} INFO - [2026-06-08T20:11:33.588+0000] {dagbag.py:545} INFO - Filling up the DagBag from /home/airflow/.local/lib/python3.12/site-packages/airflow/example_dags/example_sensors.py
[2026-06-08T20:11:33.620+0000] {processor.py:840} INFO - DAG(s) 'example_sensors' retrieved from /home/airflow/.local/lib/python3.12/site-packages/airflow/example_dags/example_sensors.py
[2026-06-08T20:11:33.689+0000] {logging_mixin.py:188} INFO - [2026-06-08T20:11:33.688+0000] {dag.py:3096} INFO - Sync 1 DAGs
[2026-06-08T20:11:33.739+0000] {logging_mixin.py:188} INFO - [2026-06-08T20:11:33.737+0000] {dag.py:3954} INFO - Setting next_dagrun for example_sensors to None, run_after=None
[2026-06-08T20:11:33.793+0000] {processor.py:183} INFO - Processing /home/airflow/.local/lib/python3.12/site-packages/airflow/example_dags/example_sensors.py took 0.220 seconds
[2026-06-08T20:12:05.731+0000] {processor.py:161} INFO - Started process (PID=496) to work on /home/airflow/.local/lib/python3.12/site-packages/airflow/example_dags/example_sensors.py
[2026-06-08T20:12:05.734+0000] {processor.py:830} INFO - Processing file /home/airflow/.local/lib/python3.12/site-packages/airflow/example_dags/example_sensors.py for tasks to queue
[2026-06-08T20:12:05.743+0000] {logging_mixin.py:188} INFO - [2026-06-08T20:12:05.740+0000] {dagbag.py:545} INFO - Filling up the DagBag from /home/airflow/.local/lib/python3.12/site-packages/airflow/example_dags/example_sensors.py
[2026-06-08T20:12:05.810+0000] {processor.py:840} INFO - DAG(s) 'example_sensors' retrieved from /home/airflow/.local/lib/python3.12/site-packages/airflow/example_dags/example_sensors.py
[2026-06-08T20:12:06.007+0000] {logging_mixin.py:188} INFO - [2026-06-08T20:12:06.007+0000] {dag.py:3096} INFO - Sync 1 DAGs
[2026-06-08T20:12:06.051+0000] {logging_mixin.py:188} INFO - [2026-06-08T20:12:06.051+0000] {dag.py:3954} INFO - Setting next_dagrun for example_sensors to None, run_after=None
[2026-06-08T20:12:06.148+0000] {processor.py:183} INFO - Processing /home/airflow/.local/lib/python3.12/site-packages/airflow/example_dags/example_sensors.py took 0.449 seconds
[2026-06-08T20:12:36.634+0000] {processor.py:161} INFO - Started process (PID=554) to work on /home/airflow/.local/lib/python3.12/site-packages/airflow/example_dags/example_sensors.py
[2026-06-08T20:12:36.635+0000] {processor.py:830} INFO - Processing file /home/airflow/.local/lib/python3.12/site-packages/airflow/example_dags/example_sensors.py for tasks to queue
[2026-06-08T20:12:36.637+0000] {logging_mixin.py:188} INFO - [2026-06-08T20:12:36.636+0000] {dagbag.py:545} INFO - Filling up the DagBag from /home/airflow/.local/lib/python3.12/site-packages/airflow/example_dags/example_sensors.py
[2026-06-08T20:12:36.663+0000] {processor.py:840} INFO - DAG(s) 'example_sensors' retrieved from /home/airflow/.local/lib/python3.12/site-packages/airflow/example_dags/example_sensors.py
[2026-06-08T20:12:36.771+0000] {logging_mixin.py:188} INFO - [2026-06-08T20:12:36.771+0000] {dag.py:3096} INFO - Sync 1 DAGs
[2026-06-08T20:12:36.821+0000] {logging_mixin.py:188} INFO - [2026-06-08T20:12:36.821+0000] {dag.py:3954} INFO - Setting next_dagrun for example_sensors to None, run_after=None
[2026-06-08T20:12:36.918+0000] {processor.py:183} INFO - Processing /home/airflow/.local/lib/python3.12/site-packages/airflow/example_dags/example_sensors.py took 0.295 seconds
[2026-06-08T20:13:07.192+0000] {processor.py:161} INFO - Started process (PID=612) to work on /home/airflow/.local/lib/python3.12/site-packages/airflow/example_dags/example_sensors.py
[2026-06-08T20:13:07.199+0000] {processor.py:830} INFO - Processing file /home/airflow/.local/lib/python3.12/site-packages/airflow/example_dags/example_sensors.py for tasks to queue
[2026-06-08T20:13:07.210+0000] {logging_mixin.py:188} INFO - [2026-06-08T20:13:07.210+0000] {dagbag.py:545} INFO - Filling up the DagBag from /home/airflow/.local/lib/python3.12/site-packages/airflow/example_dags/example_sensors.py
[2026-06-08T20:13:07.238+0000] {processor.py:840} INFO - DAG(s) 'example_sensors' retrieved from /home/airflow/.local/lib/python3.12/site-packages/airflow/example_dags/example_sensors.py
[2026-06-08T20:13:07.455+0000] {logging_mixin.py:188} INFO - [2026-06-08T20:13:07.454+0000] {dag.py:3096} INFO - Sync 1 DAGs
[2026-06-08T20:13:07.497+0000] {logging_mixin.py:188} INFO - [2026-06-08T20:13:07.496+0000] {dag.py:3954} INFO - Setting next_dagrun for example_sensors to None, run_after=None
[2026-06-08T20:13:08.786+0000] {processor.py:183} INFO - Processing /home/airflow/.local/lib/python3.12/site-packages/airflow/example_dags/example_sensors.py took 1.627 seconds
[2026-06-08T20:13:40.883+0000] {processor.py:161} INFO - Started process (PID=669) to work on /home/airflow/.local/lib/python3.12/site-packages/airflow/example_dags/example_sensors.py
[2026-06-08T20:13:40.885+0000] {processor.py:830} INFO - Processing file /home/airflow/.local/lib/python3.12/site-packages/airflow/example_dags/example_sensors.py for tasks to queue
[2026-06-08T20:13:40.890+0000] {logging_mixin.py:188} INFO - [2026-06-08T20:13:40.890+0000] {dagbag.py:545} INFO - Filling up the DagBag from /home/airflow/.local/lib/python3.12/site-packages/airflow/example_dags/example_sensors.py
[2026-06-08T20:13:40.967+0000] {processor.py:840} INFO - DAG(s) 'example_sensors' retrieved from /home/airflow/.local/lib/python3.12/site-packages/airflow/example_dags/example_sensors.py
[2026-06-08T20:13:41.074+0000] {logging_mixin.py:188} INFO - [2026-06-08T20:13:41.074+0000] {dag.py:3096} INFO - Sync 1 DAGs
[2026-06-08T20:13:41.138+0000] {logging_mixin.py:188} INFO - [2026-06-08T20:13:41.135+0000] {dag.py:3954} INFO - Setting next_dagrun for example_sensors to None, run_after=None
[2026-06-08T20:13:41.231+0000] {processor.py:183} INFO - Processing /home/airflow/.local/lib/python3.12/site-packages/airflow/example_dags/example_sensors.py took 0.376 seconds
[2026-06-08T20:14:11.535+0000] {processor.py:161} INFO - Started process (PID=727) to work on /home/airflow/.local/lib/python3.12/site-packages/airflow/example_dags/example_sensors.py
[2026-06-08T20:14:11.537+0000] {processor.py:830} INFO - Processing file /home/airflow/.local/lib/python3.12/site-packages/airflow/example_dags/example_sensors.py for tasks to queue
[2026-06-08T20:14:11.539+0000] {logging_mixin.py:188} INFO - [2026-06-08T20:14:11.539+0000] {dagbag.py:545} INFO - Filling up the DagBag from /home/airflow/.local/lib/python3.12/site-packages/airflow/example_dags/example_sensors.py
[2026-06-08T20:14:11.552+0000] {processor.py:840} INFO - DAG(s) 'example_sensors' retrieved from /home/airflow/.local/lib/python3.12/site-packages/airflow/example_dags/example_sensors.py
[2026-06-08T20:14:11.589+0000] {logging_mixin.py:188} INFO - [2026-06-08T20:14:11.589+0000] {dag.py:3096} INFO - Sync 1 DAGs
[2026-06-08T20:14:11.607+0000] {logging_mixin.py:188} INFO - [2026-06-08T20:14:11.606+0000] {dag.py:3954} INFO - Setting next_dagrun for example_sensors to None, run_after=None
[2026-06-08T20:14:11.628+0000] {processor.py:183} INFO - Processing /home/airflow/.local/lib/python3.12/site-packages/airflow/example_dags/example_sensors.py took 0.101 seconds
[2026-06-08T20:14:43.352+0000] {processor.py:161} INFO - Started process (PID=785) to work on /home/airflow/.local/lib/python3.12/site-packages/airflow/example_dags/example_sensors.py
[2026-06-08T20:14:43.358+0000] {processor.py:830} INFO - Processing file /home/airflow/.local/lib/python3.12/site-packages/airflow/example_dags/example_sensors.py for tasks to queue
[2026-06-08T20:14:43.362+0000] {logging_mixin.py:188} INFO - [2026-06-08T20:14:43.362+0000] {dagbag.py:545} INFO - Filling up the DagBag from /home/airflow/.local/lib/python3.12/site-packages/airflow/example_dags/example_sensors.py
[2026-06-08T20:14:43.386+0000] {processor.py:840} INFO - DAG(s) 'example_sensors' retrieved from /home/airflow/.local/lib/python3.12/site-packages/airflow/example_dags/example_sensors.py
[2026-06-08T20:14:43.455+0000] {logging_mixin.py:188} INFO - [2026-06-08T20:14:43.455+0000] {dag.py:3096} INFO - Sync 1 DAGs
[2026-06-08T20:14:43.475+0000] {logging_mixin.py:188} INFO - [2026-06-08T20:14:43.475+0000] {dag.py:3954} INFO - Setting next_dagrun for example_sensors to None, run_after=None
[2026-06-08T20:14:43.503+0000] {processor.py:183} INFO - Processing /home/airflow/.local/lib/python3.12/site-packages/airflow/example_dags/example_sensors.py took 0.166 seconds
[2026-06-08T20:15:13.953+0000] {processor.py:161} INFO - Started process (PID=843) to work on /home/airflow/.local/lib/python3.12/site-packages/airflow/example_dags/example_sensors.py
[2026-06-08T20:15:13.954+0000] {processor.py:830} INFO - Processing file /home/airflow/.local/lib/python3.12/site-packages/airflow/example_dags/example_sensors.py for tasks to queue
[2026-06-08T20:15:13.956+0000] {logging_mixin.py:188} INFO - [2026-06-08T20:15:13.955+0000] {dagbag.py:545} INFO - Filling up the DagBag from /home/airflow/.local/lib/python3.12/site-packages/airflow/example_dags/example_sensors.py
[2026-06-08T20:15:13.968+0000] {processor.py:840} INFO - DAG(s) 'example_sensors' retrieved from /home/airflow/.local/lib/python3.12/site-packages/airflow/example_dags/example_sensors.py
[2026-06-08T20:15:14.004+0000] {logging_mixin.py:188} INFO - [2026-06-08T20:15:14.004+0000] {dag.py:3096} INFO - Sync 1 DAGs
[2026-06-08T20:15:14.022+0000] {logging_mixin.py:188} INFO - [2026-06-08T20:15:14.021+0000] {dag.py:3954} INFO - Setting next_dagrun for example_sensors to None, run_after=None
[2026-06-08T20:15:14.048+0000] {processor.py:183} INFO - Processing /home/airflow/.local/lib/python3.12/site-packages/airflow/example_dags/example_sensors.py took 0.103 seconds
[2026-06-08T20:15:44.664+0000] {processor.py:161} INFO - Started process (PID=901) to work on /home/airflow/.local/lib/python3.12/site-packages/airflow/example_dags/example_sensors.py
[2026-06-08T20:15:44.665+0000] {processor.py:830} INFO - Processing file /home/airflow/.local/lib/python3.12/site-packages/airflow/example_dags/example_sensors.py for tasks to queue
[2026-06-08T20:15:44.668+0000] {logging_mixin.py:188} INFO - [2026-06-08T20:15:44.666+0000] {dagbag.py:545} INFO - Filling up the DagBag from /home/airflow/.local/lib/python3.12/site-packages/airflow/example_dags/example_sensors.py
[2026-06-08T20:15:44.682+0000] {processor.py:840} INFO - DAG(s) 'example_sensors' retrieved from /home/airflow/.local/lib/python3.12/site-packages/airflow/example_dags/example_sensors.py
[2026-06-08T20:15:44.750+0000] {logging_mixin.py:188} INFO - [2026-06-08T20:15:44.749+0000] {dag.py:3096} INFO - Sync 1 DAGs
[2026-06-08T20:15:44.768+0000] {logging_mixin.py:188} INFO - [2026-06-08T20:15:44.768+0000] {dag.py:3954} INFO - Setting next_dagrun for example_sensors to None, run_after=None
[2026-06-08T20:15:44.827+0000] {processor.py:183} INFO - Processing /home/airflow/.local/lib/python3.12/site-packages/airflow/example_dags/example_sensors.py took 0.170 seconds
[2026-06-08T20:16:15.158+0000] {processor.py:161} INFO - Started process (PID=959) to work on /home/airflow/.local/lib/python3.12/site-packages/airflow/example_dags/example_sensors.py
[2026-06-08T20:16:15.159+0000] {processor.py:830} INFO - Processing file /home/airflow/.local/lib/python3.12/site-packages/airflow/example_dags/example_sensors.py for tasks to queue
[2026-06-08T20:16:15.161+0000] {logging_mixin.py:188} INFO - [2026-06-08T20:16:15.161+0000] {dagbag.py:545} INFO - Filling up the DagBag from /home/airflow/.local/lib/python3.12/site-packages/airflow/example_dags/example_sensors.py
[2026-06-08T20:16:15.173+0000] {processor.py:840} INFO - DAG(s) 'example_sensors' retrieved from /home/airflow/.local/lib/python3.12/site-packages/airflow/example_dags/example_sensors.py
[2026-06-08T20:16:15.209+0000] {logging_mixin.py:188} INFO - [2026-06-08T20:16:15.209+0000] {dag.py:3096} INFO - Sync 1 DAGs
[2026-06-08T20:16:15.228+0000] {logging_mixin.py:188} INFO - [2026-06-08T20:16:15.227+0000] {dag.py:3954} INFO - Setting next_dagrun for example_sensors to None, run_after=None
[2026-06-08T20:16:15.250+0000] {processor.py:183} INFO - Processing /home/airflow/.local/lib/python3.12/site-packages/airflow/example_dags/example_sensors.py took 0.099 seconds
[2026-06-08T20:16:46.166+0000] {processor.py:161} INFO - Started process (PID=1017) to work on /home/airflow/.local/lib/python3.12/site-packages/airflow/example_dags/example_sensors.py
[2026-06-08T20:16:46.167+0000] {processor.py:830} INFO - Processing file /home/airflow/.local/lib/python3.12/site-packages/airflow/example_dags/example_sensors.py for tasks to queue
[2026-06-08T20:16:46.169+0000] {logging_mixin.py:188} INFO - [2026-06-08T20:16:46.169+0000] {dagbag.py:545} INFO - Filling up the DagBag from /home/airflow/.local/lib/python3.12/site-packages/airflow/example_dags/example_sensors.py
[2026-06-08T20:16:46.181+0000] {processor.py:840} INFO - DAG(s) 'example_sensors' retrieved from /home/airflow/.local/lib/python3.12/site-packages/airflow/example_dags/example_sensors.py
[2026-06-08T20:16:46.217+0000] {logging_mixin.py:188} INFO - [2026-06-08T20:16:46.216+0000] {dag.py:3096} INFO - Sync 1 DAGs
[2026-06-08T20:16:46.235+0000] {logging_mixin.py:188} INFO - [2026-06-08T20:16:46.235+0000] {dag.py:3954} INFO - Setting next_dagrun for example_sensors to None, run_after=None
[2026-06-08T20:16:46.258+0000] {processor.py:183} INFO - Processing /home/airflow/.local/lib/python3.12/site-packages/airflow/example_dags/example_sensors.py took 0.099 seconds
[2026-06-08T20:17:16.913+0000] {processor.py:161} INFO - Started process (PID=1075) to work on /home/airflow/.local/lib/python3.12/site-packages/airflow/example_dags/example_sensors.py
[2026-06-08T20:17:16.914+0000] {processor.py:830} INFO - Processing file /home/airflow/.local/lib/python3.12/site-packages/airflow/example_dags/example_sensors.py for tasks to queue
[2026-06-08T20:17:16.916+0000] {logging_mixin.py:188} INFO - [2026-06-08T20:17:16.916+0000] {dagbag.py:545} INFO - Filling up the DagBag from /home/airflow/.local/lib/python3.12/site-packages/airflow/example_dags/example_sensors.py
[2026-06-08T20:17:16.928+0000] {processor.py:840} INFO - DAG(s) 'example_sensors' retrieved from /home/airflow/.local/lib/python3.12/site-packages/airflow/example_dags/example_sensors.py
[2026-06-08T20:17:16.973+0000] {logging_mixin.py:188} INFO - [2026-06-08T20:17:16.972+0000] {dag.py:3096} INFO - Sync 1 DAGs
[2026-06-08T20:17:16.992+0000] {logging_mixin.py:188} INFO - [2026-06-08T20:17:16.991+0000] {dag.py:3954} INFO - Setting next_dagrun for example_sensors to None, run_after=None
[2026-06-08T20:17:17.017+0000] {processor.py:183} INFO - Processing /home/airflow/.local/lib/python3.12/site-packages/airflow/example_dags/example_sensors.py took 0.111 seconds
[2026-06-08T20:18:57.147+0000] {processor.py:161} INFO - Started process (PID=85) to work on /home/airflow/.local/lib/python3.12/site-packages/airflow/example_dags/example_sensors.py
[2026-06-08T20:18:57.151+0000] {processor.py:830} INFO - Processing file /home/airflow/.local/lib/python3.12/site-packages/airflow/example_dags/example_sensors.py for tasks to queue
[2026-06-08T20:18:57.161+0000] {logging_mixin.py:188} INFO - [2026-06-08T20:18:57.161+0000] {dagbag.py:545} INFO - Filling up the DagBag from /home/airflow/.local/lib/python3.12/site-packages/airflow/example_dags/example_sensors.py
[2026-06-08T20:18:57.184+0000] {processor.py:840} INFO - DAG(s) 'example_sensors' retrieved from /home/airflow/.local/lib/python3.12/site-packages/airflow/example_dags/example_sensors.py
[2026-06-08T20:18:57.576+0000] {logging_mixin.py:188} INFO - [2026-06-08T20:18:57.574+0000] {dag.py:3096} INFO - Sync 1 DAGs
[2026-06-08T20:18:57.614+0000] {logging_mixin.py:188} INFO - [2026-06-08T20:18:57.614+0000] {dag.py:3954} INFO - Setting next_dagrun for example_sensors to None, run_after=None
[2026-06-08T20:18:57.671+0000] {processor.py:183} INFO - Processing /home/airflow/.local/lib/python3.12/site-packages/airflow/example_dags/example_sensors.py took 0.551 seconds
[2026-06-08T20:19:28.011+0000] {processor.py:161} INFO - Started process (PID=144) to work on /home/airflow/.local/lib/python3.12/site-packages/airflow/example_dags/example_sensors.py
[2026-06-08T20:19:28.012+0000] {processor.py:830} INFO - Processing file /home/airflow/.local/lib/python3.12/site-packages/airflow/example_dags/example_sensors.py for tasks to queue
[2026-06-08T20:19:28.016+0000] {logging_mixin.py:188} INFO - [2026-06-08T20:19:28.016+0000] {dagbag.py:545} INFO - Filling up the DagBag from /home/airflow/.local/lib/python3.12/site-packages/airflow/example_dags/example_sensors.py
[2026-06-08T20:19:28.047+0000] {processor.py:840} INFO - DAG(s) 'example_sensors' retrieved from /home/airflow/.local/lib/python3.12/site-packages/airflow/example_dags/example_sensors.py
[2026-06-08T20:19:28.120+0000] {logging_mixin.py:188} INFO - [2026-06-08T20:19:28.120+0000] {dag.py:3096} INFO - Sync 1 DAGs
[2026-06-08T20:19:28.158+0000] {logging_mixin.py:188} INFO - [2026-06-08T20:19:28.157+0000] {dag.py:3954} INFO - Setting next_dagrun for example_sensors to None, run_after=None
[2026-06-08T20:19:28.237+0000] {processor.py:183} INFO - Processing /home/airflow/.local/lib/python3.12/site-packages/airflow/example_dags/example_sensors.py took 0.242 seconds
[2026-06-08T20:19:58.581+0000] {processor.py:161} INFO - Started process (PID=203) to work on /home/airflow/.local/lib/python3.12/site-packages/airflow/example_dags/example_sensors.py
[2026-06-08T20:19:58.584+0000] {processor.py:830} INFO - Processing file /home/airflow/.local/lib/python3.12/site-packages/airflow/example_dags/example_sensors.py for tasks to queue
[2026-06-08T20:19:58.588+0000] {logging_mixin.py:188} INFO - [2026-06-08T20:19:58.588+0000] {dagbag.py:545} INFO - Filling up the DagBag from /home/airflow/.local/lib/python3.12/site-packages/airflow/example_dags/example_sensors.py
[2026-06-08T20:19:58.645+0000] {processor.py:840} INFO - DAG(s) 'example_sensors' retrieved from /home/airflow/.local/lib/python3.12/site-packages/airflow/example_dags/example_sensors.py
[2026-06-08T20:19:58.843+0000] {logging_mixin.py:188} INFO - [2026-06-08T20:19:58.843+0000] {dag.py:3096} INFO - Sync 1 DAGs
[2026-06-08T20:19:58.969+0000] {logging_mixin.py:188} INFO - [2026-06-08T20:19:58.968+0000] {dag.py:3954} INFO - Setting next_dagrun for example_sensors to None, run_after=None
[2026-06-08T20:19:59.061+0000] {processor.py:183} INFO - Processing /home/airflow/.local/lib/python3.12/site-packages/airflow/example_dags/example_sensors.py took 0.495 seconds
[2026-06-08T20:20:29.293+0000] {processor.py:161} INFO - Started process (PID=261) to work on /home/airflow/.local/lib/python3.12/site-packages/airflow/example_dags/example_sensors.py
[2026-06-08T20:20:29.294+0000] {processor.py:830} INFO - Processing file /home/airflow/.local/lib/python3.12/site-packages/airflow/example_dags/example_sensors.py for tasks to queue
[2026-06-08T20:20:29.308+0000] {logging_mixin.py:188} INFO - [2026-06-08T20:20:29.303+0000] {dagbag.py:545} INFO - Filling up the DagBag from /home/airflow/.local/lib/python3.12/site-packages/airflow/example_dags/example_sensors.py
[2026-06-08T20:20:29.340+0000] {processor.py:840} INFO - DAG(s) 'example_sensors' retrieved from /home/airflow/.local/lib/python3.12/site-packages/airflow/example_dags/example_sensors.py
[2026-06-08T20:20:29.430+0000] {logging_mixin.py:188} INFO - [2026-06-08T20:20:29.430+0000] {dag.py:3096} INFO - Sync 1 DAGs
[2026-06-08T20:20:29.472+0000] {logging_mixin.py:188} INFO - [2026-06-08T20:20:29.472+0000] {dag.py:3954} INFO - Setting next_dagrun for example_sensors to None, run_after=None
[2026-06-08T20:20:29.517+0000] {processor.py:183} INFO - Processing /home/airflow/.local/lib/python3.12/site-packages/airflow/example_dags/example_sensors.py took 0.274 seconds
[2026-06-08T20:20:59.629+0000] {processor.py:161} INFO - Started process (PID=320) to work on /home/airflow/.local/lib/python3.12/site-packages/airflow/example_dags/example_sensors.py
[2026-06-08T20:20:59.630+0000] {processor.py:830} INFO - Processing file /home/airflow/.local/lib/python3.12/site-packages/airflow/example_dags/example_sensors.py for tasks to queue
[2026-06-08T20:20:59.632+0000] {logging_mixin.py:188} INFO - [2026-06-08T20:20:59.632+0000] {dagbag.py:545} INFO - Filling up the DagBag from /home/airflow/.local/lib/python3.12/site-packages/airflow/example_dags/example_sensors.py
[2026-06-08T20:20:59.643+0000] {processor.py:840} INFO - DAG(s) 'example_sensors' retrieved from /home/airflow/.local/lib/python3.12/site-packages/airflow/example_dags/example_sensors.py
[2026-06-08T20:20:59.678+0000] {logging_mixin.py:188} INFO - [2026-06-08T20:20:59.678+0000] {dag.py:3096} INFO - Sync 1 DAGs
[2026-06-08T20:20:59.696+0000] {logging_mixin.py:188} INFO - [2026-06-08T20:20:59.696+0000] {dag.py:3954} INFO - Setting next_dagrun for example_sensors to None, run_after=None
[2026-06-08T20:20:59.719+0000] {processor.py:183} INFO - Processing /home/airflow/.local/lib/python3.12/site-packages/airflow/example_dags/example_sensors.py took 0.097 seconds
[2026-06-08T20:21:30.272+0000] {processor.py:161} INFO - Started process (PID=378) to work on /home/airflow/.local/lib/python3.12/site-packages/airflow/example_dags/example_sensors.py
[2026-06-08T20:21:30.273+0000] {processor.py:830} INFO - Processing file /home/airflow/.local/lib/python3.12/site-packages/airflow/example_dags/example_sensors.py for tasks to queue
[2026-06-08T20:21:30.275+0000] {logging_mixin.py:188} INFO - [2026-06-08T20:21:30.274+0000] {dagbag.py:545} INFO - Filling up the DagBag from /home/airflow/.local/lib/python3.12/site-packages/airflow/example_dags/example_sensors.py
[2026-06-08T20:21:30.286+0000] {processor.py:840} INFO - DAG(s) 'example_sensors' retrieved from /home/airflow/.local/lib/python3.12/site-packages/airflow/example_dags/example_sensors.py
[2026-06-08T20:21:30.322+0000] {logging_mixin.py:188} INFO - [2026-06-08T20:21:30.322+0000] {dag.py:3096} INFO - Sync 1 DAGs
[2026-06-08T20:21:30.340+0000] {logging_mixin.py:188} INFO - [2026-06-08T20:21:30.340+0000] {dag.py:3954} INFO - Setting next_dagrun for example_sensors to None, run_after=None
[2026-06-08T20:21:30.363+0000] {processor.py:183} INFO - Processing /home/airflow/.local/lib/python3.12/site-packages/airflow/example_dags/example_sensors.py took 0.098 seconds
[2026-06-08T20:22:00.556+0000] {processor.py:161} INFO - Started process (PID=437) to work on /home/airflow/.local/lib/python3.12/site-packages/airflow/example_dags/example_sensors.py
[2026-06-08T20:22:00.557+0000] {processor.py:830} INFO - Processing file /home/airflow/.local/lib/python3.12/site-packages/airflow/example_dags/example_sensors.py for tasks to queue
[2026-06-08T20:22:00.559+0000] {logging_mixin.py:188} INFO - [2026-06-08T20:22:00.559+0000] {dagbag.py:545} INFO - Filling up the DagBag from /home/airflow/.local/lib/python3.12/site-packages/airflow/example_dags/example_sensors.py
[2026-06-08T20:22:00.570+0000] {processor.py:840} INFO - DAG(s) 'example_sensors' retrieved from /home/airflow/.local/lib/python3.12/site-packages/airflow/example_dags/example_sensors.py
[2026-06-08T20:22:00.606+0000] {logging_mixin.py:188} INFO - [2026-06-08T20:22:00.605+0000] {dag.py:3096} INFO - Sync 1 DAGs
[2026-06-08T20:22:00.624+0000] {logging_mixin.py:188} INFO - [2026-06-08T20:22:00.624+0000] {dag.py:3954} INFO - Setting next_dagrun for example_sensors to None, run_after=None
[2026-06-08T20:22:00.648+0000] {processor.py:183} INFO - Processing /home/airflow/.local/lib/python3.12/site-packages/airflow/example_dags/example_sensors.py took 0.099 seconds
[2026-06-08T20:22:31.059+0000] {processor.py:161} INFO - Started process (PID=496) to work on /home/airflow/.local/lib/python3.12/site-packages/airflow/example_dags/example_sensors.py
[2026-06-08T20:22:31.060+0000] {processor.py:830} INFO - Processing file /home/airflow/.local/lib/python3.12/site-packages/airflow/example_dags/example_sensors.py for tasks to queue
[2026-06-08T20:22:31.062+0000] {logging_mixin.py:188} INFO - [2026-06-08T20:22:31.061+0000] {dagbag.py:545} INFO - Filling up the DagBag from /home/airflow/.local/lib/python3.12/site-packages/airflow/example_dags/example_sensors.py
[2026-06-08T20:22:31.073+0000] {processor.py:840} INFO - DAG(s) 'example_sensors' retrieved from /home/airflow/.local/lib/python3.12/site-packages/airflow/example_dags/example_sensors.py
[2026-06-08T20:22:31.109+0000] {logging_mixin.py:188} INFO - [2026-06-08T20:22:31.109+0000] {dag.py:3096} INFO - Sync 1 DAGs
[2026-06-08T20:22:31.127+0000] {logging_mixin.py:188} INFO - [2026-06-08T20:22:31.127+0000] {dag.py:3954} INFO - Setting next_dagrun for example_sensors to None, run_after=None
[2026-06-08T20:22:31.149+0000] {processor.py:183} INFO - Processing /home/airflow/.local/lib/python3.12/site-packages/airflow/example_dags/example_sensors.py took 0.097 seconds
[2026-06-08T20:23:02.135+0000] {processor.py:161} INFO - Started process (PID=555) to work on /home/airflow/.local/lib/python3.12/site-packages/airflow/example_dags/example_sensors.py
[2026-06-08T20:23:02.136+0000] {processor.py:830} INFO - Processing file /home/airflow/.local/lib/python3.12/site-packages/airflow/example_dags/example_sensors.py for tasks to queue
[2026-06-08T20:23:02.138+0000] {logging_mixin.py:188} INFO - [2026-06-08T20:23:02.138+0000] {dagbag.py:545} INFO - Filling up the DagBag from /home/airflow/.local/lib/python3.12/site-packages/airflow/example_dags/example_sensors.py
[2026-06-08T20:23:02.150+0000] {processor.py:840} INFO - DAG(s) 'example_sensors' retrieved from /home/airflow/.local/lib/python3.12/site-packages/airflow/example_dags/example_sensors.py
[2026-06-08T20:23:02.187+0000] {logging_mixin.py:188} INFO - [2026-06-08T20:23:02.186+0000] {dag.py:3096} INFO - Sync 1 DAGs
[2026-06-08T20:23:02.204+0000] {logging_mixin.py:188} INFO - [2026-06-08T20:23:02.203+0000] {dag.py:3954} INFO - Setting next_dagrun for example_sensors to None, run_after=None
[2026-06-08T20:23:02.226+0000] {processor.py:183} INFO - Processing /home/airflow/.local/lib/python3.12/site-packages/airflow/example_dags/example_sensors.py took 0.097 seconds
[2026-06-08T20:23:33.632+0000] {processor.py:161} INFO - Started process (PID=614) to work on /home/airflow/.local/lib/python3.12/site-packages/airflow/example_dags/example_sensors.py
[2026-06-08T20:23:33.633+0000] {processor.py:830} INFO - Processing file /home/airflow/.local/lib/python3.12/site-packages/airflow/example_dags/example_sensors.py for tasks to queue
[2026-06-08T20:23:33.635+0000] {logging_mixin.py:188} INFO - [2026-06-08T20:23:33.635+0000] {dagbag.py:545} INFO - Filling up the DagBag from /home/airflow/.local/lib/python3.12/site-packages/airflow/example_dags/example_sensors.py
[2026-06-08T20:23:33.648+0000] {processor.py:840} INFO - DAG(s) 'example_sensors' retrieved from /home/airflow/.local/lib/python3.12/site-packages/airflow/example_dags/example_sensors.py
[2026-06-08T20:23:33.686+0000] {logging_mixin.py:188} INFO - [2026-06-08T20:23:33.686+0000] {dag.py:3096} INFO - Sync 1 DAGs
[2026-06-08T20:23:33.712+0000] {logging_mixin.py:188} INFO - [2026-06-08T20:23:33.712+0000] {dag.py:3954} INFO - Setting next_dagrun for example_sensors to None, run_after=None
[2026-06-08T20:23:33.744+0000] {processor.py:183} INFO - Processing /home/airflow/.local/lib/python3.12/site-packages/airflow/example_dags/example_sensors.py took 0.119 seconds
