[2026-06-08T20:03:51.413+0000] {processor.py:161} INFO - Started process (PID=95) to work on /home/airflow/.local/lib/python3.12/site-packages/airflow/example_dags/example_skip_dag.py
[2026-06-08T20:03:51.416+0000] {processor.py:830} INFO - Processing file /home/airflow/.local/lib/python3.12/site-packages/airflow/example_dags/example_skip_dag.py for tasks to queue
[2026-06-08T20:03:51.420+0000] {logging_mixin.py:188} INFO - [2026-06-08T20:03:51.419+0000] {dagbag.py:545} INFO - Filling up the DagBag from /home/airflow/.local/lib/python3.12/site-packages/airflow/example_dags/example_skip_dag.py
[2026-06-08T20:03:51.441+0000] {processor.py:840} INFO - DAG(s) 'example_skip_dag' retrieved from /home/airflow/.local/lib/python3.12/site-packages/airflow/example_dags/example_skip_dag.py
[2026-06-08T20:03:52.120+0000] {logging_mixin.py:188} INFO - [2026-06-08T20:03:52.120+0000] {dag.py:3096} INFO - Sync 1 DAGs
[2026-06-08T20:03:52.198+0000] {logging_mixin.py:188} INFO - [2026-06-08T20:03:52.198+0000] {dag.py:3954} INFO - Setting next_dagrun for example_skip_dag to 2026-06-07 00:00:00+00:00, run_after=2026-06-08 00:00:00+00:00
[2026-06-08T20:03:52.282+0000] {processor.py:183} INFO - Processing /home/airflow/.local/lib/python3.12/site-packages/airflow/example_dags/example_skip_dag.py took 0.887 seconds
[2026-06-08T20:04:22.946+0000] {processor.py:161} INFO - Started process (PID=153) to work on /home/airflow/.local/lib/python3.12/site-packages/airflow/example_dags/example_skip_dag.py
[2026-06-08T20:04:22.948+0000] {processor.py:830} INFO - Processing file /home/airflow/.local/lib/python3.12/site-packages/airflow/example_dags/example_skip_dag.py for tasks to queue
[2026-06-08T20:04:22.951+0000] {logging_mixin.py:188} INFO - [2026-06-08T20:04:22.950+0000] {dagbag.py:545} INFO - Filling up the DagBag from /home/airflow/.local/lib/python3.12/site-packages/airflow/example_dags/example_skip_dag.py
[2026-06-08T20:04:22.959+0000] {processor.py:840} INFO - DAG(s) 'example_skip_dag' retrieved from /home/airflow/.local/lib/python3.12/site-packages/airflow/example_dags/example_skip_dag.py
[2026-06-08T20:04:22.993+0000] {logging_mixin.py:188} INFO - [2026-06-08T20:04:22.993+0000] {dag.py:3096} INFO - Sync 1 DAGs
[2026-06-08T20:04:23.024+0000] {logging_mixin.py:188} INFO - [2026-06-08T20:04:23.023+0000] {dag.py:3954} INFO - Setting next_dagrun for example_skip_dag to 2026-06-07 00:00:00+00:00, run_after=2026-06-08 00:00:00+00:00
[2026-06-08T20:04:23.045+0000] {processor.py:183} INFO - Processing /home/airflow/.local/lib/python3.12/site-packages/airflow/example_dags/example_skip_dag.py took 0.106 seconds
[2026-06-08T20:04:53.252+0000] {processor.py:161} INFO - Started process (PID=211) to work on /home/airflow/.local/lib/python3.12/site-packages/airflow/example_dags/example_skip_dag.py
[2026-06-08T20:04:53.253+0000] {processor.py:830} INFO - Processing file /home/airflow/.local/lib/python3.12/site-packages/airflow/example_dags/example_skip_dag.py for tasks to queue
[2026-06-08T20:04:53.257+0000] {logging_mixin.py:188} INFO - [2026-06-08T20:04:53.255+0000] {dagbag.py:545} INFO - Filling up the DagBag from /home/airflow/.local/lib/python3.12/site-packages/airflow/example_dags/example_skip_dag.py
[2026-06-08T20:04:53.265+0000] {processor.py:840} INFO - DAG(s) 'example_skip_dag' retrieved from /home/airflow/.local/lib/python3.12/site-packages/airflow/example_dags/example_skip_dag.py
[2026-06-08T20:04:53.295+0000] {logging_mixin.py:188} INFO - [2026-06-08T20:04:53.294+0000] {dag.py:3096} INFO - Sync 1 DAGs
[2026-06-08T20:04:53.324+0000] {logging_mixin.py:188} INFO - [2026-06-08T20:04:53.324+0000] {dag.py:3954} INFO - Setting next_dagrun for example_skip_dag to 2026-06-07 00:00:00+00:00, run_after=2026-06-08 00:00:00+00:00
[2026-06-08T20:04:53.343+0000] {processor.py:183} INFO - Processing /home/airflow/.local/lib/python3.12/site-packages/airflow/example_dags/example_skip_dag.py took 0.101 seconds
[2026-06-08T20:05:23.844+0000] {processor.py:161} INFO - Started process (PID=275) to work on /home/airflow/.local/lib/python3.12/site-packages/airflow/example_dags/example_skip_dag.py
[2026-06-08T20:05:23.852+0000] {processor.py:830} INFO - Processing file /home/airflow/.local/lib/python3.12/site-packages/airflow/example_dags/example_skip_dag.py for tasks to queue
[2026-06-08T20:05:23.864+0000] {logging_mixin.py:188} INFO - [2026-06-08T20:05:23.864+0000] {dagbag.py:545} INFO - Filling up the DagBag from /home/airflow/.local/lib/python3.12/site-packages/airflow/example_dags/example_skip_dag.py
[2026-06-08T20:05:23.932+0000] {processor.py:840} INFO - DAG(s) 'example_skip_dag' retrieved from /home/airflow/.local/lib/python3.12/site-packages/airflow/example_dags/example_skip_dag.py
[2026-06-08T20:05:24.091+0000] {logging_mixin.py:188} INFO - [2026-06-08T20:05:24.091+0000] {dag.py:3096} INFO - Sync 1 DAGs
[2026-06-08T20:05:24.173+0000] {logging_mixin.py:188} INFO - [2026-06-08T20:05:24.173+0000] {dag.py:3954} INFO - Setting next_dagrun for example_skip_dag to 2026-06-07 00:00:00+00:00, run_after=2026-06-08 00:00:00+00:00
[2026-06-08T20:05:24.242+0000] {processor.py:183} INFO - Processing /home/airflow/.local/lib/python3.12/site-packages/airflow/example_dags/example_skip_dag.py took 0.443 seconds
[2026-06-08T20:05:54.677+0000] {processor.py:161} INFO - Started process (PID=333) to work on /home/airflow/.local/lib/python3.12/site-packages/airflow/example_dags/example_skip_dag.py
[2026-06-08T20:05:54.678+0000] {processor.py:830} INFO - Processing file /home/airflow/.local/lib/python3.12/site-packages/airflow/example_dags/example_skip_dag.py for tasks to queue
[2026-06-08T20:05:54.684+0000] {logging_mixin.py:188} INFO - [2026-06-08T20:05:54.683+0000] {dagbag.py:545} INFO - Filling up the DagBag from /home/airflow/.local/lib/python3.12/site-packages/airflow/example_dags/example_skip_dag.py
[2026-06-08T20:05:54.698+0000] {processor.py:840} INFO - DAG(s) 'example_skip_dag' retrieved from /home/airflow/.local/lib/python3.12/site-packages/airflow/example_dags/example_skip_dag.py
[2026-06-08T20:05:54.731+0000] {logging_mixin.py:188} INFO - [2026-06-08T20:05:54.731+0000] {dag.py:3096} INFO - Sync 1 DAGs
[2026-06-08T20:05:54.764+0000] {logging_mixin.py:188} INFO - [2026-06-08T20:05:54.763+0000] {dag.py:3954} INFO - Setting next_dagrun for example_skip_dag to 2026-06-07 00:00:00+00:00, run_after=2026-06-08 00:00:00+00:00
[2026-06-08T20:05:54.787+0000] {processor.py:183} INFO - Processing /home/airflow/.local/lib/python3.12/site-packages/airflow/example_dags/example_skip_dag.py took 0.118 seconds
[2026-06-08T20:06:25.880+0000] {processor.py:161} INFO - Started process (PID=391) to work on /home/airflow/.local/lib/python3.12/site-packages/airflow/example_dags/example_skip_dag.py
[2026-06-08T20:06:25.881+0000] {processor.py:830} INFO - Processing file /home/airflow/.local/lib/python3.12/site-packages/airflow/example_dags/example_skip_dag.py for tasks to queue
[2026-06-08T20:06:25.883+0000] {logging_mixin.py:188} INFO - [2026-06-08T20:06:25.883+0000] {dagbag.py:545} INFO - Filling up the DagBag from /home/airflow/.local/lib/python3.12/site-packages/airflow/example_dags/example_skip_dag.py
[2026-06-08T20:06:25.891+0000] {processor.py:840} INFO - DAG(s) 'example_skip_dag' retrieved from /home/airflow/.local/lib/python3.12/site-packages/airflow/example_dags/example_skip_dag.py
[2026-06-08T20:06:25.911+0000] {logging_mixin.py:188} INFO - [2026-06-08T20:06:25.911+0000] {dag.py:3096} INFO - Sync 1 DAGs
[2026-06-08T20:06:25.934+0000] {logging_mixin.py:188} INFO - [2026-06-08T20:06:25.934+0000] {dag.py:3954} INFO - Setting next_dagrun for example_skip_dag to 2026-06-07 00:00:00+00:00, run_after=2026-06-08 00:00:00+00:00
[2026-06-08T20:06:25.953+0000] {processor.py:183} INFO - Processing /home/airflow/.local/lib/python3.12/site-packages/airflow/example_dags/example_skip_dag.py took 0.080 seconds
[2026-06-08T20:06:56.829+0000] {processor.py:161} INFO - Started process (PID=449) to work on /home/airflow/.local/lib/python3.12/site-packages/airflow/example_dags/example_skip_dag.py
[2026-06-08T20:06:56.830+0000] {processor.py:830} INFO - Processing file /home/airflow/.local/lib/python3.12/site-packages/airflow/example_dags/example_skip_dag.py for tasks to queue
[2026-06-08T20:06:56.832+0000] {logging_mixin.py:188} INFO - [2026-06-08T20:06:56.831+0000] {dagbag.py:545} INFO - Filling up the DagBag from /home/airflow/.local/lib/python3.12/site-packages/airflow/example_dags/example_skip_dag.py
[2026-06-08T20:06:56.839+0000] {processor.py:840} INFO - DAG(s) 'example_skip_dag' retrieved from /home/airflow/.local/lib/python3.12/site-packages/airflow/example_dags/example_skip_dag.py
[2026-06-08T20:06:56.859+0000] {logging_mixin.py:188} INFO - [2026-06-08T20:06:56.858+0000] {dag.py:3096} INFO - Sync 1 DAGs
[2026-06-08T20:06:56.879+0000] {logging_mixin.py:188} INFO - [2026-06-08T20:06:56.879+0000] {dag.py:3954} INFO - Setting next_dagrun for example_skip_dag to 2026-06-07 00:00:00+00:00, run_after=2026-06-08 00:00:00+00:00
[2026-06-08T20:06:56.896+0000] {processor.py:183} INFO - Processing /home/airflow/.local/lib/python3.12/site-packages/airflow/example_dags/example_skip_dag.py took 0.074 seconds
[2026-06-08T20:08:30.865+0000] {processor.py:161} INFO - Started process (PID=93) to work on /home/airflow/.local/lib/python3.12/site-packages/airflow/example_dags/example_skip_dag.py
[2026-06-08T20:08:30.866+0000] {processor.py:830} INFO - Processing file /home/airflow/.local/lib/python3.12/site-packages/airflow/example_dags/example_skip_dag.py for tasks to queue
[2026-06-08T20:08:30.870+0000] {logging_mixin.py:188} INFO - [2026-06-08T20:08:30.870+0000] {dagbag.py:545} INFO - Filling up the DagBag from /home/airflow/.local/lib/python3.12/site-packages/airflow/example_dags/example_skip_dag.py
[2026-06-08T20:08:30.889+0000] {processor.py:840} INFO - DAG(s) 'example_skip_dag' retrieved from /home/airflow/.local/lib/python3.12/site-packages/airflow/example_dags/example_skip_dag.py
[2026-06-08T20:08:31.293+0000] {logging_mixin.py:188} INFO - [2026-06-08T20:08:31.293+0000] {dag.py:3096} INFO - Sync 1 DAGs
[2026-06-08T20:08:31.359+0000] {logging_mixin.py:188} INFO - [2026-06-08T20:08:31.359+0000] {dag.py:3954} INFO - Setting next_dagrun for example_skip_dag to 2026-06-07 00:00:00+00:00, run_after=2026-06-08 00:00:00+00:00
[2026-06-08T20:08:31.576+0000] {processor.py:183} INFO - Processing /home/airflow/.local/lib/python3.12/site-packages/airflow/example_dags/example_skip_dag.py took 0.726 seconds
[2026-06-08T20:09:01.898+0000] {processor.py:161} INFO - Started process (PID=151) to work on /home/airflow/.local/lib/python3.12/site-packages/airflow/example_dags/example_skip_dag.py
[2026-06-08T20:09:01.905+0000] {processor.py:830} INFO - Processing file /home/airflow/.local/lib/python3.12/site-packages/airflow/example_dags/example_skip_dag.py for tasks to queue
[2026-06-08T20:09:01.910+0000] {logging_mixin.py:188} INFO - [2026-06-08T20:09:01.910+0000] {dagbag.py:545} INFO - Filling up the DagBag from /home/airflow/.local/lib/python3.12/site-packages/airflow/example_dags/example_skip_dag.py
[2026-06-08T20:09:01.936+0000] {processor.py:840} INFO - DAG(s) 'example_skip_dag' retrieved from /home/airflow/.local/lib/python3.12/site-packages/airflow/example_dags/example_skip_dag.py
[2026-06-08T20:09:01.969+0000] {logging_mixin.py:188} INFO - [2026-06-08T20:09:01.969+0000] {dag.py:3096} INFO - Sync 1 DAGs
[2026-06-08T20:09:02.013+0000] {logging_mixin.py:188} INFO - [2026-06-08T20:09:02.013+0000] {dag.py:3954} INFO - Setting next_dagrun for example_skip_dag to 2026-06-07 00:00:00+00:00, run_after=2026-06-08 00:00:00+00:00
[2026-06-08T20:09:02.057+0000] {processor.py:183} INFO - Processing /home/airflow/.local/lib/python3.12/site-packages/airflow/example_dags/example_skip_dag.py took 0.172 seconds
[2026-06-08T20:09:32.767+0000] {processor.py:161} INFO - Started process (PID=209) to work on /home/airflow/.local/lib/python3.12/site-packages/airflow/example_dags/example_skip_dag.py
[2026-06-08T20:09:32.768+0000] {processor.py:830} INFO - Processing file /home/airflow/.local/lib/python3.12/site-packages/airflow/example_dags/example_skip_dag.py for tasks to queue
[2026-06-08T20:09:32.770+0000] {logging_mixin.py:188} INFO - [2026-06-08T20:09:32.770+0000] {dagbag.py:545} INFO - Filling up the DagBag from /home/airflow/.local/lib/python3.12/site-packages/airflow/example_dags/example_skip_dag.py
[2026-06-08T20:09:32.778+0000] {processor.py:840} INFO - DAG(s) 'example_skip_dag' retrieved from /home/airflow/.local/lib/python3.12/site-packages/airflow/example_dags/example_skip_dag.py
[2026-06-08T20:09:32.878+0000] {logging_mixin.py:188} INFO - [2026-06-08T20:09:32.878+0000] {dag.py:3096} INFO - Sync 1 DAGs
[2026-06-08T20:09:32.920+0000] {logging_mixin.py:188} INFO - [2026-06-08T20:09:32.920+0000] {dag.py:3954} INFO - Setting next_dagrun for example_skip_dag to 2026-06-07 00:00:00+00:00, run_after=2026-06-08 00:00:00+00:00
[2026-06-08T20:09:32.951+0000] {processor.py:183} INFO - Processing /home/airflow/.local/lib/python3.12/site-packages/airflow/example_dags/example_skip_dag.py took 0.192 seconds
[2026-06-08T20:10:03.044+0000] {processor.py:161} INFO - Started process (PID=269) to work on /home/airflow/.local/lib/python3.12/site-packages/airflow/example_dags/example_skip_dag.py
[2026-06-08T20:10:03.045+0000] {processor.py:830} INFO - Processing file /home/airflow/.local/lib/python3.12/site-packages/airflow/example_dags/example_skip_dag.py for tasks to queue
[2026-06-08T20:10:03.049+0000] {logging_mixin.py:188} INFO - [2026-06-08T20:10:03.049+0000] {dagbag.py:545} INFO - Filling up the DagBag from /home/airflow/.local/lib/python3.12/site-packages/airflow/example_dags/example_skip_dag.py
[2026-06-08T20:10:03.063+0000] {processor.py:840} INFO - DAG(s) 'example_skip_dag' retrieved from /home/airflow/.local/lib/python3.12/site-packages/airflow/example_dags/example_skip_dag.py
[2026-06-08T20:10:03.096+0000] {logging_mixin.py:188} INFO - [2026-06-08T20:10:03.095+0000] {dag.py:3096} INFO - Sync 1 DAGs
[2026-06-08T20:10:03.169+0000] {logging_mixin.py:188} INFO - [2026-06-08T20:10:03.169+0000] {dag.py:3954} INFO - Setting next_dagrun for example_skip_dag to 2026-06-07 00:00:00+00:00, run_after=2026-06-08 00:00:00+00:00
[2026-06-08T20:10:03.348+0000] {processor.py:183} INFO - Processing /home/airflow/.local/lib/python3.12/site-packages/airflow/example_dags/example_skip_dag.py took 0.315 seconds
[2026-06-08T20:10:34.004+0000] {processor.py:161} INFO - Started process (PID=327) to work on /home/airflow/.local/lib/python3.12/site-packages/airflow/example_dags/example_skip_dag.py
[2026-06-08T20:10:34.005+0000] {processor.py:830} INFO - Processing file /home/airflow/.local/lib/python3.12/site-packages/airflow/example_dags/example_skip_dag.py for tasks to queue
[2026-06-08T20:10:34.007+0000] {logging_mixin.py:188} INFO - [2026-06-08T20:10:34.007+0000] {dagbag.py:545} INFO - Filling up the DagBag from /home/airflow/.local/lib/python3.12/site-packages/airflow/example_dags/example_skip_dag.py
[2026-06-08T20:10:34.020+0000] {processor.py:840} INFO - DAG(s) 'example_skip_dag' retrieved from /home/airflow/.local/lib/python3.12/site-packages/airflow/example_dags/example_skip_dag.py
[2026-06-08T20:10:34.085+0000] {logging_mixin.py:188} INFO - [2026-06-08T20:10:34.084+0000] {dag.py:3096} INFO - Sync 1 DAGs
[2026-06-08T20:10:34.130+0000] {logging_mixin.py:188} INFO - [2026-06-08T20:10:34.130+0000] {dag.py:3954} INFO - Setting next_dagrun for example_skip_dag to 2026-06-07 00:00:00+00:00, run_after=2026-06-08 00:00:00+00:00
[2026-06-08T20:10:34.153+0000] {processor.py:183} INFO - Processing /home/airflow/.local/lib/python3.12/site-packages/airflow/example_dags/example_skip_dag.py took 0.162 seconds
[2026-06-08T20:11:04.510+0000] {processor.py:161} INFO - Started process (PID=385) to work on /home/airflow/.local/lib/python3.12/site-packages/airflow/example_dags/example_skip_dag.py
[2026-06-08T20:11:04.511+0000] {processor.py:830} INFO - Processing file /home/airflow/.local/lib/python3.12/site-packages/airflow/example_dags/example_skip_dag.py for tasks to queue
[2026-06-08T20:11:04.513+0000] {logging_mixin.py:188} INFO - [2026-06-08T20:11:04.512+0000] {dagbag.py:545} INFO - Filling up the DagBag from /home/airflow/.local/lib/python3.12/site-packages/airflow/example_dags/example_skip_dag.py
[2026-06-08T20:11:04.518+0000] {processor.py:840} INFO - DAG(s) 'example_skip_dag' retrieved from /home/airflow/.local/lib/python3.12/site-packages/airflow/example_dags/example_skip_dag.py
[2026-06-08T20:11:04.537+0000] {logging_mixin.py:188} INFO - [2026-06-08T20:11:04.537+0000] {dag.py:3096} INFO - Sync 1 DAGs
[2026-06-08T20:11:04.558+0000] {logging_mixin.py:188} INFO - [2026-06-08T20:11:04.558+0000] {dag.py:3954} INFO - Setting next_dagrun for example_skip_dag to 2026-06-07 00:00:00+00:00, run_after=2026-06-08 00:00:00+00:00
[2026-06-08T20:11:04.620+0000] {processor.py:183} INFO - Processing /home/airflow/.local/lib/python3.12/site-packages/airflow/example_dags/example_skip_dag.py took 0.115 seconds
[2026-06-08T20:11:35.109+0000] {processor.py:161} INFO - Started process (PID=442) to work on /home/airflow/.local/lib/python3.12/site-packages/airflow/example_dags/example_skip_dag.py
[2026-06-08T20:11:35.110+0000] {processor.py:830} INFO - Processing file /home/airflow/.local/lib/python3.12/site-packages/airflow/example_dags/example_skip_dag.py for tasks to queue
[2026-06-08T20:11:35.112+0000] {logging_mixin.py:188} INFO - [2026-06-08T20:11:35.112+0000] {dagbag.py:545} INFO - Filling up the DagBag from /home/airflow/.local/lib/python3.12/site-packages/airflow/example_dags/example_skip_dag.py
[2026-06-08T20:11:35.119+0000] {processor.py:840} INFO - DAG(s) 'example_skip_dag' retrieved from /home/airflow/.local/lib/python3.12/site-packages/airflow/example_dags/example_skip_dag.py
[2026-06-08T20:11:35.139+0000] {logging_mixin.py:188} INFO - [2026-06-08T20:11:35.139+0000] {dag.py:3096} INFO - Sync 1 DAGs
[2026-06-08T20:11:35.160+0000] {logging_mixin.py:188} INFO - [2026-06-08T20:11:35.159+0000] {dag.py:3954} INFO - Setting next_dagrun for example_skip_dag to 2026-06-07 00:00:00+00:00, run_after=2026-06-08 00:00:00+00:00
[2026-06-08T20:11:35.178+0000] {processor.py:183} INFO - Processing /home/airflow/.local/lib/python3.12/site-packages/airflow/example_dags/example_skip_dag.py took 0.076 seconds
[2026-06-08T20:12:07.071+0000] {processor.py:161} INFO - Started process (PID=501) to work on /home/airflow/.local/lib/python3.12/site-packages/airflow/example_dags/example_skip_dag.py
[2026-06-08T20:12:07.073+0000] {processor.py:830} INFO - Processing file /home/airflow/.local/lib/python3.12/site-packages/airflow/example_dags/example_skip_dag.py for tasks to queue
[2026-06-08T20:12:07.077+0000] {logging_mixin.py:188} INFO - [2026-06-08T20:12:07.077+0000] {dagbag.py:545} INFO - Filling up the DagBag from /home/airflow/.local/lib/python3.12/site-packages/airflow/example_dags/example_skip_dag.py
[2026-06-08T20:12:07.096+0000] {processor.py:840} INFO - DAG(s) 'example_skip_dag' retrieved from /home/airflow/.local/lib/python3.12/site-packages/airflow/example_dags/example_skip_dag.py
[2026-06-08T20:12:07.158+0000] {logging_mixin.py:188} INFO - [2026-06-08T20:12:07.157+0000] {dag.py:3096} INFO - Sync 1 DAGs
[2026-06-08T20:12:07.187+0000] {logging_mixin.py:188} INFO - [2026-06-08T20:12:07.187+0000] {dag.py:3954} INFO - Setting next_dagrun for example_skip_dag to 2026-06-07 00:00:00+00:00, run_after=2026-06-08 00:00:00+00:00
[2026-06-08T20:12:07.229+0000] {processor.py:183} INFO - Processing /home/airflow/.local/lib/python3.12/site-packages/airflow/example_dags/example_skip_dag.py took 0.174 seconds
[2026-06-08T20:12:37.733+0000] {processor.py:161} INFO - Started process (PID=559) to work on /home/airflow/.local/lib/python3.12/site-packages/airflow/example_dags/example_skip_dag.py
[2026-06-08T20:12:37.738+0000] {processor.py:830} INFO - Processing file /home/airflow/.local/lib/python3.12/site-packages/airflow/example_dags/example_skip_dag.py for tasks to queue
[2026-06-08T20:12:37.747+0000] {logging_mixin.py:188} INFO - [2026-06-08T20:12:37.747+0000] {dagbag.py:545} INFO - Filling up the DagBag from /home/airflow/.local/lib/python3.12/site-packages/airflow/example_dags/example_skip_dag.py
[2026-06-08T20:12:37.799+0000] {processor.py:840} INFO - DAG(s) 'example_skip_dag' retrieved from /home/airflow/.local/lib/python3.12/site-packages/airflow/example_dags/example_skip_dag.py
[2026-06-08T20:12:37.919+0000] {logging_mixin.py:188} INFO - [2026-06-08T20:12:37.919+0000] {dag.py:3096} INFO - Sync 1 DAGs
[2026-06-08T20:12:38.062+0000] {logging_mixin.py:188} INFO - [2026-06-08T20:12:38.062+0000] {dag.py:3954} INFO - Setting next_dagrun for example_skip_dag to 2026-06-07 00:00:00+00:00, run_after=2026-06-08 00:00:00+00:00
[2026-06-08T20:12:38.206+0000] {processor.py:183} INFO - Processing /home/airflow/.local/lib/python3.12/site-packages/airflow/example_dags/example_skip_dag.py took 0.503 seconds
[2026-06-08T20:13:09.794+0000] {processor.py:161} INFO - Started process (PID=617) to work on /home/airflow/.local/lib/python3.12/site-packages/airflow/example_dags/example_skip_dag.py
[2026-06-08T20:13:09.800+0000] {processor.py:830} INFO - Processing file /home/airflow/.local/lib/python3.12/site-packages/airflow/example_dags/example_skip_dag.py for tasks to queue
[2026-06-08T20:13:09.807+0000] {logging_mixin.py:188} INFO - [2026-06-08T20:13:09.801+0000] {dagbag.py:545} INFO - Filling up the DagBag from /home/airflow/.local/lib/python3.12/site-packages/airflow/example_dags/example_skip_dag.py
[2026-06-08T20:13:09.820+0000] {processor.py:840} INFO - DAG(s) 'example_skip_dag' retrieved from /home/airflow/.local/lib/python3.12/site-packages/airflow/example_dags/example_skip_dag.py
[2026-06-08T20:13:09.891+0000] {logging_mixin.py:188} INFO - [2026-06-08T20:13:09.891+0000] {dag.py:3096} INFO - Sync 1 DAGs
[2026-06-08T20:13:09.972+0000] {logging_mixin.py:188} INFO - [2026-06-08T20:13:09.972+0000] {dag.py:3954} INFO - Setting next_dagrun for example_skip_dag to 2026-06-07 00:00:00+00:00, run_after=2026-06-08 00:00:00+00:00
[2026-06-08T20:13:10.044+0000] {processor.py:183} INFO - Processing /home/airflow/.local/lib/python3.12/site-packages/airflow/example_dags/example_skip_dag.py took 0.262 seconds
[2026-06-08T20:13:41.799+0000] {processor.py:161} INFO - Started process (PID=674) to work on /home/airflow/.local/lib/python3.12/site-packages/airflow/example_dags/example_skip_dag.py
[2026-06-08T20:13:41.801+0000] {processor.py:830} INFO - Processing file /home/airflow/.local/lib/python3.12/site-packages/airflow/example_dags/example_skip_dag.py for tasks to queue
[2026-06-08T20:13:41.807+0000] {logging_mixin.py:188} INFO - [2026-06-08T20:13:41.807+0000] {dagbag.py:545} INFO - Filling up the DagBag from /home/airflow/.local/lib/python3.12/site-packages/airflow/example_dags/example_skip_dag.py
[2026-06-08T20:13:41.823+0000] {processor.py:840} INFO - DAG(s) 'example_skip_dag' retrieved from /home/airflow/.local/lib/python3.12/site-packages/airflow/example_dags/example_skip_dag.py
[2026-06-08T20:13:41.900+0000] {logging_mixin.py:188} INFO - [2026-06-08T20:13:41.898+0000] {dag.py:3096} INFO - Sync 1 DAGs
[2026-06-08T20:13:41.963+0000] {logging_mixin.py:188} INFO - [2026-06-08T20:13:41.963+0000] {dag.py:3954} INFO - Setting next_dagrun for example_skip_dag to 2026-06-07 00:00:00+00:00, run_after=2026-06-08 00:00:00+00:00
[2026-06-08T20:13:41.996+0000] {processor.py:183} INFO - Processing /home/airflow/.local/lib/python3.12/site-packages/airflow/example_dags/example_skip_dag.py took 0.206 seconds
[2026-06-08T20:14:12.962+0000] {processor.py:161} INFO - Started process (PID=732) to work on /home/airflow/.local/lib/python3.12/site-packages/airflow/example_dags/example_skip_dag.py
[2026-06-08T20:14:12.963+0000] {processor.py:830} INFO - Processing file /home/airflow/.local/lib/python3.12/site-packages/airflow/example_dags/example_skip_dag.py for tasks to queue
[2026-06-08T20:14:12.965+0000] {logging_mixin.py:188} INFO - [2026-06-08T20:14:12.964+0000] {dagbag.py:545} INFO - Filling up the DagBag from /home/airflow/.local/lib/python3.12/site-packages/airflow/example_dags/example_skip_dag.py
[2026-06-08T20:14:12.973+0000] {processor.py:840} INFO - DAG(s) 'example_skip_dag' retrieved from /home/airflow/.local/lib/python3.12/site-packages/airflow/example_dags/example_skip_dag.py
[2026-06-08T20:14:13.014+0000] {logging_mixin.py:188} INFO - [2026-06-08T20:14:13.014+0000] {dag.py:3096} INFO - Sync 1 DAGs
[2026-06-08T20:14:13.044+0000] {logging_mixin.py:188} INFO - [2026-06-08T20:14:13.044+0000] {dag.py:3954} INFO - Setting next_dagrun for example_skip_dag to 2026-06-07 00:00:00+00:00, run_after=2026-06-08 00:00:00+00:00
[2026-06-08T20:14:13.076+0000] {processor.py:183} INFO - Processing /home/airflow/.local/lib/python3.12/site-packages/airflow/example_dags/example_skip_dag.py took 0.121 seconds
[2026-06-08T20:14:44.218+0000] {processor.py:161} INFO - Started process (PID=790) to work on /home/airflow/.local/lib/python3.12/site-packages/airflow/example_dags/example_skip_dag.py
[2026-06-08T20:14:44.223+0000] {processor.py:830} INFO - Processing file /home/airflow/.local/lib/python3.12/site-packages/airflow/example_dags/example_skip_dag.py for tasks to queue
[2026-06-08T20:14:44.225+0000] {logging_mixin.py:188} INFO - [2026-06-08T20:14:44.224+0000] {dagbag.py:545} INFO - Filling up the DagBag from /home/airflow/.local/lib/python3.12/site-packages/airflow/example_dags/example_skip_dag.py
[2026-06-08T20:14:44.241+0000] {processor.py:840} INFO - DAG(s) 'example_skip_dag' retrieved from /home/airflow/.local/lib/python3.12/site-packages/airflow/example_dags/example_skip_dag.py
[2026-06-08T20:14:44.293+0000] {logging_mixin.py:188} INFO - [2026-06-08T20:14:44.293+0000] {dag.py:3096} INFO - Sync 1 DAGs
[2026-06-08T20:14:44.350+0000] {logging_mixin.py:188} INFO - [2026-06-08T20:14:44.350+0000] {dag.py:3954} INFO - Setting next_dagrun for example_skip_dag to 2026-06-07 00:00:00+00:00, run_after=2026-06-08 00:00:00+00:00
[2026-06-08T20:14:44.399+0000] {processor.py:183} INFO - Processing /home/airflow/.local/lib/python3.12/site-packages/airflow/example_dags/example_skip_dag.py took 0.189 seconds
[2026-06-08T20:15:14.659+0000] {processor.py:161} INFO - Started process (PID=848) to work on /home/airflow/.local/lib/python3.12/site-packages/airflow/example_dags/example_skip_dag.py
[2026-06-08T20:15:14.661+0000] {processor.py:830} INFO - Processing file /home/airflow/.local/lib/python3.12/site-packages/airflow/example_dags/example_skip_dag.py for tasks to queue
[2026-06-08T20:15:14.663+0000] {logging_mixin.py:188} INFO - [2026-06-08T20:15:14.663+0000] {dagbag.py:545} INFO - Filling up the DagBag from /home/airflow/.local/lib/python3.12/site-packages/airflow/example_dags/example_skip_dag.py
[2026-06-08T20:15:14.674+0000] {processor.py:840} INFO - DAG(s) 'example_skip_dag' retrieved from /home/airflow/.local/lib/python3.12/site-packages/airflow/example_dags/example_skip_dag.py
[2026-06-08T20:15:14.752+0000] {logging_mixin.py:188} INFO - [2026-06-08T20:15:14.751+0000] {dag.py:3096} INFO - Sync 1 DAGs
[2026-06-08T20:15:14.816+0000] {logging_mixin.py:188} INFO - [2026-06-08T20:15:14.816+0000] {dag.py:3954} INFO - Setting next_dagrun for example_skip_dag to 2026-06-07 00:00:00+00:00, run_after=2026-06-08 00:00:00+00:00
[2026-06-08T20:15:14.882+0000] {processor.py:183} INFO - Processing /home/airflow/.local/lib/python3.12/site-packages/airflow/example_dags/example_skip_dag.py took 0.233 seconds
[2026-06-08T20:15:45.199+0000] {processor.py:161} INFO - Started process (PID=906) to work on /home/airflow/.local/lib/python3.12/site-packages/airflow/example_dags/example_skip_dag.py
[2026-06-08T20:15:45.201+0000] {processor.py:830} INFO - Processing file /home/airflow/.local/lib/python3.12/site-packages/airflow/example_dags/example_skip_dag.py for tasks to queue
[2026-06-08T20:15:45.203+0000] {logging_mixin.py:188} INFO - [2026-06-08T20:15:45.203+0000] {dagbag.py:545} INFO - Filling up the DagBag from /home/airflow/.local/lib/python3.12/site-packages/airflow/example_dags/example_skip_dag.py
[2026-06-08T20:15:45.212+0000] {processor.py:840} INFO - DAG(s) 'example_skip_dag' retrieved from /home/airflow/.local/lib/python3.12/site-packages/airflow/example_dags/example_skip_dag.py
[2026-06-08T20:15:45.243+0000] {logging_mixin.py:188} INFO - [2026-06-08T20:15:45.242+0000] {dag.py:3096} INFO - Sync 1 DAGs
[2026-06-08T20:15:45.271+0000] {logging_mixin.py:188} INFO - [2026-06-08T20:15:45.270+0000] {dag.py:3954} INFO - Setting next_dagrun for example_skip_dag to 2026-06-07 00:00:00+00:00, run_after=2026-06-08 00:00:00+00:00
[2026-06-08T20:15:45.287+0000] {processor.py:183} INFO - Processing /home/airflow/.local/lib/python3.12/site-packages/airflow/example_dags/example_skip_dag.py took 0.096 seconds
[2026-06-08T20:16:15.569+0000] {processor.py:161} INFO - Started process (PID=964) to work on /home/airflow/.local/lib/python3.12/site-packages/airflow/example_dags/example_skip_dag.py
[2026-06-08T20:16:15.570+0000] {processor.py:830} INFO - Processing file /home/airflow/.local/lib/python3.12/site-packages/airflow/example_dags/example_skip_dag.py for tasks to queue
[2026-06-08T20:16:15.572+0000] {logging_mixin.py:188} INFO - [2026-06-08T20:16:15.572+0000] {dagbag.py:545} INFO - Filling up the DagBag from /home/airflow/.local/lib/python3.12/site-packages/airflow/example_dags/example_skip_dag.py
[2026-06-08T20:16:15.580+0000] {processor.py:840} INFO - DAG(s) 'example_skip_dag' retrieved from /home/airflow/.local/lib/python3.12/site-packages/airflow/example_dags/example_skip_dag.py
[2026-06-08T20:16:15.602+0000] {logging_mixin.py:188} INFO - [2026-06-08T20:16:15.601+0000] {dag.py:3096} INFO - Sync 1 DAGs
[2026-06-08T20:16:15.623+0000] {logging_mixin.py:188} INFO - [2026-06-08T20:16:15.623+0000] {dag.py:3954} INFO - Setting next_dagrun for example_skip_dag to 2026-06-07 00:00:00+00:00, run_after=2026-06-08 00:00:00+00:00
[2026-06-08T20:16:15.643+0000] {processor.py:183} INFO - Processing /home/airflow/.local/lib/python3.12/site-packages/airflow/example_dags/example_skip_dag.py took 0.081 seconds
[2026-06-08T20:16:46.682+0000] {processor.py:161} INFO - Started process (PID=1022) to work on /home/airflow/.local/lib/python3.12/site-packages/airflow/example_dags/example_skip_dag.py
[2026-06-08T20:16:46.684+0000] {processor.py:830} INFO - Processing file /home/airflow/.local/lib/python3.12/site-packages/airflow/example_dags/example_skip_dag.py for tasks to queue
[2026-06-08T20:16:46.685+0000] {logging_mixin.py:188} INFO - [2026-06-08T20:16:46.685+0000] {dagbag.py:545} INFO - Filling up the DagBag from /home/airflow/.local/lib/python3.12/site-packages/airflow/example_dags/example_skip_dag.py
[2026-06-08T20:16:46.693+0000] {processor.py:840} INFO - DAG(s) 'example_skip_dag' retrieved from /home/airflow/.local/lib/python3.12/site-packages/airflow/example_dags/example_skip_dag.py
[2026-06-08T20:16:46.722+0000] {logging_mixin.py:188} INFO - [2026-06-08T20:16:46.721+0000] {dag.py:3096} INFO - Sync 1 DAGs
[2026-06-08T20:16:46.752+0000] {logging_mixin.py:188} INFO - [2026-06-08T20:16:46.752+0000] {dag.py:3954} INFO - Setting next_dagrun for example_skip_dag to 2026-06-07 00:00:00+00:00, run_after=2026-06-08 00:00:00+00:00
[2026-06-08T20:16:46.774+0000] {processor.py:183} INFO - Processing /home/airflow/.local/lib/python3.12/site-packages/airflow/example_dags/example_skip_dag.py took 0.099 seconds
[2026-06-08T20:17:17.318+0000] {processor.py:161} INFO - Started process (PID=1080) to work on /home/airflow/.local/lib/python3.12/site-packages/airflow/example_dags/example_skip_dag.py
[2026-06-08T20:17:17.319+0000] {processor.py:830} INFO - Processing file /home/airflow/.local/lib/python3.12/site-packages/airflow/example_dags/example_skip_dag.py for tasks to queue
[2026-06-08T20:17:17.321+0000] {logging_mixin.py:188} INFO - [2026-06-08T20:17:17.321+0000] {dagbag.py:545} INFO - Filling up the DagBag from /home/airflow/.local/lib/python3.12/site-packages/airflow/example_dags/example_skip_dag.py
[2026-06-08T20:17:17.330+0000] {processor.py:840} INFO - DAG(s) 'example_skip_dag' retrieved from /home/airflow/.local/lib/python3.12/site-packages/airflow/example_dags/example_skip_dag.py
[2026-06-08T20:17:17.366+0000] {logging_mixin.py:188} INFO - [2026-06-08T20:17:17.365+0000] {dag.py:3096} INFO - Sync 1 DAGs
[2026-06-08T20:17:17.397+0000] {logging_mixin.py:188} INFO - [2026-06-08T20:17:17.397+0000] {dag.py:3954} INFO - Setting next_dagrun for example_skip_dag to 2026-06-07 00:00:00+00:00, run_after=2026-06-08 00:00:00+00:00
[2026-06-08T20:17:17.423+0000] {processor.py:183} INFO - Processing /home/airflow/.local/lib/python3.12/site-packages/airflow/example_dags/example_skip_dag.py took 0.111 seconds
[2026-06-08T20:18:58.589+0000] {processor.py:161} INFO - Started process (PID=90) to work on /home/airflow/.local/lib/python3.12/site-packages/airflow/example_dags/example_skip_dag.py
[2026-06-08T20:18:58.591+0000] {processor.py:830} INFO - Processing file /home/airflow/.local/lib/python3.12/site-packages/airflow/example_dags/example_skip_dag.py for tasks to queue
[2026-06-08T20:18:58.594+0000] {logging_mixin.py:188} INFO - [2026-06-08T20:18:58.594+0000] {dagbag.py:545} INFO - Filling up the DagBag from /home/airflow/.local/lib/python3.12/site-packages/airflow/example_dags/example_skip_dag.py
[2026-06-08T20:18:58.611+0000] {processor.py:840} INFO - DAG(s) 'example_skip_dag' retrieved from /home/airflow/.local/lib/python3.12/site-packages/airflow/example_dags/example_skip_dag.py
[2026-06-08T20:18:59.092+0000] {logging_mixin.py:188} INFO - [2026-06-08T20:18:59.091+0000] {dag.py:3096} INFO - Sync 1 DAGs
[2026-06-08T20:18:59.149+0000] {logging_mixin.py:188} INFO - [2026-06-08T20:18:59.149+0000] {dag.py:3954} INFO - Setting next_dagrun for example_skip_dag to 2026-06-07 00:00:00+00:00, run_after=2026-06-08 00:00:00+00:00
[2026-06-08T20:18:59.369+0000] {processor.py:183} INFO - Processing /home/airflow/.local/lib/python3.12/site-packages/airflow/example_dags/example_skip_dag.py took 0.796 seconds
[2026-06-08T20:19:29.691+0000] {processor.py:161} INFO - Started process (PID=149) to work on /home/airflow/.local/lib/python3.12/site-packages/airflow/example_dags/example_skip_dag.py
[2026-06-08T20:19:29.692+0000] {processor.py:830} INFO - Processing file /home/airflow/.local/lib/python3.12/site-packages/airflow/example_dags/example_skip_dag.py for tasks to queue
[2026-06-08T20:19:29.694+0000] {logging_mixin.py:188} INFO - [2026-06-08T20:19:29.694+0000] {dagbag.py:545} INFO - Filling up the DagBag from /home/airflow/.local/lib/python3.12/site-packages/airflow/example_dags/example_skip_dag.py
[2026-06-08T20:19:29.702+0000] {processor.py:840} INFO - DAG(s) 'example_skip_dag' retrieved from /home/airflow/.local/lib/python3.12/site-packages/airflow/example_dags/example_skip_dag.py
[2026-06-08T20:19:29.732+0000] {logging_mixin.py:188} INFO - [2026-06-08T20:19:29.731+0000] {dag.py:3096} INFO - Sync 1 DAGs
[2026-06-08T20:19:29.765+0000] {logging_mixin.py:188} INFO - [2026-06-08T20:19:29.765+0000] {dag.py:3954} INFO - Setting next_dagrun for example_skip_dag to 2026-06-07 00:00:00+00:00, run_after=2026-06-08 00:00:00+00:00
[2026-06-08T20:19:29.786+0000] {processor.py:183} INFO - Processing /home/airflow/.local/lib/python3.12/site-packages/airflow/example_dags/example_skip_dag.py took 0.102 seconds
[2026-06-08T20:20:00.660+0000] {processor.py:161} INFO - Started process (PID=208) to work on /home/airflow/.local/lib/python3.12/site-packages/airflow/example_dags/example_skip_dag.py
[2026-06-08T20:20:00.664+0000] {processor.py:830} INFO - Processing file /home/airflow/.local/lib/python3.12/site-packages/airflow/example_dags/example_skip_dag.py for tasks to queue
[2026-06-08T20:20:00.675+0000] {logging_mixin.py:188} INFO - [2026-06-08T20:20:00.674+0000] {dagbag.py:545} INFO - Filling up the DagBag from /home/airflow/.local/lib/python3.12/site-packages/airflow/example_dags/example_skip_dag.py
[2026-06-08T20:20:00.698+0000] {processor.py:840} INFO - DAG(s) 'example_skip_dag' retrieved from /home/airflow/.local/lib/python3.12/site-packages/airflow/example_dags/example_skip_dag.py
[2026-06-08T20:20:00.793+0000] {logging_mixin.py:188} INFO - [2026-06-08T20:20:00.793+0000] {dag.py:3096} INFO - Sync 1 DAGs
[2026-06-08T20:20:00.898+0000] {logging_mixin.py:188} INFO - [2026-06-08T20:20:00.898+0000] {dag.py:3954} INFO - Setting next_dagrun for example_skip_dag to 2026-06-07 00:00:00+00:00, run_after=2026-06-08 00:00:00+00:00
[2026-06-08T20:20:00.986+0000] {processor.py:183} INFO - Processing /home/airflow/.local/lib/python3.12/site-packages/airflow/example_dags/example_skip_dag.py took 0.346 seconds
[2026-06-08T20:20:31.806+0000] {processor.py:161} INFO - Started process (PID=266) to work on /home/airflow/.local/lib/python3.12/site-packages/airflow/example_dags/example_skip_dag.py
[2026-06-08T20:20:31.807+0000] {processor.py:830} INFO - Processing file /home/airflow/.local/lib/python3.12/site-packages/airflow/example_dags/example_skip_dag.py for tasks to queue
[2026-06-08T20:20:31.810+0000] {logging_mixin.py:188} INFO - [2026-06-08T20:20:31.809+0000] {dagbag.py:545} INFO - Filling up the DagBag from /home/airflow/.local/lib/python3.12/site-packages/airflow/example_dags/example_skip_dag.py
[2026-06-08T20:20:31.818+0000] {processor.py:840} INFO - DAG(s) 'example_skip_dag' retrieved from /home/airflow/.local/lib/python3.12/site-packages/airflow/example_dags/example_skip_dag.py
[2026-06-08T20:20:31.846+0000] {logging_mixin.py:188} INFO - [2026-06-08T20:20:31.846+0000] {dag.py:3096} INFO - Sync 1 DAGs
[2026-06-08T20:20:31.876+0000] {logging_mixin.py:188} INFO - [2026-06-08T20:20:31.876+0000] {dag.py:3954} INFO - Setting next_dagrun for example_skip_dag to 2026-06-07 00:00:00+00:00, run_after=2026-06-08 00:00:00+00:00
[2026-06-08T20:20:31.898+0000] {processor.py:183} INFO - Processing /home/airflow/.local/lib/python3.12/site-packages/airflow/example_dags/example_skip_dag.py took 0.099 seconds
[2026-06-08T20:21:01.957+0000] {processor.py:161} INFO - Started process (PID=325) to work on /home/airflow/.local/lib/python3.12/site-packages/airflow/example_dags/example_skip_dag.py
[2026-06-08T20:21:01.959+0000] {processor.py:830} INFO - Processing file /home/airflow/.local/lib/python3.12/site-packages/airflow/example_dags/example_skip_dag.py for tasks to queue
[2026-06-08T20:21:01.961+0000] {logging_mixin.py:188} INFO - [2026-06-08T20:21:01.960+0000] {dagbag.py:545} INFO - Filling up the DagBag from /home/airflow/.local/lib/python3.12/site-packages/airflow/example_dags/example_skip_dag.py
[2026-06-08T20:21:01.969+0000] {processor.py:840} INFO - DAG(s) 'example_skip_dag' retrieved from /home/airflow/.local/lib/python3.12/site-packages/airflow/example_dags/example_skip_dag.py
[2026-06-08T20:21:01.998+0000] {logging_mixin.py:188} INFO - [2026-06-08T20:21:01.997+0000] {dag.py:3096} INFO - Sync 1 DAGs
[2026-06-08T20:21:02.110+0000] {logging_mixin.py:188} INFO - [2026-06-08T20:21:02.110+0000] {dag.py:3954} INFO - Setting next_dagrun for example_skip_dag to 2026-06-07 00:00:00+00:00, run_after=2026-06-08 00:00:00+00:00
[2026-06-08T20:21:02.177+0000] {processor.py:183} INFO - Processing /home/airflow/.local/lib/python3.12/site-packages/airflow/example_dags/example_skip_dag.py took 0.227 seconds
[2026-06-08T20:21:32.609+0000] {processor.py:161} INFO - Started process (PID=383) to work on /home/airflow/.local/lib/python3.12/site-packages/airflow/example_dags/example_skip_dag.py
[2026-06-08T20:21:32.611+0000] {processor.py:830} INFO - Processing file /home/airflow/.local/lib/python3.12/site-packages/airflow/example_dags/example_skip_dag.py for tasks to queue
[2026-06-08T20:21:32.613+0000] {logging_mixin.py:188} INFO - [2026-06-08T20:21:32.612+0000] {dagbag.py:545} INFO - Filling up the DagBag from /home/airflow/.local/lib/python3.12/site-packages/airflow/example_dags/example_skip_dag.py
[2026-06-08T20:21:32.621+0000] {processor.py:840} INFO - DAG(s) 'example_skip_dag' retrieved from /home/airflow/.local/lib/python3.12/site-packages/airflow/example_dags/example_skip_dag.py
[2026-06-08T20:21:32.650+0000] {logging_mixin.py:188} INFO - [2026-06-08T20:21:32.650+0000] {dag.py:3096} INFO - Sync 1 DAGs
[2026-06-08T20:21:32.682+0000] {logging_mixin.py:188} INFO - [2026-06-08T20:21:32.681+0000] {dag.py:3954} INFO - Setting next_dagrun for example_skip_dag to 2026-06-07 00:00:00+00:00, run_after=2026-06-08 00:00:00+00:00
[2026-06-08T20:21:32.707+0000] {processor.py:183} INFO - Processing /home/airflow/.local/lib/python3.12/site-packages/airflow/example_dags/example_skip_dag.py took 0.107 seconds
[2026-06-08T20:22:02.805+0000] {processor.py:161} INFO - Started process (PID=442) to work on /home/airflow/.local/lib/python3.12/site-packages/airflow/example_dags/example_skip_dag.py
[2026-06-08T20:22:02.807+0000] {processor.py:830} INFO - Processing file /home/airflow/.local/lib/python3.12/site-packages/airflow/example_dags/example_skip_dag.py for tasks to queue
[2026-06-08T20:22:02.809+0000] {logging_mixin.py:188} INFO - [2026-06-08T20:22:02.809+0000] {dagbag.py:545} INFO - Filling up the DagBag from /home/airflow/.local/lib/python3.12/site-packages/airflow/example_dags/example_skip_dag.py
[2026-06-08T20:22:02.855+0000] {processor.py:840} INFO - DAG(s) 'example_skip_dag' retrieved from /home/airflow/.local/lib/python3.12/site-packages/airflow/example_dags/example_skip_dag.py
[2026-06-08T20:22:02.943+0000] {logging_mixin.py:188} INFO - [2026-06-08T20:22:02.943+0000] {dag.py:3096} INFO - Sync 1 DAGs
[2026-06-08T20:22:03.034+0000] {logging_mixin.py:188} INFO - [2026-06-08T20:22:03.030+0000] {dag.py:3954} INFO - Setting next_dagrun for example_skip_dag to 2026-06-07 00:00:00+00:00, run_after=2026-06-08 00:00:00+00:00
[2026-06-08T20:22:03.104+0000] {processor.py:183} INFO - Processing /home/airflow/.local/lib/python3.12/site-packages/airflow/example_dags/example_skip_dag.py took 0.306 seconds
[2026-06-08T20:22:33.279+0000] {processor.py:161} INFO - Started process (PID=501) to work on /home/airflow/.local/lib/python3.12/site-packages/airflow/example_dags/example_skip_dag.py
[2026-06-08T20:22:33.280+0000] {processor.py:830} INFO - Processing file /home/airflow/.local/lib/python3.12/site-packages/airflow/example_dags/example_skip_dag.py for tasks to queue
[2026-06-08T20:22:33.283+0000] {logging_mixin.py:188} INFO - [2026-06-08T20:22:33.282+0000] {dagbag.py:545} INFO - Filling up the DagBag from /home/airflow/.local/lib/python3.12/site-packages/airflow/example_dags/example_skip_dag.py
[2026-06-08T20:22:33.291+0000] {processor.py:840} INFO - DAG(s) 'example_skip_dag' retrieved from /home/airflow/.local/lib/python3.12/site-packages/airflow/example_dags/example_skip_dag.py
[2026-06-08T20:22:33.321+0000] {logging_mixin.py:188} INFO - [2026-06-08T20:22:33.321+0000] {dag.py:3096} INFO - Sync 1 DAGs
[2026-06-08T20:22:33.350+0000] {logging_mixin.py:188} INFO - [2026-06-08T20:22:33.350+0000] {dag.py:3954} INFO - Setting next_dagrun for example_skip_dag to 2026-06-07 00:00:00+00:00, run_after=2026-06-08 00:00:00+00:00
[2026-06-08T20:22:33.371+0000] {processor.py:183} INFO - Processing /home/airflow/.local/lib/python3.12/site-packages/airflow/example_dags/example_skip_dag.py took 0.100 seconds
[2026-06-08T20:23:03.454+0000] {processor.py:161} INFO - Started process (PID=560) to work on /home/airflow/.local/lib/python3.12/site-packages/airflow/example_dags/example_skip_dag.py
[2026-06-08T20:23:03.455+0000] {processor.py:830} INFO - Processing file /home/airflow/.local/lib/python3.12/site-packages/airflow/example_dags/example_skip_dag.py for tasks to queue
[2026-06-08T20:23:03.457+0000] {logging_mixin.py:188} INFO - [2026-06-08T20:23:03.457+0000] {dagbag.py:545} INFO - Filling up the DagBag from /home/airflow/.local/lib/python3.12/site-packages/airflow/example_dags/example_skip_dag.py
[2026-06-08T20:23:03.466+0000] {processor.py:840} INFO - DAG(s) 'example_skip_dag' retrieved from /home/airflow/.local/lib/python3.12/site-packages/airflow/example_dags/example_skip_dag.py
[2026-06-08T20:23:03.543+0000] {logging_mixin.py:188} INFO - [2026-06-08T20:23:03.542+0000] {dag.py:3096} INFO - Sync 1 DAGs
[2026-06-08T20:23:03.698+0000] {logging_mixin.py:188} INFO - [2026-06-08T20:23:03.698+0000] {dag.py:3954} INFO - Setting next_dagrun for example_skip_dag to 2026-06-07 00:00:00+00:00, run_after=2026-06-08 00:00:00+00:00
[2026-06-08T20:23:03.752+0000] {processor.py:183} INFO - Processing /home/airflow/.local/lib/python3.12/site-packages/airflow/example_dags/example_skip_dag.py took 0.306 seconds
[2026-06-08T20:23:35.048+0000] {processor.py:161} INFO - Started process (PID=619) to work on /home/airflow/.local/lib/python3.12/site-packages/airflow/example_dags/example_skip_dag.py
[2026-06-08T20:23:35.054+0000] {processor.py:830} INFO - Processing file /home/airflow/.local/lib/python3.12/site-packages/airflow/example_dags/example_skip_dag.py for tasks to queue
[2026-06-08T20:23:35.061+0000] {logging_mixin.py:188} INFO - [2026-06-08T20:23:35.061+0000] {dagbag.py:545} INFO - Filling up the DagBag from /home/airflow/.local/lib/python3.12/site-packages/airflow/example_dags/example_skip_dag.py
[2026-06-08T20:23:35.077+0000] {processor.py:840} INFO - DAG(s) 'example_skip_dag' retrieved from /home/airflow/.local/lib/python3.12/site-packages/airflow/example_dags/example_skip_dag.py
[2026-06-08T20:23:35.137+0000] {logging_mixin.py:188} INFO - [2026-06-08T20:23:35.136+0000] {dag.py:3096} INFO - Sync 1 DAGs
[2026-06-08T20:23:35.215+0000] {logging_mixin.py:188} INFO - [2026-06-08T20:23:35.213+0000] {dag.py:3954} INFO - Setting next_dagrun for example_skip_dag to 2026-06-07 00:00:00+00:00, run_after=2026-06-08 00:00:00+00:00
[2026-06-08T20:23:35.286+0000] {processor.py:183} INFO - Processing /home/airflow/.local/lib/python3.12/site-packages/airflow/example_dags/example_skip_dag.py took 0.306 seconds
