[2026-06-08T20:03:40.113+0000] {processor.py:161} INFO - Started process (PID=74) to work on /home/airflow/.local/lib/python3.12/site-packages/airflow/example_dags/example_bash_operator.py
[2026-06-08T20:03:40.114+0000] {processor.py:830} INFO - Processing file /home/airflow/.local/lib/python3.12/site-packages/airflow/example_dags/example_bash_operator.py for tasks to queue
[2026-06-08T20:03:40.132+0000] {logging_mixin.py:188} INFO - [2026-06-08T20:03:40.128+0000] {dagbag.py:545} INFO - Filling up the DagBag from /home/airflow/.local/lib/python3.12/site-packages/airflow/example_dags/example_bash_operator.py
[2026-06-08T20:03:40.193+0000] {processor.py:840} INFO - DAG(s) 'example_bash_operator' retrieved from /home/airflow/.local/lib/python3.12/site-packages/airflow/example_dags/example_bash_operator.py
[2026-06-08T20:03:40.992+0000] {logging_mixin.py:188} INFO - [2026-06-08T20:03:40.991+0000] {dag.py:3096} INFO - Sync 1 DAGs
[2026-06-08T20:03:41.137+0000] {logging_mixin.py:188} INFO - [2026-06-08T20:03:41.135+0000] {dag.py:3954} INFO - Setting next_dagrun for example_bash_operator to 2026-06-07 00:00:00+00:00, run_after=2026-06-08 00:00:00+00:00
[2026-06-08T20:03:41.177+0000] {processor.py:183} INFO - Processing /home/airflow/.local/lib/python3.12/site-packages/airflow/example_dags/example_bash_operator.py took 1.099 seconds
[2026-06-08T20:04:12.312+0000] {processor.py:161} INFO - Started process (PID=132) to work on /home/airflow/.local/lib/python3.12/site-packages/airflow/example_dags/example_bash_operator.py
[2026-06-08T20:04:12.319+0000] {processor.py:830} INFO - Processing file /home/airflow/.local/lib/python3.12/site-packages/airflow/example_dags/example_bash_operator.py for tasks to queue
[2026-06-08T20:04:12.331+0000] {logging_mixin.py:188} INFO - [2026-06-08T20:04:12.328+0000] {dagbag.py:545} INFO - Filling up the DagBag from /home/airflow/.local/lib/python3.12/site-packages/airflow/example_dags/example_bash_operator.py
[2026-06-08T20:04:12.379+0000] {processor.py:840} INFO - DAG(s) 'example_bash_operator' retrieved from /home/airflow/.local/lib/python3.12/site-packages/airflow/example_dags/example_bash_operator.py
[2026-06-08T20:04:12.523+0000] {logging_mixin.py:188} INFO - [2026-06-08T20:04:12.523+0000] {dag.py:3096} INFO - Sync 1 DAGs
[2026-06-08T20:04:12.591+0000] {logging_mixin.py:188} INFO - [2026-06-08T20:04:12.591+0000] {dag.py:3954} INFO - Setting next_dagrun for example_bash_operator to 2026-06-07 00:00:00+00:00, run_after=2026-06-08 00:00:00+00:00
[2026-06-08T20:04:12.654+0000] {processor.py:183} INFO - Processing /home/airflow/.local/lib/python3.12/site-packages/airflow/example_dags/example_bash_operator.py took 0.369 seconds
[2026-06-08T20:04:44.838+0000] {processor.py:161} INFO - Started process (PID=190) to work on /home/airflow/.local/lib/python3.12/site-packages/airflow/example_dags/example_bash_operator.py
[2026-06-08T20:04:44.844+0000] {processor.py:830} INFO - Processing file /home/airflow/.local/lib/python3.12/site-packages/airflow/example_dags/example_bash_operator.py for tasks to queue
[2026-06-08T20:04:44.850+0000] {logging_mixin.py:188} INFO - [2026-06-08T20:04:44.850+0000] {dagbag.py:545} INFO - Filling up the DagBag from /home/airflow/.local/lib/python3.12/site-packages/airflow/example_dags/example_bash_operator.py
[2026-06-08T20:04:44.899+0000] {processor.py:840} INFO - DAG(s) 'example_bash_operator' retrieved from /home/airflow/.local/lib/python3.12/site-packages/airflow/example_dags/example_bash_operator.py
[2026-06-08T20:04:45.081+0000] {logging_mixin.py:188} INFO - [2026-06-08T20:04:45.081+0000] {dag.py:3096} INFO - Sync 1 DAGs
[2026-06-08T20:04:45.174+0000] {logging_mixin.py:188} INFO - [2026-06-08T20:04:45.173+0000] {dag.py:3954} INFO - Setting next_dagrun for example_bash_operator to 2026-06-07 00:00:00+00:00, run_after=2026-06-08 00:00:00+00:00
[2026-06-08T20:04:45.250+0000] {processor.py:183} INFO - Processing /home/airflow/.local/lib/python3.12/site-packages/airflow/example_dags/example_bash_operator.py took 0.432 seconds
[2026-06-08T20:05:15.686+0000] {processor.py:161} INFO - Started process (PID=248) to work on /home/airflow/.local/lib/python3.12/site-packages/airflow/example_dags/example_bash_operator.py
[2026-06-08T20:05:15.689+0000] {processor.py:830} INFO - Processing file /home/airflow/.local/lib/python3.12/site-packages/airflow/example_dags/example_bash_operator.py for tasks to queue
[2026-06-08T20:05:15.691+0000] {logging_mixin.py:188} INFO - [2026-06-08T20:05:15.690+0000] {dagbag.py:545} INFO - Filling up the DagBag from /home/airflow/.local/lib/python3.12/site-packages/airflow/example_dags/example_bash_operator.py
[2026-06-08T20:05:15.706+0000] {processor.py:840} INFO - DAG(s) 'example_bash_operator' retrieved from /home/airflow/.local/lib/python3.12/site-packages/airflow/example_dags/example_bash_operator.py
[2026-06-08T20:05:15.747+0000] {logging_mixin.py:188} INFO - [2026-06-08T20:05:15.746+0000] {dag.py:3096} INFO - Sync 1 DAGs
[2026-06-08T20:05:15.780+0000] {logging_mixin.py:188} INFO - [2026-06-08T20:05:15.780+0000] {dag.py:3954} INFO - Setting next_dagrun for example_bash_operator to 2026-06-07 00:00:00+00:00, run_after=2026-06-08 00:00:00+00:00
[2026-06-08T20:05:15.802+0000] {processor.py:183} INFO - Processing /home/airflow/.local/lib/python3.12/site-packages/airflow/example_dags/example_bash_operator.py took 0.122 seconds
[2026-06-08T20:05:46.387+0000] {processor.py:161} INFO - Started process (PID=304) to work on /home/airflow/.local/lib/python3.12/site-packages/airflow/example_dags/example_bash_operator.py
[2026-06-08T20:05:46.388+0000] {processor.py:830} INFO - Processing file /home/airflow/.local/lib/python3.12/site-packages/airflow/example_dags/example_bash_operator.py for tasks to queue
[2026-06-08T20:05:46.390+0000] {logging_mixin.py:188} INFO - [2026-06-08T20:05:46.390+0000] {dagbag.py:545} INFO - Filling up the DagBag from /home/airflow/.local/lib/python3.12/site-packages/airflow/example_dags/example_bash_operator.py
[2026-06-08T20:05:46.405+0000] {processor.py:840} INFO - DAG(s) 'example_bash_operator' retrieved from /home/airflow/.local/lib/python3.12/site-packages/airflow/example_dags/example_bash_operator.py
[2026-06-08T20:05:46.446+0000] {logging_mixin.py:188} INFO - [2026-06-08T20:05:46.446+0000] {dag.py:3096} INFO - Sync 1 DAGs
[2026-06-08T20:05:46.481+0000] {logging_mixin.py:188} INFO - [2026-06-08T20:05:46.480+0000] {dag.py:3954} INFO - Setting next_dagrun for example_bash_operator to 2026-06-07 00:00:00+00:00, run_after=2026-06-08 00:00:00+00:00
[2026-06-08T20:05:46.506+0000] {processor.py:183} INFO - Processing /home/airflow/.local/lib/python3.12/site-packages/airflow/example_dags/example_bash_operator.py took 0.126 seconds
[2026-06-08T20:06:16.615+0000] {processor.py:161} INFO - Started process (PID=362) to work on /home/airflow/.local/lib/python3.12/site-packages/airflow/example_dags/example_bash_operator.py
[2026-06-08T20:06:16.616+0000] {processor.py:830} INFO - Processing file /home/airflow/.local/lib/python3.12/site-packages/airflow/example_dags/example_bash_operator.py for tasks to queue
[2026-06-08T20:06:16.619+0000] {logging_mixin.py:188} INFO - [2026-06-08T20:06:16.618+0000] {dagbag.py:545} INFO - Filling up the DagBag from /home/airflow/.local/lib/python3.12/site-packages/airflow/example_dags/example_bash_operator.py
[2026-06-08T20:06:16.637+0000] {processor.py:840} INFO - DAG(s) 'example_bash_operator' retrieved from /home/airflow/.local/lib/python3.12/site-packages/airflow/example_dags/example_bash_operator.py
[2026-06-08T20:06:16.744+0000] {logging_mixin.py:188} INFO - [2026-06-08T20:06:16.744+0000] {dag.py:3096} INFO - Sync 1 DAGs
[2026-06-08T20:06:16.779+0000] {logging_mixin.py:188} INFO - [2026-06-08T20:06:16.778+0000] {dag.py:3954} INFO - Setting next_dagrun for example_bash_operator to 2026-06-07 00:00:00+00:00, run_after=2026-06-08 00:00:00+00:00
[2026-06-08T20:06:16.807+0000] {processor.py:183} INFO - Processing /home/airflow/.local/lib/python3.12/site-packages/airflow/example_dags/example_bash_operator.py took 0.198 seconds
[2026-06-08T20:06:46.901+0000] {processor.py:161} INFO - Started process (PID=421) to work on /home/airflow/.local/lib/python3.12/site-packages/airflow/example_dags/example_bash_operator.py
[2026-06-08T20:06:46.902+0000] {processor.py:830} INFO - Processing file /home/airflow/.local/lib/python3.12/site-packages/airflow/example_dags/example_bash_operator.py for tasks to queue
[2026-06-08T20:06:46.904+0000] {logging_mixin.py:188} INFO - [2026-06-08T20:06:46.903+0000] {dagbag.py:545} INFO - Filling up the DagBag from /home/airflow/.local/lib/python3.12/site-packages/airflow/example_dags/example_bash_operator.py
[2026-06-08T20:06:46.914+0000] {processor.py:840} INFO - DAG(s) 'example_bash_operator' retrieved from /home/airflow/.local/lib/python3.12/site-packages/airflow/example_dags/example_bash_operator.py
[2026-06-08T20:06:46.942+0000] {logging_mixin.py:188} INFO - [2026-06-08T20:06:46.941+0000] {dag.py:3096} INFO - Sync 1 DAGs
[2026-06-08T20:06:46.971+0000] {logging_mixin.py:188} INFO - [2026-06-08T20:06:46.971+0000] {dag.py:3954} INFO - Setting next_dagrun for example_bash_operator to 2026-06-07 00:00:00+00:00, run_after=2026-06-08 00:00:00+00:00
[2026-06-08T20:06:46.987+0000] {processor.py:183} INFO - Processing /home/airflow/.local/lib/python3.12/site-packages/airflow/example_dags/example_bash_operator.py took 0.091 seconds
[2026-06-08T20:08:20.543+0000] {processor.py:161} INFO - Started process (PID=67) to work on /home/airflow/.local/lib/python3.12/site-packages/airflow/example_dags/example_bash_operator.py
[2026-06-08T20:08:20.550+0000] {processor.py:830} INFO - Processing file /home/airflow/.local/lib/python3.12/site-packages/airflow/example_dags/example_bash_operator.py for tasks to queue
[2026-06-08T20:08:20.555+0000] {logging_mixin.py:188} INFO - [2026-06-08T20:08:20.555+0000] {dagbag.py:545} INFO - Filling up the DagBag from /home/airflow/.local/lib/python3.12/site-packages/airflow/example_dags/example_bash_operator.py
[2026-06-08T20:08:20.664+0000] {processor.py:840} INFO - DAG(s) 'example_bash_operator' retrieved from /home/airflow/.local/lib/python3.12/site-packages/airflow/example_dags/example_bash_operator.py
[2026-06-08T20:08:20.984+0000] {logging_mixin.py:188} INFO - [2026-06-08T20:08:20.984+0000] {dag.py:3096} INFO - Sync 1 DAGs
[2026-06-08T20:08:21.090+0000] {logging_mixin.py:188} INFO - [2026-06-08T20:08:21.090+0000] {dag.py:3954} INFO - Setting next_dagrun for example_bash_operator to 2026-06-07 00:00:00+00:00, run_after=2026-06-08 00:00:00+00:00
[2026-06-08T20:08:21.225+0000] {processor.py:183} INFO - Processing /home/airflow/.local/lib/python3.12/site-packages/airflow/example_dags/example_bash_operator.py took 0.689 seconds
[2026-06-08T20:08:51.302+0000] {processor.py:161} INFO - Started process (PID=124) to work on /home/airflow/.local/lib/python3.12/site-packages/airflow/example_dags/example_bash_operator.py
[2026-06-08T20:08:51.303+0000] {processor.py:830} INFO - Processing file /home/airflow/.local/lib/python3.12/site-packages/airflow/example_dags/example_bash_operator.py for tasks to queue
[2026-06-08T20:08:51.306+0000] {logging_mixin.py:188} INFO - [2026-06-08T20:08:51.305+0000] {dagbag.py:545} INFO - Filling up the DagBag from /home/airflow/.local/lib/python3.12/site-packages/airflow/example_dags/example_bash_operator.py
[2026-06-08T20:08:51.322+0000] {processor.py:840} INFO - DAG(s) 'example_bash_operator' retrieved from /home/airflow/.local/lib/python3.12/site-packages/airflow/example_dags/example_bash_operator.py
[2026-06-08T20:08:51.353+0000] {logging_mixin.py:188} INFO - [2026-06-08T20:08:51.352+0000] {dag.py:3096} INFO - Sync 1 DAGs
[2026-06-08T20:08:51.375+0000] {logging_mixin.py:188} INFO - [2026-06-08T20:08:51.375+0000] {dag.py:3954} INFO - Setting next_dagrun for example_bash_operator to 2026-06-07 00:00:00+00:00, run_after=2026-06-08 00:00:00+00:00
[2026-06-08T20:08:51.392+0000] {processor.py:183} INFO - Processing /home/airflow/.local/lib/python3.12/site-packages/airflow/example_dags/example_bash_operator.py took 0.098 seconds
[2026-06-08T20:09:22.065+0000] {processor.py:161} INFO - Started process (PID=182) to work on /home/airflow/.local/lib/python3.12/site-packages/airflow/example_dags/example_bash_operator.py
[2026-06-08T20:09:22.066+0000] {processor.py:830} INFO - Processing file /home/airflow/.local/lib/python3.12/site-packages/airflow/example_dags/example_bash_operator.py for tasks to queue
[2026-06-08T20:09:22.068+0000] {logging_mixin.py:188} INFO - [2026-06-08T20:09:22.068+0000] {dagbag.py:545} INFO - Filling up the DagBag from /home/airflow/.local/lib/python3.12/site-packages/airflow/example_dags/example_bash_operator.py
[2026-06-08T20:09:22.084+0000] {processor.py:840} INFO - DAG(s) 'example_bash_operator' retrieved from /home/airflow/.local/lib/python3.12/site-packages/airflow/example_dags/example_bash_operator.py
[2026-06-08T20:09:22.130+0000] {logging_mixin.py:188} INFO - [2026-06-08T20:09:22.130+0000] {dag.py:3096} INFO - Sync 1 DAGs
[2026-06-08T20:09:22.165+0000] {logging_mixin.py:188} INFO - [2026-06-08T20:09:22.165+0000] {dag.py:3954} INFO - Setting next_dagrun for example_bash_operator to 2026-06-07 00:00:00+00:00, run_after=2026-06-08 00:00:00+00:00
[2026-06-08T20:09:22.183+0000] {processor.py:183} INFO - Processing /home/airflow/.local/lib/python3.12/site-packages/airflow/example_dags/example_bash_operator.py took 0.127 seconds
[2026-06-08T20:09:52.827+0000] {processor.py:161} INFO - Started process (PID=240) to work on /home/airflow/.local/lib/python3.12/site-packages/airflow/example_dags/example_bash_operator.py
[2026-06-08T20:09:52.828+0000] {processor.py:830} INFO - Processing file /home/airflow/.local/lib/python3.12/site-packages/airflow/example_dags/example_bash_operator.py for tasks to queue
[2026-06-08T20:09:52.830+0000] {logging_mixin.py:188} INFO - [2026-06-08T20:09:52.830+0000] {dagbag.py:545} INFO - Filling up the DagBag from /home/airflow/.local/lib/python3.12/site-packages/airflow/example_dags/example_bash_operator.py
[2026-06-08T20:09:52.847+0000] {processor.py:840} INFO - DAG(s) 'example_bash_operator' retrieved from /home/airflow/.local/lib/python3.12/site-packages/airflow/example_dags/example_bash_operator.py
[2026-06-08T20:09:52.886+0000] {logging_mixin.py:188} INFO - [2026-06-08T20:09:52.886+0000] {dag.py:3096} INFO - Sync 1 DAGs
[2026-06-08T20:09:52.943+0000] {logging_mixin.py:188} INFO - [2026-06-08T20:09:52.942+0000] {dag.py:3954} INFO - Setting next_dagrun for example_bash_operator to 2026-06-07 00:00:00+00:00, run_after=2026-06-08 00:00:00+00:00
[2026-06-08T20:09:52.965+0000] {processor.py:183} INFO - Processing /home/airflow/.local/lib/python3.12/site-packages/airflow/example_dags/example_bash_operator.py took 0.146 seconds
[2026-06-08T20:10:23.488+0000] {processor.py:161} INFO - Started process (PID=300) to work on /home/airflow/.local/lib/python3.12/site-packages/airflow/example_dags/example_bash_operator.py
[2026-06-08T20:10:23.489+0000] {processor.py:830} INFO - Processing file /home/airflow/.local/lib/python3.12/site-packages/airflow/example_dags/example_bash_operator.py for tasks to queue
[2026-06-08T20:10:23.491+0000] {logging_mixin.py:188} INFO - [2026-06-08T20:10:23.491+0000] {dagbag.py:545} INFO - Filling up the DagBag from /home/airflow/.local/lib/python3.12/site-packages/airflow/example_dags/example_bash_operator.py
[2026-06-08T20:10:23.506+0000] {processor.py:840} INFO - DAG(s) 'example_bash_operator' retrieved from /home/airflow/.local/lib/python3.12/site-packages/airflow/example_dags/example_bash_operator.py
[2026-06-08T20:10:23.535+0000] {logging_mixin.py:188} INFO - [2026-06-08T20:10:23.535+0000] {dag.py:3096} INFO - Sync 1 DAGs
[2026-06-08T20:10:23.555+0000] {logging_mixin.py:188} INFO - [2026-06-08T20:10:23.555+0000] {dag.py:3954} INFO - Setting next_dagrun for example_bash_operator to 2026-06-07 00:00:00+00:00, run_after=2026-06-08 00:00:00+00:00
[2026-06-08T20:10:23.572+0000] {processor.py:183} INFO - Processing /home/airflow/.local/lib/python3.12/site-packages/airflow/example_dags/example_bash_operator.py took 0.091 seconds
[2026-06-08T20:10:55.268+0000] {processor.py:161} INFO - Started process (PID=364) to work on /home/airflow/.local/lib/python3.12/site-packages/airflow/example_dags/example_bash_operator.py
[2026-06-08T20:10:55.269+0000] {processor.py:830} INFO - Processing file /home/airflow/.local/lib/python3.12/site-packages/airflow/example_dags/example_bash_operator.py for tasks to queue
[2026-06-08T20:10:55.272+0000] {logging_mixin.py:188} INFO - [2026-06-08T20:10:55.271+0000] {dagbag.py:545} INFO - Filling up the DagBag from /home/airflow/.local/lib/python3.12/site-packages/airflow/example_dags/example_bash_operator.py
[2026-06-08T20:10:55.287+0000] {processor.py:840} INFO - DAG(s) 'example_bash_operator' retrieved from /home/airflow/.local/lib/python3.12/site-packages/airflow/example_dags/example_bash_operator.py
[2026-06-08T20:10:55.332+0000] {logging_mixin.py:188} INFO - [2026-06-08T20:10:55.331+0000] {dag.py:3096} INFO - Sync 1 DAGs
[2026-06-08T20:10:55.364+0000] {logging_mixin.py:188} INFO - [2026-06-08T20:10:55.363+0000] {dag.py:3954} INFO - Setting next_dagrun for example_bash_operator to 2026-06-07 00:00:00+00:00, run_after=2026-06-08 00:00:00+00:00
[2026-06-08T20:10:55.385+0000] {processor.py:183} INFO - Processing /home/airflow/.local/lib/python3.12/site-packages/airflow/example_dags/example_bash_operator.py took 0.124 seconds
[2026-06-08T20:11:26.485+0000] {processor.py:161} INFO - Started process (PID=421) to work on /home/airflow/.local/lib/python3.12/site-packages/airflow/example_dags/example_bash_operator.py
[2026-06-08T20:11:26.488+0000] {processor.py:830} INFO - Processing file /home/airflow/.local/lib/python3.12/site-packages/airflow/example_dags/example_bash_operator.py for tasks to queue
[2026-06-08T20:11:26.494+0000] {logging_mixin.py:188} INFO - [2026-06-08T20:11:26.494+0000] {dagbag.py:545} INFO - Filling up the DagBag from /home/airflow/.local/lib/python3.12/site-packages/airflow/example_dags/example_bash_operator.py
[2026-06-08T20:11:26.535+0000] {processor.py:840} INFO - DAG(s) 'example_bash_operator' retrieved from /home/airflow/.local/lib/python3.12/site-packages/airflow/example_dags/example_bash_operator.py
[2026-06-08T20:11:26.690+0000] {logging_mixin.py:188} INFO - [2026-06-08T20:11:26.689+0000] {dag.py:3096} INFO - Sync 1 DAGs
[2026-06-08T20:11:26.780+0000] {logging_mixin.py:188} INFO - [2026-06-08T20:11:26.779+0000] {dag.py:3954} INFO - Setting next_dagrun for example_bash_operator to 2026-06-07 00:00:00+00:00, run_after=2026-06-08 00:00:00+00:00
[2026-06-08T20:11:26.838+0000] {processor.py:183} INFO - Processing /home/airflow/.local/lib/python3.12/site-packages/airflow/example_dags/example_bash_operator.py took 0.380 seconds
[2026-06-08T20:11:56.994+0000] {processor.py:161} INFO - Started process (PID=480) to work on /home/airflow/.local/lib/python3.12/site-packages/airflow/example_dags/example_bash_operator.py
[2026-06-08T20:11:56.995+0000] {processor.py:830} INFO - Processing file /home/airflow/.local/lib/python3.12/site-packages/airflow/example_dags/example_bash_operator.py for tasks to queue
[2026-06-08T20:11:56.997+0000] {logging_mixin.py:188} INFO - [2026-06-08T20:11:56.997+0000] {dagbag.py:545} INFO - Filling up the DagBag from /home/airflow/.local/lib/python3.12/site-packages/airflow/example_dags/example_bash_operator.py
[2026-06-08T20:11:57.011+0000] {processor.py:840} INFO - DAG(s) 'example_bash_operator' retrieved from /home/airflow/.local/lib/python3.12/site-packages/airflow/example_dags/example_bash_operator.py
[2026-06-08T20:11:57.048+0000] {logging_mixin.py:188} INFO - [2026-06-08T20:11:57.047+0000] {dag.py:3096} INFO - Sync 1 DAGs
[2026-06-08T20:11:57.082+0000] {logging_mixin.py:188} INFO - [2026-06-08T20:11:57.082+0000] {dag.py:3954} INFO - Setting next_dagrun for example_bash_operator to 2026-06-07 00:00:00+00:00, run_after=2026-06-08 00:00:00+00:00
[2026-06-08T20:11:57.107+0000] {processor.py:183} INFO - Processing /home/airflow/.local/lib/python3.12/site-packages/airflow/example_dags/example_bash_operator.py took 0.121 seconds
[2026-06-08T20:12:27.273+0000] {processor.py:161} INFO - Started process (PID=538) to work on /home/airflow/.local/lib/python3.12/site-packages/airflow/example_dags/example_bash_operator.py
[2026-06-08T20:12:27.278+0000] {processor.py:830} INFO - Processing file /home/airflow/.local/lib/python3.12/site-packages/airflow/example_dags/example_bash_operator.py for tasks to queue
[2026-06-08T20:12:27.282+0000] {logging_mixin.py:188} INFO - [2026-06-08T20:12:27.282+0000] {dagbag.py:545} INFO - Filling up the DagBag from /home/airflow/.local/lib/python3.12/site-packages/airflow/example_dags/example_bash_operator.py
[2026-06-08T20:12:27.317+0000] {processor.py:840} INFO - DAG(s) 'example_bash_operator' retrieved from /home/airflow/.local/lib/python3.12/site-packages/airflow/example_dags/example_bash_operator.py
[2026-06-08T20:12:27.373+0000] {logging_mixin.py:188} INFO - [2026-06-08T20:12:27.373+0000] {dag.py:3096} INFO - Sync 1 DAGs
[2026-06-08T20:12:27.423+0000] {logging_mixin.py:188} INFO - [2026-06-08T20:12:27.423+0000] {dag.py:3954} INFO - Setting next_dagrun for example_bash_operator to 2026-06-07 00:00:00+00:00, run_after=2026-06-08 00:00:00+00:00
[2026-06-08T20:12:27.446+0000] {processor.py:183} INFO - Processing /home/airflow/.local/lib/python3.12/site-packages/airflow/example_dags/example_bash_operator.py took 0.180 seconds
[2026-06-08T20:12:58.363+0000] {processor.py:161} INFO - Started process (PID=596) to work on /home/airflow/.local/lib/python3.12/site-packages/airflow/example_dags/example_bash_operator.py
[2026-06-08T20:12:58.364+0000] {processor.py:830} INFO - Processing file /home/airflow/.local/lib/python3.12/site-packages/airflow/example_dags/example_bash_operator.py for tasks to queue
[2026-06-08T20:12:58.369+0000] {logging_mixin.py:188} INFO - [2026-06-08T20:12:58.368+0000] {dagbag.py:545} INFO - Filling up the DagBag from /home/airflow/.local/lib/python3.12/site-packages/airflow/example_dags/example_bash_operator.py
[2026-06-08T20:12:58.436+0000] {processor.py:840} INFO - DAG(s) 'example_bash_operator' retrieved from /home/airflow/.local/lib/python3.12/site-packages/airflow/example_dags/example_bash_operator.py
[2026-06-08T20:12:58.522+0000] {logging_mixin.py:188} INFO - [2026-06-08T20:12:58.522+0000] {dag.py:3096} INFO - Sync 1 DAGs
[2026-06-08T20:12:58.572+0000] {logging_mixin.py:188} INFO - [2026-06-08T20:12:58.572+0000] {dag.py:3954} INFO - Setting next_dagrun for example_bash_operator to 2026-06-07 00:00:00+00:00, run_after=2026-06-08 00:00:00+00:00
[2026-06-08T20:12:58.603+0000] {processor.py:183} INFO - Processing /home/airflow/.local/lib/python3.12/site-packages/airflow/example_dags/example_bash_operator.py took 0.255 seconds
[2026-06-08T20:13:33.429+0000] {processor.py:161} INFO - Started process (PID=653) to work on /home/airflow/.local/lib/python3.12/site-packages/airflow/example_dags/example_bash_operator.py
[2026-06-08T20:13:33.431+0000] {processor.py:830} INFO - Processing file /home/airflow/.local/lib/python3.12/site-packages/airflow/example_dags/example_bash_operator.py for tasks to queue
[2026-06-08T20:13:33.447+0000] {logging_mixin.py:188} INFO - [2026-06-08T20:13:33.447+0000] {dagbag.py:545} INFO - Filling up the DagBag from /home/airflow/.local/lib/python3.12/site-packages/airflow/example_dags/example_bash_operator.py
[2026-06-08T20:13:33.582+0000] {processor.py:840} INFO - DAG(s) 'example_bash_operator' retrieved from /home/airflow/.local/lib/python3.12/site-packages/airflow/example_dags/example_bash_operator.py
[2026-06-08T20:13:33.919+0000] {logging_mixin.py:188} INFO - [2026-06-08T20:13:33.919+0000] {dag.py:3096} INFO - Sync 1 DAGs
[2026-06-08T20:13:34.240+0000] {logging_mixin.py:188} INFO - [2026-06-08T20:13:34.239+0000] {dag.py:3954} INFO - Setting next_dagrun for example_bash_operator to 2026-06-07 00:00:00+00:00, run_after=2026-06-08 00:00:00+00:00
[2026-06-08T20:13:34.717+0000] {processor.py:183} INFO - Processing /home/airflow/.local/lib/python3.12/site-packages/airflow/example_dags/example_bash_operator.py took 1.346 seconds
[2026-06-08T20:14:05.070+0000] {processor.py:161} INFO - Started process (PID=711) to work on /home/airflow/.local/lib/python3.12/site-packages/airflow/example_dags/example_bash_operator.py
[2026-06-08T20:14:05.073+0000] {processor.py:830} INFO - Processing file /home/airflow/.local/lib/python3.12/site-packages/airflow/example_dags/example_bash_operator.py for tasks to queue
[2026-06-08T20:14:05.075+0000] {logging_mixin.py:188} INFO - [2026-06-08T20:14:05.075+0000] {dagbag.py:545} INFO - Filling up the DagBag from /home/airflow/.local/lib/python3.12/site-packages/airflow/example_dags/example_bash_operator.py
[2026-06-08T20:14:05.091+0000] {processor.py:840} INFO - DAG(s) 'example_bash_operator' retrieved from /home/airflow/.local/lib/python3.12/site-packages/airflow/example_dags/example_bash_operator.py
[2026-06-08T20:14:05.182+0000] {logging_mixin.py:188} INFO - [2026-06-08T20:14:05.181+0000] {dag.py:3096} INFO - Sync 1 DAGs
[2026-06-08T20:14:05.324+0000] {logging_mixin.py:188} INFO - [2026-06-08T20:14:05.323+0000] {dag.py:3954} INFO - Setting next_dagrun for example_bash_operator to 2026-06-07 00:00:00+00:00, run_after=2026-06-08 00:00:00+00:00
[2026-06-08T20:14:05.384+0000] {processor.py:183} INFO - Processing /home/airflow/.local/lib/python3.12/site-packages/airflow/example_dags/example_bash_operator.py took 0.332 seconds
[2026-06-08T20:14:36.106+0000] {processor.py:161} INFO - Started process (PID=769) to work on /home/airflow/.local/lib/python3.12/site-packages/airflow/example_dags/example_bash_operator.py
[2026-06-08T20:14:36.115+0000] {processor.py:830} INFO - Processing file /home/airflow/.local/lib/python3.12/site-packages/airflow/example_dags/example_bash_operator.py for tasks to queue
[2026-06-08T20:14:36.146+0000] {logging_mixin.py:188} INFO - [2026-06-08T20:14:36.138+0000] {dagbag.py:545} INFO - Filling up the DagBag from /home/airflow/.local/lib/python3.12/site-packages/airflow/example_dags/example_bash_operator.py
[2026-06-08T20:14:36.213+0000] {processor.py:840} INFO - DAG(s) 'example_bash_operator' retrieved from /home/airflow/.local/lib/python3.12/site-packages/airflow/example_dags/example_bash_operator.py
[2026-06-08T20:14:36.405+0000] {logging_mixin.py:188} INFO - [2026-06-08T20:14:36.405+0000] {dag.py:3096} INFO - Sync 1 DAGs
[2026-06-08T20:14:36.554+0000] {logging_mixin.py:188} INFO - [2026-06-08T20:14:36.554+0000] {dag.py:3954} INFO - Setting next_dagrun for example_bash_operator to 2026-06-07 00:00:00+00:00, run_after=2026-06-08 00:00:00+00:00
[2026-06-08T20:14:36.584+0000] {processor.py:183} INFO - Processing /home/airflow/.local/lib/python3.12/site-packages/airflow/example_dags/example_bash_operator.py took 0.529 seconds
[2026-06-08T20:15:07.295+0000] {processor.py:161} INFO - Started process (PID=825) to work on /home/airflow/.local/lib/python3.12/site-packages/airflow/example_dags/example_bash_operator.py
[2026-06-08T20:15:07.297+0000] {processor.py:830} INFO - Processing file /home/airflow/.local/lib/python3.12/site-packages/airflow/example_dags/example_bash_operator.py for tasks to queue
[2026-06-08T20:15:07.299+0000] {logging_mixin.py:188} INFO - [2026-06-08T20:15:07.299+0000] {dagbag.py:545} INFO - Filling up the DagBag from /home/airflow/.local/lib/python3.12/site-packages/airflow/example_dags/example_bash_operator.py
[2026-06-08T20:15:07.314+0000] {processor.py:840} INFO - DAG(s) 'example_bash_operator' retrieved from /home/airflow/.local/lib/python3.12/site-packages/airflow/example_dags/example_bash_operator.py
[2026-06-08T20:15:07.353+0000] {logging_mixin.py:188} INFO - [2026-06-08T20:15:07.353+0000] {dag.py:3096} INFO - Sync 1 DAGs
[2026-06-08T20:15:07.384+0000] {logging_mixin.py:188} INFO - [2026-06-08T20:15:07.384+0000] {dag.py:3954} INFO - Setting next_dagrun for example_bash_operator to 2026-06-07 00:00:00+00:00, run_after=2026-06-08 00:00:00+00:00
[2026-06-08T20:15:07.415+0000] {processor.py:183} INFO - Processing /home/airflow/.local/lib/python3.12/site-packages/airflow/example_dags/example_bash_operator.py took 0.126 seconds
[2026-06-08T20:15:37.815+0000] {processor.py:161} INFO - Started process (PID=883) to work on /home/airflow/.local/lib/python3.12/site-packages/airflow/example_dags/example_bash_operator.py
[2026-06-08T20:15:37.819+0000] {processor.py:830} INFO - Processing file /home/airflow/.local/lib/python3.12/site-packages/airflow/example_dags/example_bash_operator.py for tasks to queue
[2026-06-08T20:15:37.823+0000] {logging_mixin.py:188} INFO - [2026-06-08T20:15:37.821+0000] {dagbag.py:545} INFO - Filling up the DagBag from /home/airflow/.local/lib/python3.12/site-packages/airflow/example_dags/example_bash_operator.py
[2026-06-08T20:15:37.843+0000] {processor.py:840} INFO - DAG(s) 'example_bash_operator' retrieved from /home/airflow/.local/lib/python3.12/site-packages/airflow/example_dags/example_bash_operator.py
[2026-06-08T20:15:37.880+0000] {logging_mixin.py:188} INFO - [2026-06-08T20:15:37.880+0000] {dag.py:3096} INFO - Sync 1 DAGs
[2026-06-08T20:15:37.992+0000] {logging_mixin.py:188} INFO - [2026-06-08T20:15:37.992+0000] {dag.py:3954} INFO - Setting next_dagrun for example_bash_operator to 2026-06-07 00:00:00+00:00, run_after=2026-06-08 00:00:00+00:00
[2026-06-08T20:15:38.098+0000] {processor.py:183} INFO - Processing /home/airflow/.local/lib/python3.12/site-packages/airflow/example_dags/example_bash_operator.py took 0.290 seconds
[2026-06-08T20:16:08.597+0000] {processor.py:161} INFO - Started process (PID=941) to work on /home/airflow/.local/lib/python3.12/site-packages/airflow/example_dags/example_bash_operator.py
[2026-06-08T20:16:08.606+0000] {processor.py:830} INFO - Processing file /home/airflow/.local/lib/python3.12/site-packages/airflow/example_dags/example_bash_operator.py for tasks to queue
[2026-06-08T20:16:08.612+0000] {logging_mixin.py:188} INFO - [2026-06-08T20:16:08.611+0000] {dagbag.py:545} INFO - Filling up the DagBag from /home/airflow/.local/lib/python3.12/site-packages/airflow/example_dags/example_bash_operator.py
[2026-06-08T20:16:08.652+0000] {processor.py:840} INFO - DAG(s) 'example_bash_operator' retrieved from /home/airflow/.local/lib/python3.12/site-packages/airflow/example_dags/example_bash_operator.py
[2026-06-08T20:16:08.710+0000] {logging_mixin.py:188} INFO - [2026-06-08T20:16:08.710+0000] {dag.py:3096} INFO - Sync 1 DAGs
[2026-06-08T20:16:08.755+0000] {logging_mixin.py:188} INFO - [2026-06-08T20:16:08.754+0000] {dag.py:3954} INFO - Setting next_dagrun for example_bash_operator to 2026-06-07 00:00:00+00:00, run_after=2026-06-08 00:00:00+00:00
[2026-06-08T20:16:08.834+0000] {processor.py:183} INFO - Processing /home/airflow/.local/lib/python3.12/site-packages/airflow/example_dags/example_bash_operator.py took 0.258 seconds
[2026-06-08T20:16:38.965+0000] {processor.py:161} INFO - Started process (PID=999) to work on /home/airflow/.local/lib/python3.12/site-packages/airflow/example_dags/example_bash_operator.py
[2026-06-08T20:16:38.968+0000] {processor.py:830} INFO - Processing file /home/airflow/.local/lib/python3.12/site-packages/airflow/example_dags/example_bash_operator.py for tasks to queue
[2026-06-08T20:16:38.970+0000] {logging_mixin.py:188} INFO - [2026-06-08T20:16:38.970+0000] {dagbag.py:545} INFO - Filling up the DagBag from /home/airflow/.local/lib/python3.12/site-packages/airflow/example_dags/example_bash_operator.py
[2026-06-08T20:16:38.989+0000] {processor.py:840} INFO - DAG(s) 'example_bash_operator' retrieved from /home/airflow/.local/lib/python3.12/site-packages/airflow/example_dags/example_bash_operator.py
[2026-06-08T20:16:39.053+0000] {logging_mixin.py:188} INFO - [2026-06-08T20:16:39.053+0000] {dag.py:3096} INFO - Sync 1 DAGs
[2026-06-08T20:16:39.087+0000] {logging_mixin.py:188} INFO - [2026-06-08T20:16:39.087+0000] {dag.py:3954} INFO - Setting next_dagrun for example_bash_operator to 2026-06-07 00:00:00+00:00, run_after=2026-06-08 00:00:00+00:00
[2026-06-08T20:16:39.143+0000] {processor.py:183} INFO - Processing /home/airflow/.local/lib/python3.12/site-packages/airflow/example_dags/example_bash_operator.py took 0.185 seconds
[2026-06-08T20:17:09.784+0000] {processor.py:161} INFO - Started process (PID=1057) to work on /home/airflow/.local/lib/python3.12/site-packages/airflow/example_dags/example_bash_operator.py
[2026-06-08T20:17:09.787+0000] {processor.py:830} INFO - Processing file /home/airflow/.local/lib/python3.12/site-packages/airflow/example_dags/example_bash_operator.py for tasks to queue
[2026-06-08T20:17:09.793+0000] {logging_mixin.py:188} INFO - [2026-06-08T20:17:09.793+0000] {dagbag.py:545} INFO - Filling up the DagBag from /home/airflow/.local/lib/python3.12/site-packages/airflow/example_dags/example_bash_operator.py
[2026-06-08T20:17:09.826+0000] {processor.py:840} INFO - DAG(s) 'example_bash_operator' retrieved from /home/airflow/.local/lib/python3.12/site-packages/airflow/example_dags/example_bash_operator.py
[2026-06-08T20:17:09.926+0000] {logging_mixin.py:188} INFO - [2026-06-08T20:17:09.923+0000] {dag.py:3096} INFO - Sync 1 DAGs
[2026-06-08T20:17:10.077+0000] {logging_mixin.py:188} INFO - [2026-06-08T20:17:10.077+0000] {dag.py:3954} INFO - Setting next_dagrun for example_bash_operator to 2026-06-07 00:00:00+00:00, run_after=2026-06-08 00:00:00+00:00
[2026-06-08T20:17:10.137+0000] {processor.py:183} INFO - Processing /home/airflow/.local/lib/python3.12/site-packages/airflow/example_dags/example_bash_operator.py took 0.368 seconds
[2026-06-08T20:18:49.648+0000] {processor.py:161} INFO - Started process (PID=69) to work on /home/airflow/.local/lib/python3.12/site-packages/airflow/example_dags/example_bash_operator.py
[2026-06-08T20:18:49.650+0000] {processor.py:830} INFO - Processing file /home/airflow/.local/lib/python3.12/site-packages/airflow/example_dags/example_bash_operator.py for tasks to queue
[2026-06-08T20:18:49.657+0000] {logging_mixin.py:188} INFO - [2026-06-08T20:18:49.657+0000] {dagbag.py:545} INFO - Filling up the DagBag from /home/airflow/.local/lib/python3.12/site-packages/airflow/example_dags/example_bash_operator.py
[2026-06-08T20:18:49.718+0000] {processor.py:840} INFO - DAG(s) 'example_bash_operator' retrieved from /home/airflow/.local/lib/python3.12/site-packages/airflow/example_dags/example_bash_operator.py
[2026-06-08T20:18:50.825+0000] {logging_mixin.py:188} INFO - [2026-06-08T20:18:50.825+0000] {dag.py:3096} INFO - Sync 1 DAGs
[2026-06-08T20:18:50.986+0000] {logging_mixin.py:188} INFO - [2026-06-08T20:18:50.986+0000] {dag.py:3954} INFO - Setting next_dagrun for example_bash_operator to 2026-06-07 00:00:00+00:00, run_after=2026-06-08 00:00:00+00:00
[2026-06-08T20:18:51.140+0000] {processor.py:183} INFO - Processing /home/airflow/.local/lib/python3.12/site-packages/airflow/example_dags/example_bash_operator.py took 1.518 seconds
[2026-06-08T20:19:21.639+0000] {processor.py:161} INFO - Started process (PID=128) to work on /home/airflow/.local/lib/python3.12/site-packages/airflow/example_dags/example_bash_operator.py
[2026-06-08T20:19:21.639+0000] {processor.py:830} INFO - Processing file /home/airflow/.local/lib/python3.12/site-packages/airflow/example_dags/example_bash_operator.py for tasks to queue
[2026-06-08T20:19:21.641+0000] {logging_mixin.py:188} INFO - [2026-06-08T20:19:21.641+0000] {dagbag.py:545} INFO - Filling up the DagBag from /home/airflow/.local/lib/python3.12/site-packages/airflow/example_dags/example_bash_operator.py
[2026-06-08T20:19:21.665+0000] {processor.py:840} INFO - DAG(s) 'example_bash_operator' retrieved from /home/airflow/.local/lib/python3.12/site-packages/airflow/example_dags/example_bash_operator.py
[2026-06-08T20:19:21.707+0000] {logging_mixin.py:188} INFO - [2026-06-08T20:19:21.706+0000] {dag.py:3096} INFO - Sync 1 DAGs
[2026-06-08T20:19:21.739+0000] {logging_mixin.py:188} INFO - [2026-06-08T20:19:21.739+0000] {dag.py:3954} INFO - Setting next_dagrun for example_bash_operator to 2026-06-07 00:00:00+00:00, run_after=2026-06-08 00:00:00+00:00
[2026-06-08T20:19:21.767+0000] {processor.py:183} INFO - Processing /home/airflow/.local/lib/python3.12/site-packages/airflow/example_dags/example_bash_operator.py took 0.135 seconds
[2026-06-08T20:19:51.903+0000] {processor.py:161} INFO - Started process (PID=187) to work on /home/airflow/.local/lib/python3.12/site-packages/airflow/example_dags/example_bash_operator.py
[2026-06-08T20:19:51.904+0000] {processor.py:830} INFO - Processing file /home/airflow/.local/lib/python3.12/site-packages/airflow/example_dags/example_bash_operator.py for tasks to queue
[2026-06-08T20:19:51.907+0000] {logging_mixin.py:188} INFO - [2026-06-08T20:19:51.907+0000] {dagbag.py:545} INFO - Filling up the DagBag from /home/airflow/.local/lib/python3.12/site-packages/airflow/example_dags/example_bash_operator.py
[2026-06-08T20:19:51.930+0000] {processor.py:840} INFO - DAG(s) 'example_bash_operator' retrieved from /home/airflow/.local/lib/python3.12/site-packages/airflow/example_dags/example_bash_operator.py
[2026-06-08T20:19:51.961+0000] {logging_mixin.py:188} INFO - [2026-06-08T20:19:51.960+0000] {dag.py:3096} INFO - Sync 1 DAGs
[2026-06-08T20:19:51.984+0000] {logging_mixin.py:188} INFO - [2026-06-08T20:19:51.984+0000] {dag.py:3954} INFO - Setting next_dagrun for example_bash_operator to 2026-06-07 00:00:00+00:00, run_after=2026-06-08 00:00:00+00:00
[2026-06-08T20:19:52.005+0000] {processor.py:183} INFO - Processing /home/airflow/.local/lib/python3.12/site-packages/airflow/example_dags/example_bash_operator.py took 0.109 seconds
[2026-06-08T20:20:22.724+0000] {processor.py:161} INFO - Started process (PID=245) to work on /home/airflow/.local/lib/python3.12/site-packages/airflow/example_dags/example_bash_operator.py
[2026-06-08T20:20:22.725+0000] {processor.py:830} INFO - Processing file /home/airflow/.local/lib/python3.12/site-packages/airflow/example_dags/example_bash_operator.py for tasks to queue
[2026-06-08T20:20:22.727+0000] {logging_mixin.py:188} INFO - [2026-06-08T20:20:22.727+0000] {dagbag.py:545} INFO - Filling up the DagBag from /home/airflow/.local/lib/python3.12/site-packages/airflow/example_dags/example_bash_operator.py
[2026-06-08T20:20:22.743+0000] {processor.py:840} INFO - DAG(s) 'example_bash_operator' retrieved from /home/airflow/.local/lib/python3.12/site-packages/airflow/example_dags/example_bash_operator.py
[2026-06-08T20:20:22.784+0000] {logging_mixin.py:188} INFO - [2026-06-08T20:20:22.784+0000] {dag.py:3096} INFO - Sync 1 DAGs
[2026-06-08T20:20:22.818+0000] {logging_mixin.py:188} INFO - [2026-06-08T20:20:22.818+0000] {dag.py:3954} INFO - Setting next_dagrun for example_bash_operator to 2026-06-07 00:00:00+00:00, run_after=2026-06-08 00:00:00+00:00
[2026-06-08T20:20:22.845+0000] {processor.py:183} INFO - Processing /home/airflow/.local/lib/python3.12/site-packages/airflow/example_dags/example_bash_operator.py took 0.130 seconds
[2026-06-08T20:20:53.719+0000] {processor.py:161} INFO - Started process (PID=304) to work on /home/airflow/.local/lib/python3.12/site-packages/airflow/example_dags/example_bash_operator.py
[2026-06-08T20:20:53.720+0000] {processor.py:830} INFO - Processing file /home/airflow/.local/lib/python3.12/site-packages/airflow/example_dags/example_bash_operator.py for tasks to queue
[2026-06-08T20:20:53.722+0000] {logging_mixin.py:188} INFO - [2026-06-08T20:20:53.721+0000] {dagbag.py:545} INFO - Filling up the DagBag from /home/airflow/.local/lib/python3.12/site-packages/airflow/example_dags/example_bash_operator.py
[2026-06-08T20:20:53.732+0000] {processor.py:840} INFO - DAG(s) 'example_bash_operator' retrieved from /home/airflow/.local/lib/python3.12/site-packages/airflow/example_dags/example_bash_operator.py
[2026-06-08T20:20:53.759+0000] {logging_mixin.py:188} INFO - [2026-06-08T20:20:53.758+0000] {dag.py:3096} INFO - Sync 1 DAGs
[2026-06-08T20:20:53.780+0000] {logging_mixin.py:188} INFO - [2026-06-08T20:20:53.780+0000] {dag.py:3954} INFO - Setting next_dagrun for example_bash_operator to 2026-06-07 00:00:00+00:00, run_after=2026-06-08 00:00:00+00:00
[2026-06-08T20:20:53.796+0000] {processor.py:183} INFO - Processing /home/airflow/.local/lib/python3.12/site-packages/airflow/example_dags/example_bash_operator.py took 0.082 seconds
[2026-06-08T20:21:24.266+0000] {processor.py:161} INFO - Started process (PID=362) to work on /home/airflow/.local/lib/python3.12/site-packages/airflow/example_dags/example_bash_operator.py
[2026-06-08T20:21:24.267+0000] {processor.py:830} INFO - Processing file /home/airflow/.local/lib/python3.12/site-packages/airflow/example_dags/example_bash_operator.py for tasks to queue
[2026-06-08T20:21:24.269+0000] {logging_mixin.py:188} INFO - [2026-06-08T20:21:24.268+0000] {dagbag.py:545} INFO - Filling up the DagBag from /home/airflow/.local/lib/python3.12/site-packages/airflow/example_dags/example_bash_operator.py
[2026-06-08T20:21:24.295+0000] {processor.py:840} INFO - DAG(s) 'example_bash_operator' retrieved from /home/airflow/.local/lib/python3.12/site-packages/airflow/example_dags/example_bash_operator.py
[2026-06-08T20:21:24.326+0000] {logging_mixin.py:188} INFO - [2026-06-08T20:21:24.326+0000] {dag.py:3096} INFO - Sync 1 DAGs
[2026-06-08T20:21:24.349+0000] {logging_mixin.py:188} INFO - [2026-06-08T20:21:24.348+0000] {dag.py:3954} INFO - Setting next_dagrun for example_bash_operator to 2026-06-07 00:00:00+00:00, run_after=2026-06-08 00:00:00+00:00
[2026-06-08T20:21:24.368+0000] {processor.py:183} INFO - Processing /home/airflow/.local/lib/python3.12/site-packages/airflow/example_dags/example_bash_operator.py took 0.110 seconds
[2026-06-08T20:21:54.445+0000] {processor.py:161} INFO - Started process (PID=421) to work on /home/airflow/.local/lib/python3.12/site-packages/airflow/example_dags/example_bash_operator.py
[2026-06-08T20:21:54.446+0000] {processor.py:830} INFO - Processing file /home/airflow/.local/lib/python3.12/site-packages/airflow/example_dags/example_bash_operator.py for tasks to queue
[2026-06-08T20:21:54.447+0000] {logging_mixin.py:188} INFO - [2026-06-08T20:21:54.447+0000] {dagbag.py:545} INFO - Filling up the DagBag from /home/airflow/.local/lib/python3.12/site-packages/airflow/example_dags/example_bash_operator.py
[2026-06-08T20:21:54.457+0000] {processor.py:840} INFO - DAG(s) 'example_bash_operator' retrieved from /home/airflow/.local/lib/python3.12/site-packages/airflow/example_dags/example_bash_operator.py
[2026-06-08T20:21:54.484+0000] {logging_mixin.py:188} INFO - [2026-06-08T20:21:54.484+0000] {dag.py:3096} INFO - Sync 1 DAGs
[2026-06-08T20:21:54.507+0000] {logging_mixin.py:188} INFO - [2026-06-08T20:21:54.506+0000] {dag.py:3954} INFO - Setting next_dagrun for example_bash_operator to 2026-06-07 00:00:00+00:00, run_after=2026-06-08 00:00:00+00:00
[2026-06-08T20:21:54.526+0000] {processor.py:183} INFO - Processing /home/airflow/.local/lib/python3.12/site-packages/airflow/example_dags/example_bash_operator.py took 0.086 seconds
[2026-06-08T20:22:24.948+0000] {processor.py:161} INFO - Started process (PID=480) to work on /home/airflow/.local/lib/python3.12/site-packages/airflow/example_dags/example_bash_operator.py
[2026-06-08T20:22:24.949+0000] {processor.py:830} INFO - Processing file /home/airflow/.local/lib/python3.12/site-packages/airflow/example_dags/example_bash_operator.py for tasks to queue
[2026-06-08T20:22:24.951+0000] {logging_mixin.py:188} INFO - [2026-06-08T20:22:24.950+0000] {dagbag.py:545} INFO - Filling up the DagBag from /home/airflow/.local/lib/python3.12/site-packages/airflow/example_dags/example_bash_operator.py
[2026-06-08T20:22:24.964+0000] {processor.py:840} INFO - DAG(s) 'example_bash_operator' retrieved from /home/airflow/.local/lib/python3.12/site-packages/airflow/example_dags/example_bash_operator.py
[2026-06-08T20:22:24.999+0000] {logging_mixin.py:188} INFO - [2026-06-08T20:22:24.998+0000] {dag.py:3096} INFO - Sync 1 DAGs
[2026-06-08T20:22:25.028+0000] {logging_mixin.py:188} INFO - [2026-06-08T20:22:25.028+0000] {dag.py:3954} INFO - Setting next_dagrun for example_bash_operator to 2026-06-07 00:00:00+00:00, run_after=2026-06-08 00:00:00+00:00
[2026-06-08T20:22:25.050+0000] {processor.py:183} INFO - Processing /home/airflow/.local/lib/python3.12/site-packages/airflow/example_dags/example_bash_operator.py took 0.122 seconds
[2026-06-08T20:22:55.760+0000] {processor.py:161} INFO - Started process (PID=539) to work on /home/airflow/.local/lib/python3.12/site-packages/airflow/example_dags/example_bash_operator.py
[2026-06-08T20:22:55.772+0000] {processor.py:830} INFO - Processing file /home/airflow/.local/lib/python3.12/site-packages/airflow/example_dags/example_bash_operator.py for tasks to queue
[2026-06-08T20:22:55.780+0000] {logging_mixin.py:188} INFO - [2026-06-08T20:22:55.780+0000] {dagbag.py:545} INFO - Filling up the DagBag from /home/airflow/.local/lib/python3.12/site-packages/airflow/example_dags/example_bash_operator.py
[2026-06-08T20:22:55.825+0000] {processor.py:840} INFO - DAG(s) 'example_bash_operator' retrieved from /home/airflow/.local/lib/python3.12/site-packages/airflow/example_dags/example_bash_operator.py
[2026-06-08T20:22:55.921+0000] {logging_mixin.py:188} INFO - [2026-06-08T20:22:55.919+0000] {dag.py:3096} INFO - Sync 1 DAGs
[2026-06-08T20:22:55.989+0000] {logging_mixin.py:188} INFO - [2026-06-08T20:22:55.988+0000] {dag.py:3954} INFO - Setting next_dagrun for example_bash_operator to 2026-06-07 00:00:00+00:00, run_after=2026-06-08 00:00:00+00:00
[2026-06-08T20:22:56.046+0000] {processor.py:183} INFO - Processing /home/airflow/.local/lib/python3.12/site-packages/airflow/example_dags/example_bash_operator.py took 0.328 seconds
[2026-06-08T20:23:27.036+0000] {processor.py:161} INFO - Started process (PID=598) to work on /home/airflow/.local/lib/python3.12/site-packages/airflow/example_dags/example_bash_operator.py
[2026-06-08T20:23:27.037+0000] {processor.py:830} INFO - Processing file /home/airflow/.local/lib/python3.12/site-packages/airflow/example_dags/example_bash_operator.py for tasks to queue
[2026-06-08T20:23:27.039+0000] {logging_mixin.py:188} INFO - [2026-06-08T20:23:27.038+0000] {dagbag.py:545} INFO - Filling up the DagBag from /home/airflow/.local/lib/python3.12/site-packages/airflow/example_dags/example_bash_operator.py
[2026-06-08T20:23:27.050+0000] {processor.py:840} INFO - DAG(s) 'example_bash_operator' retrieved from /home/airflow/.local/lib/python3.12/site-packages/airflow/example_dags/example_bash_operator.py
[2026-06-08T20:23:27.078+0000] {logging_mixin.py:188} INFO - [2026-06-08T20:23:27.078+0000] {dag.py:3096} INFO - Sync 1 DAGs
[2026-06-08T20:23:27.100+0000] {logging_mixin.py:188} INFO - [2026-06-08T20:23:27.100+0000] {dag.py:3954} INFO - Setting next_dagrun for example_bash_operator to 2026-06-07 00:00:00+00:00, run_after=2026-06-08 00:00:00+00:00
[2026-06-08T20:23:27.117+0000] {processor.py:183} INFO - Processing /home/airflow/.local/lib/python3.12/site-packages/airflow/example_dags/example_bash_operator.py took 0.087 seconds
