[2026-06-08T20:03:45.144+0000] {processor.py:161} INFO - Started process (PID=82) to work on /home/airflow/.local/lib/python3.12/site-packages/airflow/example_dags/example_python_operator.py
[2026-06-08T20:03:45.146+0000] {processor.py:830} INFO - Processing file /home/airflow/.local/lib/python3.12/site-packages/airflow/example_dags/example_python_operator.py for tasks to queue
[2026-06-08T20:03:45.152+0000] {logging_mixin.py:188} INFO - [2026-06-08T20:03:45.152+0000] {dagbag.py:545} INFO - Filling up the DagBag from /home/airflow/.local/lib/python3.12/site-packages/airflow/example_dags/example_python_operator.py
[2026-06-08T20:03:45.189+0000] {processor.py:840} INFO - DAG(s) 'example_python_operator' retrieved from /home/airflow/.local/lib/python3.12/site-packages/airflow/example_dags/example_python_operator.py
[2026-06-08T20:03:45.683+0000] {logging_mixin.py:188} INFO - [2026-06-08T20:03:45.682+0000] {dag.py:3096} INFO - Sync 1 DAGs
[2026-06-08T20:03:45.764+0000] {logging_mixin.py:188} INFO - [2026-06-08T20:03:45.764+0000] {dag.py:3954} INFO - Setting next_dagrun for example_python_operator to None, run_after=None
[2026-06-08T20:03:45.854+0000] {processor.py:183} INFO - Processing /home/airflow/.local/lib/python3.12/site-packages/airflow/example_dags/example_python_operator.py took 0.727 seconds
[2026-06-08T20:04:16.146+0000] {processor.py:161} INFO - Started process (PID=140) to work on /home/airflow/.local/lib/python3.12/site-packages/airflow/example_dags/example_python_operator.py
[2026-06-08T20:04:16.152+0000] {processor.py:830} INFO - Processing file /home/airflow/.local/lib/python3.12/site-packages/airflow/example_dags/example_python_operator.py for tasks to queue
[2026-06-08T20:04:16.161+0000] {logging_mixin.py:188} INFO - [2026-06-08T20:04:16.161+0000] {dagbag.py:545} INFO - Filling up the DagBag from /home/airflow/.local/lib/python3.12/site-packages/airflow/example_dags/example_python_operator.py
[2026-06-08T20:04:16.211+0000] {processor.py:840} INFO - DAG(s) 'example_python_operator' retrieved from /home/airflow/.local/lib/python3.12/site-packages/airflow/example_dags/example_python_operator.py
[2026-06-08T20:04:16.327+0000] {logging_mixin.py:188} INFO - [2026-06-08T20:04:16.327+0000] {dag.py:3096} INFO - Sync 1 DAGs
[2026-06-08T20:04:16.398+0000] {logging_mixin.py:188} INFO - [2026-06-08T20:04:16.397+0000] {dag.py:3954} INFO - Setting next_dagrun for example_python_operator to None, run_after=None
[2026-06-08T20:04:16.483+0000] {processor.py:183} INFO - Processing /home/airflow/.local/lib/python3.12/site-packages/airflow/example_dags/example_python_operator.py took 0.363 seconds
[2026-06-08T20:04:47.210+0000] {processor.py:161} INFO - Started process (PID=198) to work on /home/airflow/.local/lib/python3.12/site-packages/airflow/example_dags/example_python_operator.py
[2026-06-08T20:04:47.218+0000] {processor.py:830} INFO - Processing file /home/airflow/.local/lib/python3.12/site-packages/airflow/example_dags/example_python_operator.py for tasks to queue
[2026-06-08T20:04:47.224+0000] {logging_mixin.py:188} INFO - [2026-06-08T20:04:47.223+0000] {dagbag.py:545} INFO - Filling up the DagBag from /home/airflow/.local/lib/python3.12/site-packages/airflow/example_dags/example_python_operator.py
[2026-06-08T20:04:47.309+0000] {processor.py:840} INFO - DAG(s) 'example_python_operator' retrieved from /home/airflow/.local/lib/python3.12/site-packages/airflow/example_dags/example_python_operator.py
[2026-06-08T20:04:47.447+0000] {logging_mixin.py:188} INFO - [2026-06-08T20:04:47.447+0000] {dag.py:3096} INFO - Sync 1 DAGs
[2026-06-08T20:04:47.552+0000] {logging_mixin.py:188} INFO - [2026-06-08T20:04:47.552+0000] {dag.py:3954} INFO - Setting next_dagrun for example_python_operator to None, run_after=None
[2026-06-08T20:04:47.638+0000] {processor.py:183} INFO - Processing /home/airflow/.local/lib/python3.12/site-packages/airflow/example_dags/example_python_operator.py took 0.474 seconds
[2026-06-08T20:05:18.390+0000] {processor.py:161} INFO - Started process (PID=256) to work on /home/airflow/.local/lib/python3.12/site-packages/airflow/example_dags/example_python_operator.py
[2026-06-08T20:05:18.391+0000] {processor.py:830} INFO - Processing file /home/airflow/.local/lib/python3.12/site-packages/airflow/example_dags/example_python_operator.py for tasks to queue
[2026-06-08T20:05:18.394+0000] {logging_mixin.py:188} INFO - [2026-06-08T20:05:18.394+0000] {dagbag.py:545} INFO - Filling up the DagBag from /home/airflow/.local/lib/python3.12/site-packages/airflow/example_dags/example_python_operator.py
[2026-06-08T20:05:18.408+0000] {processor.py:840} INFO - DAG(s) 'example_python_operator' retrieved from /home/airflow/.local/lib/python3.12/site-packages/airflow/example_dags/example_python_operator.py
[2026-06-08T20:05:18.438+0000] {logging_mixin.py:188} INFO - [2026-06-08T20:05:18.438+0000] {dag.py:3096} INFO - Sync 1 DAGs
[2026-06-08T20:05:18.457+0000] {logging_mixin.py:188} INFO - [2026-06-08T20:05:18.456+0000] {dag.py:3954} INFO - Setting next_dagrun for example_python_operator to None, run_after=None
[2026-06-08T20:05:18.478+0000] {processor.py:183} INFO - Processing /home/airflow/.local/lib/python3.12/site-packages/airflow/example_dags/example_python_operator.py took 0.105 seconds
[2026-06-08T20:05:48.546+0000] {processor.py:161} INFO - Started process (PID=314) to work on /home/airflow/.local/lib/python3.12/site-packages/airflow/example_dags/example_python_operator.py
[2026-06-08T20:05:48.548+0000] {processor.py:830} INFO - Processing file /home/airflow/.local/lib/python3.12/site-packages/airflow/example_dags/example_python_operator.py for tasks to queue
[2026-06-08T20:05:48.551+0000] {logging_mixin.py:188} INFO - [2026-06-08T20:05:48.550+0000] {dagbag.py:545} INFO - Filling up the DagBag from /home/airflow/.local/lib/python3.12/site-packages/airflow/example_dags/example_python_operator.py
[2026-06-08T20:05:48.569+0000] {processor.py:840} INFO - DAG(s) 'example_python_operator' retrieved from /home/airflow/.local/lib/python3.12/site-packages/airflow/example_dags/example_python_operator.py
[2026-06-08T20:05:48.631+0000] {logging_mixin.py:188} INFO - [2026-06-08T20:05:48.630+0000] {dag.py:3096} INFO - Sync 1 DAGs
[2026-06-08T20:05:48.681+0000] {logging_mixin.py:188} INFO - [2026-06-08T20:05:48.680+0000] {dag.py:3954} INFO - Setting next_dagrun for example_python_operator to None, run_after=None
[2026-06-08T20:05:48.734+0000] {processor.py:183} INFO - Processing /home/airflow/.local/lib/python3.12/site-packages/airflow/example_dags/example_python_operator.py took 0.211 seconds
[2026-06-08T20:06:19.584+0000] {processor.py:161} INFO - Started process (PID=372) to work on /home/airflow/.local/lib/python3.12/site-packages/airflow/example_dags/example_python_operator.py
[2026-06-08T20:06:19.585+0000] {processor.py:830} INFO - Processing file /home/airflow/.local/lib/python3.12/site-packages/airflow/example_dags/example_python_operator.py for tasks to queue
[2026-06-08T20:06:19.587+0000] {logging_mixin.py:188} INFO - [2026-06-08T20:06:19.587+0000] {dagbag.py:545} INFO - Filling up the DagBag from /home/airflow/.local/lib/python3.12/site-packages/airflow/example_dags/example_python_operator.py
[2026-06-08T20:06:19.600+0000] {processor.py:840} INFO - DAG(s) 'example_python_operator' retrieved from /home/airflow/.local/lib/python3.12/site-packages/airflow/example_dags/example_python_operator.py
[2026-06-08T20:06:19.631+0000] {logging_mixin.py:188} INFO - [2026-06-08T20:06:19.631+0000] {dag.py:3096} INFO - Sync 1 DAGs
[2026-06-08T20:06:19.652+0000] {logging_mixin.py:188} INFO - [2026-06-08T20:06:19.651+0000] {dag.py:3954} INFO - Setting next_dagrun for example_python_operator to None, run_after=None
[2026-06-08T20:06:19.674+0000] {processor.py:183} INFO - Processing /home/airflow/.local/lib/python3.12/site-packages/airflow/example_dags/example_python_operator.py took 0.097 seconds
[2026-06-08T20:06:49.887+0000] {processor.py:161} INFO - Started process (PID=430) to work on /home/airflow/.local/lib/python3.12/site-packages/airflow/example_dags/example_python_operator.py
[2026-06-08T20:06:49.888+0000] {processor.py:830} INFO - Processing file /home/airflow/.local/lib/python3.12/site-packages/airflow/example_dags/example_python_operator.py for tasks to queue
[2026-06-08T20:06:49.891+0000] {logging_mixin.py:188} INFO - [2026-06-08T20:06:49.890+0000] {dagbag.py:545} INFO - Filling up the DagBag from /home/airflow/.local/lib/python3.12/site-packages/airflow/example_dags/example_python_operator.py
[2026-06-08T20:06:49.905+0000] {processor.py:840} INFO - DAG(s) 'example_python_operator' retrieved from /home/airflow/.local/lib/python3.12/site-packages/airflow/example_dags/example_python_operator.py
[2026-06-08T20:06:49.945+0000] {logging_mixin.py:188} INFO - [2026-06-08T20:06:49.944+0000] {dag.py:3096} INFO - Sync 1 DAGs
[2026-06-08T20:06:49.964+0000] {logging_mixin.py:188} INFO - [2026-06-08T20:06:49.964+0000] {dag.py:3954} INFO - Setting next_dagrun for example_python_operator to None, run_after=None
[2026-06-08T20:06:49.996+0000] {processor.py:183} INFO - Processing /home/airflow/.local/lib/python3.12/site-packages/airflow/example_dags/example_python_operator.py took 0.116 seconds
[2026-06-08T20:08:24.938+0000] {processor.py:161} INFO - Started process (PID=80) to work on /home/airflow/.local/lib/python3.12/site-packages/airflow/example_dags/example_python_operator.py
[2026-06-08T20:08:24.942+0000] {processor.py:830} INFO - Processing file /home/airflow/.local/lib/python3.12/site-packages/airflow/example_dags/example_python_operator.py for tasks to queue
[2026-06-08T20:08:24.947+0000] {logging_mixin.py:188} INFO - [2026-06-08T20:08:24.946+0000] {dagbag.py:545} INFO - Filling up the DagBag from /home/airflow/.local/lib/python3.12/site-packages/airflow/example_dags/example_python_operator.py
[2026-06-08T20:08:24.988+0000] {processor.py:840} INFO - DAG(s) 'example_python_operator' retrieved from /home/airflow/.local/lib/python3.12/site-packages/airflow/example_dags/example_python_operator.py
[2026-06-08T20:08:25.636+0000] {logging_mixin.py:188} INFO - [2026-06-08T20:08:25.636+0000] {dag.py:3096} INFO - Sync 1 DAGs
[2026-06-08T20:08:25.736+0000] {logging_mixin.py:188} INFO - [2026-06-08T20:08:25.735+0000] {dag.py:3954} INFO - Setting next_dagrun for example_python_operator to None, run_after=None
[2026-06-08T20:08:25.873+0000] {processor.py:183} INFO - Processing /home/airflow/.local/lib/python3.12/site-packages/airflow/example_dags/example_python_operator.py took 0.955 seconds
[2026-06-08T20:08:56.719+0000] {processor.py:161} INFO - Started process (PID=138) to work on /home/airflow/.local/lib/python3.12/site-packages/airflow/example_dags/example_python_operator.py
[2026-06-08T20:08:56.722+0000] {processor.py:830} INFO - Processing file /home/airflow/.local/lib/python3.12/site-packages/airflow/example_dags/example_python_operator.py for tasks to queue
[2026-06-08T20:08:56.725+0000] {logging_mixin.py:188} INFO - [2026-06-08T20:08:56.723+0000] {dagbag.py:545} INFO - Filling up the DagBag from /home/airflow/.local/lib/python3.12/site-packages/airflow/example_dags/example_python_operator.py
[2026-06-08T20:08:56.741+0000] {processor.py:840} INFO - DAG(s) 'example_python_operator' retrieved from /home/airflow/.local/lib/python3.12/site-packages/airflow/example_dags/example_python_operator.py
[2026-06-08T20:08:56.769+0000] {logging_mixin.py:188} INFO - [2026-06-08T20:08:56.768+0000] {dag.py:3096} INFO - Sync 1 DAGs
[2026-06-08T20:08:56.786+0000] {logging_mixin.py:188} INFO - [2026-06-08T20:08:56.786+0000] {dag.py:3954} INFO - Setting next_dagrun for example_python_operator to None, run_after=None
[2026-06-08T20:08:56.806+0000] {processor.py:183} INFO - Processing /home/airflow/.local/lib/python3.12/site-packages/airflow/example_dags/example_python_operator.py took 0.093 seconds
[2026-06-08T20:09:27.636+0000] {processor.py:161} INFO - Started process (PID=196) to work on /home/airflow/.local/lib/python3.12/site-packages/airflow/example_dags/example_python_operator.py
[2026-06-08T20:09:27.639+0000] {processor.py:830} INFO - Processing file /home/airflow/.local/lib/python3.12/site-packages/airflow/example_dags/example_python_operator.py for tasks to queue
[2026-06-08T20:09:27.642+0000] {logging_mixin.py:188} INFO - [2026-06-08T20:09:27.640+0000] {dagbag.py:545} INFO - Filling up the DagBag from /home/airflow/.local/lib/python3.12/site-packages/airflow/example_dags/example_python_operator.py
[2026-06-08T20:09:27.657+0000] {processor.py:840} INFO - DAG(s) 'example_python_operator' retrieved from /home/airflow/.local/lib/python3.12/site-packages/airflow/example_dags/example_python_operator.py
[2026-06-08T20:09:27.714+0000] {logging_mixin.py:188} INFO - [2026-06-08T20:09:27.714+0000] {dag.py:3096} INFO - Sync 1 DAGs
[2026-06-08T20:09:27.779+0000] {logging_mixin.py:188} INFO - [2026-06-08T20:09:27.779+0000] {dag.py:3954} INFO - Setting next_dagrun for example_python_operator to None, run_after=None
[2026-06-08T20:09:27.864+0000] {processor.py:183} INFO - Processing /home/airflow/.local/lib/python3.12/site-packages/airflow/example_dags/example_python_operator.py took 0.234 seconds
[2026-06-08T20:09:58.406+0000] {processor.py:161} INFO - Started process (PID=256) to work on /home/airflow/.local/lib/python3.12/site-packages/airflow/example_dags/example_python_operator.py
[2026-06-08T20:09:58.412+0000] {processor.py:830} INFO - Processing file /home/airflow/.local/lib/python3.12/site-packages/airflow/example_dags/example_python_operator.py for tasks to queue
[2026-06-08T20:09:58.419+0000] {logging_mixin.py:188} INFO - [2026-06-08T20:09:58.419+0000] {dagbag.py:545} INFO - Filling up the DagBag from /home/airflow/.local/lib/python3.12/site-packages/airflow/example_dags/example_python_operator.py
[2026-06-08T20:09:58.452+0000] {processor.py:840} INFO - DAG(s) 'example_python_operator' retrieved from /home/airflow/.local/lib/python3.12/site-packages/airflow/example_dags/example_python_operator.py
[2026-06-08T20:09:58.527+0000] {logging_mixin.py:188} INFO - [2026-06-08T20:09:58.526+0000] {dag.py:3096} INFO - Sync 1 DAGs
[2026-06-08T20:09:58.605+0000] {logging_mixin.py:188} INFO - [2026-06-08T20:09:58.605+0000] {dag.py:3954} INFO - Setting next_dagrun for example_python_operator to None, run_after=None
[2026-06-08T20:09:58.696+0000] {processor.py:183} INFO - Processing /home/airflow/.local/lib/python3.12/site-packages/airflow/example_dags/example_python_operator.py took 0.310 seconds
[2026-06-08T20:10:29.011+0000] {processor.py:161} INFO - Started process (PID=314) to work on /home/airflow/.local/lib/python3.12/site-packages/airflow/example_dags/example_python_operator.py
[2026-06-08T20:10:29.012+0000] {processor.py:830} INFO - Processing file /home/airflow/.local/lib/python3.12/site-packages/airflow/example_dags/example_python_operator.py for tasks to queue
[2026-06-08T20:10:29.014+0000] {logging_mixin.py:188} INFO - [2026-06-08T20:10:29.014+0000] {dagbag.py:545} INFO - Filling up the DagBag from /home/airflow/.local/lib/python3.12/site-packages/airflow/example_dags/example_python_operator.py
[2026-06-08T20:10:29.028+0000] {processor.py:840} INFO - DAG(s) 'example_python_operator' retrieved from /home/airflow/.local/lib/python3.12/site-packages/airflow/example_dags/example_python_operator.py
[2026-06-08T20:10:29.060+0000] {logging_mixin.py:188} INFO - [2026-06-08T20:10:29.060+0000] {dag.py:3096} INFO - Sync 1 DAGs
[2026-06-08T20:10:29.078+0000] {logging_mixin.py:188} INFO - [2026-06-08T20:10:29.077+0000] {dag.py:3954} INFO - Setting next_dagrun for example_python_operator to None, run_after=None
[2026-06-08T20:10:29.140+0000] {processor.py:183} INFO - Processing /home/airflow/.local/lib/python3.12/site-packages/airflow/example_dags/example_python_operator.py took 0.135 seconds
[2026-06-08T20:11:00.098+0000] {processor.py:161} INFO - Started process (PID=372) to work on /home/airflow/.local/lib/python3.12/site-packages/airflow/example_dags/example_python_operator.py
[2026-06-08T20:11:00.099+0000] {processor.py:830} INFO - Processing file /home/airflow/.local/lib/python3.12/site-packages/airflow/example_dags/example_python_operator.py for tasks to queue
[2026-06-08T20:11:00.103+0000] {logging_mixin.py:188} INFO - [2026-06-08T20:11:00.103+0000] {dagbag.py:545} INFO - Filling up the DagBag from /home/airflow/.local/lib/python3.12/site-packages/airflow/example_dags/example_python_operator.py
[2026-06-08T20:11:00.118+0000] {processor.py:840} INFO - DAG(s) 'example_python_operator' retrieved from /home/airflow/.local/lib/python3.12/site-packages/airflow/example_dags/example_python_operator.py
[2026-06-08T20:11:00.155+0000] {logging_mixin.py:188} INFO - [2026-06-08T20:11:00.155+0000] {dag.py:3096} INFO - Sync 1 DAGs
[2026-06-08T20:11:00.177+0000] {logging_mixin.py:188} INFO - [2026-06-08T20:11:00.176+0000] {dag.py:3954} INFO - Setting next_dagrun for example_python_operator to None, run_after=None
[2026-06-08T20:11:00.222+0000] {processor.py:183} INFO - Processing /home/airflow/.local/lib/python3.12/site-packages/airflow/example_dags/example_python_operator.py took 0.149 seconds
[2026-06-08T20:11:30.302+0000] {processor.py:161} INFO - Started process (PID=429) to work on /home/airflow/.local/lib/python3.12/site-packages/airflow/example_dags/example_python_operator.py
[2026-06-08T20:11:30.303+0000] {processor.py:830} INFO - Processing file /home/airflow/.local/lib/python3.12/site-packages/airflow/example_dags/example_python_operator.py for tasks to queue
[2026-06-08T20:11:30.305+0000] {logging_mixin.py:188} INFO - [2026-06-08T20:11:30.305+0000] {dagbag.py:545} INFO - Filling up the DagBag from /home/airflow/.local/lib/python3.12/site-packages/airflow/example_dags/example_python_operator.py
[2026-06-08T20:11:30.318+0000] {processor.py:840} INFO - DAG(s) 'example_python_operator' retrieved from /home/airflow/.local/lib/python3.12/site-packages/airflow/example_dags/example_python_operator.py
[2026-06-08T20:11:30.386+0000] {logging_mixin.py:188} INFO - [2026-06-08T20:11:30.384+0000] {dag.py:3096} INFO - Sync 1 DAGs
[2026-06-08T20:11:30.453+0000] {logging_mixin.py:188} INFO - [2026-06-08T20:11:30.453+0000] {dag.py:3954} INFO - Setting next_dagrun for example_python_operator to None, run_after=None
[2026-06-08T20:11:30.551+0000] {processor.py:183} INFO - Processing /home/airflow/.local/lib/python3.12/site-packages/airflow/example_dags/example_python_operator.py took 0.256 seconds
[2026-06-08T20:12:01.570+0000] {processor.py:161} INFO - Started process (PID=488) to work on /home/airflow/.local/lib/python3.12/site-packages/airflow/example_dags/example_python_operator.py
[2026-06-08T20:12:01.574+0000] {processor.py:830} INFO - Processing file /home/airflow/.local/lib/python3.12/site-packages/airflow/example_dags/example_python_operator.py for tasks to queue
[2026-06-08T20:12:01.577+0000] {logging_mixin.py:188} INFO - [2026-06-08T20:12:01.577+0000] {dagbag.py:545} INFO - Filling up the DagBag from /home/airflow/.local/lib/python3.12/site-packages/airflow/example_dags/example_python_operator.py
[2026-06-08T20:12:01.618+0000] {processor.py:840} INFO - DAG(s) 'example_python_operator' retrieved from /home/airflow/.local/lib/python3.12/site-packages/airflow/example_dags/example_python_operator.py
[2026-06-08T20:12:01.739+0000] {logging_mixin.py:188} INFO - [2026-06-08T20:12:01.739+0000] {dag.py:3096} INFO - Sync 1 DAGs
[2026-06-08T20:12:01.818+0000] {logging_mixin.py:188} INFO - [2026-06-08T20:12:01.817+0000] {dag.py:3954} INFO - Setting next_dagrun for example_python_operator to None, run_after=None
[2026-06-08T20:12:01.859+0000] {processor.py:183} INFO - Processing /home/airflow/.local/lib/python3.12/site-packages/airflow/example_dags/example_python_operator.py took 0.360 seconds
[2026-06-08T20:12:31.919+0000] {processor.py:161} INFO - Started process (PID=546) to work on /home/airflow/.local/lib/python3.12/site-packages/airflow/example_dags/example_python_operator.py
[2026-06-08T20:12:31.921+0000] {processor.py:830} INFO - Processing file /home/airflow/.local/lib/python3.12/site-packages/airflow/example_dags/example_python_operator.py for tasks to queue
[2026-06-08T20:12:31.923+0000] {logging_mixin.py:188} INFO - [2026-06-08T20:12:31.922+0000] {dagbag.py:545} INFO - Filling up the DagBag from /home/airflow/.local/lib/python3.12/site-packages/airflow/example_dags/example_python_operator.py
[2026-06-08T20:12:31.938+0000] {processor.py:840} INFO - DAG(s) 'example_python_operator' retrieved from /home/airflow/.local/lib/python3.12/site-packages/airflow/example_dags/example_python_operator.py
[2026-06-08T20:12:31.972+0000] {logging_mixin.py:188} INFO - [2026-06-08T20:12:31.971+0000] {dag.py:3096} INFO - Sync 1 DAGs
[2026-06-08T20:12:31.989+0000] {logging_mixin.py:188} INFO - [2026-06-08T20:12:31.989+0000] {dag.py:3954} INFO - Setting next_dagrun for example_python_operator to None, run_after=None
[2026-06-08T20:12:32.011+0000] {processor.py:183} INFO - Processing /home/airflow/.local/lib/python3.12/site-packages/airflow/example_dags/example_python_operator.py took 0.098 seconds
[2026-06-08T20:13:02.402+0000] {processor.py:161} INFO - Started process (PID=604) to work on /home/airflow/.local/lib/python3.12/site-packages/airflow/example_dags/example_python_operator.py
[2026-06-08T20:13:02.403+0000] {processor.py:830} INFO - Processing file /home/airflow/.local/lib/python3.12/site-packages/airflow/example_dags/example_python_operator.py for tasks to queue
[2026-06-08T20:13:02.405+0000] {logging_mixin.py:188} INFO - [2026-06-08T20:13:02.405+0000] {dagbag.py:545} INFO - Filling up the DagBag from /home/airflow/.local/lib/python3.12/site-packages/airflow/example_dags/example_python_operator.py
[2026-06-08T20:13:02.429+0000] {processor.py:840} INFO - DAG(s) 'example_python_operator' retrieved from /home/airflow/.local/lib/python3.12/site-packages/airflow/example_dags/example_python_operator.py
[2026-06-08T20:13:02.580+0000] {logging_mixin.py:188} INFO - [2026-06-08T20:13:02.579+0000] {dag.py:3096} INFO - Sync 1 DAGs
[2026-06-08T20:13:02.705+0000] {logging_mixin.py:188} INFO - [2026-06-08T20:13:02.705+0000] {dag.py:3954} INFO - Setting next_dagrun for example_python_operator to None, run_after=None
[2026-06-08T20:13:03.445+0000] {processor.py:183} INFO - Processing /home/airflow/.local/lib/python3.12/site-packages/airflow/example_dags/example_python_operator.py took 1.053 seconds
[2026-06-08T20:13:38.137+0000] {processor.py:161} INFO - Started process (PID=661) to work on /home/airflow/.local/lib/python3.12/site-packages/airflow/example_dags/example_python_operator.py
[2026-06-08T20:13:38.145+0000] {processor.py:830} INFO - Processing file /home/airflow/.local/lib/python3.12/site-packages/airflow/example_dags/example_python_operator.py for tasks to queue
[2026-06-08T20:13:38.158+0000] {logging_mixin.py:188} INFO - [2026-06-08T20:13:38.158+0000] {dagbag.py:545} INFO - Filling up the DagBag from /home/airflow/.local/lib/python3.12/site-packages/airflow/example_dags/example_python_operator.py
[2026-06-08T20:13:38.232+0000] {processor.py:840} INFO - DAG(s) 'example_python_operator' retrieved from /home/airflow/.local/lib/python3.12/site-packages/airflow/example_dags/example_python_operator.py
[2026-06-08T20:13:38.555+0000] {logging_mixin.py:188} INFO - [2026-06-08T20:13:38.536+0000] {dag.py:3096} INFO - Sync 1 DAGs
[2026-06-08T20:13:38.656+0000] {logging_mixin.py:188} INFO - [2026-06-08T20:13:38.655+0000] {dag.py:3954} INFO - Setting next_dagrun for example_python_operator to None, run_after=None
[2026-06-08T20:13:38.770+0000] {processor.py:183} INFO - Processing /home/airflow/.local/lib/python3.12/site-packages/airflow/example_dags/example_python_operator.py took 0.672 seconds
[2026-06-08T20:14:08.869+0000] {processor.py:161} INFO - Started process (PID=718) to work on /home/airflow/.local/lib/python3.12/site-packages/airflow/example_dags/example_python_operator.py
[2026-06-08T20:14:08.870+0000] {processor.py:830} INFO - Processing file /home/airflow/.local/lib/python3.12/site-packages/airflow/example_dags/example_python_operator.py for tasks to queue
[2026-06-08T20:14:08.872+0000] {logging_mixin.py:188} INFO - [2026-06-08T20:14:08.872+0000] {dagbag.py:545} INFO - Filling up the DagBag from /home/airflow/.local/lib/python3.12/site-packages/airflow/example_dags/example_python_operator.py
[2026-06-08T20:14:08.882+0000] {processor.py:840} INFO - DAG(s) 'example_python_operator' retrieved from /home/airflow/.local/lib/python3.12/site-packages/airflow/example_dags/example_python_operator.py
[2026-06-08T20:14:08.904+0000] {logging_mixin.py:188} INFO - [2026-06-08T20:14:08.904+0000] {dag.py:3096} INFO - Sync 1 DAGs
[2026-06-08T20:14:08.916+0000] {logging_mixin.py:188} INFO - [2026-06-08T20:14:08.916+0000] {dag.py:3954} INFO - Setting next_dagrun for example_python_operator to None, run_after=None
[2026-06-08T20:14:08.934+0000] {processor.py:183} INFO - Processing /home/airflow/.local/lib/python3.12/site-packages/airflow/example_dags/example_python_operator.py took 0.071 seconds
[2026-06-08T20:14:39.138+0000] {processor.py:161} INFO - Started process (PID=776) to work on /home/airflow/.local/lib/python3.12/site-packages/airflow/example_dags/example_python_operator.py
[2026-06-08T20:14:39.145+0000] {processor.py:830} INFO - Processing file /home/airflow/.local/lib/python3.12/site-packages/airflow/example_dags/example_python_operator.py for tasks to queue
[2026-06-08T20:14:39.150+0000] {logging_mixin.py:188} INFO - [2026-06-08T20:14:39.148+0000] {dagbag.py:545} INFO - Filling up the DagBag from /home/airflow/.local/lib/python3.12/site-packages/airflow/example_dags/example_python_operator.py
[2026-06-08T20:14:39.182+0000] {processor.py:840} INFO - DAG(s) 'example_python_operator' retrieved from /home/airflow/.local/lib/python3.12/site-packages/airflow/example_dags/example_python_operator.py
[2026-06-08T20:14:39.276+0000] {logging_mixin.py:188} INFO - [2026-06-08T20:14:39.276+0000] {dag.py:3096} INFO - Sync 1 DAGs
[2026-06-08T20:14:39.329+0000] {logging_mixin.py:188} INFO - [2026-06-08T20:14:39.328+0000] {dag.py:3954} INFO - Setting next_dagrun for example_python_operator to None, run_after=None
[2026-06-08T20:14:39.436+0000] {processor.py:183} INFO - Processing /home/airflow/.local/lib/python3.12/site-packages/airflow/example_dags/example_python_operator.py took 0.331 seconds
[2026-06-08T20:15:10.384+0000] {processor.py:161} INFO - Started process (PID=835) to work on /home/airflow/.local/lib/python3.12/site-packages/airflow/example_dags/example_python_operator.py
[2026-06-08T20:15:10.386+0000] {processor.py:830} INFO - Processing file /home/airflow/.local/lib/python3.12/site-packages/airflow/example_dags/example_python_operator.py for tasks to queue
[2026-06-08T20:15:10.388+0000] {logging_mixin.py:188} INFO - [2026-06-08T20:15:10.388+0000] {dagbag.py:545} INFO - Filling up the DagBag from /home/airflow/.local/lib/python3.12/site-packages/airflow/example_dags/example_python_operator.py
[2026-06-08T20:15:10.402+0000] {processor.py:840} INFO - DAG(s) 'example_python_operator' retrieved from /home/airflow/.local/lib/python3.12/site-packages/airflow/example_dags/example_python_operator.py
[2026-06-08T20:15:10.442+0000] {logging_mixin.py:188} INFO - [2026-06-08T20:15:10.442+0000] {dag.py:3096} INFO - Sync 1 DAGs
[2026-06-08T20:15:10.460+0000] {logging_mixin.py:188} INFO - [2026-06-08T20:15:10.460+0000] {dag.py:3954} INFO - Setting next_dagrun for example_python_operator to None, run_after=None
[2026-06-08T20:15:10.482+0000] {processor.py:183} INFO - Processing /home/airflow/.local/lib/python3.12/site-packages/airflow/example_dags/example_python_operator.py took 0.105 seconds
[2026-06-08T20:15:41.048+0000] {processor.py:161} INFO - Started process (PID=893) to work on /home/airflow/.local/lib/python3.12/site-packages/airflow/example_dags/example_python_operator.py
[2026-06-08T20:15:41.049+0000] {processor.py:830} INFO - Processing file /home/airflow/.local/lib/python3.12/site-packages/airflow/example_dags/example_python_operator.py for tasks to queue
[2026-06-08T20:15:41.051+0000] {logging_mixin.py:188} INFO - [2026-06-08T20:15:41.050+0000] {dagbag.py:545} INFO - Filling up the DagBag from /home/airflow/.local/lib/python3.12/site-packages/airflow/example_dags/example_python_operator.py
[2026-06-08T20:15:41.073+0000] {processor.py:840} INFO - DAG(s) 'example_python_operator' retrieved from /home/airflow/.local/lib/python3.12/site-packages/airflow/example_dags/example_python_operator.py
[2026-06-08T20:15:41.115+0000] {logging_mixin.py:188} INFO - [2026-06-08T20:15:41.115+0000] {dag.py:3096} INFO - Sync 1 DAGs
[2026-06-08T20:15:41.135+0000] {logging_mixin.py:188} INFO - [2026-06-08T20:15:41.135+0000] {dag.py:3954} INFO - Setting next_dagrun for example_python_operator to None, run_after=None
[2026-06-08T20:15:41.166+0000] {processor.py:183} INFO - Processing /home/airflow/.local/lib/python3.12/site-packages/airflow/example_dags/example_python_operator.py took 0.127 seconds
[2026-06-08T20:16:11.332+0000] {processor.py:161} INFO - Started process (PID=951) to work on /home/airflow/.local/lib/python3.12/site-packages/airflow/example_dags/example_python_operator.py
[2026-06-08T20:16:11.332+0000] {processor.py:830} INFO - Processing file /home/airflow/.local/lib/python3.12/site-packages/airflow/example_dags/example_python_operator.py for tasks to queue
[2026-06-08T20:16:11.335+0000] {logging_mixin.py:188} INFO - [2026-06-08T20:16:11.334+0000] {dagbag.py:545} INFO - Filling up the DagBag from /home/airflow/.local/lib/python3.12/site-packages/airflow/example_dags/example_python_operator.py
[2026-06-08T20:16:11.348+0000] {processor.py:840} INFO - DAG(s) 'example_python_operator' retrieved from /home/airflow/.local/lib/python3.12/site-packages/airflow/example_dags/example_python_operator.py
[2026-06-08T20:16:11.382+0000] {logging_mixin.py:188} INFO - [2026-06-08T20:16:11.381+0000] {dag.py:3096} INFO - Sync 1 DAGs
[2026-06-08T20:16:11.400+0000] {logging_mixin.py:188} INFO - [2026-06-08T20:16:11.399+0000] {dag.py:3954} INFO - Setting next_dagrun for example_python_operator to None, run_after=None
[2026-06-08T20:16:11.421+0000] {processor.py:183} INFO - Processing /home/airflow/.local/lib/python3.12/site-packages/airflow/example_dags/example_python_operator.py took 0.097 seconds
[2026-06-08T20:16:41.692+0000] {processor.py:161} INFO - Started process (PID=1009) to work on /home/airflow/.local/lib/python3.12/site-packages/airflow/example_dags/example_python_operator.py
[2026-06-08T20:16:41.693+0000] {processor.py:830} INFO - Processing file /home/airflow/.local/lib/python3.12/site-packages/airflow/example_dags/example_python_operator.py for tasks to queue
[2026-06-08T20:16:41.695+0000] {logging_mixin.py:188} INFO - [2026-06-08T20:16:41.695+0000] {dagbag.py:545} INFO - Filling up the DagBag from /home/airflow/.local/lib/python3.12/site-packages/airflow/example_dags/example_python_operator.py
[2026-06-08T20:16:41.710+0000] {processor.py:840} INFO - DAG(s) 'example_python_operator' retrieved from /home/airflow/.local/lib/python3.12/site-packages/airflow/example_dags/example_python_operator.py
[2026-06-08T20:16:41.741+0000] {logging_mixin.py:188} INFO - [2026-06-08T20:16:41.741+0000] {dag.py:3096} INFO - Sync 1 DAGs
[2026-06-08T20:16:41.760+0000] {logging_mixin.py:188} INFO - [2026-06-08T20:16:41.759+0000] {dag.py:3954} INFO - Setting next_dagrun for example_python_operator to None, run_after=None
[2026-06-08T20:16:41.782+0000] {processor.py:183} INFO - Processing /home/airflow/.local/lib/python3.12/site-packages/airflow/example_dags/example_python_operator.py took 0.097 seconds
[2026-06-08T20:17:12.192+0000] {processor.py:161} INFO - Started process (PID=1067) to work on /home/airflow/.local/lib/python3.12/site-packages/airflow/example_dags/example_python_operator.py
[2026-06-08T20:17:12.193+0000] {processor.py:830} INFO - Processing file /home/airflow/.local/lib/python3.12/site-packages/airflow/example_dags/example_python_operator.py for tasks to queue
[2026-06-08T20:17:12.195+0000] {logging_mixin.py:188} INFO - [2026-06-08T20:17:12.195+0000] {dagbag.py:545} INFO - Filling up the DagBag from /home/airflow/.local/lib/python3.12/site-packages/airflow/example_dags/example_python_operator.py
[2026-06-08T20:17:12.209+0000] {processor.py:840} INFO - DAG(s) 'example_python_operator' retrieved from /home/airflow/.local/lib/python3.12/site-packages/airflow/example_dags/example_python_operator.py
[2026-06-08T20:17:12.247+0000] {logging_mixin.py:188} INFO - [2026-06-08T20:17:12.247+0000] {dag.py:3096} INFO - Sync 1 DAGs
[2026-06-08T20:17:12.272+0000] {logging_mixin.py:188} INFO - [2026-06-08T20:17:12.272+0000] {dag.py:3954} INFO - Setting next_dagrun for example_python_operator to None, run_after=None
[2026-06-08T20:17:12.334+0000] {processor.py:183} INFO - Processing /home/airflow/.local/lib/python3.12/site-packages/airflow/example_dags/example_python_operator.py took 0.149 seconds
[2026-06-08T20:18:54.382+0000] {processor.py:161} INFO - Started process (PID=77) to work on /home/airflow/.local/lib/python3.12/site-packages/airflow/example_dags/example_python_operator.py
[2026-06-08T20:18:54.387+0000] {processor.py:830} INFO - Processing file /home/airflow/.local/lib/python3.12/site-packages/airflow/example_dags/example_python_operator.py for tasks to queue
[2026-06-08T20:18:54.392+0000] {logging_mixin.py:188} INFO - [2026-06-08T20:18:54.392+0000] {dagbag.py:545} INFO - Filling up the DagBag from /home/airflow/.local/lib/python3.12/site-packages/airflow/example_dags/example_python_operator.py
[2026-06-08T20:18:54.472+0000] {processor.py:840} INFO - DAG(s) 'example_python_operator' retrieved from /home/airflow/.local/lib/python3.12/site-packages/airflow/example_dags/example_python_operator.py
[2026-06-08T20:18:54.935+0000] {logging_mixin.py:188} INFO - [2026-06-08T20:18:54.934+0000] {dag.py:3096} INFO - Sync 1 DAGs
[2026-06-08T20:18:54.951+0000] {logging_mixin.py:188} INFO - [2026-06-08T20:18:54.951+0000] {dag.py:3954} INFO - Setting next_dagrun for example_python_operator to None, run_after=None
[2026-06-08T20:18:55.014+0000] {processor.py:183} INFO - Processing /home/airflow/.local/lib/python3.12/site-packages/airflow/example_dags/example_python_operator.py took 0.656 seconds
[2026-06-08T20:19:25.765+0000] {processor.py:161} INFO - Started process (PID=136) to work on /home/airflow/.local/lib/python3.12/site-packages/airflow/example_dags/example_python_operator.py
[2026-06-08T20:19:25.771+0000] {processor.py:830} INFO - Processing file /home/airflow/.local/lib/python3.12/site-packages/airflow/example_dags/example_python_operator.py for tasks to queue
[2026-06-08T20:19:25.777+0000] {logging_mixin.py:188} INFO - [2026-06-08T20:19:25.777+0000] {dagbag.py:545} INFO - Filling up the DagBag from /home/airflow/.local/lib/python3.12/site-packages/airflow/example_dags/example_python_operator.py
[2026-06-08T20:19:25.828+0000] {processor.py:840} INFO - DAG(s) 'example_python_operator' retrieved from /home/airflow/.local/lib/python3.12/site-packages/airflow/example_dags/example_python_operator.py
[2026-06-08T20:19:25.936+0000] {logging_mixin.py:188} INFO - [2026-06-08T20:19:25.932+0000] {dag.py:3096} INFO - Sync 1 DAGs
[2026-06-08T20:19:25.998+0000] {logging_mixin.py:188} INFO - [2026-06-08T20:19:25.997+0000] {dag.py:3954} INFO - Setting next_dagrun for example_python_operator to None, run_after=None
[2026-06-08T20:19:26.103+0000] {processor.py:183} INFO - Processing /home/airflow/.local/lib/python3.12/site-packages/airflow/example_dags/example_python_operator.py took 0.357 seconds
[2026-06-08T20:19:56.644+0000] {processor.py:161} INFO - Started process (PID=195) to work on /home/airflow/.local/lib/python3.12/site-packages/airflow/example_dags/example_python_operator.py
[2026-06-08T20:19:56.649+0000] {processor.py:830} INFO - Processing file /home/airflow/.local/lib/python3.12/site-packages/airflow/example_dags/example_python_operator.py for tasks to queue
[2026-06-08T20:19:56.652+0000] {logging_mixin.py:188} INFO - [2026-06-08T20:19:56.652+0000] {dagbag.py:545} INFO - Filling up the DagBag from /home/airflow/.local/lib/python3.12/site-packages/airflow/example_dags/example_python_operator.py
[2026-06-08T20:19:56.674+0000] {processor.py:840} INFO - DAG(s) 'example_python_operator' retrieved from /home/airflow/.local/lib/python3.12/site-packages/airflow/example_dags/example_python_operator.py
[2026-06-08T20:19:56.741+0000] {logging_mixin.py:188} INFO - [2026-06-08T20:19:56.740+0000] {dag.py:3096} INFO - Sync 1 DAGs
[2026-06-08T20:19:56.759+0000] {logging_mixin.py:188} INFO - [2026-06-08T20:19:56.759+0000] {dag.py:3954} INFO - Setting next_dagrun for example_python_operator to None, run_after=None
[2026-06-08T20:19:56.805+0000] {processor.py:183} INFO - Processing /home/airflow/.local/lib/python3.12/site-packages/airflow/example_dags/example_python_operator.py took 0.187 seconds
[2026-06-08T20:20:27.482+0000] {processor.py:161} INFO - Started process (PID=253) to work on /home/airflow/.local/lib/python3.12/site-packages/airflow/example_dags/example_python_operator.py
[2026-06-08T20:20:27.485+0000] {processor.py:830} INFO - Processing file /home/airflow/.local/lib/python3.12/site-packages/airflow/example_dags/example_python_operator.py for tasks to queue
[2026-06-08T20:20:27.489+0000] {logging_mixin.py:188} INFO - [2026-06-08T20:20:27.487+0000] {dagbag.py:545} INFO - Filling up the DagBag from /home/airflow/.local/lib/python3.12/site-packages/airflow/example_dags/example_python_operator.py
[2026-06-08T20:20:27.529+0000] {processor.py:840} INFO - DAG(s) 'example_python_operator' retrieved from /home/airflow/.local/lib/python3.12/site-packages/airflow/example_dags/example_python_operator.py
[2026-06-08T20:20:27.580+0000] {logging_mixin.py:188} INFO - [2026-06-08T20:20:27.579+0000] {dag.py:3096} INFO - Sync 1 DAGs
[2026-06-08T20:20:27.600+0000] {logging_mixin.py:188} INFO - [2026-06-08T20:20:27.599+0000] {dag.py:3954} INFO - Setting next_dagrun for example_python_operator to None, run_after=None
[2026-06-08T20:20:27.685+0000] {processor.py:183} INFO - Processing /home/airflow/.local/lib/python3.12/site-packages/airflow/example_dags/example_python_operator.py took 0.215 seconds
[2026-06-08T20:20:58.125+0000] {processor.py:161} INFO - Started process (PID=312) to work on /home/airflow/.local/lib/python3.12/site-packages/airflow/example_dags/example_python_operator.py
[2026-06-08T20:20:58.126+0000] {processor.py:830} INFO - Processing file /home/airflow/.local/lib/python3.12/site-packages/airflow/example_dags/example_python_operator.py for tasks to queue
[2026-06-08T20:20:58.128+0000] {logging_mixin.py:188} INFO - [2026-06-08T20:20:58.127+0000] {dagbag.py:545} INFO - Filling up the DagBag from /home/airflow/.local/lib/python3.12/site-packages/airflow/example_dags/example_python_operator.py
[2026-06-08T20:20:58.141+0000] {processor.py:840} INFO - DAG(s) 'example_python_operator' retrieved from /home/airflow/.local/lib/python3.12/site-packages/airflow/example_dags/example_python_operator.py
[2026-06-08T20:20:58.172+0000] {logging_mixin.py:188} INFO - [2026-06-08T20:20:58.171+0000] {dag.py:3096} INFO - Sync 1 DAGs
[2026-06-08T20:20:58.187+0000] {logging_mixin.py:188} INFO - [2026-06-08T20:20:58.187+0000] {dag.py:3954} INFO - Setting next_dagrun for example_python_operator to None, run_after=None
[2026-06-08T20:20:58.210+0000] {processor.py:183} INFO - Processing /home/airflow/.local/lib/python3.12/site-packages/airflow/example_dags/example_python_operator.py took 0.092 seconds
[2026-06-08T20:21:28.764+0000] {processor.py:161} INFO - Started process (PID=370) to work on /home/airflow/.local/lib/python3.12/site-packages/airflow/example_dags/example_python_operator.py
[2026-06-08T20:21:28.766+0000] {processor.py:830} INFO - Processing file /home/airflow/.local/lib/python3.12/site-packages/airflow/example_dags/example_python_operator.py for tasks to queue
[2026-06-08T20:21:28.768+0000] {logging_mixin.py:188} INFO - [2026-06-08T20:21:28.768+0000] {dagbag.py:545} INFO - Filling up the DagBag from /home/airflow/.local/lib/python3.12/site-packages/airflow/example_dags/example_python_operator.py
[2026-06-08T20:21:28.786+0000] {processor.py:840} INFO - DAG(s) 'example_python_operator' retrieved from /home/airflow/.local/lib/python3.12/site-packages/airflow/example_dags/example_python_operator.py
[2026-06-08T20:21:28.818+0000] {logging_mixin.py:188} INFO - [2026-06-08T20:21:28.818+0000] {dag.py:3096} INFO - Sync 1 DAGs
[2026-06-08T20:21:28.836+0000] {logging_mixin.py:188} INFO - [2026-06-08T20:21:28.835+0000] {dag.py:3954} INFO - Setting next_dagrun for example_python_operator to None, run_after=None
[2026-06-08T20:21:28.857+0000] {processor.py:183} INFO - Processing /home/airflow/.local/lib/python3.12/site-packages/airflow/example_dags/example_python_operator.py took 0.101 seconds
[2026-06-08T20:21:58.944+0000] {processor.py:161} INFO - Started process (PID=429) to work on /home/airflow/.local/lib/python3.12/site-packages/airflow/example_dags/example_python_operator.py
[2026-06-08T20:21:58.947+0000] {processor.py:830} INFO - Processing file /home/airflow/.local/lib/python3.12/site-packages/airflow/example_dags/example_python_operator.py for tasks to queue
[2026-06-08T20:21:58.949+0000] {logging_mixin.py:188} INFO - [2026-06-08T20:21:58.949+0000] {dagbag.py:545} INFO - Filling up the DagBag from /home/airflow/.local/lib/python3.12/site-packages/airflow/example_dags/example_python_operator.py
[2026-06-08T20:21:58.970+0000] {processor.py:840} INFO - DAG(s) 'example_python_operator' retrieved from /home/airflow/.local/lib/python3.12/site-packages/airflow/example_dags/example_python_operator.py
[2026-06-08T20:21:59.032+0000] {logging_mixin.py:188} INFO - [2026-06-08T20:21:59.032+0000] {dag.py:3096} INFO - Sync 1 DAGs
[2026-06-08T20:21:59.050+0000] {logging_mixin.py:188} INFO - [2026-06-08T20:21:59.050+0000] {dag.py:3954} INFO - Setting next_dagrun for example_python_operator to None, run_after=None
[2026-06-08T20:21:59.077+0000] {processor.py:183} INFO - Processing /home/airflow/.local/lib/python3.12/site-packages/airflow/example_dags/example_python_operator.py took 0.154 seconds
[2026-06-08T20:22:29.489+0000] {processor.py:161} INFO - Started process (PID=488) to work on /home/airflow/.local/lib/python3.12/site-packages/airflow/example_dags/example_python_operator.py
[2026-06-08T20:22:29.490+0000] {processor.py:830} INFO - Processing file /home/airflow/.local/lib/python3.12/site-packages/airflow/example_dags/example_python_operator.py for tasks to queue
[2026-06-08T20:22:29.492+0000] {logging_mixin.py:188} INFO - [2026-06-08T20:22:29.492+0000] {dagbag.py:545} INFO - Filling up the DagBag from /home/airflow/.local/lib/python3.12/site-packages/airflow/example_dags/example_python_operator.py
[2026-06-08T20:22:29.515+0000] {processor.py:840} INFO - DAG(s) 'example_python_operator' retrieved from /home/airflow/.local/lib/python3.12/site-packages/airflow/example_dags/example_python_operator.py
[2026-06-08T20:22:29.567+0000] {logging_mixin.py:188} INFO - [2026-06-08T20:22:29.567+0000] {dag.py:3096} INFO - Sync 1 DAGs
[2026-06-08T20:22:29.584+0000] {logging_mixin.py:188} INFO - [2026-06-08T20:22:29.584+0000] {dag.py:3954} INFO - Setting next_dagrun for example_python_operator to None, run_after=None
[2026-06-08T20:22:29.608+0000] {processor.py:183} INFO - Processing /home/airflow/.local/lib/python3.12/site-packages/airflow/example_dags/example_python_operator.py took 0.128 seconds
[2026-06-08T20:23:00.412+0000] {processor.py:161} INFO - Started process (PID=547) to work on /home/airflow/.local/lib/python3.12/site-packages/airflow/example_dags/example_python_operator.py
[2026-06-08T20:23:00.413+0000] {processor.py:830} INFO - Processing file /home/airflow/.local/lib/python3.12/site-packages/airflow/example_dags/example_python_operator.py for tasks to queue
[2026-06-08T20:23:00.416+0000] {logging_mixin.py:188} INFO - [2026-06-08T20:23:00.415+0000] {dagbag.py:545} INFO - Filling up the DagBag from /home/airflow/.local/lib/python3.12/site-packages/airflow/example_dags/example_python_operator.py
[2026-06-08T20:23:00.428+0000] {processor.py:840} INFO - DAG(s) 'example_python_operator' retrieved from /home/airflow/.local/lib/python3.12/site-packages/airflow/example_dags/example_python_operator.py
[2026-06-08T20:23:00.544+0000] {logging_mixin.py:188} INFO - [2026-06-08T20:23:00.543+0000] {dag.py:3096} INFO - Sync 1 DAGs
[2026-06-08T20:23:00.577+0000] {logging_mixin.py:188} INFO - [2026-06-08T20:23:00.577+0000] {dag.py:3954} INFO - Setting next_dagrun for example_python_operator to None, run_after=None
[2026-06-08T20:23:00.635+0000] {processor.py:183} INFO - Processing /home/airflow/.local/lib/python3.12/site-packages/airflow/example_dags/example_python_operator.py took 0.237 seconds
[2026-06-08T20:23:31.577+0000] {processor.py:161} INFO - Started process (PID=606) to work on /home/airflow/.local/lib/python3.12/site-packages/airflow/example_dags/example_python_operator.py
[2026-06-08T20:23:31.580+0000] {processor.py:830} INFO - Processing file /home/airflow/.local/lib/python3.12/site-packages/airflow/example_dags/example_python_operator.py for tasks to queue
[2026-06-08T20:23:31.588+0000] {logging_mixin.py:188} INFO - [2026-06-08T20:23:31.588+0000] {dagbag.py:545} INFO - Filling up the DagBag from /home/airflow/.local/lib/python3.12/site-packages/airflow/example_dags/example_python_operator.py
[2026-06-08T20:23:31.641+0000] {processor.py:840} INFO - DAG(s) 'example_python_operator' retrieved from /home/airflow/.local/lib/python3.12/site-packages/airflow/example_dags/example_python_operator.py
[2026-06-08T20:23:31.740+0000] {logging_mixin.py:188} INFO - [2026-06-08T20:23:31.740+0000] {dag.py:3096} INFO - Sync 1 DAGs
[2026-06-08T20:23:31.791+0000] {logging_mixin.py:188} INFO - [2026-06-08T20:23:31.791+0000] {dag.py:3954} INFO - Setting next_dagrun for example_python_operator to None, run_after=None
[2026-06-08T20:23:31.881+0000] {processor.py:183} INFO - Processing /home/airflow/.local/lib/python3.12/site-packages/airflow/example_dags/example_python_operator.py took 0.324 seconds
