[2026-06-08T20:03:44.164+0000] {processor.py:161} INFO - Started process (PID=79) to work on /home/airflow/.local/lib/python3.12/site-packages/airflow/example_dags/example_latest_only_with_trigger.py
[2026-06-08T20:03:44.165+0000] {processor.py:830} INFO - Processing file /home/airflow/.local/lib/python3.12/site-packages/airflow/example_dags/example_latest_only_with_trigger.py for tasks to queue
[2026-06-08T20:03:44.176+0000] {logging_mixin.py:188} INFO - [2026-06-08T20:03:44.176+0000] {dagbag.py:545} INFO - Filling up the DagBag from /home/airflow/.local/lib/python3.12/site-packages/airflow/example_dags/example_latest_only_with_trigger.py
[2026-06-08T20:03:44.213+0000] {processor.py:840} INFO - DAG(s) 'latest_only_with_trigger' retrieved from /home/airflow/.local/lib/python3.12/site-packages/airflow/example_dags/example_latest_only_with_trigger.py
[2026-06-08T20:03:44.616+0000] {logging_mixin.py:188} INFO - [2026-06-08T20:03:44.616+0000] {dag.py:3096} INFO - Sync 1 DAGs
[2026-06-08T20:03:44.740+0000] {logging_mixin.py:188} INFO - [2026-06-08T20:03:44.740+0000] {dag.py:3954} INFO - Setting next_dagrun for latest_only_with_trigger to 2026-06-08 16:00:00+00:00, run_after=2026-06-08 20:00:00+00:00
[2026-06-08T20:03:44.818+0000] {processor.py:183} INFO - Processing /home/airflow/.local/lib/python3.12/site-packages/airflow/example_dags/example_latest_only_with_trigger.py took 0.685 seconds
[2026-06-08T20:04:15.365+0000] {processor.py:161} INFO - Started process (PID=137) to work on /home/airflow/.local/lib/python3.12/site-packages/airflow/example_dags/example_latest_only_with_trigger.py
[2026-06-08T20:04:15.403+0000] {processor.py:830} INFO - Processing file /home/airflow/.local/lib/python3.12/site-packages/airflow/example_dags/example_latest_only_with_trigger.py for tasks to queue
[2026-06-08T20:04:15.414+0000] {logging_mixin.py:188} INFO - [2026-06-08T20:04:15.411+0000] {dagbag.py:545} INFO - Filling up the DagBag from /home/airflow/.local/lib/python3.12/site-packages/airflow/example_dags/example_latest_only_with_trigger.py
[2026-06-08T20:04:15.446+0000] {processor.py:840} INFO - DAG(s) 'latest_only_with_trigger' retrieved from /home/airflow/.local/lib/python3.12/site-packages/airflow/example_dags/example_latest_only_with_trigger.py
[2026-06-08T20:04:15.566+0000] {logging_mixin.py:188} INFO - [2026-06-08T20:04:15.564+0000] {dag.py:3096} INFO - Sync 1 DAGs
[2026-06-08T20:04:15.653+0000] {logging_mixin.py:188} INFO - [2026-06-08T20:04:15.652+0000] {dag.py:3954} INFO - Setting next_dagrun for latest_only_with_trigger to 2026-06-08 16:00:00+00:00, run_after=2026-06-08 20:00:00+00:00
[2026-06-08T20:04:15.959+0000] {processor.py:183} INFO - Processing /home/airflow/.local/lib/python3.12/site-packages/airflow/example_dags/example_latest_only_with_trigger.py took 0.715 seconds
[2026-06-08T20:04:46.443+0000] {processor.py:161} INFO - Started process (PID=195) to work on /home/airflow/.local/lib/python3.12/site-packages/airflow/example_dags/example_latest_only_with_trigger.py
[2026-06-08T20:04:46.448+0000] {processor.py:830} INFO - Processing file /home/airflow/.local/lib/python3.12/site-packages/airflow/example_dags/example_latest_only_with_trigger.py for tasks to queue
[2026-06-08T20:04:46.454+0000] {logging_mixin.py:188} INFO - [2026-06-08T20:04:46.454+0000] {dagbag.py:545} INFO - Filling up the DagBag from /home/airflow/.local/lib/python3.12/site-packages/airflow/example_dags/example_latest_only_with_trigger.py
[2026-06-08T20:04:46.481+0000] {processor.py:840} INFO - DAG(s) 'latest_only_with_trigger' retrieved from /home/airflow/.local/lib/python3.12/site-packages/airflow/example_dags/example_latest_only_with_trigger.py
[2026-06-08T20:04:46.563+0000] {logging_mixin.py:188} INFO - [2026-06-08T20:04:46.562+0000] {dag.py:3096} INFO - Sync 1 DAGs
[2026-06-08T20:04:46.661+0000] {logging_mixin.py:188} INFO - [2026-06-08T20:04:46.657+0000] {dag.py:3954} INFO - Setting next_dagrun for latest_only_with_trigger to 2026-06-08 16:00:00+00:00, run_after=2026-06-08 20:00:00+00:00
[2026-06-08T20:04:46.808+0000] {processor.py:183} INFO - Processing /home/airflow/.local/lib/python3.12/site-packages/airflow/example_dags/example_latest_only_with_trigger.py took 0.390 seconds
[2026-06-08T20:05:17.100+0000] {processor.py:161} INFO - Started process (PID=253) to work on /home/airflow/.local/lib/python3.12/site-packages/airflow/example_dags/example_latest_only_with_trigger.py
[2026-06-08T20:05:17.101+0000] {processor.py:830} INFO - Processing file /home/airflow/.local/lib/python3.12/site-packages/airflow/example_dags/example_latest_only_with_trigger.py for tasks to queue
[2026-06-08T20:05:17.103+0000] {logging_mixin.py:188} INFO - [2026-06-08T20:05:17.103+0000] {dagbag.py:545} INFO - Filling up the DagBag from /home/airflow/.local/lib/python3.12/site-packages/airflow/example_dags/example_latest_only_with_trigger.py
[2026-06-08T20:05:17.116+0000] {processor.py:840} INFO - DAG(s) 'latest_only_with_trigger' retrieved from /home/airflow/.local/lib/python3.12/site-packages/airflow/example_dags/example_latest_only_with_trigger.py
[2026-06-08T20:05:17.153+0000] {logging_mixin.py:188} INFO - [2026-06-08T20:05:17.152+0000] {dag.py:3096} INFO - Sync 1 DAGs
[2026-06-08T20:05:17.185+0000] {logging_mixin.py:188} INFO - [2026-06-08T20:05:17.185+0000] {dag.py:3954} INFO - Setting next_dagrun for latest_only_with_trigger to 2026-06-08 16:00:00+00:00, run_after=2026-06-08 20:00:00+00:00
[2026-06-08T20:05:17.208+0000] {processor.py:183} INFO - Processing /home/airflow/.local/lib/python3.12/site-packages/airflow/example_dags/example_latest_only_with_trigger.py took 0.115 seconds
[2026-06-08T20:05:48.009+0000] {processor.py:161} INFO - Started process (PID=311) to work on /home/airflow/.local/lib/python3.12/site-packages/airflow/example_dags/example_latest_only_with_trigger.py
[2026-06-08T20:05:48.016+0000] {processor.py:830} INFO - Processing file /home/airflow/.local/lib/python3.12/site-packages/airflow/example_dags/example_latest_only_with_trigger.py for tasks to queue
[2026-06-08T20:05:48.034+0000] {logging_mixin.py:188} INFO - [2026-06-08T20:05:48.032+0000] {dagbag.py:545} INFO - Filling up the DagBag from /home/airflow/.local/lib/python3.12/site-packages/airflow/example_dags/example_latest_only_with_trigger.py
[2026-06-08T20:05:48.060+0000] {processor.py:840} INFO - DAG(s) 'latest_only_with_trigger' retrieved from /home/airflow/.local/lib/python3.12/site-packages/airflow/example_dags/example_latest_only_with_trigger.py
[2026-06-08T20:05:48.136+0000] {logging_mixin.py:188} INFO - [2026-06-08T20:05:48.136+0000] {dag.py:3096} INFO - Sync 1 DAGs
[2026-06-08T20:05:48.231+0000] {logging_mixin.py:188} INFO - [2026-06-08T20:05:48.229+0000] {dag.py:3954} INFO - Setting next_dagrun for latest_only_with_trigger to 2026-06-08 16:00:00+00:00, run_after=2026-06-08 20:00:00+00:00
[2026-06-08T20:05:48.321+0000] {processor.py:183} INFO - Processing /home/airflow/.local/lib/python3.12/site-packages/airflow/example_dags/example_latest_only_with_trigger.py took 0.414 seconds
[2026-06-08T20:06:18.410+0000] {processor.py:161} INFO - Started process (PID=369) to work on /home/airflow/.local/lib/python3.12/site-packages/airflow/example_dags/example_latest_only_with_trigger.py
[2026-06-08T20:06:18.411+0000] {processor.py:830} INFO - Processing file /home/airflow/.local/lib/python3.12/site-packages/airflow/example_dags/example_latest_only_with_trigger.py for tasks to queue
[2026-06-08T20:06:18.414+0000] {logging_mixin.py:188} INFO - [2026-06-08T20:06:18.413+0000] {dagbag.py:545} INFO - Filling up the DagBag from /home/airflow/.local/lib/python3.12/site-packages/airflow/example_dags/example_latest_only_with_trigger.py
[2026-06-08T20:06:18.421+0000] {processor.py:840} INFO - DAG(s) 'latest_only_with_trigger' retrieved from /home/airflow/.local/lib/python3.12/site-packages/airflow/example_dags/example_latest_only_with_trigger.py
[2026-06-08T20:06:18.449+0000] {logging_mixin.py:188} INFO - [2026-06-08T20:06:18.449+0000] {dag.py:3096} INFO - Sync 1 DAGs
[2026-06-08T20:06:18.480+0000] {logging_mixin.py:188} INFO - [2026-06-08T20:06:18.479+0000] {dag.py:3954} INFO - Setting next_dagrun for latest_only_with_trigger to 2026-06-08 16:00:00+00:00, run_after=2026-06-08 20:00:00+00:00
[2026-06-08T20:06:18.501+0000] {processor.py:183} INFO - Processing /home/airflow/.local/lib/python3.12/site-packages/airflow/example_dags/example_latest_only_with_trigger.py took 0.098 seconds
[2026-06-08T20:06:49.048+0000] {processor.py:161} INFO - Started process (PID=425) to work on /home/airflow/.local/lib/python3.12/site-packages/airflow/example_dags/example_latest_only_with_trigger.py
[2026-06-08T20:06:49.049+0000] {processor.py:830} INFO - Processing file /home/airflow/.local/lib/python3.12/site-packages/airflow/example_dags/example_latest_only_with_trigger.py for tasks to queue
[2026-06-08T20:06:49.051+0000] {logging_mixin.py:188} INFO - [2026-06-08T20:06:49.051+0000] {dagbag.py:545} INFO - Filling up the DagBag from /home/airflow/.local/lib/python3.12/site-packages/airflow/example_dags/example_latest_only_with_trigger.py
[2026-06-08T20:06:49.058+0000] {processor.py:840} INFO - DAG(s) 'latest_only_with_trigger' retrieved from /home/airflow/.local/lib/python3.12/site-packages/airflow/example_dags/example_latest_only_with_trigger.py
[2026-06-08T20:06:49.092+0000] {logging_mixin.py:188} INFO - [2026-06-08T20:06:49.092+0000] {dag.py:3096} INFO - Sync 1 DAGs
[2026-06-08T20:06:49.124+0000] {logging_mixin.py:188} INFO - [2026-06-08T20:06:49.123+0000] {dag.py:3954} INFO - Setting next_dagrun for latest_only_with_trigger to 2026-06-08 16:00:00+00:00, run_after=2026-06-08 20:00:00+00:00
[2026-06-08T20:06:49.145+0000] {processor.py:183} INFO - Processing /home/airflow/.local/lib/python3.12/site-packages/airflow/example_dags/example_latest_only_with_trigger.py took 0.104 seconds
[2026-06-08T20:08:23.155+0000] {processor.py:161} INFO - Started process (PID=72) to work on /home/airflow/.local/lib/python3.12/site-packages/airflow/example_dags/example_latest_only_with_trigger.py
[2026-06-08T20:08:23.159+0000] {processor.py:830} INFO - Processing file /home/airflow/.local/lib/python3.12/site-packages/airflow/example_dags/example_latest_only_with_trigger.py for tasks to queue
[2026-06-08T20:08:23.165+0000] {logging_mixin.py:188} INFO - [2026-06-08T20:08:23.165+0000] {dagbag.py:545} INFO - Filling up the DagBag from /home/airflow/.local/lib/python3.12/site-packages/airflow/example_dags/example_latest_only_with_trigger.py
[2026-06-08T20:08:23.184+0000] {processor.py:840} INFO - DAG(s) 'latest_only_with_trigger' retrieved from /home/airflow/.local/lib/python3.12/site-packages/airflow/example_dags/example_latest_only_with_trigger.py
[2026-06-08T20:08:23.938+0000] {logging_mixin.py:188} INFO - [2026-06-08T20:08:23.938+0000] {dag.py:3096} INFO - Sync 1 DAGs
[2026-06-08T20:08:24.034+0000] {logging_mixin.py:188} INFO - [2026-06-08T20:08:24.034+0000] {dag.py:3954} INFO - Setting next_dagrun for latest_only_with_trigger to 2026-06-08 16:00:00+00:00, run_after=2026-06-08 20:00:00+00:00
[2026-06-08T20:08:24.122+0000] {processor.py:183} INFO - Processing /home/airflow/.local/lib/python3.12/site-packages/airflow/example_dags/example_latest_only_with_trigger.py took 0.990 seconds
[2026-06-08T20:08:54.479+0000] {processor.py:161} INFO - Started process (PID=135) to work on /home/airflow/.local/lib/python3.12/site-packages/airflow/example_dags/example_latest_only_with_trigger.py
[2026-06-08T20:08:54.480+0000] {processor.py:830} INFO - Processing file /home/airflow/.local/lib/python3.12/site-packages/airflow/example_dags/example_latest_only_with_trigger.py for tasks to queue
[2026-06-08T20:08:54.482+0000] {logging_mixin.py:188} INFO - [2026-06-08T20:08:54.482+0000] {dagbag.py:545} INFO - Filling up the DagBag from /home/airflow/.local/lib/python3.12/site-packages/airflow/example_dags/example_latest_only_with_trigger.py
[2026-06-08T20:08:54.489+0000] {processor.py:840} INFO - DAG(s) 'latest_only_with_trigger' retrieved from /home/airflow/.local/lib/python3.12/site-packages/airflow/example_dags/example_latest_only_with_trigger.py
[2026-06-08T20:08:54.514+0000] {logging_mixin.py:188} INFO - [2026-06-08T20:08:54.514+0000] {dag.py:3096} INFO - Sync 1 DAGs
[2026-06-08T20:08:54.543+0000] {logging_mixin.py:188} INFO - [2026-06-08T20:08:54.543+0000] {dag.py:3954} INFO - Setting next_dagrun for latest_only_with_trigger to 2026-06-08 16:00:00+00:00, run_after=2026-06-08 20:00:00+00:00
[2026-06-08T20:08:54.564+0000] {processor.py:183} INFO - Processing /home/airflow/.local/lib/python3.12/site-packages/airflow/example_dags/example_latest_only_with_trigger.py took 0.096 seconds
[2026-06-08T20:09:25.373+0000] {processor.py:161} INFO - Started process (PID=193) to work on /home/airflow/.local/lib/python3.12/site-packages/airflow/example_dags/example_latest_only_with_trigger.py
[2026-06-08T20:09:25.375+0000] {processor.py:830} INFO - Processing file /home/airflow/.local/lib/python3.12/site-packages/airflow/example_dags/example_latest_only_with_trigger.py for tasks to queue
[2026-06-08T20:09:25.377+0000] {logging_mixin.py:188} INFO - [2026-06-08T20:09:25.377+0000] {dagbag.py:545} INFO - Filling up the DagBag from /home/airflow/.local/lib/python3.12/site-packages/airflow/example_dags/example_latest_only_with_trigger.py
[2026-06-08T20:09:25.384+0000] {processor.py:840} INFO - DAG(s) 'latest_only_with_trigger' retrieved from /home/airflow/.local/lib/python3.12/site-packages/airflow/example_dags/example_latest_only_with_trigger.py
[2026-06-08T20:09:25.423+0000] {logging_mixin.py:188} INFO - [2026-06-08T20:09:25.422+0000] {dag.py:3096} INFO - Sync 1 DAGs
[2026-06-08T20:09:25.454+0000] {logging_mixin.py:188} INFO - [2026-06-08T20:09:25.454+0000] {dag.py:3954} INFO - Setting next_dagrun for latest_only_with_trigger to 2026-06-08 16:00:00+00:00, run_after=2026-06-08 20:00:00+00:00
[2026-06-08T20:09:25.476+0000] {processor.py:183} INFO - Processing /home/airflow/.local/lib/python3.12/site-packages/airflow/example_dags/example_latest_only_with_trigger.py took 0.113 seconds
[2026-06-08T20:09:56.136+0000] {processor.py:161} INFO - Started process (PID=253) to work on /home/airflow/.local/lib/python3.12/site-packages/airflow/example_dags/example_latest_only_with_trigger.py
[2026-06-08T20:09:56.140+0000] {processor.py:830} INFO - Processing file /home/airflow/.local/lib/python3.12/site-packages/airflow/example_dags/example_latest_only_with_trigger.py for tasks to queue
[2026-06-08T20:09:56.143+0000] {logging_mixin.py:188} INFO - [2026-06-08T20:09:56.142+0000] {dagbag.py:545} INFO - Filling up the DagBag from /home/airflow/.local/lib/python3.12/site-packages/airflow/example_dags/example_latest_only_with_trigger.py
[2026-06-08T20:09:56.157+0000] {processor.py:840} INFO - DAG(s) 'latest_only_with_trigger' retrieved from /home/airflow/.local/lib/python3.12/site-packages/airflow/example_dags/example_latest_only_with_trigger.py
[2026-06-08T20:09:56.205+0000] {logging_mixin.py:188} INFO - [2026-06-08T20:09:56.203+0000] {dag.py:3096} INFO - Sync 1 DAGs
[2026-06-08T20:09:56.250+0000] {logging_mixin.py:188} INFO - [2026-06-08T20:09:56.250+0000] {dag.py:3954} INFO - Setting next_dagrun for latest_only_with_trigger to 2026-06-08 16:00:00+00:00, run_after=2026-06-08 20:00:00+00:00
[2026-06-08T20:09:56.305+0000] {processor.py:183} INFO - Processing /home/airflow/.local/lib/python3.12/site-packages/airflow/example_dags/example_latest_only_with_trigger.py took 0.205 seconds
[2026-06-08T20:10:26.766+0000] {processor.py:161} INFO - Started process (PID=311) to work on /home/airflow/.local/lib/python3.12/site-packages/airflow/example_dags/example_latest_only_with_trigger.py
[2026-06-08T20:10:26.766+0000] {processor.py:830} INFO - Processing file /home/airflow/.local/lib/python3.12/site-packages/airflow/example_dags/example_latest_only_with_trigger.py for tasks to queue
[2026-06-08T20:10:26.769+0000] {logging_mixin.py:188} INFO - [2026-06-08T20:10:26.768+0000] {dagbag.py:545} INFO - Filling up the DagBag from /home/airflow/.local/lib/python3.12/site-packages/airflow/example_dags/example_latest_only_with_trigger.py
[2026-06-08T20:10:26.776+0000] {processor.py:840} INFO - DAG(s) 'latest_only_with_trigger' retrieved from /home/airflow/.local/lib/python3.12/site-packages/airflow/example_dags/example_latest_only_with_trigger.py
[2026-06-08T20:10:26.803+0000] {logging_mixin.py:188} INFO - [2026-06-08T20:10:26.803+0000] {dag.py:3096} INFO - Sync 1 DAGs
[2026-06-08T20:10:26.834+0000] {logging_mixin.py:188} INFO - [2026-06-08T20:10:26.833+0000] {dag.py:3954} INFO - Setting next_dagrun for latest_only_with_trigger to 2026-06-08 16:00:00+00:00, run_after=2026-06-08 20:00:00+00:00
[2026-06-08T20:10:26.856+0000] {processor.py:183} INFO - Processing /home/airflow/.local/lib/python3.12/site-packages/airflow/example_dags/example_latest_only_with_trigger.py took 0.101 seconds
[2026-06-08T20:10:57.740+0000] {processor.py:161} INFO - Started process (PID=369) to work on /home/airflow/.local/lib/python3.12/site-packages/airflow/example_dags/example_latest_only_with_trigger.py
[2026-06-08T20:10:57.741+0000] {processor.py:830} INFO - Processing file /home/airflow/.local/lib/python3.12/site-packages/airflow/example_dags/example_latest_only_with_trigger.py for tasks to queue
[2026-06-08T20:10:57.743+0000] {logging_mixin.py:188} INFO - [2026-06-08T20:10:57.743+0000] {dagbag.py:545} INFO - Filling up the DagBag from /home/airflow/.local/lib/python3.12/site-packages/airflow/example_dags/example_latest_only_with_trigger.py
[2026-06-08T20:10:57.762+0000] {processor.py:840} INFO - DAG(s) 'latest_only_with_trigger' retrieved from /home/airflow/.local/lib/python3.12/site-packages/airflow/example_dags/example_latest_only_with_trigger.py
[2026-06-08T20:10:57.815+0000] {logging_mixin.py:188} INFO - [2026-06-08T20:10:57.815+0000] {dag.py:3096} INFO - Sync 1 DAGs
[2026-06-08T20:10:57.892+0000] {logging_mixin.py:188} INFO - [2026-06-08T20:10:57.892+0000] {dag.py:3954} INFO - Setting next_dagrun for latest_only_with_trigger to 2026-06-08 16:00:00+00:00, run_after=2026-06-08 20:00:00+00:00
[2026-06-08T20:10:57.948+0000] {processor.py:183} INFO - Processing /home/airflow/.local/lib/python3.12/site-packages/airflow/example_dags/example_latest_only_with_trigger.py took 0.218 seconds
[2026-06-08T20:11:28.296+0000] {processor.py:161} INFO - Started process (PID=426) to work on /home/airflow/.local/lib/python3.12/site-packages/airflow/example_dags/example_latest_only_with_trigger.py
[2026-06-08T20:11:28.302+0000] {processor.py:830} INFO - Processing file /home/airflow/.local/lib/python3.12/site-packages/airflow/example_dags/example_latest_only_with_trigger.py for tasks to queue
[2026-06-08T20:11:28.309+0000] {logging_mixin.py:188} INFO - [2026-06-08T20:11:28.309+0000] {dagbag.py:545} INFO - Filling up the DagBag from /home/airflow/.local/lib/python3.12/site-packages/airflow/example_dags/example_latest_only_with_trigger.py
[2026-06-08T20:11:28.358+0000] {processor.py:840} INFO - DAG(s) 'latest_only_with_trigger' retrieved from /home/airflow/.local/lib/python3.12/site-packages/airflow/example_dags/example_latest_only_with_trigger.py
[2026-06-08T20:11:28.516+0000] {logging_mixin.py:188} INFO - [2026-06-08T20:11:28.516+0000] {dag.py:3096} INFO - Sync 1 DAGs
[2026-06-08T20:11:28.615+0000] {logging_mixin.py:188} INFO - [2026-06-08T20:11:28.614+0000] {dag.py:3954} INFO - Setting next_dagrun for latest_only_with_trigger to 2026-06-08 16:00:00+00:00, run_after=2026-06-08 20:00:00+00:00
[2026-06-08T20:11:28.684+0000] {processor.py:183} INFO - Processing /home/airflow/.local/lib/python3.12/site-packages/airflow/example_dags/example_latest_only_with_trigger.py took 0.422 seconds
[2026-06-08T20:11:59.193+0000] {processor.py:161} INFO - Started process (PID=485) to work on /home/airflow/.local/lib/python3.12/site-packages/airflow/example_dags/example_latest_only_with_trigger.py
[2026-06-08T20:11:59.193+0000] {processor.py:830} INFO - Processing file /home/airflow/.local/lib/python3.12/site-packages/airflow/example_dags/example_latest_only_with_trigger.py for tasks to queue
[2026-06-08T20:11:59.195+0000] {logging_mixin.py:188} INFO - [2026-06-08T20:11:59.195+0000] {dagbag.py:545} INFO - Filling up the DagBag from /home/airflow/.local/lib/python3.12/site-packages/airflow/example_dags/example_latest_only_with_trigger.py
[2026-06-08T20:11:59.203+0000] {processor.py:840} INFO - DAG(s) 'latest_only_with_trigger' retrieved from /home/airflow/.local/lib/python3.12/site-packages/airflow/example_dags/example_latest_only_with_trigger.py
[2026-06-08T20:11:59.229+0000] {logging_mixin.py:188} INFO - [2026-06-08T20:11:59.229+0000] {dag.py:3096} INFO - Sync 1 DAGs
[2026-06-08T20:11:59.260+0000] {logging_mixin.py:188} INFO - [2026-06-08T20:11:59.260+0000] {dag.py:3954} INFO - Setting next_dagrun for latest_only_with_trigger to 2026-06-08 16:00:00+00:00, run_after=2026-06-08 20:00:00+00:00
[2026-06-08T20:11:59.282+0000] {processor.py:183} INFO - Processing /home/airflow/.local/lib/python3.12/site-packages/airflow/example_dags/example_latest_only_with_trigger.py took 0.097 seconds
[2026-06-08T20:12:29.650+0000] {processor.py:161} INFO - Started process (PID=543) to work on /home/airflow/.local/lib/python3.12/site-packages/airflow/example_dags/example_latest_only_with_trigger.py
[2026-06-08T20:12:29.651+0000] {processor.py:830} INFO - Processing file /home/airflow/.local/lib/python3.12/site-packages/airflow/example_dags/example_latest_only_with_trigger.py for tasks to queue
[2026-06-08T20:12:29.654+0000] {logging_mixin.py:188} INFO - [2026-06-08T20:12:29.654+0000] {dagbag.py:545} INFO - Filling up the DagBag from /home/airflow/.local/lib/python3.12/site-packages/airflow/example_dags/example_latest_only_with_trigger.py
[2026-06-08T20:12:29.662+0000] {processor.py:840} INFO - DAG(s) 'latest_only_with_trigger' retrieved from /home/airflow/.local/lib/python3.12/site-packages/airflow/example_dags/example_latest_only_with_trigger.py
[2026-06-08T20:12:29.694+0000] {logging_mixin.py:188} INFO - [2026-06-08T20:12:29.694+0000] {dag.py:3096} INFO - Sync 1 DAGs
[2026-06-08T20:12:29.723+0000] {logging_mixin.py:188} INFO - [2026-06-08T20:12:29.723+0000] {dag.py:3954} INFO - Setting next_dagrun for latest_only_with_trigger to 2026-06-08 16:00:00+00:00, run_after=2026-06-08 20:00:00+00:00
[2026-06-08T20:12:29.745+0000] {processor.py:183} INFO - Processing /home/airflow/.local/lib/python3.12/site-packages/airflow/example_dags/example_latest_only_with_trigger.py took 0.103 seconds
[2026-06-08T20:12:59.945+0000] {processor.py:161} INFO - Started process (PID=601) to work on /home/airflow/.local/lib/python3.12/site-packages/airflow/example_dags/example_latest_only_with_trigger.py
[2026-06-08T20:12:59.946+0000] {processor.py:830} INFO - Processing file /home/airflow/.local/lib/python3.12/site-packages/airflow/example_dags/example_latest_only_with_trigger.py for tasks to queue
[2026-06-08T20:12:59.950+0000] {logging_mixin.py:188} INFO - [2026-06-08T20:12:59.949+0000] {dagbag.py:545} INFO - Filling up the DagBag from /home/airflow/.local/lib/python3.12/site-packages/airflow/example_dags/example_latest_only_with_trigger.py
[2026-06-08T20:12:59.962+0000] {processor.py:840} INFO - DAG(s) 'latest_only_with_trigger' retrieved from /home/airflow/.local/lib/python3.12/site-packages/airflow/example_dags/example_latest_only_with_trigger.py
[2026-06-08T20:13:00.003+0000] {logging_mixin.py:188} INFO - [2026-06-08T20:13:00.002+0000] {dag.py:3096} INFO - Sync 1 DAGs
[2026-06-08T20:13:00.057+0000] {logging_mixin.py:188} INFO - [2026-06-08T20:13:00.056+0000] {dag.py:3954} INFO - Setting next_dagrun for latest_only_with_trigger to 2026-06-08 16:00:00+00:00, run_after=2026-06-08 20:00:00+00:00
[2026-06-08T20:13:00.161+0000] {processor.py:183} INFO - Processing /home/airflow/.local/lib/python3.12/site-packages/airflow/example_dags/example_latest_only_with_trigger.py took 0.231 seconds
[2026-06-08T20:13:36.420+0000] {processor.py:161} INFO - Started process (PID=658) to work on /home/airflow/.local/lib/python3.12/site-packages/airflow/example_dags/example_latest_only_with_trigger.py
[2026-06-08T20:13:36.438+0000] {processor.py:830} INFO - Processing file /home/airflow/.local/lib/python3.12/site-packages/airflow/example_dags/example_latest_only_with_trigger.py for tasks to queue
[2026-06-08T20:13:36.464+0000] {logging_mixin.py:188} INFO - [2026-06-08T20:13:36.464+0000] {dagbag.py:545} INFO - Filling up the DagBag from /home/airflow/.local/lib/python3.12/site-packages/airflow/example_dags/example_latest_only_with_trigger.py
[2026-06-08T20:13:36.554+0000] {processor.py:840} INFO - DAG(s) 'latest_only_with_trigger' retrieved from /home/airflow/.local/lib/python3.12/site-packages/airflow/example_dags/example_latest_only_with_trigger.py
[2026-06-08T20:13:36.850+0000] {logging_mixin.py:188} INFO - [2026-06-08T20:13:36.842+0000] {dag.py:3096} INFO - Sync 1 DAGs
[2026-06-08T20:13:37.083+0000] {logging_mixin.py:188} INFO - [2026-06-08T20:13:37.075+0000] {dag.py:3954} INFO - Setting next_dagrun for latest_only_with_trigger to 2026-06-08 16:00:00+00:00, run_after=2026-06-08 20:00:00+00:00
[2026-06-08T20:13:37.257+0000] {processor.py:183} INFO - Processing /home/airflow/.local/lib/python3.12/site-packages/airflow/example_dags/example_latest_only_with_trigger.py took 0.883 seconds
[2026-06-08T20:14:07.655+0000] {processor.py:161} INFO - Started process (PID=716) to work on /home/airflow/.local/lib/python3.12/site-packages/airflow/example_dags/example_latest_only_with_trigger.py
[2026-06-08T20:14:07.655+0000] {processor.py:830} INFO - Processing file /home/airflow/.local/lib/python3.12/site-packages/airflow/example_dags/example_latest_only_with_trigger.py for tasks to queue
[2026-06-08T20:14:07.658+0000] {logging_mixin.py:188} INFO - [2026-06-08T20:14:07.657+0000] {dagbag.py:545} INFO - Filling up the DagBag from /home/airflow/.local/lib/python3.12/site-packages/airflow/example_dags/example_latest_only_with_trigger.py
[2026-06-08T20:14:07.665+0000] {processor.py:840} INFO - DAG(s) 'latest_only_with_trigger' retrieved from /home/airflow/.local/lib/python3.12/site-packages/airflow/example_dags/example_latest_only_with_trigger.py
[2026-06-08T20:14:07.692+0000] {logging_mixin.py:188} INFO - [2026-06-08T20:14:07.692+0000] {dag.py:3096} INFO - Sync 1 DAGs
[2026-06-08T20:14:07.723+0000] {logging_mixin.py:188} INFO - [2026-06-08T20:14:07.722+0000] {dag.py:3954} INFO - Setting next_dagrun for latest_only_with_trigger to 2026-06-08 16:00:00+00:00, run_after=2026-06-08 20:00:00+00:00
[2026-06-08T20:14:07.746+0000] {processor.py:183} INFO - Processing /home/airflow/.local/lib/python3.12/site-packages/airflow/example_dags/example_latest_only_with_trigger.py took 0.102 seconds
[2026-06-08T20:14:38.525+0000] {processor.py:161} INFO - Started process (PID=774) to work on /home/airflow/.local/lib/python3.12/site-packages/airflow/example_dags/example_latest_only_with_trigger.py
[2026-06-08T20:14:38.531+0000] {processor.py:830} INFO - Processing file /home/airflow/.local/lib/python3.12/site-packages/airflow/example_dags/example_latest_only_with_trigger.py for tasks to queue
[2026-06-08T20:14:38.545+0000] {logging_mixin.py:188} INFO - [2026-06-08T20:14:38.544+0000] {dagbag.py:545} INFO - Filling up the DagBag from /home/airflow/.local/lib/python3.12/site-packages/airflow/example_dags/example_latest_only_with_trigger.py
[2026-06-08T20:14:38.597+0000] {processor.py:840} INFO - DAG(s) 'latest_only_with_trigger' retrieved from /home/airflow/.local/lib/python3.12/site-packages/airflow/example_dags/example_latest_only_with_trigger.py
[2026-06-08T20:14:38.744+0000] {logging_mixin.py:188} INFO - [2026-06-08T20:14:38.739+0000] {dag.py:3096} INFO - Sync 1 DAGs
[2026-06-08T20:14:38.817+0000] {logging_mixin.py:188} INFO - [2026-06-08T20:14:38.817+0000] {dag.py:3954} INFO - Setting next_dagrun for latest_only_with_trigger to 2026-06-08 16:00:00+00:00, run_after=2026-06-08 20:00:00+00:00
[2026-06-08T20:14:38.901+0000] {processor.py:183} INFO - Processing /home/airflow/.local/lib/python3.12/site-packages/airflow/example_dags/example_latest_only_with_trigger.py took 0.418 seconds
[2026-06-08T20:15:09.230+0000] {processor.py:161} INFO - Started process (PID=832) to work on /home/airflow/.local/lib/python3.12/site-packages/airflow/example_dags/example_latest_only_with_trigger.py
[2026-06-08T20:15:09.231+0000] {processor.py:830} INFO - Processing file /home/airflow/.local/lib/python3.12/site-packages/airflow/example_dags/example_latest_only_with_trigger.py for tasks to queue
[2026-06-08T20:15:09.233+0000] {logging_mixin.py:188} INFO - [2026-06-08T20:15:09.232+0000] {dagbag.py:545} INFO - Filling up the DagBag from /home/airflow/.local/lib/python3.12/site-packages/airflow/example_dags/example_latest_only_with_trigger.py
[2026-06-08T20:15:09.240+0000] {processor.py:840} INFO - DAG(s) 'latest_only_with_trigger' retrieved from /home/airflow/.local/lib/python3.12/site-packages/airflow/example_dags/example_latest_only_with_trigger.py
[2026-06-08T20:15:09.266+0000] {logging_mixin.py:188} INFO - [2026-06-08T20:15:09.266+0000] {dag.py:3096} INFO - Sync 1 DAGs
[2026-06-08T20:15:09.295+0000] {logging_mixin.py:188} INFO - [2026-06-08T20:15:09.295+0000] {dag.py:3954} INFO - Setting next_dagrun for latest_only_with_trigger to 2026-06-08 16:00:00+00:00, run_after=2026-06-08 20:00:00+00:00
[2026-06-08T20:15:09.317+0000] {processor.py:183} INFO - Processing /home/airflow/.local/lib/python3.12/site-packages/airflow/example_dags/example_latest_only_with_trigger.py took 0.102 seconds
[2026-06-08T20:15:39.876+0000] {processor.py:161} INFO - Started process (PID=890) to work on /home/airflow/.local/lib/python3.12/site-packages/airflow/example_dags/example_latest_only_with_trigger.py
[2026-06-08T20:15:39.877+0000] {processor.py:830} INFO - Processing file /home/airflow/.local/lib/python3.12/site-packages/airflow/example_dags/example_latest_only_with_trigger.py for tasks to queue
[2026-06-08T20:15:39.879+0000] {logging_mixin.py:188} INFO - [2026-06-08T20:15:39.878+0000] {dagbag.py:545} INFO - Filling up the DagBag from /home/airflow/.local/lib/python3.12/site-packages/airflow/example_dags/example_latest_only_with_trigger.py
[2026-06-08T20:15:39.886+0000] {processor.py:840} INFO - DAG(s) 'latest_only_with_trigger' retrieved from /home/airflow/.local/lib/python3.12/site-packages/airflow/example_dags/example_latest_only_with_trigger.py
[2026-06-08T20:15:39.912+0000] {logging_mixin.py:188} INFO - [2026-06-08T20:15:39.912+0000] {dag.py:3096} INFO - Sync 1 DAGs
[2026-06-08T20:15:39.943+0000] {logging_mixin.py:188} INFO - [2026-06-08T20:15:39.942+0000] {dag.py:3954} INFO - Setting next_dagrun for latest_only_with_trigger to 2026-06-08 16:00:00+00:00, run_after=2026-06-08 20:00:00+00:00
[2026-06-08T20:15:39.966+0000] {processor.py:183} INFO - Processing /home/airflow/.local/lib/python3.12/site-packages/airflow/example_dags/example_latest_only_with_trigger.py took 0.100 seconds
[2026-06-08T20:16:10.150+0000] {processor.py:161} INFO - Started process (PID=948) to work on /home/airflow/.local/lib/python3.12/site-packages/airflow/example_dags/example_latest_only_with_trigger.py
[2026-06-08T20:16:10.151+0000] {processor.py:830} INFO - Processing file /home/airflow/.local/lib/python3.12/site-packages/airflow/example_dags/example_latest_only_with_trigger.py for tasks to queue
[2026-06-08T20:16:10.153+0000] {logging_mixin.py:188} INFO - [2026-06-08T20:16:10.152+0000] {dagbag.py:545} INFO - Filling up the DagBag from /home/airflow/.local/lib/python3.12/site-packages/airflow/example_dags/example_latest_only_with_trigger.py
[2026-06-08T20:16:10.160+0000] {processor.py:840} INFO - DAG(s) 'latest_only_with_trigger' retrieved from /home/airflow/.local/lib/python3.12/site-packages/airflow/example_dags/example_latest_only_with_trigger.py
[2026-06-08T20:16:10.188+0000] {logging_mixin.py:188} INFO - [2026-06-08T20:16:10.188+0000] {dag.py:3096} INFO - Sync 1 DAGs
[2026-06-08T20:16:10.219+0000] {logging_mixin.py:188} INFO - [2026-06-08T20:16:10.218+0000] {dag.py:3954} INFO - Setting next_dagrun for latest_only_with_trigger to 2026-06-08 16:00:00+00:00, run_after=2026-06-08 20:00:00+00:00
[2026-06-08T20:16:10.243+0000] {processor.py:183} INFO - Processing /home/airflow/.local/lib/python3.12/site-packages/airflow/example_dags/example_latest_only_with_trigger.py took 0.101 seconds
[2026-06-08T20:16:40.411+0000] {processor.py:161} INFO - Started process (PID=1004) to work on /home/airflow/.local/lib/python3.12/site-packages/airflow/example_dags/example_latest_only_with_trigger.py
[2026-06-08T20:16:40.412+0000] {processor.py:830} INFO - Processing file /home/airflow/.local/lib/python3.12/site-packages/airflow/example_dags/example_latest_only_with_trigger.py for tasks to queue
[2026-06-08T20:16:40.414+0000] {logging_mixin.py:188} INFO - [2026-06-08T20:16:40.414+0000] {dagbag.py:545} INFO - Filling up the DagBag from /home/airflow/.local/lib/python3.12/site-packages/airflow/example_dags/example_latest_only_with_trigger.py
[2026-06-08T20:16:40.422+0000] {processor.py:840} INFO - DAG(s) 'latest_only_with_trigger' retrieved from /home/airflow/.local/lib/python3.12/site-packages/airflow/example_dags/example_latest_only_with_trigger.py
[2026-06-08T20:16:40.449+0000] {logging_mixin.py:188} INFO - [2026-06-08T20:16:40.448+0000] {dag.py:3096} INFO - Sync 1 DAGs
[2026-06-08T20:16:40.480+0000] {logging_mixin.py:188} INFO - [2026-06-08T20:16:40.480+0000] {dag.py:3954} INFO - Setting next_dagrun for latest_only_with_trigger to 2026-06-08 16:00:00+00:00, run_after=2026-06-08 20:00:00+00:00
[2026-06-08T20:16:40.504+0000] {processor.py:183} INFO - Processing /home/airflow/.local/lib/python3.12/site-packages/airflow/example_dags/example_latest_only_with_trigger.py took 0.101 seconds
[2026-06-08T20:17:11.327+0000] {processor.py:161} INFO - Started process (PID=1062) to work on /home/airflow/.local/lib/python3.12/site-packages/airflow/example_dags/example_latest_only_with_trigger.py
[2026-06-08T20:17:11.328+0000] {processor.py:830} INFO - Processing file /home/airflow/.local/lib/python3.12/site-packages/airflow/example_dags/example_latest_only_with_trigger.py for tasks to queue
[2026-06-08T20:17:11.330+0000] {logging_mixin.py:188} INFO - [2026-06-08T20:17:11.330+0000] {dagbag.py:545} INFO - Filling up the DagBag from /home/airflow/.local/lib/python3.12/site-packages/airflow/example_dags/example_latest_only_with_trigger.py
[2026-06-08T20:17:11.339+0000] {processor.py:840} INFO - DAG(s) 'latest_only_with_trigger' retrieved from /home/airflow/.local/lib/python3.12/site-packages/airflow/example_dags/example_latest_only_with_trigger.py
[2026-06-08T20:17:11.372+0000] {logging_mixin.py:188} INFO - [2026-06-08T20:17:11.371+0000] {dag.py:3096} INFO - Sync 1 DAGs
[2026-06-08T20:17:11.405+0000] {logging_mixin.py:188} INFO - [2026-06-08T20:17:11.404+0000] {dag.py:3954} INFO - Setting next_dagrun for latest_only_with_trigger to 2026-06-08 16:00:00+00:00, run_after=2026-06-08 20:00:00+00:00
[2026-06-08T20:17:11.428+0000] {processor.py:183} INFO - Processing /home/airflow/.local/lib/python3.12/site-packages/airflow/example_dags/example_latest_only_with_trigger.py took 0.108 seconds
[2026-06-08T20:18:53.173+0000] {processor.py:161} INFO - Started process (PID=74) to work on /home/airflow/.local/lib/python3.12/site-packages/airflow/example_dags/example_latest_only_with_trigger.py
[2026-06-08T20:18:53.174+0000] {processor.py:830} INFO - Processing file /home/airflow/.local/lib/python3.12/site-packages/airflow/example_dags/example_latest_only_with_trigger.py for tasks to queue
[2026-06-08T20:18:53.179+0000] {logging_mixin.py:188} INFO - [2026-06-08T20:18:53.178+0000] {dagbag.py:545} INFO - Filling up the DagBag from /home/airflow/.local/lib/python3.12/site-packages/airflow/example_dags/example_latest_only_with_trigger.py
[2026-06-08T20:18:53.229+0000] {processor.py:840} INFO - DAG(s) 'latest_only_with_trigger' retrieved from /home/airflow/.local/lib/python3.12/site-packages/airflow/example_dags/example_latest_only_with_trigger.py
[2026-06-08T20:18:53.734+0000] {logging_mixin.py:188} INFO - [2026-06-08T20:18:53.734+0000] {dag.py:3096} INFO - Sync 1 DAGs
[2026-06-08T20:18:53.817+0000] {logging_mixin.py:188} INFO - [2026-06-08T20:18:53.817+0000] {dag.py:3954} INFO - Setting next_dagrun for latest_only_with_trigger to 2026-06-08 16:00:00+00:00, run_after=2026-06-08 20:00:00+00:00
[2026-06-08T20:18:53.870+0000] {processor.py:183} INFO - Processing /home/airflow/.local/lib/python3.12/site-packages/airflow/example_dags/example_latest_only_with_trigger.py took 0.711 seconds
[2026-06-08T20:19:24.303+0000] {processor.py:161} INFO - Started process (PID=133) to work on /home/airflow/.local/lib/python3.12/site-packages/airflow/example_dags/example_latest_only_with_trigger.py
[2026-06-08T20:19:24.304+0000] {processor.py:830} INFO - Processing file /home/airflow/.local/lib/python3.12/site-packages/airflow/example_dags/example_latest_only_with_trigger.py for tasks to queue
[2026-06-08T20:19:24.308+0000] {logging_mixin.py:188} INFO - [2026-06-08T20:19:24.307+0000] {dagbag.py:545} INFO - Filling up the DagBag from /home/airflow/.local/lib/python3.12/site-packages/airflow/example_dags/example_latest_only_with_trigger.py
[2026-06-08T20:19:24.316+0000] {processor.py:840} INFO - DAG(s) 'latest_only_with_trigger' retrieved from /home/airflow/.local/lib/python3.12/site-packages/airflow/example_dags/example_latest_only_with_trigger.py
[2026-06-08T20:19:24.354+0000] {logging_mixin.py:188} INFO - [2026-06-08T20:19:24.354+0000] {dag.py:3096} INFO - Sync 1 DAGs
[2026-06-08T20:19:24.447+0000] {logging_mixin.py:188} INFO - [2026-06-08T20:19:24.447+0000] {dag.py:3954} INFO - Setting next_dagrun for latest_only_with_trigger to 2026-06-08 16:00:00+00:00, run_after=2026-06-08 20:00:00+00:00
[2026-06-08T20:19:24.569+0000] {processor.py:183} INFO - Processing /home/airflow/.local/lib/python3.12/site-packages/airflow/example_dags/example_latest_only_with_trigger.py took 0.273 seconds
[2026-06-08T20:19:55.369+0000] {processor.py:161} INFO - Started process (PID=192) to work on /home/airflow/.local/lib/python3.12/site-packages/airflow/example_dags/example_latest_only_with_trigger.py
[2026-06-08T20:19:55.374+0000] {processor.py:830} INFO - Processing file /home/airflow/.local/lib/python3.12/site-packages/airflow/example_dags/example_latest_only_with_trigger.py for tasks to queue
[2026-06-08T20:19:55.379+0000] {logging_mixin.py:188} INFO - [2026-06-08T20:19:55.379+0000] {dagbag.py:545} INFO - Filling up the DagBag from /home/airflow/.local/lib/python3.12/site-packages/airflow/example_dags/example_latest_only_with_trigger.py
[2026-06-08T20:19:55.399+0000] {processor.py:840} INFO - DAG(s) 'latest_only_with_trigger' retrieved from /home/airflow/.local/lib/python3.12/site-packages/airflow/example_dags/example_latest_only_with_trigger.py
[2026-06-08T20:19:55.480+0000] {logging_mixin.py:188} INFO - [2026-06-08T20:19:55.480+0000] {dag.py:3096} INFO - Sync 1 DAGs
[2026-06-08T20:19:55.516+0000] {logging_mixin.py:188} INFO - [2026-06-08T20:19:55.516+0000] {dag.py:3954} INFO - Setting next_dagrun for latest_only_with_trigger to 2026-06-08 16:00:00+00:00, run_after=2026-06-08 20:00:00+00:00
[2026-06-08T20:19:55.539+0000] {processor.py:183} INFO - Processing /home/airflow/.local/lib/python3.12/site-packages/airflow/example_dags/example_latest_only_with_trigger.py took 0.179 seconds
[2026-06-08T20:20:26.244+0000] {processor.py:161} INFO - Started process (PID=250) to work on /home/airflow/.local/lib/python3.12/site-packages/airflow/example_dags/example_latest_only_with_trigger.py
[2026-06-08T20:20:26.247+0000] {processor.py:830} INFO - Processing file /home/airflow/.local/lib/python3.12/site-packages/airflow/example_dags/example_latest_only_with_trigger.py for tasks to queue
[2026-06-08T20:20:26.252+0000] {logging_mixin.py:188} INFO - [2026-06-08T20:20:26.252+0000] {dagbag.py:545} INFO - Filling up the DagBag from /home/airflow/.local/lib/python3.12/site-packages/airflow/example_dags/example_latest_only_with_trigger.py
[2026-06-08T20:20:26.276+0000] {processor.py:840} INFO - DAG(s) 'latest_only_with_trigger' retrieved from /home/airflow/.local/lib/python3.12/site-packages/airflow/example_dags/example_latest_only_with_trigger.py
[2026-06-08T20:20:26.346+0000] {logging_mixin.py:188} INFO - [2026-06-08T20:20:26.346+0000] {dag.py:3096} INFO - Sync 1 DAGs
[2026-06-08T20:20:26.378+0000] {logging_mixin.py:188} INFO - [2026-06-08T20:20:26.378+0000] {dag.py:3954} INFO - Setting next_dagrun for latest_only_with_trigger to 2026-06-08 16:00:00+00:00, run_after=2026-06-08 20:00:00+00:00
[2026-06-08T20:20:26.399+0000] {processor.py:183} INFO - Processing /home/airflow/.local/lib/python3.12/site-packages/airflow/example_dags/example_latest_only_with_trigger.py took 0.162 seconds
[2026-06-08T20:20:56.994+0000] {processor.py:161} INFO - Started process (PID=309) to work on /home/airflow/.local/lib/python3.12/site-packages/airflow/example_dags/example_latest_only_with_trigger.py
[2026-06-08T20:20:56.995+0000] {processor.py:830} INFO - Processing file /home/airflow/.local/lib/python3.12/site-packages/airflow/example_dags/example_latest_only_with_trigger.py for tasks to queue
[2026-06-08T20:20:56.997+0000] {logging_mixin.py:188} INFO - [2026-06-08T20:20:56.997+0000] {dagbag.py:545} INFO - Filling up the DagBag from /home/airflow/.local/lib/python3.12/site-packages/airflow/example_dags/example_latest_only_with_trigger.py
[2026-06-08T20:20:57.004+0000] {processor.py:840} INFO - DAG(s) 'latest_only_with_trigger' retrieved from /home/airflow/.local/lib/python3.12/site-packages/airflow/example_dags/example_latest_only_with_trigger.py
[2026-06-08T20:20:57.031+0000] {logging_mixin.py:188} INFO - [2026-06-08T20:20:57.031+0000] {dag.py:3096} INFO - Sync 1 DAGs
[2026-06-08T20:20:57.061+0000] {logging_mixin.py:188} INFO - [2026-06-08T20:20:57.061+0000] {dag.py:3954} INFO - Setting next_dagrun for latest_only_with_trigger to 2026-06-08 16:00:00+00:00, run_after=2026-06-08 20:00:00+00:00
[2026-06-08T20:20:57.083+0000] {processor.py:183} INFO - Processing /home/airflow/.local/lib/python3.12/site-packages/airflow/example_dags/example_latest_only_with_trigger.py took 0.095 seconds
[2026-06-08T20:21:27.606+0000] {processor.py:161} INFO - Started process (PID=367) to work on /home/airflow/.local/lib/python3.12/site-packages/airflow/example_dags/example_latest_only_with_trigger.py
[2026-06-08T20:21:27.607+0000] {processor.py:830} INFO - Processing file /home/airflow/.local/lib/python3.12/site-packages/airflow/example_dags/example_latest_only_with_trigger.py for tasks to queue
[2026-06-08T20:21:27.610+0000] {logging_mixin.py:188} INFO - [2026-06-08T20:21:27.610+0000] {dagbag.py:545} INFO - Filling up the DagBag from /home/airflow/.local/lib/python3.12/site-packages/airflow/example_dags/example_latest_only_with_trigger.py
[2026-06-08T20:21:27.617+0000] {processor.py:840} INFO - DAG(s) 'latest_only_with_trigger' retrieved from /home/airflow/.local/lib/python3.12/site-packages/airflow/example_dags/example_latest_only_with_trigger.py
[2026-06-08T20:21:27.647+0000] {logging_mixin.py:188} INFO - [2026-06-08T20:21:27.647+0000] {dag.py:3096} INFO - Sync 1 DAGs
[2026-06-08T20:21:27.687+0000] {logging_mixin.py:188} INFO - [2026-06-08T20:21:27.687+0000] {dag.py:3954} INFO - Setting next_dagrun for latest_only_with_trigger to 2026-06-08 16:00:00+00:00, run_after=2026-06-08 20:00:00+00:00
[2026-06-08T20:21:27.715+0000] {processor.py:183} INFO - Processing /home/airflow/.local/lib/python3.12/site-packages/airflow/example_dags/example_latest_only_with_trigger.py took 0.116 seconds
[2026-06-08T20:21:57.793+0000] {processor.py:161} INFO - Started process (PID=426) to work on /home/airflow/.local/lib/python3.12/site-packages/airflow/example_dags/example_latest_only_with_trigger.py
[2026-06-08T20:21:57.794+0000] {processor.py:830} INFO - Processing file /home/airflow/.local/lib/python3.12/site-packages/airflow/example_dags/example_latest_only_with_trigger.py for tasks to queue
[2026-06-08T20:21:57.797+0000] {logging_mixin.py:188} INFO - [2026-06-08T20:21:57.796+0000] {dagbag.py:545} INFO - Filling up the DagBag from /home/airflow/.local/lib/python3.12/site-packages/airflow/example_dags/example_latest_only_with_trigger.py
[2026-06-08T20:21:57.803+0000] {processor.py:840} INFO - DAG(s) 'latest_only_with_trigger' retrieved from /home/airflow/.local/lib/python3.12/site-packages/airflow/example_dags/example_latest_only_with_trigger.py
[2026-06-08T20:21:57.830+0000] {logging_mixin.py:188} INFO - [2026-06-08T20:21:57.830+0000] {dag.py:3096} INFO - Sync 1 DAGs
[2026-06-08T20:21:57.859+0000] {logging_mixin.py:188} INFO - [2026-06-08T20:21:57.859+0000] {dag.py:3954} INFO - Setting next_dagrun for latest_only_with_trigger to 2026-06-08 16:00:00+00:00, run_after=2026-06-08 20:00:00+00:00
[2026-06-08T20:21:57.881+0000] {processor.py:183} INFO - Processing /home/airflow/.local/lib/python3.12/site-packages/airflow/example_dags/example_latest_only_with_trigger.py took 0.094 seconds
[2026-06-08T20:22:28.259+0000] {processor.py:161} INFO - Started process (PID=485) to work on /home/airflow/.local/lib/python3.12/site-packages/airflow/example_dags/example_latest_only_with_trigger.py
[2026-06-08T20:22:28.260+0000] {processor.py:830} INFO - Processing file /home/airflow/.local/lib/python3.12/site-packages/airflow/example_dags/example_latest_only_with_trigger.py for tasks to queue
[2026-06-08T20:22:28.263+0000] {logging_mixin.py:188} INFO - [2026-06-08T20:22:28.262+0000] {dagbag.py:545} INFO - Filling up the DagBag from /home/airflow/.local/lib/python3.12/site-packages/airflow/example_dags/example_latest_only_with_trigger.py
[2026-06-08T20:22:28.269+0000] {processor.py:840} INFO - DAG(s) 'latest_only_with_trigger' retrieved from /home/airflow/.local/lib/python3.12/site-packages/airflow/example_dags/example_latest_only_with_trigger.py
[2026-06-08T20:22:28.320+0000] {logging_mixin.py:188} INFO - [2026-06-08T20:22:28.319+0000] {dag.py:3096} INFO - Sync 1 DAGs
[2026-06-08T20:22:28.393+0000] {logging_mixin.py:188} INFO - [2026-06-08T20:22:28.393+0000] {dag.py:3954} INFO - Setting next_dagrun for latest_only_with_trigger to 2026-06-08 16:00:00+00:00, run_after=2026-06-08 20:00:00+00:00
[2026-06-08T20:22:28.444+0000] {processor.py:183} INFO - Processing /home/airflow/.local/lib/python3.12/site-packages/airflow/example_dags/example_latest_only_with_trigger.py took 0.192 seconds
[2026-06-08T20:22:58.873+0000] {processor.py:161} INFO - Started process (PID=544) to work on /home/airflow/.local/lib/python3.12/site-packages/airflow/example_dags/example_latest_only_with_trigger.py
[2026-06-08T20:22:58.877+0000] {processor.py:830} INFO - Processing file /home/airflow/.local/lib/python3.12/site-packages/airflow/example_dags/example_latest_only_with_trigger.py for tasks to queue
[2026-06-08T20:22:58.883+0000] {logging_mixin.py:188} INFO - [2026-06-08T20:22:58.883+0000] {dagbag.py:545} INFO - Filling up the DagBag from /home/airflow/.local/lib/python3.12/site-packages/airflow/example_dags/example_latest_only_with_trigger.py
[2026-06-08T20:22:58.901+0000] {processor.py:840} INFO - DAG(s) 'latest_only_with_trigger' retrieved from /home/airflow/.local/lib/python3.12/site-packages/airflow/example_dags/example_latest_only_with_trigger.py
[2026-06-08T20:22:58.997+0000] {logging_mixin.py:188} INFO - [2026-06-08T20:22:58.997+0000] {dag.py:3096} INFO - Sync 1 DAGs
[2026-06-08T20:22:59.158+0000] {logging_mixin.py:188} INFO - [2026-06-08T20:22:59.158+0000] {dag.py:3954} INFO - Setting next_dagrun for latest_only_with_trigger to 2026-06-08 16:00:00+00:00, run_after=2026-06-08 20:00:00+00:00
[2026-06-08T20:22:59.278+0000] {processor.py:183} INFO - Processing /home/airflow/.local/lib/python3.12/site-packages/airflow/example_dags/example_latest_only_with_trigger.py took 0.432 seconds
[2026-06-08T20:23:29.358+0000] {processor.py:161} INFO - Started process (PID=603) to work on /home/airflow/.local/lib/python3.12/site-packages/airflow/example_dags/example_latest_only_with_trigger.py
[2026-06-08T20:23:29.359+0000] {processor.py:830} INFO - Processing file /home/airflow/.local/lib/python3.12/site-packages/airflow/example_dags/example_latest_only_with_trigger.py for tasks to queue
[2026-06-08T20:23:29.360+0000] {logging_mixin.py:188} INFO - [2026-06-08T20:23:29.360+0000] {dagbag.py:545} INFO - Filling up the DagBag from /home/airflow/.local/lib/python3.12/site-packages/airflow/example_dags/example_latest_only_with_trigger.py
[2026-06-08T20:23:29.366+0000] {processor.py:840} INFO - DAG(s) 'latest_only_with_trigger' retrieved from /home/airflow/.local/lib/python3.12/site-packages/airflow/example_dags/example_latest_only_with_trigger.py
[2026-06-08T20:23:29.392+0000] {logging_mixin.py:188} INFO - [2026-06-08T20:23:29.391+0000] {dag.py:3096} INFO - Sync 1 DAGs
[2026-06-08T20:23:29.412+0000] {logging_mixin.py:188} INFO - [2026-06-08T20:23:29.412+0000] {dag.py:3954} INFO - Setting next_dagrun for latest_only_with_trigger to 2026-06-08 16:00:00+00:00, run_after=2026-06-08 20:00:00+00:00
[2026-06-08T20:23:29.430+0000] {processor.py:183} INFO - Processing /home/airflow/.local/lib/python3.12/site-packages/airflow/example_dags/example_latest_only_with_trigger.py took 0.078 seconds
