[2026-06-08T20:03:56.985+0000] {processor.py:161} INFO - Started process (PID=110) to work on /home/airflow/.local/lib/python3.12/site-packages/airflow/example_dags/example_branch_labels.py
[2026-06-08T20:03:56.996+0000] {processor.py:830} INFO - Processing file /home/airflow/.local/lib/python3.12/site-packages/airflow/example_dags/example_branch_labels.py for tasks to queue
[2026-06-08T20:03:57.001+0000] {logging_mixin.py:188} INFO - [2026-06-08T20:03:57.000+0000] {dagbag.py:545} INFO - Filling up the DagBag from /home/airflow/.local/lib/python3.12/site-packages/airflow/example_dags/example_branch_labels.py
[2026-06-08T20:03:57.014+0000] {processor.py:840} INFO - DAG(s) 'example_branch_labels' retrieved from /home/airflow/.local/lib/python3.12/site-packages/airflow/example_dags/example_branch_labels.py
[2026-06-08T20:03:57.267+0000] {logging_mixin.py:188} INFO - [2026-06-08T20:03:57.266+0000] {dag.py:3096} INFO - Sync 1 DAGs
[2026-06-08T20:03:57.298+0000] {logging_mixin.py:188} INFO - [2026-06-08T20:03:57.297+0000] {dag.py:3954} INFO - Setting next_dagrun for example_branch_labels to 2026-06-07 00:00:00+00:00, run_after=2026-06-08 00:00:00+00:00
[2026-06-08T20:03:57.318+0000] {processor.py:183} INFO - Processing /home/airflow/.local/lib/python3.12/site-packages/airflow/example_dags/example_branch_labels.py took 0.370 seconds
[2026-06-08T20:04:28.045+0000] {processor.py:161} INFO - Started process (PID=168) to work on /home/airflow/.local/lib/python3.12/site-packages/airflow/example_dags/example_branch_labels.py
[2026-06-08T20:04:28.046+0000] {processor.py:830} INFO - Processing file /home/airflow/.local/lib/python3.12/site-packages/airflow/example_dags/example_branch_labels.py for tasks to queue
[2026-06-08T20:04:28.048+0000] {logging_mixin.py:188} INFO - [2026-06-08T20:04:28.048+0000] {dagbag.py:545} INFO - Filling up the DagBag from /home/airflow/.local/lib/python3.12/site-packages/airflow/example_dags/example_branch_labels.py
[2026-06-08T20:04:28.070+0000] {processor.py:840} INFO - DAG(s) 'example_branch_labels' retrieved from /home/airflow/.local/lib/python3.12/site-packages/airflow/example_dags/example_branch_labels.py
[2026-06-08T20:04:28.099+0000] {logging_mixin.py:188} INFO - [2026-06-08T20:04:28.099+0000] {dag.py:3096} INFO - Sync 1 DAGs
[2026-06-08T20:04:28.132+0000] {logging_mixin.py:188} INFO - [2026-06-08T20:04:28.132+0000] {dag.py:3954} INFO - Setting next_dagrun for example_branch_labels to 2026-06-07 00:00:00+00:00, run_after=2026-06-08 00:00:00+00:00
[2026-06-08T20:04:28.161+0000] {processor.py:183} INFO - Processing /home/airflow/.local/lib/python3.12/site-packages/airflow/example_dags/example_branch_labels.py took 0.124 seconds
[2026-06-08T20:04:58.956+0000] {processor.py:161} INFO - Started process (PID=226) to work on /home/airflow/.local/lib/python3.12/site-packages/airflow/example_dags/example_branch_labels.py
[2026-06-08T20:04:58.957+0000] {processor.py:830} INFO - Processing file /home/airflow/.local/lib/python3.12/site-packages/airflow/example_dags/example_branch_labels.py for tasks to queue
[2026-06-08T20:04:58.959+0000] {logging_mixin.py:188} INFO - [2026-06-08T20:04:58.959+0000] {dagbag.py:545} INFO - Filling up the DagBag from /home/airflow/.local/lib/python3.12/site-packages/airflow/example_dags/example_branch_labels.py
[2026-06-08T20:04:58.969+0000] {processor.py:840} INFO - DAG(s) 'example_branch_labels' retrieved from /home/airflow/.local/lib/python3.12/site-packages/airflow/example_dags/example_branch_labels.py
[2026-06-08T20:04:59.000+0000] {logging_mixin.py:188} INFO - [2026-06-08T20:04:58.999+0000] {dag.py:3096} INFO - Sync 1 DAGs
[2026-06-08T20:04:59.031+0000] {logging_mixin.py:188} INFO - [2026-06-08T20:04:59.031+0000] {dag.py:3954} INFO - Setting next_dagrun for example_branch_labels to 2026-06-07 00:00:00+00:00, run_after=2026-06-08 00:00:00+00:00
[2026-06-08T20:04:59.051+0000] {processor.py:183} INFO - Processing /home/airflow/.local/lib/python3.12/site-packages/airflow/example_dags/example_branch_labels.py took 0.103 seconds
[2026-06-08T20:05:29.994+0000] {processor.py:161} INFO - Started process (PID=284) to work on /home/airflow/.local/lib/python3.12/site-packages/airflow/example_dags/example_branch_labels.py
[2026-06-08T20:05:29.996+0000] {processor.py:830} INFO - Processing file /home/airflow/.local/lib/python3.12/site-packages/airflow/example_dags/example_branch_labels.py for tasks to queue
[2026-06-08T20:05:29.998+0000] {logging_mixin.py:188} INFO - [2026-06-08T20:05:29.997+0000] {dagbag.py:545} INFO - Filling up the DagBag from /home/airflow/.local/lib/python3.12/site-packages/airflow/example_dags/example_branch_labels.py
[2026-06-08T20:05:30.008+0000] {processor.py:840} INFO - DAG(s) 'example_branch_labels' retrieved from /home/airflow/.local/lib/python3.12/site-packages/airflow/example_dags/example_branch_labels.py
[2026-06-08T20:05:30.036+0000] {logging_mixin.py:188} INFO - [2026-06-08T20:05:30.035+0000] {dag.py:3096} INFO - Sync 1 DAGs
[2026-06-08T20:05:30.068+0000] {logging_mixin.py:188} INFO - [2026-06-08T20:05:30.068+0000] {dag.py:3954} INFO - Setting next_dagrun for example_branch_labels to 2026-06-07 00:00:00+00:00, run_after=2026-06-08 00:00:00+00:00
[2026-06-08T20:05:30.094+0000] {processor.py:183} INFO - Processing /home/airflow/.local/lib/python3.12/site-packages/airflow/example_dags/example_branch_labels.py took 0.108 seconds
[2026-06-08T20:06:00.573+0000] {processor.py:161} INFO - Started process (PID=342) to work on /home/airflow/.local/lib/python3.12/site-packages/airflow/example_dags/example_branch_labels.py
[2026-06-08T20:06:00.579+0000] {processor.py:830} INFO - Processing file /home/airflow/.local/lib/python3.12/site-packages/airflow/example_dags/example_branch_labels.py for tasks to queue
[2026-06-08T20:06:00.584+0000] {logging_mixin.py:188} INFO - [2026-06-08T20:06:00.584+0000] {dagbag.py:545} INFO - Filling up the DagBag from /home/airflow/.local/lib/python3.12/site-packages/airflow/example_dags/example_branch_labels.py
[2026-06-08T20:06:00.620+0000] {processor.py:840} INFO - DAG(s) 'example_branch_labels' retrieved from /home/airflow/.local/lib/python3.12/site-packages/airflow/example_dags/example_branch_labels.py
[2026-06-08T20:06:00.702+0000] {logging_mixin.py:188} INFO - [2026-06-08T20:06:00.701+0000] {dag.py:3096} INFO - Sync 1 DAGs
[2026-06-08T20:06:00.774+0000] {logging_mixin.py:188} INFO - [2026-06-08T20:06:00.774+0000] {dag.py:3954} INFO - Setting next_dagrun for example_branch_labels to 2026-06-07 00:00:00+00:00, run_after=2026-06-08 00:00:00+00:00
[2026-06-08T20:06:00.840+0000] {processor.py:183} INFO - Processing /home/airflow/.local/lib/python3.12/site-packages/airflow/example_dags/example_branch_labels.py took 0.298 seconds
[2026-06-08T20:06:31.532+0000] {processor.py:161} INFO - Started process (PID=400) to work on /home/airflow/.local/lib/python3.12/site-packages/airflow/example_dags/example_branch_labels.py
[2026-06-08T20:06:31.534+0000] {processor.py:830} INFO - Processing file /home/airflow/.local/lib/python3.12/site-packages/airflow/example_dags/example_branch_labels.py for tasks to queue
[2026-06-08T20:06:31.536+0000] {logging_mixin.py:188} INFO - [2026-06-08T20:06:31.536+0000] {dagbag.py:545} INFO - Filling up the DagBag from /home/airflow/.local/lib/python3.12/site-packages/airflow/example_dags/example_branch_labels.py
[2026-06-08T20:06:31.545+0000] {processor.py:840} INFO - DAG(s) 'example_branch_labels' retrieved from /home/airflow/.local/lib/python3.12/site-packages/airflow/example_dags/example_branch_labels.py
[2026-06-08T20:06:31.567+0000] {logging_mixin.py:188} INFO - [2026-06-08T20:06:31.567+0000] {dag.py:3096} INFO - Sync 1 DAGs
[2026-06-08T20:06:31.597+0000] {logging_mixin.py:188} INFO - [2026-06-08T20:06:31.597+0000] {dag.py:3954} INFO - Setting next_dagrun for example_branch_labels to 2026-06-07 00:00:00+00:00, run_after=2026-06-08 00:00:00+00:00
[2026-06-08T20:06:31.617+0000] {processor.py:183} INFO - Processing /home/airflow/.local/lib/python3.12/site-packages/airflow/example_dags/example_branch_labels.py took 0.092 seconds
[2026-06-08T20:07:02.493+0000] {processor.py:161} INFO - Started process (PID=458) to work on /home/airflow/.local/lib/python3.12/site-packages/airflow/example_dags/example_branch_labels.py
[2026-06-08T20:07:02.494+0000] {processor.py:830} INFO - Processing file /home/airflow/.local/lib/python3.12/site-packages/airflow/example_dags/example_branch_labels.py for tasks to queue
[2026-06-08T20:07:02.497+0000] {logging_mixin.py:188} INFO - [2026-06-08T20:07:02.496+0000] {dagbag.py:545} INFO - Filling up the DagBag from /home/airflow/.local/lib/python3.12/site-packages/airflow/example_dags/example_branch_labels.py
[2026-06-08T20:07:02.507+0000] {processor.py:840} INFO - DAG(s) 'example_branch_labels' retrieved from /home/airflow/.local/lib/python3.12/site-packages/airflow/example_dags/example_branch_labels.py
[2026-06-08T20:07:02.534+0000] {logging_mixin.py:188} INFO - [2026-06-08T20:07:02.533+0000] {dag.py:3096} INFO - Sync 1 DAGs
[2026-06-08T20:07:02.565+0000] {logging_mixin.py:188} INFO - [2026-06-08T20:07:02.564+0000] {dag.py:3954} INFO - Setting next_dagrun for example_branch_labels to 2026-06-07 00:00:00+00:00, run_after=2026-06-08 00:00:00+00:00
[2026-06-08T20:07:02.581+0000] {processor.py:183} INFO - Processing /home/airflow/.local/lib/python3.12/site-packages/airflow/example_dags/example_branch_labels.py took 0.095 seconds
[2026-06-08T20:08:34.352+0000] {processor.py:161} INFO - Started process (PID=102) to work on /home/airflow/.local/lib/python3.12/site-packages/airflow/example_dags/example_branch_labels.py
[2026-06-08T20:08:34.355+0000] {processor.py:830} INFO - Processing file /home/airflow/.local/lib/python3.12/site-packages/airflow/example_dags/example_branch_labels.py for tasks to queue
[2026-06-08T20:08:34.359+0000] {logging_mixin.py:188} INFO - [2026-06-08T20:08:34.359+0000] {dagbag.py:545} INFO - Filling up the DagBag from /home/airflow/.local/lib/python3.12/site-packages/airflow/example_dags/example_branch_labels.py
[2026-06-08T20:08:34.371+0000] {processor.py:840} INFO - DAG(s) 'example_branch_labels' retrieved from /home/airflow/.local/lib/python3.12/site-packages/airflow/example_dags/example_branch_labels.py
[2026-06-08T20:08:34.716+0000] {logging_mixin.py:188} INFO - [2026-06-08T20:08:34.715+0000] {dag.py:3096} INFO - Sync 1 DAGs
[2026-06-08T20:08:34.749+0000] {logging_mixin.py:188} INFO - [2026-06-08T20:08:34.748+0000] {dag.py:3954} INFO - Setting next_dagrun for example_branch_labels to 2026-06-07 00:00:00+00:00, run_after=2026-06-08 00:00:00+00:00
[2026-06-08T20:08:34.793+0000] {processor.py:183} INFO - Processing /home/airflow/.local/lib/python3.12/site-packages/airflow/example_dags/example_branch_labels.py took 0.456 seconds
[2026-06-08T20:09:05.455+0000] {processor.py:161} INFO - Started process (PID=160) to work on /home/airflow/.local/lib/python3.12/site-packages/airflow/example_dags/example_branch_labels.py
[2026-06-08T20:09:05.456+0000] {processor.py:830} INFO - Processing file /home/airflow/.local/lib/python3.12/site-packages/airflow/example_dags/example_branch_labels.py for tasks to queue
[2026-06-08T20:09:05.458+0000] {logging_mixin.py:188} INFO - [2026-06-08T20:09:05.457+0000] {dagbag.py:545} INFO - Filling up the DagBag from /home/airflow/.local/lib/python3.12/site-packages/airflow/example_dags/example_branch_labels.py
[2026-06-08T20:09:05.467+0000] {processor.py:840} INFO - DAG(s) 'example_branch_labels' retrieved from /home/airflow/.local/lib/python3.12/site-packages/airflow/example_dags/example_branch_labels.py
[2026-06-08T20:09:05.501+0000] {logging_mixin.py:188} INFO - [2026-06-08T20:09:05.500+0000] {dag.py:3096} INFO - Sync 1 DAGs
[2026-06-08T20:09:05.532+0000] {logging_mixin.py:188} INFO - [2026-06-08T20:09:05.532+0000] {dag.py:3954} INFO - Setting next_dagrun for example_branch_labels to 2026-06-07 00:00:00+00:00, run_after=2026-06-08 00:00:00+00:00
[2026-06-08T20:09:05.572+0000] {processor.py:183} INFO - Processing /home/airflow/.local/lib/python3.12/site-packages/airflow/example_dags/example_branch_labels.py took 0.124 seconds
[2026-06-08T20:09:36.348+0000] {processor.py:161} INFO - Started process (PID=218) to work on /home/airflow/.local/lib/python3.12/site-packages/airflow/example_dags/example_branch_labels.py
[2026-06-08T20:09:36.349+0000] {processor.py:830} INFO - Processing file /home/airflow/.local/lib/python3.12/site-packages/airflow/example_dags/example_branch_labels.py for tasks to queue
[2026-06-08T20:09:36.351+0000] {logging_mixin.py:188} INFO - [2026-06-08T20:09:36.351+0000] {dagbag.py:545} INFO - Filling up the DagBag from /home/airflow/.local/lib/python3.12/site-packages/airflow/example_dags/example_branch_labels.py
[2026-06-08T20:09:36.362+0000] {processor.py:840} INFO - DAG(s) 'example_branch_labels' retrieved from /home/airflow/.local/lib/python3.12/site-packages/airflow/example_dags/example_branch_labels.py
[2026-06-08T20:09:36.427+0000] {logging_mixin.py:188} INFO - [2026-06-08T20:09:36.423+0000] {dag.py:3096} INFO - Sync 1 DAGs
[2026-06-08T20:09:36.494+0000] {logging_mixin.py:188} INFO - [2026-06-08T20:09:36.494+0000] {dag.py:3954} INFO - Setting next_dagrun for example_branch_labels to 2026-06-07 00:00:00+00:00, run_after=2026-06-08 00:00:00+00:00
[2026-06-08T20:09:36.580+0000] {processor.py:183} INFO - Processing /home/airflow/.local/lib/python3.12/site-packages/airflow/example_dags/example_branch_labels.py took 0.239 seconds
[2026-06-08T20:10:06.859+0000] {processor.py:161} INFO - Started process (PID=278) to work on /home/airflow/.local/lib/python3.12/site-packages/airflow/example_dags/example_branch_labels.py
[2026-06-08T20:10:06.860+0000] {processor.py:830} INFO - Processing file /home/airflow/.local/lib/python3.12/site-packages/airflow/example_dags/example_branch_labels.py for tasks to queue
[2026-06-08T20:10:06.862+0000] {logging_mixin.py:188} INFO - [2026-06-08T20:10:06.861+0000] {dagbag.py:545} INFO - Filling up the DagBag from /home/airflow/.local/lib/python3.12/site-packages/airflow/example_dags/example_branch_labels.py
[2026-06-08T20:10:06.873+0000] {processor.py:840} INFO - DAG(s) 'example_branch_labels' retrieved from /home/airflow/.local/lib/python3.12/site-packages/airflow/example_dags/example_branch_labels.py
[2026-06-08T20:10:06.919+0000] {logging_mixin.py:188} INFO - [2026-06-08T20:10:06.919+0000] {dag.py:3096} INFO - Sync 1 DAGs
[2026-06-08T20:10:06.974+0000] {logging_mixin.py:188} INFO - [2026-06-08T20:10:06.973+0000] {dag.py:3954} INFO - Setting next_dagrun for example_branch_labels to 2026-06-07 00:00:00+00:00, run_after=2026-06-08 00:00:00+00:00
[2026-06-08T20:10:07.033+0000] {processor.py:183} INFO - Processing /home/airflow/.local/lib/python3.12/site-packages/airflow/example_dags/example_branch_labels.py took 0.183 seconds
[2026-06-08T20:10:37.805+0000] {processor.py:161} INFO - Started process (PID=336) to work on /home/airflow/.local/lib/python3.12/site-packages/airflow/example_dags/example_branch_labels.py
[2026-06-08T20:10:37.806+0000] {processor.py:830} INFO - Processing file /home/airflow/.local/lib/python3.12/site-packages/airflow/example_dags/example_branch_labels.py for tasks to queue
[2026-06-08T20:10:37.808+0000] {logging_mixin.py:188} INFO - [2026-06-08T20:10:37.808+0000] {dagbag.py:545} INFO - Filling up the DagBag from /home/airflow/.local/lib/python3.12/site-packages/airflow/example_dags/example_branch_labels.py
[2026-06-08T20:10:37.818+0000] {processor.py:840} INFO - DAG(s) 'example_branch_labels' retrieved from /home/airflow/.local/lib/python3.12/site-packages/airflow/example_dags/example_branch_labels.py
[2026-06-08T20:10:37.846+0000] {logging_mixin.py:188} INFO - [2026-06-08T20:10:37.846+0000] {dag.py:3096} INFO - Sync 1 DAGs
[2026-06-08T20:10:37.877+0000] {logging_mixin.py:188} INFO - [2026-06-08T20:10:37.876+0000] {dag.py:3954} INFO - Setting next_dagrun for example_branch_labels to 2026-06-07 00:00:00+00:00, run_after=2026-06-08 00:00:00+00:00
[2026-06-08T20:10:37.901+0000] {processor.py:183} INFO - Processing /home/airflow/.local/lib/python3.12/site-packages/airflow/example_dags/example_branch_labels.py took 0.104 seconds
[2026-06-08T20:11:08.489+0000] {processor.py:161} INFO - Started process (PID=394) to work on /home/airflow/.local/lib/python3.12/site-packages/airflow/example_dags/example_branch_labels.py
[2026-06-08T20:11:08.490+0000] {processor.py:830} INFO - Processing file /home/airflow/.local/lib/python3.12/site-packages/airflow/example_dags/example_branch_labels.py for tasks to queue
[2026-06-08T20:11:08.492+0000] {logging_mixin.py:188} INFO - [2026-06-08T20:11:08.491+0000] {dagbag.py:545} INFO - Filling up the DagBag from /home/airflow/.local/lib/python3.12/site-packages/airflow/example_dags/example_branch_labels.py
[2026-06-08T20:11:08.503+0000] {processor.py:840} INFO - DAG(s) 'example_branch_labels' retrieved from /home/airflow/.local/lib/python3.12/site-packages/airflow/example_dags/example_branch_labels.py
[2026-06-08T20:11:08.531+0000] {logging_mixin.py:188} INFO - [2026-06-08T20:11:08.530+0000] {dag.py:3096} INFO - Sync 1 DAGs
[2026-06-08T20:11:08.562+0000] {logging_mixin.py:188} INFO - [2026-06-08T20:11:08.562+0000] {dag.py:3954} INFO - Setting next_dagrun for example_branch_labels to 2026-06-07 00:00:00+00:00, run_after=2026-06-08 00:00:00+00:00
[2026-06-08T20:11:08.582+0000] {processor.py:183} INFO - Processing /home/airflow/.local/lib/python3.12/site-packages/airflow/example_dags/example_branch_labels.py took 0.101 seconds
[2026-06-08T20:11:38.656+0000] {processor.py:161} INFO - Started process (PID=450) to work on /home/airflow/.local/lib/python3.12/site-packages/airflow/example_dags/example_branch_labels.py
[2026-06-08T20:11:38.657+0000] {processor.py:830} INFO - Processing file /home/airflow/.local/lib/python3.12/site-packages/airflow/example_dags/example_branch_labels.py for tasks to queue
[2026-06-08T20:11:38.659+0000] {logging_mixin.py:188} INFO - [2026-06-08T20:11:38.659+0000] {dagbag.py:545} INFO - Filling up the DagBag from /home/airflow/.local/lib/python3.12/site-packages/airflow/example_dags/example_branch_labels.py
[2026-06-08T20:11:38.668+0000] {processor.py:840} INFO - DAG(s) 'example_branch_labels' retrieved from /home/airflow/.local/lib/python3.12/site-packages/airflow/example_dags/example_branch_labels.py
[2026-06-08T20:11:38.687+0000] {logging_mixin.py:188} INFO - [2026-06-08T20:11:38.687+0000] {dag.py:3096} INFO - Sync 1 DAGs
[2026-06-08T20:11:38.708+0000] {logging_mixin.py:188} INFO - [2026-06-08T20:11:38.708+0000] {dag.py:3954} INFO - Setting next_dagrun for example_branch_labels to 2026-06-07 00:00:00+00:00, run_after=2026-06-08 00:00:00+00:00
[2026-06-08T20:11:38.723+0000] {processor.py:183} INFO - Processing /home/airflow/.local/lib/python3.12/site-packages/airflow/example_dags/example_branch_labels.py took 0.074 seconds
[2026-06-08T20:12:09.224+0000] {processor.py:161} INFO - Started process (PID=509) to work on /home/airflow/.local/lib/python3.12/site-packages/airflow/example_dags/example_branch_labels.py
[2026-06-08T20:12:09.227+0000] {processor.py:830} INFO - Processing file /home/airflow/.local/lib/python3.12/site-packages/airflow/example_dags/example_branch_labels.py for tasks to queue
[2026-06-08T20:12:09.231+0000] {logging_mixin.py:188} INFO - [2026-06-08T20:12:09.231+0000] {dagbag.py:545} INFO - Filling up the DagBag from /home/airflow/.local/lib/python3.12/site-packages/airflow/example_dags/example_branch_labels.py
[2026-06-08T20:12:09.269+0000] {processor.py:840} INFO - DAG(s) 'example_branch_labels' retrieved from /home/airflow/.local/lib/python3.12/site-packages/airflow/example_dags/example_branch_labels.py
[2026-06-08T20:12:09.334+0000] {logging_mixin.py:188} INFO - [2026-06-08T20:12:09.332+0000] {dag.py:3096} INFO - Sync 1 DAGs
[2026-06-08T20:12:09.396+0000] {logging_mixin.py:188} INFO - [2026-06-08T20:12:09.395+0000] {dag.py:3954} INFO - Setting next_dagrun for example_branch_labels to 2026-06-07 00:00:00+00:00, run_after=2026-06-08 00:00:00+00:00
[2026-06-08T20:12:09.420+0000] {processor.py:183} INFO - Processing /home/airflow/.local/lib/python3.12/site-packages/airflow/example_dags/example_branch_labels.py took 0.209 seconds
[2026-06-08T20:12:41.422+0000] {processor.py:161} INFO - Started process (PID=567) to work on /home/airflow/.local/lib/python3.12/site-packages/airflow/example_dags/example_branch_labels.py
[2026-06-08T20:12:41.432+0000] {processor.py:830} INFO - Processing file /home/airflow/.local/lib/python3.12/site-packages/airflow/example_dags/example_branch_labels.py for tasks to queue
[2026-06-08T20:12:41.453+0000] {logging_mixin.py:188} INFO - [2026-06-08T20:12:41.453+0000] {dagbag.py:545} INFO - Filling up the DagBag from /home/airflow/.local/lib/python3.12/site-packages/airflow/example_dags/example_branch_labels.py
[2026-06-08T20:12:41.550+0000] {processor.py:840} INFO - DAG(s) 'example_branch_labels' retrieved from /home/airflow/.local/lib/python3.12/site-packages/airflow/example_dags/example_branch_labels.py
[2026-06-08T20:12:41.716+0000] {logging_mixin.py:188} INFO - [2026-06-08T20:12:41.711+0000] {dag.py:3096} INFO - Sync 1 DAGs
[2026-06-08T20:12:42.016+0000] {logging_mixin.py:188} INFO - [2026-06-08T20:12:42.010+0000] {dag.py:3954} INFO - Setting next_dagrun for example_branch_labels to 2026-06-07 00:00:00+00:00, run_after=2026-06-08 00:00:00+00:00
[2026-06-08T20:12:42.231+0000] {processor.py:183} INFO - Processing /home/airflow/.local/lib/python3.12/site-packages/airflow/example_dags/example_branch_labels.py took 0.850 seconds
[2026-06-08T20:13:12.818+0000] {processor.py:161} INFO - Started process (PID=625) to work on /home/airflow/.local/lib/python3.12/site-packages/airflow/example_dags/example_branch_labels.py
[2026-06-08T20:13:12.821+0000] {processor.py:830} INFO - Processing file /home/airflow/.local/lib/python3.12/site-packages/airflow/example_dags/example_branch_labels.py for tasks to queue
[2026-06-08T20:13:12.825+0000] {logging_mixin.py:188} INFO - [2026-06-08T20:13:12.825+0000] {dagbag.py:545} INFO - Filling up the DagBag from /home/airflow/.local/lib/python3.12/site-packages/airflow/example_dags/example_branch_labels.py
[2026-06-08T20:13:12.858+0000] {processor.py:840} INFO - DAG(s) 'example_branch_labels' retrieved from /home/airflow/.local/lib/python3.12/site-packages/airflow/example_dags/example_branch_labels.py
[2026-06-08T20:13:12.900+0000] {logging_mixin.py:188} INFO - [2026-06-08T20:13:12.900+0000] {dag.py:3096} INFO - Sync 1 DAGs
[2026-06-08T20:13:12.946+0000] {logging_mixin.py:188} INFO - [2026-06-08T20:13:12.946+0000] {dag.py:3954} INFO - Setting next_dagrun for example_branch_labels to 2026-06-07 00:00:00+00:00, run_after=2026-06-08 00:00:00+00:00
[2026-06-08T20:13:13.074+0000] {processor.py:183} INFO - Processing /home/airflow/.local/lib/python3.12/site-packages/airflow/example_dags/example_branch_labels.py took 0.284 seconds
[2026-06-08T20:13:43.610+0000] {processor.py:161} INFO - Started process (PID=682) to work on /home/airflow/.local/lib/python3.12/site-packages/airflow/example_dags/example_branch_labels.py
[2026-06-08T20:13:43.614+0000] {processor.py:830} INFO - Processing file /home/airflow/.local/lib/python3.12/site-packages/airflow/example_dags/example_branch_labels.py for tasks to queue
[2026-06-08T20:13:43.616+0000] {logging_mixin.py:188} INFO - [2026-06-08T20:13:43.616+0000] {dagbag.py:545} INFO - Filling up the DagBag from /home/airflow/.local/lib/python3.12/site-packages/airflow/example_dags/example_branch_labels.py
[2026-06-08T20:13:43.632+0000] {processor.py:840} INFO - DAG(s) 'example_branch_labels' retrieved from /home/airflow/.local/lib/python3.12/site-packages/airflow/example_dags/example_branch_labels.py
[2026-06-08T20:13:43.700+0000] {logging_mixin.py:188} INFO - [2026-06-08T20:13:43.700+0000] {dag.py:3096} INFO - Sync 1 DAGs
[2026-06-08T20:13:43.798+0000] {logging_mixin.py:188} INFO - [2026-06-08T20:13:43.797+0000] {dag.py:3954} INFO - Setting next_dagrun for example_branch_labels to 2026-06-07 00:00:00+00:00, run_after=2026-06-08 00:00:00+00:00
[2026-06-08T20:13:43.826+0000] {processor.py:183} INFO - Processing /home/airflow/.local/lib/python3.12/site-packages/airflow/example_dags/example_branch_labels.py took 0.227 seconds
[2026-06-08T20:14:14.510+0000] {processor.py:161} INFO - Started process (PID=740) to work on /home/airflow/.local/lib/python3.12/site-packages/airflow/example_dags/example_branch_labels.py
[2026-06-08T20:14:14.511+0000] {processor.py:830} INFO - Processing file /home/airflow/.local/lib/python3.12/site-packages/airflow/example_dags/example_branch_labels.py for tasks to queue
[2026-06-08T20:14:14.515+0000] {logging_mixin.py:188} INFO - [2026-06-08T20:14:14.515+0000] {dagbag.py:545} INFO - Filling up the DagBag from /home/airflow/.local/lib/python3.12/site-packages/airflow/example_dags/example_branch_labels.py
[2026-06-08T20:14:14.524+0000] {processor.py:840} INFO - DAG(s) 'example_branch_labels' retrieved from /home/airflow/.local/lib/python3.12/site-packages/airflow/example_dags/example_branch_labels.py
[2026-06-08T20:14:14.553+0000] {logging_mixin.py:188} INFO - [2026-06-08T20:14:14.553+0000] {dag.py:3096} INFO - Sync 1 DAGs
[2026-06-08T20:14:14.586+0000] {logging_mixin.py:188} INFO - [2026-06-08T20:14:14.586+0000] {dag.py:3954} INFO - Setting next_dagrun for example_branch_labels to 2026-06-07 00:00:00+00:00, run_after=2026-06-08 00:00:00+00:00
[2026-06-08T20:14:14.607+0000] {processor.py:183} INFO - Processing /home/airflow/.local/lib/python3.12/site-packages/airflow/example_dags/example_branch_labels.py took 0.104 seconds
[2026-06-08T20:14:44.999+0000] {processor.py:161} INFO - Started process (PID=798) to work on /home/airflow/.local/lib/python3.12/site-packages/airflow/example_dags/example_branch_labels.py
[2026-06-08T20:14:45.000+0000] {processor.py:830} INFO - Processing file /home/airflow/.local/lib/python3.12/site-packages/airflow/example_dags/example_branch_labels.py for tasks to queue
[2026-06-08T20:14:45.002+0000] {logging_mixin.py:188} INFO - [2026-06-08T20:14:45.002+0000] {dagbag.py:545} INFO - Filling up the DagBag from /home/airflow/.local/lib/python3.12/site-packages/airflow/example_dags/example_branch_labels.py
[2026-06-08T20:14:45.010+0000] {processor.py:840} INFO - DAG(s) 'example_branch_labels' retrieved from /home/airflow/.local/lib/python3.12/site-packages/airflow/example_dags/example_branch_labels.py
[2026-06-08T20:14:45.030+0000] {logging_mixin.py:188} INFO - [2026-06-08T20:14:45.030+0000] {dag.py:3096} INFO - Sync 1 DAGs
[2026-06-08T20:14:45.052+0000] {logging_mixin.py:188} INFO - [2026-06-08T20:14:45.052+0000] {dag.py:3954} INFO - Setting next_dagrun for example_branch_labels to 2026-06-07 00:00:00+00:00, run_after=2026-06-08 00:00:00+00:00
[2026-06-08T20:14:45.068+0000] {processor.py:183} INFO - Processing /home/airflow/.local/lib/python3.12/site-packages/airflow/example_dags/example_branch_labels.py took 0.074 seconds
[2026-06-08T20:15:17.076+0000] {processor.py:161} INFO - Started process (PID=856) to work on /home/airflow/.local/lib/python3.12/site-packages/airflow/example_dags/example_branch_labels.py
[2026-06-08T20:15:17.081+0000] {processor.py:830} INFO - Processing file /home/airflow/.local/lib/python3.12/site-packages/airflow/example_dags/example_branch_labels.py for tasks to queue
[2026-06-08T20:15:17.085+0000] {logging_mixin.py:188} INFO - [2026-06-08T20:15:17.085+0000] {dagbag.py:545} INFO - Filling up the DagBag from /home/airflow/.local/lib/python3.12/site-packages/airflow/example_dags/example_branch_labels.py
[2026-06-08T20:15:17.127+0000] {processor.py:840} INFO - DAG(s) 'example_branch_labels' retrieved from /home/airflow/.local/lib/python3.12/site-packages/airflow/example_dags/example_branch_labels.py
[2026-06-08T20:15:17.310+0000] {logging_mixin.py:188} INFO - [2026-06-08T20:15:17.310+0000] {dag.py:3096} INFO - Sync 1 DAGs
[2026-06-08T20:15:17.506+0000] {logging_mixin.py:188} INFO - [2026-06-08T20:15:17.505+0000] {dag.py:3954} INFO - Setting next_dagrun for example_branch_labels to 2026-06-07 00:00:00+00:00, run_after=2026-06-08 00:00:00+00:00
[2026-06-08T20:15:17.632+0000] {processor.py:183} INFO - Processing /home/airflow/.local/lib/python3.12/site-packages/airflow/example_dags/example_branch_labels.py took 0.598 seconds
[2026-06-08T20:15:47.743+0000] {processor.py:161} INFO - Started process (PID=914) to work on /home/airflow/.local/lib/python3.12/site-packages/airflow/example_dags/example_branch_labels.py
[2026-06-08T20:15:47.744+0000] {processor.py:830} INFO - Processing file /home/airflow/.local/lib/python3.12/site-packages/airflow/example_dags/example_branch_labels.py for tasks to queue
[2026-06-08T20:15:47.746+0000] {logging_mixin.py:188} INFO - [2026-06-08T20:15:47.746+0000] {dagbag.py:545} INFO - Filling up the DagBag from /home/airflow/.local/lib/python3.12/site-packages/airflow/example_dags/example_branch_labels.py
[2026-06-08T20:15:47.756+0000] {processor.py:840} INFO - DAG(s) 'example_branch_labels' retrieved from /home/airflow/.local/lib/python3.12/site-packages/airflow/example_dags/example_branch_labels.py
[2026-06-08T20:15:47.785+0000] {logging_mixin.py:188} INFO - [2026-06-08T20:15:47.785+0000] {dag.py:3096} INFO - Sync 1 DAGs
[2026-06-08T20:15:47.816+0000] {logging_mixin.py:188} INFO - [2026-06-08T20:15:47.815+0000] {dag.py:3954} INFO - Setting next_dagrun for example_branch_labels to 2026-06-07 00:00:00+00:00, run_after=2026-06-08 00:00:00+00:00
[2026-06-08T20:15:47.847+0000] {processor.py:183} INFO - Processing /home/airflow/.local/lib/python3.12/site-packages/airflow/example_dags/example_branch_labels.py took 0.112 seconds
[2026-06-08T20:16:18.082+0000] {processor.py:161} INFO - Started process (PID=972) to work on /home/airflow/.local/lib/python3.12/site-packages/airflow/example_dags/example_branch_labels.py
[2026-06-08T20:16:18.083+0000] {processor.py:830} INFO - Processing file /home/airflow/.local/lib/python3.12/site-packages/airflow/example_dags/example_branch_labels.py for tasks to queue
[2026-06-08T20:16:18.085+0000] {logging_mixin.py:188} INFO - [2026-06-08T20:16:18.085+0000] {dagbag.py:545} INFO - Filling up the DagBag from /home/airflow/.local/lib/python3.12/site-packages/airflow/example_dags/example_branch_labels.py
[2026-06-08T20:16:18.095+0000] {processor.py:840} INFO - DAG(s) 'example_branch_labels' retrieved from /home/airflow/.local/lib/python3.12/site-packages/airflow/example_dags/example_branch_labels.py
[2026-06-08T20:16:18.159+0000] {logging_mixin.py:188} INFO - [2026-06-08T20:16:18.159+0000] {dag.py:3096} INFO - Sync 1 DAGs
[2026-06-08T20:16:18.299+0000] {logging_mixin.py:188} INFO - [2026-06-08T20:16:18.296+0000] {dag.py:3954} INFO - Setting next_dagrun for example_branch_labels to 2026-06-07 00:00:00+00:00, run_after=2026-06-08 00:00:00+00:00
[2026-06-08T20:16:18.350+0000] {processor.py:183} INFO - Processing /home/airflow/.local/lib/python3.12/site-packages/airflow/example_dags/example_branch_labels.py took 0.276 seconds
[2026-06-08T20:16:48.404+0000] {processor.py:161} INFO - Started process (PID=1030) to work on /home/airflow/.local/lib/python3.12/site-packages/airflow/example_dags/example_branch_labels.py
[2026-06-08T20:16:48.405+0000] {processor.py:830} INFO - Processing file /home/airflow/.local/lib/python3.12/site-packages/airflow/example_dags/example_branch_labels.py for tasks to queue
[2026-06-08T20:16:48.406+0000] {logging_mixin.py:188} INFO - [2026-06-08T20:16:48.406+0000] {dagbag.py:545} INFO - Filling up the DagBag from /home/airflow/.local/lib/python3.12/site-packages/airflow/example_dags/example_branch_labels.py
[2026-06-08T20:16:48.413+0000] {processor.py:840} INFO - DAG(s) 'example_branch_labels' retrieved from /home/airflow/.local/lib/python3.12/site-packages/airflow/example_dags/example_branch_labels.py
[2026-06-08T20:16:48.434+0000] {logging_mixin.py:188} INFO - [2026-06-08T20:16:48.433+0000] {dag.py:3096} INFO - Sync 1 DAGs
[2026-06-08T20:16:48.456+0000] {logging_mixin.py:188} INFO - [2026-06-08T20:16:48.456+0000] {dag.py:3954} INFO - Setting next_dagrun for example_branch_labels to 2026-06-07 00:00:00+00:00, run_after=2026-06-08 00:00:00+00:00
[2026-06-08T20:16:48.472+0000] {processor.py:183} INFO - Processing /home/airflow/.local/lib/python3.12/site-packages/airflow/example_dags/example_branch_labels.py took 0.074 seconds
[2026-06-08T20:17:18.881+0000] {processor.py:161} INFO - Started process (PID=1088) to work on /home/airflow/.local/lib/python3.12/site-packages/airflow/example_dags/example_branch_labels.py
[2026-06-08T20:17:18.882+0000] {processor.py:830} INFO - Processing file /home/airflow/.local/lib/python3.12/site-packages/airflow/example_dags/example_branch_labels.py for tasks to queue
[2026-06-08T20:17:18.884+0000] {logging_mixin.py:188} INFO - [2026-06-08T20:17:18.883+0000] {dagbag.py:545} INFO - Filling up the DagBag from /home/airflow/.local/lib/python3.12/site-packages/airflow/example_dags/example_branch_labels.py
[2026-06-08T20:17:18.894+0000] {processor.py:840} INFO - DAG(s) 'example_branch_labels' retrieved from /home/airflow/.local/lib/python3.12/site-packages/airflow/example_dags/example_branch_labels.py
[2026-06-08T20:17:18.923+0000] {logging_mixin.py:188} INFO - [2026-06-08T20:17:18.923+0000] {dag.py:3096} INFO - Sync 1 DAGs
[2026-06-08T20:17:18.953+0000] {logging_mixin.py:188} INFO - [2026-06-08T20:17:18.953+0000] {dag.py:3954} INFO - Setting next_dagrun for example_branch_labels to 2026-06-07 00:00:00+00:00, run_after=2026-06-08 00:00:00+00:00
[2026-06-08T20:17:18.972+0000] {processor.py:183} INFO - Processing /home/airflow/.local/lib/python3.12/site-packages/airflow/example_dags/example_branch_labels.py took 0.099 seconds
[2026-06-08T20:19:02.167+0000] {processor.py:161} INFO - Started process (PID=99) to work on /home/airflow/.local/lib/python3.12/site-packages/airflow/example_dags/example_branch_labels.py
[2026-06-08T20:19:02.169+0000] {processor.py:830} INFO - Processing file /home/airflow/.local/lib/python3.12/site-packages/airflow/example_dags/example_branch_labels.py for tasks to queue
[2026-06-08T20:19:02.171+0000] {logging_mixin.py:188} INFO - [2026-06-08T20:19:02.171+0000] {dagbag.py:545} INFO - Filling up the DagBag from /home/airflow/.local/lib/python3.12/site-packages/airflow/example_dags/example_branch_labels.py
[2026-06-08T20:19:02.184+0000] {processor.py:840} INFO - DAG(s) 'example_branch_labels' retrieved from /home/airflow/.local/lib/python3.12/site-packages/airflow/example_dags/example_branch_labels.py
[2026-06-08T20:19:02.610+0000] {logging_mixin.py:188} INFO - [2026-06-08T20:19:02.609+0000] {dag.py:3096} INFO - Sync 1 DAGs
[2026-06-08T20:19:02.692+0000] {logging_mixin.py:188} INFO - [2026-06-08T20:19:02.688+0000] {dag.py:3954} INFO - Setting next_dagrun for example_branch_labels to 2026-06-07 00:00:00+00:00, run_after=2026-06-08 00:00:00+00:00
[2026-06-08T20:19:02.814+0000] {processor.py:183} INFO - Processing /home/airflow/.local/lib/python3.12/site-packages/airflow/example_dags/example_branch_labels.py took 0.657 seconds
[2026-06-08T20:19:33.464+0000] {processor.py:161} INFO - Started process (PID=158) to work on /home/airflow/.local/lib/python3.12/site-packages/airflow/example_dags/example_branch_labels.py
[2026-06-08T20:19:33.465+0000] {processor.py:830} INFO - Processing file /home/airflow/.local/lib/python3.12/site-packages/airflow/example_dags/example_branch_labels.py for tasks to queue
[2026-06-08T20:19:33.467+0000] {logging_mixin.py:188} INFO - [2026-06-08T20:19:33.466+0000] {dagbag.py:545} INFO - Filling up the DagBag from /home/airflow/.local/lib/python3.12/site-packages/airflow/example_dags/example_branch_labels.py
[2026-06-08T20:19:33.477+0000] {processor.py:840} INFO - DAG(s) 'example_branch_labels' retrieved from /home/airflow/.local/lib/python3.12/site-packages/airflow/example_dags/example_branch_labels.py
[2026-06-08T20:19:33.510+0000] {logging_mixin.py:188} INFO - [2026-06-08T20:19:33.510+0000] {dag.py:3096} INFO - Sync 1 DAGs
[2026-06-08T20:19:33.559+0000] {logging_mixin.py:188} INFO - [2026-06-08T20:19:33.558+0000] {dag.py:3954} INFO - Setting next_dagrun for example_branch_labels to 2026-06-07 00:00:00+00:00, run_after=2026-06-08 00:00:00+00:00
[2026-06-08T20:19:33.603+0000] {processor.py:183} INFO - Processing /home/airflow/.local/lib/python3.12/site-packages/airflow/example_dags/example_branch_labels.py took 0.146 seconds
[2026-06-08T20:20:04.085+0000] {processor.py:161} INFO - Started process (PID=217) to work on /home/airflow/.local/lib/python3.12/site-packages/airflow/example_dags/example_branch_labels.py
[2026-06-08T20:20:04.091+0000] {processor.py:830} INFO - Processing file /home/airflow/.local/lib/python3.12/site-packages/airflow/example_dags/example_branch_labels.py for tasks to queue
[2026-06-08T20:20:04.098+0000] {logging_mixin.py:188} INFO - [2026-06-08T20:20:04.098+0000] {dagbag.py:545} INFO - Filling up the DagBag from /home/airflow/.local/lib/python3.12/site-packages/airflow/example_dags/example_branch_labels.py
[2026-06-08T20:20:04.131+0000] {processor.py:840} INFO - DAG(s) 'example_branch_labels' retrieved from /home/airflow/.local/lib/python3.12/site-packages/airflow/example_dags/example_branch_labels.py
[2026-06-08T20:20:04.225+0000] {logging_mixin.py:188} INFO - [2026-06-08T20:20:04.225+0000] {dag.py:3096} INFO - Sync 1 DAGs
[2026-06-08T20:20:04.328+0000] {logging_mixin.py:188} INFO - [2026-06-08T20:20:04.327+0000] {dag.py:3954} INFO - Setting next_dagrun for example_branch_labels to 2026-06-07 00:00:00+00:00, run_after=2026-06-08 00:00:00+00:00
[2026-06-08T20:20:04.384+0000] {processor.py:183} INFO - Processing /home/airflow/.local/lib/python3.12/site-packages/airflow/example_dags/example_branch_labels.py took 0.312 seconds
[2026-06-08T20:20:34.548+0000] {processor.py:161} INFO - Started process (PID=276) to work on /home/airflow/.local/lib/python3.12/site-packages/airflow/example_dags/example_branch_labels.py
[2026-06-08T20:20:34.549+0000] {processor.py:830} INFO - Processing file /home/airflow/.local/lib/python3.12/site-packages/airflow/example_dags/example_branch_labels.py for tasks to queue
[2026-06-08T20:20:34.557+0000] {logging_mixin.py:188} INFO - [2026-06-08T20:20:34.556+0000] {dagbag.py:545} INFO - Filling up the DagBag from /home/airflow/.local/lib/python3.12/site-packages/airflow/example_dags/example_branch_labels.py
[2026-06-08T20:20:34.593+0000] {processor.py:840} INFO - DAG(s) 'example_branch_labels' retrieved from /home/airflow/.local/lib/python3.12/site-packages/airflow/example_dags/example_branch_labels.py
[2026-06-08T20:20:34.636+0000] {logging_mixin.py:188} INFO - [2026-06-08T20:20:34.636+0000] {dag.py:3096} INFO - Sync 1 DAGs
[2026-06-08T20:20:34.671+0000] {logging_mixin.py:188} INFO - [2026-06-08T20:20:34.671+0000] {dag.py:3954} INFO - Setting next_dagrun for example_branch_labels to 2026-06-07 00:00:00+00:00, run_after=2026-06-08 00:00:00+00:00
[2026-06-08T20:20:34.725+0000] {processor.py:183} INFO - Processing /home/airflow/.local/lib/python3.12/site-packages/airflow/example_dags/example_branch_labels.py took 0.209 seconds
[2026-06-08T20:21:04.815+0000] {processor.py:161} INFO - Started process (PID=334) to work on /home/airflow/.local/lib/python3.12/site-packages/airflow/example_dags/example_branch_labels.py
[2026-06-08T20:21:04.816+0000] {processor.py:830} INFO - Processing file /home/airflow/.local/lib/python3.12/site-packages/airflow/example_dags/example_branch_labels.py for tasks to queue
[2026-06-08T20:21:04.818+0000] {logging_mixin.py:188} INFO - [2026-06-08T20:21:04.818+0000] {dagbag.py:545} INFO - Filling up the DagBag from /home/airflow/.local/lib/python3.12/site-packages/airflow/example_dags/example_branch_labels.py
[2026-06-08T20:21:04.828+0000] {processor.py:840} INFO - DAG(s) 'example_branch_labels' retrieved from /home/airflow/.local/lib/python3.12/site-packages/airflow/example_dags/example_branch_labels.py
[2026-06-08T20:21:04.854+0000] {logging_mixin.py:188} INFO - [2026-06-08T20:21:04.854+0000] {dag.py:3096} INFO - Sync 1 DAGs
[2026-06-08T20:21:04.885+0000] {logging_mixin.py:188} INFO - [2026-06-08T20:21:04.884+0000] {dag.py:3954} INFO - Setting next_dagrun for example_branch_labels to 2026-06-07 00:00:00+00:00, run_after=2026-06-08 00:00:00+00:00
[2026-06-08T20:21:04.920+0000] {processor.py:183} INFO - Processing /home/airflow/.local/lib/python3.12/site-packages/airflow/example_dags/example_branch_labels.py took 0.113 seconds
[2026-06-08T20:21:35.354+0000] {processor.py:161} INFO - Started process (PID=392) to work on /home/airflow/.local/lib/python3.12/site-packages/airflow/example_dags/example_branch_labels.py
[2026-06-08T20:21:35.355+0000] {processor.py:830} INFO - Processing file /home/airflow/.local/lib/python3.12/site-packages/airflow/example_dags/example_branch_labels.py for tasks to queue
[2026-06-08T20:21:35.357+0000] {logging_mixin.py:188} INFO - [2026-06-08T20:21:35.357+0000] {dagbag.py:545} INFO - Filling up the DagBag from /home/airflow/.local/lib/python3.12/site-packages/airflow/example_dags/example_branch_labels.py
[2026-06-08T20:21:35.367+0000] {processor.py:840} INFO - DAG(s) 'example_branch_labels' retrieved from /home/airflow/.local/lib/python3.12/site-packages/airflow/example_dags/example_branch_labels.py
[2026-06-08T20:21:35.397+0000] {logging_mixin.py:188} INFO - [2026-06-08T20:21:35.396+0000] {dag.py:3096} INFO - Sync 1 DAGs
[2026-06-08T20:21:35.426+0000] {logging_mixin.py:188} INFO - [2026-06-08T20:21:35.426+0000] {dag.py:3954} INFO - Setting next_dagrun for example_branch_labels to 2026-06-07 00:00:00+00:00, run_after=2026-06-08 00:00:00+00:00
[2026-06-08T20:21:35.456+0000] {processor.py:183} INFO - Processing /home/airflow/.local/lib/python3.12/site-packages/airflow/example_dags/example_branch_labels.py took 0.109 seconds
[2026-06-08T20:22:05.883+0000] {processor.py:161} INFO - Started process (PID=451) to work on /home/airflow/.local/lib/python3.12/site-packages/airflow/example_dags/example_branch_labels.py
[2026-06-08T20:22:05.884+0000] {processor.py:830} INFO - Processing file /home/airflow/.local/lib/python3.12/site-packages/airflow/example_dags/example_branch_labels.py for tasks to queue
[2026-06-08T20:22:05.886+0000] {logging_mixin.py:188} INFO - [2026-06-08T20:22:05.886+0000] {dagbag.py:545} INFO - Filling up the DagBag from /home/airflow/.local/lib/python3.12/site-packages/airflow/example_dags/example_branch_labels.py
[2026-06-08T20:22:05.896+0000] {processor.py:840} INFO - DAG(s) 'example_branch_labels' retrieved from /home/airflow/.local/lib/python3.12/site-packages/airflow/example_dags/example_branch_labels.py
[2026-06-08T20:22:05.926+0000] {logging_mixin.py:188} INFO - [2026-06-08T20:22:05.925+0000] {dag.py:3096} INFO - Sync 1 DAGs
[2026-06-08T20:22:05.956+0000] {logging_mixin.py:188} INFO - [2026-06-08T20:22:05.956+0000] {dag.py:3954} INFO - Setting next_dagrun for example_branch_labels to 2026-06-07 00:00:00+00:00, run_after=2026-06-08 00:00:00+00:00
[2026-06-08T20:22:05.980+0000] {processor.py:183} INFO - Processing /home/airflow/.local/lib/python3.12/site-packages/airflow/example_dags/example_branch_labels.py took 0.105 seconds
[2026-06-08T20:22:36.534+0000] {processor.py:161} INFO - Started process (PID=510) to work on /home/airflow/.local/lib/python3.12/site-packages/airflow/example_dags/example_branch_labels.py
[2026-06-08T20:22:36.535+0000] {processor.py:830} INFO - Processing file /home/airflow/.local/lib/python3.12/site-packages/airflow/example_dags/example_branch_labels.py for tasks to queue
[2026-06-08T20:22:36.537+0000] {logging_mixin.py:188} INFO - [2026-06-08T20:22:36.537+0000] {dagbag.py:545} INFO - Filling up the DagBag from /home/airflow/.local/lib/python3.12/site-packages/airflow/example_dags/example_branch_labels.py
[2026-06-08T20:22:36.547+0000] {processor.py:840} INFO - DAG(s) 'example_branch_labels' retrieved from /home/airflow/.local/lib/python3.12/site-packages/airflow/example_dags/example_branch_labels.py
[2026-06-08T20:22:36.567+0000] {logging_mixin.py:188} INFO - [2026-06-08T20:22:36.567+0000] {dag.py:3096} INFO - Sync 1 DAGs
[2026-06-08T20:22:36.589+0000] {logging_mixin.py:188} INFO - [2026-06-08T20:22:36.589+0000] {dag.py:3954} INFO - Setting next_dagrun for example_branch_labels to 2026-06-07 00:00:00+00:00, run_after=2026-06-08 00:00:00+00:00
[2026-06-08T20:22:36.605+0000] {processor.py:183} INFO - Processing /home/airflow/.local/lib/python3.12/site-packages/airflow/example_dags/example_branch_labels.py took 0.081 seconds
[2026-06-08T20:23:07.599+0000] {processor.py:161} INFO - Started process (PID=569) to work on /home/airflow/.local/lib/python3.12/site-packages/airflow/example_dags/example_branch_labels.py
[2026-06-08T20:23:07.600+0000] {processor.py:830} INFO - Processing file /home/airflow/.local/lib/python3.12/site-packages/airflow/example_dags/example_branch_labels.py for tasks to queue
[2026-06-08T20:23:07.603+0000] {logging_mixin.py:188} INFO - [2026-06-08T20:23:07.602+0000] {dagbag.py:545} INFO - Filling up the DagBag from /home/airflow/.local/lib/python3.12/site-packages/airflow/example_dags/example_branch_labels.py
[2026-06-08T20:23:07.616+0000] {processor.py:840} INFO - DAG(s) 'example_branch_labels' retrieved from /home/airflow/.local/lib/python3.12/site-packages/airflow/example_dags/example_branch_labels.py
[2026-06-08T20:23:07.648+0000] {logging_mixin.py:188} INFO - [2026-06-08T20:23:07.647+0000] {dag.py:3096} INFO - Sync 1 DAGs
[2026-06-08T20:23:07.679+0000] {logging_mixin.py:188} INFO - [2026-06-08T20:23:07.679+0000] {dag.py:3954} INFO - Setting next_dagrun for example_branch_labels to 2026-06-07 00:00:00+00:00, run_after=2026-06-08 00:00:00+00:00
[2026-06-08T20:23:07.704+0000] {processor.py:183} INFO - Processing /home/airflow/.local/lib/python3.12/site-packages/airflow/example_dags/example_branch_labels.py took 0.127 seconds
[2026-06-08T20:23:38.368+0000] {processor.py:161} INFO - Started process (PID=628) to work on /home/airflow/.local/lib/python3.12/site-packages/airflow/example_dags/example_branch_labels.py
[2026-06-08T20:23:38.369+0000] {processor.py:830} INFO - Processing file /home/airflow/.local/lib/python3.12/site-packages/airflow/example_dags/example_branch_labels.py for tasks to queue
[2026-06-08T20:23:38.371+0000] {logging_mixin.py:188} INFO - [2026-06-08T20:23:38.370+0000] {dagbag.py:545} INFO - Filling up the DagBag from /home/airflow/.local/lib/python3.12/site-packages/airflow/example_dags/example_branch_labels.py
[2026-06-08T20:23:38.378+0000] {processor.py:840} INFO - DAG(s) 'example_branch_labels' retrieved from /home/airflow/.local/lib/python3.12/site-packages/airflow/example_dags/example_branch_labels.py
[2026-06-08T20:23:38.401+0000] {logging_mixin.py:188} INFO - [2026-06-08T20:23:38.401+0000] {dag.py:3096} INFO - Sync 1 DAGs
[2026-06-08T20:23:38.423+0000] {logging_mixin.py:188} INFO - [2026-06-08T20:23:38.423+0000] {dag.py:3954} INFO - Setting next_dagrun for example_branch_labels to 2026-06-07 00:00:00+00:00, run_after=2026-06-08 00:00:00+00:00
[2026-06-08T20:23:38.440+0000] {processor.py:183} INFO - Processing /home/airflow/.local/lib/python3.12/site-packages/airflow/example_dags/example_branch_labels.py took 0.077 seconds
