[2026-06-08T20:03:37.048+0000] {processor.py:161} INFO - Started process (PID=70) to work on /home/airflow/.local/lib/python3.12/site-packages/airflow/example_dags/example_xcomargs.py
[2026-06-08T20:03:37.082+0000] {processor.py:830} INFO - Processing file /home/airflow/.local/lib/python3.12/site-packages/airflow/example_dags/example_xcomargs.py for tasks to queue
[2026-06-08T20:03:37.097+0000] {logging_mixin.py:188} INFO - [2026-06-08T20:03:37.097+0000] {dagbag.py:545} INFO - Filling up the DagBag from /home/airflow/.local/lib/python3.12/site-packages/airflow/example_dags/example_xcomargs.py
[2026-06-08T20:03:37.198+0000] {processor.py:840} INFO - DAG(s) 'example_xcom_args', 'example_xcom_args_with_operators' retrieved from /home/airflow/.local/lib/python3.12/site-packages/airflow/example_dags/example_xcomargs.py
[2026-06-08T20:03:38.163+0000] {logging_mixin.py:188} INFO - [2026-06-08T20:03:38.155+0000] {dag.py:3096} INFO - Sync 2 DAGs
[2026-06-08T20:03:38.283+0000] {logging_mixin.py:188} INFO - [2026-06-08T20:03:38.277+0000] {dag.py:3954} INFO - Setting next_dagrun for example_xcom_args to None, run_after=None
[2026-06-08T20:03:38.291+0000] {logging_mixin.py:188} INFO - [2026-06-08T20:03:38.291+0000] {dag.py:3954} INFO - Setting next_dagrun for example_xcom_args_with_operators to None, run_after=None
[2026-06-08T20:03:38.375+0000] {processor.py:183} INFO - Processing /home/airflow/.local/lib/python3.12/site-packages/airflow/example_dags/example_xcomargs.py took 1.376 seconds
[2026-06-08T20:04:09.052+0000] {processor.py:161} INFO - Started process (PID=128) to work on /home/airflow/.local/lib/python3.12/site-packages/airflow/example_dags/example_xcomargs.py
[2026-06-08T20:04:09.053+0000] {processor.py:830} INFO - Processing file /home/airflow/.local/lib/python3.12/site-packages/airflow/example_dags/example_xcomargs.py for tasks to queue
[2026-06-08T20:04:09.058+0000] {logging_mixin.py:188} INFO - [2026-06-08T20:04:09.058+0000] {dagbag.py:545} INFO - Filling up the DagBag from /home/airflow/.local/lib/python3.12/site-packages/airflow/example_dags/example_xcomargs.py
[2026-06-08T20:04:09.094+0000] {processor.py:840} INFO - DAG(s) 'example_xcom_args', 'example_xcom_args_with_operators' retrieved from /home/airflow/.local/lib/python3.12/site-packages/airflow/example_dags/example_xcomargs.py
[2026-06-08T20:04:09.246+0000] {logging_mixin.py:188} INFO - [2026-06-08T20:04:09.246+0000] {dag.py:3096} INFO - Sync 2 DAGs
[2026-06-08T20:04:09.361+0000] {logging_mixin.py:188} INFO - [2026-06-08T20:04:09.358+0000] {dag.py:3954} INFO - Setting next_dagrun for example_xcom_args to None, run_after=None
[2026-06-08T20:04:09.381+0000] {logging_mixin.py:188} INFO - [2026-06-08T20:04:09.381+0000] {dag.py:3954} INFO - Setting next_dagrun for example_xcom_args_with_operators to None, run_after=None
[2026-06-08T20:04:09.443+0000] {processor.py:183} INFO - Processing /home/airflow/.local/lib/python3.12/site-packages/airflow/example_dags/example_xcomargs.py took 0.404 seconds
[2026-06-08T20:04:40.099+0000] {processor.py:161} INFO - Started process (PID=184) to work on /home/airflow/.local/lib/python3.12/site-packages/airflow/example_dags/example_xcomargs.py
[2026-06-08T20:04:40.100+0000] {processor.py:830} INFO - Processing file /home/airflow/.local/lib/python3.12/site-packages/airflow/example_dags/example_xcomargs.py for tasks to queue
[2026-06-08T20:04:40.101+0000] {logging_mixin.py:188} INFO - [2026-06-08T20:04:40.101+0000] {dagbag.py:545} INFO - Filling up the DagBag from /home/airflow/.local/lib/python3.12/site-packages/airflow/example_dags/example_xcomargs.py
[2026-06-08T20:04:40.109+0000] {processor.py:840} INFO - DAG(s) 'example_xcom_args', 'example_xcom_args_with_operators' retrieved from /home/airflow/.local/lib/python3.12/site-packages/airflow/example_dags/example_xcomargs.py
[2026-06-08T20:04:40.133+0000] {logging_mixin.py:188} INFO - [2026-06-08T20:04:40.133+0000] {dag.py:3096} INFO - Sync 2 DAGs
[2026-06-08T20:04:40.146+0000] {logging_mixin.py:188} INFO - [2026-06-08T20:04:40.146+0000] {dag.py:3954} INFO - Setting next_dagrun for example_xcom_args to None, run_after=None
[2026-06-08T20:04:40.150+0000] {logging_mixin.py:188} INFO - [2026-06-08T20:04:40.150+0000] {dag.py:3954} INFO - Setting next_dagrun for example_xcom_args_with_operators to None, run_after=None
[2026-06-08T20:04:40.168+0000] {processor.py:183} INFO - Processing /home/airflow/.local/lib/python3.12/site-packages/airflow/example_dags/example_xcomargs.py took 0.077 seconds
[2026-06-08T20:05:10.908+0000] {processor.py:161} INFO - Started process (PID=242) to work on /home/airflow/.local/lib/python3.12/site-packages/airflow/example_dags/example_xcomargs.py
[2026-06-08T20:05:10.909+0000] {processor.py:830} INFO - Processing file /home/airflow/.local/lib/python3.12/site-packages/airflow/example_dags/example_xcomargs.py for tasks to queue
[2026-06-08T20:05:10.910+0000] {logging_mixin.py:188} INFO - [2026-06-08T20:05:10.910+0000] {dagbag.py:545} INFO - Filling up the DagBag from /home/airflow/.local/lib/python3.12/site-packages/airflow/example_dags/example_xcomargs.py
[2026-06-08T20:05:10.919+0000] {processor.py:840} INFO - DAG(s) 'example_xcom_args', 'example_xcom_args_with_operators' retrieved from /home/airflow/.local/lib/python3.12/site-packages/airflow/example_dags/example_xcomargs.py
[2026-06-08T20:05:10.951+0000] {logging_mixin.py:188} INFO - [2026-06-08T20:05:10.951+0000] {dag.py:3096} INFO - Sync 2 DAGs
[2026-06-08T20:05:10.964+0000] {logging_mixin.py:188} INFO - [2026-06-08T20:05:10.964+0000] {dag.py:3954} INFO - Setting next_dagrun for example_xcom_args to None, run_after=None
[2026-06-08T20:05:10.968+0000] {logging_mixin.py:188} INFO - [2026-06-08T20:05:10.968+0000] {dag.py:3954} INFO - Setting next_dagrun for example_xcom_args_with_operators to None, run_after=None
[2026-06-08T20:05:10.983+0000] {processor.py:183} INFO - Processing /home/airflow/.local/lib/python3.12/site-packages/airflow/example_dags/example_xcomargs.py took 0.081 seconds
[2026-06-08T20:05:41.093+0000] {processor.py:161} INFO - Started process (PID=300) to work on /home/airflow/.local/lib/python3.12/site-packages/airflow/example_dags/example_xcomargs.py
[2026-06-08T20:05:41.095+0000] {processor.py:830} INFO - Processing file /home/airflow/.local/lib/python3.12/site-packages/airflow/example_dags/example_xcomargs.py for tasks to queue
[2026-06-08T20:05:41.097+0000] {logging_mixin.py:188} INFO - [2026-06-08T20:05:41.097+0000] {dagbag.py:545} INFO - Filling up the DagBag from /home/airflow/.local/lib/python3.12/site-packages/airflow/example_dags/example_xcomargs.py
[2026-06-08T20:05:41.108+0000] {processor.py:840} INFO - DAG(s) 'example_xcom_args', 'example_xcom_args_with_operators' retrieved from /home/airflow/.local/lib/python3.12/site-packages/airflow/example_dags/example_xcomargs.py
[2026-06-08T20:05:41.133+0000] {logging_mixin.py:188} INFO - [2026-06-08T20:05:41.133+0000] {dag.py:3096} INFO - Sync 2 DAGs
[2026-06-08T20:05:41.146+0000] {logging_mixin.py:188} INFO - [2026-06-08T20:05:41.146+0000] {dag.py:3954} INFO - Setting next_dagrun for example_xcom_args to None, run_after=None
[2026-06-08T20:05:41.150+0000] {logging_mixin.py:188} INFO - [2026-06-08T20:05:41.150+0000] {dag.py:3954} INFO - Setting next_dagrun for example_xcom_args_with_operators to None, run_after=None
[2026-06-08T20:05:41.165+0000] {processor.py:183} INFO - Processing /home/airflow/.local/lib/python3.12/site-packages/airflow/example_dags/example_xcomargs.py took 0.080 seconds
[2026-06-08T20:06:11.397+0000] {processor.py:161} INFO - Started process (PID=358) to work on /home/airflow/.local/lib/python3.12/site-packages/airflow/example_dags/example_xcomargs.py
[2026-06-08T20:06:11.397+0000] {processor.py:830} INFO - Processing file /home/airflow/.local/lib/python3.12/site-packages/airflow/example_dags/example_xcomargs.py for tasks to queue
[2026-06-08T20:06:11.399+0000] {logging_mixin.py:188} INFO - [2026-06-08T20:06:11.398+0000] {dagbag.py:545} INFO - Filling up the DagBag from /home/airflow/.local/lib/python3.12/site-packages/airflow/example_dags/example_xcomargs.py
[2026-06-08T20:06:11.406+0000] {processor.py:840} INFO - DAG(s) 'example_xcom_args', 'example_xcom_args_with_operators' retrieved from /home/airflow/.local/lib/python3.12/site-packages/airflow/example_dags/example_xcomargs.py
[2026-06-08T20:06:11.428+0000] {logging_mixin.py:188} INFO - [2026-06-08T20:06:11.428+0000] {dag.py:3096} INFO - Sync 2 DAGs
[2026-06-08T20:06:11.441+0000] {logging_mixin.py:188} INFO - [2026-06-08T20:06:11.440+0000] {dag.py:3954} INFO - Setting next_dagrun for example_xcom_args to None, run_after=None
[2026-06-08T20:06:11.445+0000] {logging_mixin.py:188} INFO - [2026-06-08T20:06:11.444+0000] {dag.py:3954} INFO - Setting next_dagrun for example_xcom_args_with_operators to None, run_after=None
[2026-06-08T20:06:11.459+0000] {processor.py:183} INFO - Processing /home/airflow/.local/lib/python3.12/site-packages/airflow/example_dags/example_xcomargs.py took 0.068 seconds
[2026-06-08T20:06:41.555+0000] {processor.py:161} INFO - Started process (PID=416) to work on /home/airflow/.local/lib/python3.12/site-packages/airflow/example_dags/example_xcomargs.py
[2026-06-08T20:06:41.556+0000] {processor.py:830} INFO - Processing file /home/airflow/.local/lib/python3.12/site-packages/airflow/example_dags/example_xcomargs.py for tasks to queue
[2026-06-08T20:06:41.558+0000] {logging_mixin.py:188} INFO - [2026-06-08T20:06:41.558+0000] {dagbag.py:545} INFO - Filling up the DagBag from /home/airflow/.local/lib/python3.12/site-packages/airflow/example_dags/example_xcomargs.py
[2026-06-08T20:06:41.566+0000] {processor.py:840} INFO - DAG(s) 'example_xcom_args_with_operators', 'example_xcom_args' retrieved from /home/airflow/.local/lib/python3.12/site-packages/airflow/example_dags/example_xcomargs.py
[2026-06-08T20:06:41.589+0000] {logging_mixin.py:188} INFO - [2026-06-08T20:06:41.588+0000] {dag.py:3096} INFO - Sync 2 DAGs
[2026-06-08T20:06:41.601+0000] {logging_mixin.py:188} INFO - [2026-06-08T20:06:41.601+0000] {dag.py:3954} INFO - Setting next_dagrun for example_xcom_args to None, run_after=None
[2026-06-08T20:06:41.605+0000] {logging_mixin.py:188} INFO - [2026-06-08T20:06:41.605+0000] {dag.py:3954} INFO - Setting next_dagrun for example_xcom_args_with_operators to None, run_after=None
[2026-06-08T20:06:41.621+0000] {processor.py:183} INFO - Processing /home/airflow/.local/lib/python3.12/site-packages/airflow/example_dags/example_xcomargs.py took 0.073 seconds
[2026-06-08T20:08:19.274+0000] {processor.py:161} INFO - Started process (PID=63) to work on /home/airflow/.local/lib/python3.12/site-packages/airflow/example_dags/example_xcomargs.py
[2026-06-08T20:08:19.278+0000] {processor.py:830} INFO - Processing file /home/airflow/.local/lib/python3.12/site-packages/airflow/example_dags/example_xcomargs.py for tasks to queue
[2026-06-08T20:08:19.286+0000] {logging_mixin.py:188} INFO - [2026-06-08T20:08:19.286+0000] {dagbag.py:545} INFO - Filling up the DagBag from /home/airflow/.local/lib/python3.12/site-packages/airflow/example_dags/example_xcomargs.py
[2026-06-08T20:08:19.339+0000] {processor.py:840} INFO - DAG(s) 'example_xcom_args', 'example_xcom_args_with_operators' retrieved from /home/airflow/.local/lib/python3.12/site-packages/airflow/example_dags/example_xcomargs.py
[2026-06-08T20:08:19.610+0000] {logging_mixin.py:188} INFO - [2026-06-08T20:08:19.610+0000] {dag.py:3096} INFO - Sync 2 DAGs
[2026-06-08T20:08:19.639+0000] {logging_mixin.py:188} INFO - [2026-06-08T20:08:19.639+0000] {dag.py:3954} INFO - Setting next_dagrun for example_xcom_args to None, run_after=None
[2026-06-08T20:08:19.650+0000] {logging_mixin.py:188} INFO - [2026-06-08T20:08:19.650+0000] {dag.py:3954} INFO - Setting next_dagrun for example_xcom_args_with_operators to None, run_after=None
[2026-06-08T20:08:19.697+0000] {processor.py:183} INFO - Processing /home/airflow/.local/lib/python3.12/site-packages/airflow/example_dags/example_xcomargs.py took 0.452 seconds
[2026-06-08T20:08:50.726+0000] {processor.py:161} INFO - Started process (PID=120) to work on /home/airflow/.local/lib/python3.12/site-packages/airflow/example_dags/example_xcomargs.py
[2026-06-08T20:08:50.728+0000] {processor.py:830} INFO - Processing file /home/airflow/.local/lib/python3.12/site-packages/airflow/example_dags/example_xcomargs.py for tasks to queue
[2026-06-08T20:08:50.731+0000] {logging_mixin.py:188} INFO - [2026-06-08T20:08:50.730+0000] {dagbag.py:545} INFO - Filling up the DagBag from /home/airflow/.local/lib/python3.12/site-packages/airflow/example_dags/example_xcomargs.py
[2026-06-08T20:08:50.746+0000] {processor.py:840} INFO - DAG(s) 'example_xcom_args', 'example_xcom_args_with_operators' retrieved from /home/airflow/.local/lib/python3.12/site-packages/airflow/example_dags/example_xcomargs.py
[2026-06-08T20:08:50.801+0000] {logging_mixin.py:188} INFO - [2026-06-08T20:08:50.800+0000] {dag.py:3096} INFO - Sync 2 DAGs
[2026-06-08T20:08:50.819+0000] {logging_mixin.py:188} INFO - [2026-06-08T20:08:50.818+0000] {dag.py:3954} INFO - Setting next_dagrun for example_xcom_args to None, run_after=None
[2026-06-08T20:08:50.823+0000] {logging_mixin.py:188} INFO - [2026-06-08T20:08:50.823+0000] {dag.py:3954} INFO - Setting next_dagrun for example_xcom_args_with_operators to None, run_after=None
[2026-06-08T20:08:50.842+0000] {processor.py:183} INFO - Processing /home/airflow/.local/lib/python3.12/site-packages/airflow/example_dags/example_xcomargs.py took 0.126 seconds
[2026-06-08T20:09:21.667+0000] {processor.py:161} INFO - Started process (PID=178) to work on /home/airflow/.local/lib/python3.12/site-packages/airflow/example_dags/example_xcomargs.py
[2026-06-08T20:09:21.668+0000] {processor.py:830} INFO - Processing file /home/airflow/.local/lib/python3.12/site-packages/airflow/example_dags/example_xcomargs.py for tasks to queue
[2026-06-08T20:09:21.670+0000] {logging_mixin.py:188} INFO - [2026-06-08T20:09:21.669+0000] {dagbag.py:545} INFO - Filling up the DagBag from /home/airflow/.local/lib/python3.12/site-packages/airflow/example_dags/example_xcomargs.py
[2026-06-08T20:09:21.685+0000] {processor.py:840} INFO - DAG(s) 'example_xcom_args_with_operators', 'example_xcom_args' retrieved from /home/airflow/.local/lib/python3.12/site-packages/airflow/example_dags/example_xcomargs.py
[2026-06-08T20:09:21.734+0000] {logging_mixin.py:188} INFO - [2026-06-08T20:09:21.734+0000] {dag.py:3096} INFO - Sync 2 DAGs
[2026-06-08T20:09:21.752+0000] {logging_mixin.py:188} INFO - [2026-06-08T20:09:21.751+0000] {dag.py:3954} INFO - Setting next_dagrun for example_xcom_args to None, run_after=None
[2026-06-08T20:09:21.758+0000] {logging_mixin.py:188} INFO - [2026-06-08T20:09:21.758+0000] {dag.py:3954} INFO - Setting next_dagrun for example_xcom_args_with_operators to None, run_after=None
[2026-06-08T20:09:21.785+0000] {processor.py:183} INFO - Processing /home/airflow/.local/lib/python3.12/site-packages/airflow/example_dags/example_xcomargs.py took 0.126 seconds
[2026-06-08T20:09:52.232+0000] {processor.py:161} INFO - Started process (PID=236) to work on /home/airflow/.local/lib/python3.12/site-packages/airflow/example_dags/example_xcomargs.py
[2026-06-08T20:09:52.233+0000] {processor.py:830} INFO - Processing file /home/airflow/.local/lib/python3.12/site-packages/airflow/example_dags/example_xcomargs.py for tasks to queue
[2026-06-08T20:09:52.247+0000] {logging_mixin.py:188} INFO - [2026-06-08T20:09:52.246+0000] {dagbag.py:545} INFO - Filling up the DagBag from /home/airflow/.local/lib/python3.12/site-packages/airflow/example_dags/example_xcomargs.py
[2026-06-08T20:09:52.281+0000] {processor.py:840} INFO - DAG(s) 'example_xcom_args', 'example_xcom_args_with_operators' retrieved from /home/airflow/.local/lib/python3.12/site-packages/airflow/example_dags/example_xcomargs.py
[2026-06-08T20:09:52.354+0000] {logging_mixin.py:188} INFO - [2026-06-08T20:09:52.354+0000] {dag.py:3096} INFO - Sync 2 DAGs
[2026-06-08T20:09:52.401+0000] {logging_mixin.py:188} INFO - [2026-06-08T20:09:52.400+0000] {dag.py:3954} INFO - Setting next_dagrun for example_xcom_args to None, run_after=None
[2026-06-08T20:09:52.406+0000] {logging_mixin.py:188} INFO - [2026-06-08T20:09:52.405+0000] {dag.py:3954} INFO - Setting next_dagrun for example_xcom_args_with_operators to None, run_after=None
[2026-06-08T20:09:52.460+0000] {processor.py:183} INFO - Processing /home/airflow/.local/lib/python3.12/site-packages/airflow/example_dags/example_xcomargs.py took 0.238 seconds
[2026-06-08T20:10:23.106+0000] {processor.py:161} INFO - Started process (PID=296) to work on /home/airflow/.local/lib/python3.12/site-packages/airflow/example_dags/example_xcomargs.py
[2026-06-08T20:10:23.111+0000] {processor.py:830} INFO - Processing file /home/airflow/.local/lib/python3.12/site-packages/airflow/example_dags/example_xcomargs.py for tasks to queue
[2026-06-08T20:10:23.119+0000] {logging_mixin.py:188} INFO - [2026-06-08T20:10:23.113+0000] {dagbag.py:545} INFO - Filling up the DagBag from /home/airflow/.local/lib/python3.12/site-packages/airflow/example_dags/example_xcomargs.py
[2026-06-08T20:10:23.153+0000] {processor.py:840} INFO - DAG(s) 'example_xcom_args_with_operators', 'example_xcom_args' retrieved from /home/airflow/.local/lib/python3.12/site-packages/airflow/example_dags/example_xcomargs.py
[2026-06-08T20:10:23.187+0000] {logging_mixin.py:188} INFO - [2026-06-08T20:10:23.186+0000] {dag.py:3096} INFO - Sync 2 DAGs
[2026-06-08T20:10:23.204+0000] {logging_mixin.py:188} INFO - [2026-06-08T20:10:23.204+0000] {dag.py:3954} INFO - Setting next_dagrun for example_xcom_args to None, run_after=None
[2026-06-08T20:10:23.210+0000] {logging_mixin.py:188} INFO - [2026-06-08T20:10:23.209+0000] {dag.py:3954} INFO - Setting next_dagrun for example_xcom_args_with_operators to None, run_after=None
[2026-06-08T20:10:23.236+0000] {processor.py:183} INFO - Processing /home/airflow/.local/lib/python3.12/site-packages/airflow/example_dags/example_xcomargs.py took 0.149 seconds
[2026-06-08T20:10:54.398+0000] {processor.py:161} INFO - Started process (PID=354) to work on /home/airflow/.local/lib/python3.12/site-packages/airflow/example_dags/example_xcomargs.py
[2026-06-08T20:10:54.437+0000] {processor.py:830} INFO - Processing file /home/airflow/.local/lib/python3.12/site-packages/airflow/example_dags/example_xcomargs.py for tasks to queue
[2026-06-08T20:10:54.448+0000] {logging_mixin.py:188} INFO - [2026-06-08T20:10:54.444+0000] {dagbag.py:545} INFO - Filling up the DagBag from /home/airflow/.local/lib/python3.12/site-packages/airflow/example_dags/example_xcomargs.py
[2026-06-08T20:10:54.533+0000] {processor.py:840} INFO - DAG(s) 'example_xcom_args', 'example_xcom_args_with_operators' retrieved from /home/airflow/.local/lib/python3.12/site-packages/airflow/example_dags/example_xcomargs.py
[2026-06-08T20:10:54.701+0000] {logging_mixin.py:188} INFO - [2026-06-08T20:10:54.701+0000] {dag.py:3096} INFO - Sync 2 DAGs
[2026-06-08T20:10:54.749+0000] {logging_mixin.py:188} INFO - [2026-06-08T20:10:54.747+0000] {dag.py:3954} INFO - Setting next_dagrun for example_xcom_args to None, run_after=None
[2026-06-08T20:10:54.760+0000] {logging_mixin.py:188} INFO - [2026-06-08T20:10:54.759+0000] {dag.py:3954} INFO - Setting next_dagrun for example_xcom_args_with_operators to None, run_after=None
[2026-06-08T20:10:54.824+0000] {processor.py:183} INFO - Processing /home/airflow/.local/lib/python3.12/site-packages/airflow/example_dags/example_xcomargs.py took 0.511 seconds
[2026-06-08T20:11:25.589+0000] {processor.py:161} INFO - Started process (PID=417) to work on /home/airflow/.local/lib/python3.12/site-packages/airflow/example_dags/example_xcomargs.py
[2026-06-08T20:11:25.593+0000] {processor.py:830} INFO - Processing file /home/airflow/.local/lib/python3.12/site-packages/airflow/example_dags/example_xcomargs.py for tasks to queue
[2026-06-08T20:11:25.595+0000] {logging_mixin.py:188} INFO - [2026-06-08T20:11:25.595+0000] {dagbag.py:545} INFO - Filling up the DagBag from /home/airflow/.local/lib/python3.12/site-packages/airflow/example_dags/example_xcomargs.py
[2026-06-08T20:11:25.616+0000] {processor.py:840} INFO - DAG(s) 'example_xcom_args_with_operators', 'example_xcom_args' retrieved from /home/airflow/.local/lib/python3.12/site-packages/airflow/example_dags/example_xcomargs.py
[2026-06-08T20:11:25.654+0000] {logging_mixin.py:188} INFO - [2026-06-08T20:11:25.654+0000] {dag.py:3096} INFO - Sync 2 DAGs
[2026-06-08T20:11:25.674+0000] {logging_mixin.py:188} INFO - [2026-06-08T20:11:25.674+0000] {dag.py:3954} INFO - Setting next_dagrun for example_xcom_args to None, run_after=None
[2026-06-08T20:11:25.684+0000] {logging_mixin.py:188} INFO - [2026-06-08T20:11:25.684+0000] {dag.py:3954} INFO - Setting next_dagrun for example_xcom_args_with_operators to None, run_after=None
[2026-06-08T20:11:25.855+0000] {processor.py:183} INFO - Processing /home/airflow/.local/lib/python3.12/site-packages/airflow/example_dags/example_xcomargs.py took 0.282 seconds
[2026-06-08T20:11:56.677+0000] {processor.py:161} INFO - Started process (PID=476) to work on /home/airflow/.local/lib/python3.12/site-packages/airflow/example_dags/example_xcomargs.py
[2026-06-08T20:11:56.678+0000] {processor.py:830} INFO - Processing file /home/airflow/.local/lib/python3.12/site-packages/airflow/example_dags/example_xcomargs.py for tasks to queue
[2026-06-08T20:11:56.681+0000] {logging_mixin.py:188} INFO - [2026-06-08T20:11:56.680+0000] {dagbag.py:545} INFO - Filling up the DagBag from /home/airflow/.local/lib/python3.12/site-packages/airflow/example_dags/example_xcomargs.py
[2026-06-08T20:11:56.691+0000] {processor.py:840} INFO - DAG(s) 'example_xcom_args_with_operators', 'example_xcom_args' retrieved from /home/airflow/.local/lib/python3.12/site-packages/airflow/example_dags/example_xcomargs.py
[2026-06-08T20:11:56.721+0000] {logging_mixin.py:188} INFO - [2026-06-08T20:11:56.720+0000] {dag.py:3096} INFO - Sync 2 DAGs
[2026-06-08T20:11:56.739+0000] {logging_mixin.py:188} INFO - [2026-06-08T20:11:56.738+0000] {dag.py:3954} INFO - Setting next_dagrun for example_xcom_args to None, run_after=None
[2026-06-08T20:11:56.744+0000] {logging_mixin.py:188} INFO - [2026-06-08T20:11:56.743+0000] {dag.py:3954} INFO - Setting next_dagrun for example_xcom_args_with_operators to None, run_after=None
[2026-06-08T20:11:56.763+0000] {processor.py:183} INFO - Processing /home/airflow/.local/lib/python3.12/site-packages/airflow/example_dags/example_xcomargs.py took 0.093 seconds
[2026-06-08T20:12:26.900+0000] {processor.py:161} INFO - Started process (PID=534) to work on /home/airflow/.local/lib/python3.12/site-packages/airflow/example_dags/example_xcomargs.py
[2026-06-08T20:12:26.902+0000] {processor.py:830} INFO - Processing file /home/airflow/.local/lib/python3.12/site-packages/airflow/example_dags/example_xcomargs.py for tasks to queue
[2026-06-08T20:12:26.904+0000] {logging_mixin.py:188} INFO - [2026-06-08T20:12:26.903+0000] {dagbag.py:545} INFO - Filling up the DagBag from /home/airflow/.local/lib/python3.12/site-packages/airflow/example_dags/example_xcomargs.py
[2026-06-08T20:12:26.914+0000] {processor.py:840} INFO - DAG(s) 'example_xcom_args', 'example_xcom_args_with_operators' retrieved from /home/airflow/.local/lib/python3.12/site-packages/airflow/example_dags/example_xcomargs.py
[2026-06-08T20:12:26.964+0000] {logging_mixin.py:188} INFO - [2026-06-08T20:12:26.963+0000] {dag.py:3096} INFO - Sync 2 DAGs
[2026-06-08T20:12:26.983+0000] {logging_mixin.py:188} INFO - [2026-06-08T20:12:26.983+0000] {dag.py:3954} INFO - Setting next_dagrun for example_xcom_args to None, run_after=None
[2026-06-08T20:12:26.988+0000] {logging_mixin.py:188} INFO - [2026-06-08T20:12:26.987+0000] {dag.py:3954} INFO - Setting next_dagrun for example_xcom_args_with_operators to None, run_after=None
[2026-06-08T20:12:27.006+0000] {processor.py:183} INFO - Processing /home/airflow/.local/lib/python3.12/site-packages/airflow/example_dags/example_xcomargs.py took 0.114 seconds
[2026-06-08T20:12:57.855+0000] {processor.py:161} INFO - Started process (PID=592) to work on /home/airflow/.local/lib/python3.12/site-packages/airflow/example_dags/example_xcomargs.py
[2026-06-08T20:12:57.857+0000] {processor.py:830} INFO - Processing file /home/airflow/.local/lib/python3.12/site-packages/airflow/example_dags/example_xcomargs.py for tasks to queue
[2026-06-08T20:12:57.860+0000] {logging_mixin.py:188} INFO - [2026-06-08T20:12:57.859+0000] {dagbag.py:545} INFO - Filling up the DagBag from /home/airflow/.local/lib/python3.12/site-packages/airflow/example_dags/example_xcomargs.py
[2026-06-08T20:12:57.876+0000] {processor.py:840} INFO - DAG(s) 'example_xcom_args_with_operators', 'example_xcom_args' retrieved from /home/airflow/.local/lib/python3.12/site-packages/airflow/example_dags/example_xcomargs.py
[2026-06-08T20:12:57.926+0000] {logging_mixin.py:188} INFO - [2026-06-08T20:12:57.926+0000] {dag.py:3096} INFO - Sync 2 DAGs
[2026-06-08T20:12:57.943+0000] {logging_mixin.py:188} INFO - [2026-06-08T20:12:57.943+0000] {dag.py:3954} INFO - Setting next_dagrun for example_xcom_args to None, run_after=None
[2026-06-08T20:12:57.948+0000] {logging_mixin.py:188} INFO - [2026-06-08T20:12:57.948+0000] {dag.py:3954} INFO - Setting next_dagrun for example_xcom_args_with_operators to None, run_after=None
[2026-06-08T20:12:57.968+0000] {processor.py:183} INFO - Processing /home/airflow/.local/lib/python3.12/site-packages/airflow/example_dags/example_xcomargs.py took 0.124 seconds
[2026-06-08T20:13:30.979+0000] {processor.py:161} INFO - Started process (PID=649) to work on /home/airflow/.local/lib/python3.12/site-packages/airflow/example_dags/example_xcomargs.py
[2026-06-08T20:13:30.988+0000] {processor.py:830} INFO - Processing file /home/airflow/.local/lib/python3.12/site-packages/airflow/example_dags/example_xcomargs.py for tasks to queue
[2026-06-08T20:13:30.998+0000] {logging_mixin.py:188} INFO - [2026-06-08T20:13:30.997+0000] {dagbag.py:545} INFO - Filling up the DagBag from /home/airflow/.local/lib/python3.12/site-packages/airflow/example_dags/example_xcomargs.py
[2026-06-08T20:13:31.042+0000] {processor.py:840} INFO - DAG(s) 'example_xcom_args_with_operators', 'example_xcom_args' retrieved from /home/airflow/.local/lib/python3.12/site-packages/airflow/example_dags/example_xcomargs.py
[2026-06-08T20:13:31.235+0000] {logging_mixin.py:188} INFO - [2026-06-08T20:13:31.235+0000] {dag.py:3096} INFO - Sync 2 DAGs
[2026-06-08T20:13:31.271+0000] {logging_mixin.py:188} INFO - [2026-06-08T20:13:31.269+0000] {dag.py:3954} INFO - Setting next_dagrun for example_xcom_args to None, run_after=None
[2026-06-08T20:13:31.281+0000] {logging_mixin.py:188} INFO - [2026-06-08T20:13:31.281+0000] {dag.py:3954} INFO - Setting next_dagrun for example_xcom_args_with_operators to None, run_after=None
[2026-06-08T20:13:31.335+0000] {processor.py:183} INFO - Processing /home/airflow/.local/lib/python3.12/site-packages/airflow/example_dags/example_xcomargs.py took 0.401 seconds
[2026-06-08T20:14:01.848+0000] {processor.py:161} INFO - Started process (PID=707) to work on /home/airflow/.local/lib/python3.12/site-packages/airflow/example_dags/example_xcomargs.py
[2026-06-08T20:14:01.854+0000] {processor.py:830} INFO - Processing file /home/airflow/.local/lib/python3.12/site-packages/airflow/example_dags/example_xcomargs.py for tasks to queue
[2026-06-08T20:14:01.860+0000] {logging_mixin.py:188} INFO - [2026-06-08T20:14:01.860+0000] {dagbag.py:545} INFO - Filling up the DagBag from /home/airflow/.local/lib/python3.12/site-packages/airflow/example_dags/example_xcomargs.py
[2026-06-08T20:14:01.883+0000] {processor.py:840} INFO - DAG(s) 'example_xcom_args', 'example_xcom_args_with_operators' retrieved from /home/airflow/.local/lib/python3.12/site-packages/airflow/example_dags/example_xcomargs.py
[2026-06-08T20:14:02.057+0000] {logging_mixin.py:188} INFO - [2026-06-08T20:14:02.056+0000] {dag.py:3096} INFO - Sync 2 DAGs
[2026-06-08T20:14:02.123+0000] {logging_mixin.py:188} INFO - [2026-06-08T20:14:02.123+0000] {dag.py:3954} INFO - Setting next_dagrun for example_xcom_args to None, run_after=None
[2026-06-08T20:14:02.151+0000] {logging_mixin.py:188} INFO - [2026-06-08T20:14:02.148+0000] {dag.py:3954} INFO - Setting next_dagrun for example_xcom_args_with_operators to None, run_after=None
[2026-06-08T20:14:02.249+0000] {processor.py:183} INFO - Processing /home/airflow/.local/lib/python3.12/site-packages/airflow/example_dags/example_xcomargs.py took 0.408 seconds
[2026-06-08T20:14:32.597+0000] {processor.py:161} INFO - Started process (PID=763) to work on /home/airflow/.local/lib/python3.12/site-packages/airflow/example_dags/example_xcomargs.py
[2026-06-08T20:14:32.598+0000] {processor.py:830} INFO - Processing file /home/airflow/.local/lib/python3.12/site-packages/airflow/example_dags/example_xcomargs.py for tasks to queue
[2026-06-08T20:14:32.600+0000] {logging_mixin.py:188} INFO - [2026-06-08T20:14:32.600+0000] {dagbag.py:545} INFO - Filling up the DagBag from /home/airflow/.local/lib/python3.12/site-packages/airflow/example_dags/example_xcomargs.py
[2026-06-08T20:14:32.611+0000] {processor.py:840} INFO - DAG(s) 'example_xcom_args_with_operators', 'example_xcom_args' retrieved from /home/airflow/.local/lib/python3.12/site-packages/airflow/example_dags/example_xcomargs.py
[2026-06-08T20:14:32.646+0000] {logging_mixin.py:188} INFO - [2026-06-08T20:14:32.646+0000] {dag.py:3096} INFO - Sync 2 DAGs
[2026-06-08T20:14:32.666+0000] {logging_mixin.py:188} INFO - [2026-06-08T20:14:32.666+0000] {dag.py:3954} INFO - Setting next_dagrun for example_xcom_args to None, run_after=None
[2026-06-08T20:14:32.671+0000] {logging_mixin.py:188} INFO - [2026-06-08T20:14:32.671+0000] {dag.py:3954} INFO - Setting next_dagrun for example_xcom_args_with_operators to None, run_after=None
[2026-06-08T20:14:32.695+0000] {processor.py:183} INFO - Processing /home/airflow/.local/lib/python3.12/site-packages/airflow/example_dags/example_xcomargs.py took 0.106 seconds
[2026-06-08T20:15:03.019+0000] {processor.py:161} INFO - Started process (PID=821) to work on /home/airflow/.local/lib/python3.12/site-packages/airflow/example_dags/example_xcomargs.py
[2026-06-08T20:15:03.020+0000] {processor.py:830} INFO - Processing file /home/airflow/.local/lib/python3.12/site-packages/airflow/example_dags/example_xcomargs.py for tasks to queue
[2026-06-08T20:15:03.023+0000] {logging_mixin.py:188} INFO - [2026-06-08T20:15:03.022+0000] {dagbag.py:545} INFO - Filling up the DagBag from /home/airflow/.local/lib/python3.12/site-packages/airflow/example_dags/example_xcomargs.py
[2026-06-08T20:15:03.034+0000] {processor.py:840} INFO - DAG(s) 'example_xcom_args_with_operators', 'example_xcom_args' retrieved from /home/airflow/.local/lib/python3.12/site-packages/airflow/example_dags/example_xcomargs.py
[2026-06-08T20:15:03.068+0000] {logging_mixin.py:188} INFO - [2026-06-08T20:15:03.067+0000] {dag.py:3096} INFO - Sync 2 DAGs
[2026-06-08T20:15:03.086+0000] {logging_mixin.py:188} INFO - [2026-06-08T20:15:03.086+0000] {dag.py:3954} INFO - Setting next_dagrun for example_xcom_args to None, run_after=None
[2026-06-08T20:15:03.091+0000] {logging_mixin.py:188} INFO - [2026-06-08T20:15:03.091+0000] {dag.py:3954} INFO - Setting next_dagrun for example_xcom_args_with_operators to None, run_after=None
[2026-06-08T20:15:03.113+0000] {processor.py:183} INFO - Processing /home/airflow/.local/lib/python3.12/site-packages/airflow/example_dags/example_xcomargs.py took 0.105 seconds
[2026-06-08T20:15:33.464+0000] {processor.py:161} INFO - Started process (PID=879) to work on /home/airflow/.local/lib/python3.12/site-packages/airflow/example_dags/example_xcomargs.py
[2026-06-08T20:15:33.465+0000] {processor.py:830} INFO - Processing file /home/airflow/.local/lib/python3.12/site-packages/airflow/example_dags/example_xcomargs.py for tasks to queue
[2026-06-08T20:15:33.467+0000] {logging_mixin.py:188} INFO - [2026-06-08T20:15:33.467+0000] {dagbag.py:545} INFO - Filling up the DagBag from /home/airflow/.local/lib/python3.12/site-packages/airflow/example_dags/example_xcomargs.py
[2026-06-08T20:15:33.478+0000] {processor.py:840} INFO - DAG(s) 'example_xcom_args_with_operators', 'example_xcom_args' retrieved from /home/airflow/.local/lib/python3.12/site-packages/airflow/example_dags/example_xcomargs.py
[2026-06-08T20:15:33.507+0000] {logging_mixin.py:188} INFO - [2026-06-08T20:15:33.507+0000] {dag.py:3096} INFO - Sync 2 DAGs
[2026-06-08T20:15:33.528+0000] {logging_mixin.py:188} INFO - [2026-06-08T20:15:33.528+0000] {dag.py:3954} INFO - Setting next_dagrun for example_xcom_args to None, run_after=None
[2026-06-08T20:15:33.533+0000] {logging_mixin.py:188} INFO - [2026-06-08T20:15:33.533+0000] {dag.py:3954} INFO - Setting next_dagrun for example_xcom_args_with_operators to None, run_after=None
[2026-06-08T20:15:33.555+0000] {processor.py:183} INFO - Processing /home/airflow/.local/lib/python3.12/site-packages/airflow/example_dags/example_xcomargs.py took 0.099 seconds
[2026-06-08T20:16:03.987+0000] {processor.py:161} INFO - Started process (PID=937) to work on /home/airflow/.local/lib/python3.12/site-packages/airflow/example_dags/example_xcomargs.py
[2026-06-08T20:16:03.991+0000] {processor.py:830} INFO - Processing file /home/airflow/.local/lib/python3.12/site-packages/airflow/example_dags/example_xcomargs.py for tasks to queue
[2026-06-08T20:16:04.007+0000] {logging_mixin.py:188} INFO - [2026-06-08T20:16:04.003+0000] {dagbag.py:545} INFO - Filling up the DagBag from /home/airflow/.local/lib/python3.12/site-packages/airflow/example_dags/example_xcomargs.py
[2026-06-08T20:16:04.066+0000] {processor.py:840} INFO - DAG(s) 'example_xcom_args_with_operators', 'example_xcom_args' retrieved from /home/airflow/.local/lib/python3.12/site-packages/airflow/example_dags/example_xcomargs.py
[2026-06-08T20:16:04.179+0000] {logging_mixin.py:188} INFO - [2026-06-08T20:16:04.176+0000] {dag.py:3096} INFO - Sync 2 DAGs
[2026-06-08T20:16:04.253+0000] {logging_mixin.py:188} INFO - [2026-06-08T20:16:04.253+0000] {dag.py:3954} INFO - Setting next_dagrun for example_xcom_args to None, run_after=None
[2026-06-08T20:16:04.274+0000] {logging_mixin.py:188} INFO - [2026-06-08T20:16:04.274+0000] {dag.py:3954} INFO - Setting next_dagrun for example_xcom_args_with_operators to None, run_after=None
[2026-06-08T20:16:04.349+0000] {processor.py:183} INFO - Processing /home/airflow/.local/lib/python3.12/site-packages/airflow/example_dags/example_xcomargs.py took 0.397 seconds
[2026-06-08T20:16:34.685+0000] {processor.py:161} INFO - Started process (PID=995) to work on /home/airflow/.local/lib/python3.12/site-packages/airflow/example_dags/example_xcomargs.py
[2026-06-08T20:16:34.686+0000] {processor.py:830} INFO - Processing file /home/airflow/.local/lib/python3.12/site-packages/airflow/example_dags/example_xcomargs.py for tasks to queue
[2026-06-08T20:16:34.688+0000] {logging_mixin.py:188} INFO - [2026-06-08T20:16:34.687+0000] {dagbag.py:545} INFO - Filling up the DagBag from /home/airflow/.local/lib/python3.12/site-packages/airflow/example_dags/example_xcomargs.py
[2026-06-08T20:16:34.697+0000] {processor.py:840} INFO - DAG(s) 'example_xcom_args_with_operators', 'example_xcom_args' retrieved from /home/airflow/.local/lib/python3.12/site-packages/airflow/example_dags/example_xcomargs.py
[2026-06-08T20:16:34.726+0000] {logging_mixin.py:188} INFO - [2026-06-08T20:16:34.726+0000] {dag.py:3096} INFO - Sync 2 DAGs
[2026-06-08T20:16:34.746+0000] {logging_mixin.py:188} INFO - [2026-06-08T20:16:34.745+0000] {dag.py:3954} INFO - Setting next_dagrun for example_xcom_args to None, run_after=None
[2026-06-08T20:16:34.751+0000] {logging_mixin.py:188} INFO - [2026-06-08T20:16:34.751+0000] {dag.py:3954} INFO - Setting next_dagrun for example_xcom_args_with_operators to None, run_after=None
[2026-06-08T20:16:34.770+0000] {processor.py:183} INFO - Processing /home/airflow/.local/lib/python3.12/site-packages/airflow/example_dags/example_xcomargs.py took 0.093 seconds
[2026-06-08T20:17:05.183+0000] {processor.py:161} INFO - Started process (PID=1053) to work on /home/airflow/.local/lib/python3.12/site-packages/airflow/example_dags/example_xcomargs.py
[2026-06-08T20:17:05.188+0000] {processor.py:830} INFO - Processing file /home/airflow/.local/lib/python3.12/site-packages/airflow/example_dags/example_xcomargs.py for tasks to queue
[2026-06-08T20:17:05.192+0000] {logging_mixin.py:188} INFO - [2026-06-08T20:17:05.192+0000] {dagbag.py:545} INFO - Filling up the DagBag from /home/airflow/.local/lib/python3.12/site-packages/airflow/example_dags/example_xcomargs.py
[2026-06-08T20:17:05.221+0000] {processor.py:840} INFO - DAG(s) 'example_xcom_args', 'example_xcom_args_with_operators' retrieved from /home/airflow/.local/lib/python3.12/site-packages/airflow/example_dags/example_xcomargs.py
[2026-06-08T20:17:05.362+0000] {logging_mixin.py:188} INFO - [2026-06-08T20:17:05.362+0000] {dag.py:3096} INFO - Sync 2 DAGs
[2026-06-08T20:17:05.422+0000] {logging_mixin.py:188} INFO - [2026-06-08T20:17:05.421+0000] {dag.py:3954} INFO - Setting next_dagrun for example_xcom_args to None, run_after=None
[2026-06-08T20:17:05.440+0000] {logging_mixin.py:188} INFO - [2026-06-08T20:17:05.439+0000] {dag.py:3954} INFO - Setting next_dagrun for example_xcom_args_with_operators to None, run_after=None
[2026-06-08T20:17:05.525+0000] {processor.py:183} INFO - Processing /home/airflow/.local/lib/python3.12/site-packages/airflow/example_dags/example_xcomargs.py took 0.364 seconds
[2026-06-08T20:18:46.409+0000] {processor.py:161} INFO - Started process (PID=65) to work on /home/airflow/.local/lib/python3.12/site-packages/airflow/example_dags/example_xcomargs.py
[2026-06-08T20:18:46.412+0000] {processor.py:830} INFO - Processing file /home/airflow/.local/lib/python3.12/site-packages/airflow/example_dags/example_xcomargs.py for tasks to queue
[2026-06-08T20:18:46.417+0000] {logging_mixin.py:188} INFO - [2026-06-08T20:18:46.417+0000] {dagbag.py:545} INFO - Filling up the DagBag from /home/airflow/.local/lib/python3.12/site-packages/airflow/example_dags/example_xcomargs.py
[2026-06-08T20:18:46.465+0000] {processor.py:840} INFO - DAG(s) 'example_xcom_args', 'example_xcom_args_with_operators' retrieved from /home/airflow/.local/lib/python3.12/site-packages/airflow/example_dags/example_xcomargs.py
[2026-06-08T20:18:47.347+0000] {logging_mixin.py:188} INFO - [2026-06-08T20:18:47.347+0000] {dag.py:3096} INFO - Sync 2 DAGs
[2026-06-08T20:18:47.431+0000] {logging_mixin.py:188} INFO - [2026-06-08T20:18:47.430+0000] {dag.py:3954} INFO - Setting next_dagrun for example_xcom_args to None, run_after=None
[2026-06-08T20:18:47.445+0000] {logging_mixin.py:188} INFO - [2026-06-08T20:18:47.443+0000] {dag.py:3954} INFO - Setting next_dagrun for example_xcom_args_with_operators to None, run_after=None
[2026-06-08T20:18:47.527+0000] {processor.py:183} INFO - Processing /home/airflow/.local/lib/python3.12/site-packages/airflow/example_dags/example_xcomargs.py took 1.141 seconds
[2026-06-08T20:19:18.215+0000] {processor.py:161} INFO - Started process (PID=124) to work on /home/airflow/.local/lib/python3.12/site-packages/airflow/example_dags/example_xcomargs.py
[2026-06-08T20:19:18.216+0000] {processor.py:830} INFO - Processing file /home/airflow/.local/lib/python3.12/site-packages/airflow/example_dags/example_xcomargs.py for tasks to queue
[2026-06-08T20:19:18.218+0000] {logging_mixin.py:188} INFO - [2026-06-08T20:19:18.217+0000] {dagbag.py:545} INFO - Filling up the DagBag from /home/airflow/.local/lib/python3.12/site-packages/airflow/example_dags/example_xcomargs.py
[2026-06-08T20:19:18.225+0000] {processor.py:840} INFO - DAG(s) 'example_xcom_args', 'example_xcom_args_with_operators' retrieved from /home/airflow/.local/lib/python3.12/site-packages/airflow/example_dags/example_xcomargs.py
[2026-06-08T20:19:18.249+0000] {logging_mixin.py:188} INFO - [2026-06-08T20:19:18.249+0000] {dag.py:3096} INFO - Sync 2 DAGs
[2026-06-08T20:19:18.261+0000] {logging_mixin.py:188} INFO - [2026-06-08T20:19:18.261+0000] {dag.py:3954} INFO - Setting next_dagrun for example_xcom_args to None, run_after=None
[2026-06-08T20:19:18.265+0000] {logging_mixin.py:188} INFO - [2026-06-08T20:19:18.265+0000] {dag.py:3954} INFO - Setting next_dagrun for example_xcom_args_with_operators to None, run_after=None
[2026-06-08T20:19:18.285+0000] {processor.py:183} INFO - Processing /home/airflow/.local/lib/python3.12/site-packages/airflow/example_dags/example_xcomargs.py took 0.075 seconds
[2026-06-08T20:19:48.562+0000] {processor.py:161} INFO - Started process (PID=183) to work on /home/airflow/.local/lib/python3.12/site-packages/airflow/example_dags/example_xcomargs.py
[2026-06-08T20:19:48.563+0000] {processor.py:830} INFO - Processing file /home/airflow/.local/lib/python3.12/site-packages/airflow/example_dags/example_xcomargs.py for tasks to queue
[2026-06-08T20:19:48.565+0000] {logging_mixin.py:188} INFO - [2026-06-08T20:19:48.565+0000] {dagbag.py:545} INFO - Filling up the DagBag from /home/airflow/.local/lib/python3.12/site-packages/airflow/example_dags/example_xcomargs.py
[2026-06-08T20:19:48.576+0000] {processor.py:840} INFO - DAG(s) 'example_xcom_args_with_operators', 'example_xcom_args' retrieved from /home/airflow/.local/lib/python3.12/site-packages/airflow/example_dags/example_xcomargs.py
[2026-06-08T20:19:48.620+0000] {logging_mixin.py:188} INFO - [2026-06-08T20:19:48.620+0000] {dag.py:3096} INFO - Sync 2 DAGs
[2026-06-08T20:19:48.649+0000] {logging_mixin.py:188} INFO - [2026-06-08T20:19:48.649+0000] {dag.py:3954} INFO - Setting next_dagrun for example_xcom_args to None, run_after=None
[2026-06-08T20:19:48.655+0000] {logging_mixin.py:188} INFO - [2026-06-08T20:19:48.655+0000] {dag.py:3954} INFO - Setting next_dagrun for example_xcom_args_with_operators to None, run_after=None
[2026-06-08T20:19:48.674+0000] {processor.py:183} INFO - Processing /home/airflow/.local/lib/python3.12/site-packages/airflow/example_dags/example_xcomargs.py took 0.120 seconds
[2026-06-08T20:20:18.909+0000] {processor.py:161} INFO - Started process (PID=241) to work on /home/airflow/.local/lib/python3.12/site-packages/airflow/example_dags/example_xcomargs.py
[2026-06-08T20:20:18.910+0000] {processor.py:830} INFO - Processing file /home/airflow/.local/lib/python3.12/site-packages/airflow/example_dags/example_xcomargs.py for tasks to queue
[2026-06-08T20:20:18.911+0000] {logging_mixin.py:188} INFO - [2026-06-08T20:20:18.911+0000] {dagbag.py:545} INFO - Filling up the DagBag from /home/airflow/.local/lib/python3.12/site-packages/airflow/example_dags/example_xcomargs.py
[2026-06-08T20:20:18.919+0000] {processor.py:840} INFO - DAG(s) 'example_xcom_args', 'example_xcom_args_with_operators' retrieved from /home/airflow/.local/lib/python3.12/site-packages/airflow/example_dags/example_xcomargs.py
[2026-06-08T20:20:18.946+0000] {logging_mixin.py:188} INFO - [2026-06-08T20:20:18.946+0000] {dag.py:3096} INFO - Sync 2 DAGs
[2026-06-08T20:20:18.960+0000] {logging_mixin.py:188} INFO - [2026-06-08T20:20:18.959+0000] {dag.py:3954} INFO - Setting next_dagrun for example_xcom_args to None, run_after=None
[2026-06-08T20:20:18.965+0000] {logging_mixin.py:188} INFO - [2026-06-08T20:20:18.965+0000] {dag.py:3954} INFO - Setting next_dagrun for example_xcom_args_with_operators to None, run_after=None
[2026-06-08T20:20:18.981+0000] {processor.py:183} INFO - Processing /home/airflow/.local/lib/python3.12/site-packages/airflow/example_dags/example_xcomargs.py took 0.078 seconds
[2026-06-08T20:20:49.475+0000] {processor.py:161} INFO - Started process (PID=300) to work on /home/airflow/.local/lib/python3.12/site-packages/airflow/example_dags/example_xcomargs.py
[2026-06-08T20:20:49.476+0000] {processor.py:830} INFO - Processing file /home/airflow/.local/lib/python3.12/site-packages/airflow/example_dags/example_xcomargs.py for tasks to queue
[2026-06-08T20:20:49.478+0000] {logging_mixin.py:188} INFO - [2026-06-08T20:20:49.478+0000] {dagbag.py:545} INFO - Filling up the DagBag from /home/airflow/.local/lib/python3.12/site-packages/airflow/example_dags/example_xcomargs.py
[2026-06-08T20:20:49.485+0000] {processor.py:840} INFO - DAG(s) 'example_xcom_args', 'example_xcom_args_with_operators' retrieved from /home/airflow/.local/lib/python3.12/site-packages/airflow/example_dags/example_xcomargs.py
[2026-06-08T20:20:49.507+0000] {logging_mixin.py:188} INFO - [2026-06-08T20:20:49.507+0000] {dag.py:3096} INFO - Sync 2 DAGs
[2026-06-08T20:20:49.521+0000] {logging_mixin.py:188} INFO - [2026-06-08T20:20:49.521+0000] {dag.py:3954} INFO - Setting next_dagrun for example_xcom_args to None, run_after=None
[2026-06-08T20:20:49.524+0000] {logging_mixin.py:188} INFO - [2026-06-08T20:20:49.524+0000] {dag.py:3954} INFO - Setting next_dagrun for example_xcom_args_with_operators to None, run_after=None
[2026-06-08T20:20:49.539+0000] {processor.py:183} INFO - Processing /home/airflow/.local/lib/python3.12/site-packages/airflow/example_dags/example_xcomargs.py took 0.069 seconds
[2026-06-08T20:21:19.838+0000] {processor.py:161} INFO - Started process (PID=358) to work on /home/airflow/.local/lib/python3.12/site-packages/airflow/example_dags/example_xcomargs.py
[2026-06-08T20:21:19.839+0000] {processor.py:830} INFO - Processing file /home/airflow/.local/lib/python3.12/site-packages/airflow/example_dags/example_xcomargs.py for tasks to queue
[2026-06-08T20:21:19.841+0000] {logging_mixin.py:188} INFO - [2026-06-08T20:21:19.841+0000] {dagbag.py:545} INFO - Filling up the DagBag from /home/airflow/.local/lib/python3.12/site-packages/airflow/example_dags/example_xcomargs.py
[2026-06-08T20:21:19.848+0000] {processor.py:840} INFO - DAG(s) 'example_xcom_args', 'example_xcom_args_with_operators' retrieved from /home/airflow/.local/lib/python3.12/site-packages/airflow/example_dags/example_xcomargs.py
[2026-06-08T20:21:19.874+0000] {logging_mixin.py:188} INFO - [2026-06-08T20:21:19.873+0000] {dag.py:3096} INFO - Sync 2 DAGs
[2026-06-08T20:21:19.886+0000] {logging_mixin.py:188} INFO - [2026-06-08T20:21:19.886+0000] {dag.py:3954} INFO - Setting next_dagrun for example_xcom_args to None, run_after=None
[2026-06-08T20:21:19.890+0000] {logging_mixin.py:188} INFO - [2026-06-08T20:21:19.890+0000] {dag.py:3954} INFO - Setting next_dagrun for example_xcom_args_with_operators to None, run_after=None
[2026-06-08T20:21:19.910+0000] {processor.py:183} INFO - Processing /home/airflow/.local/lib/python3.12/site-packages/airflow/example_dags/example_xcomargs.py took 0.078 seconds
[2026-06-08T20:21:49.981+0000] {processor.py:161} INFO - Started process (PID=417) to work on /home/airflow/.local/lib/python3.12/site-packages/airflow/example_dags/example_xcomargs.py
[2026-06-08T20:21:49.983+0000] {processor.py:830} INFO - Processing file /home/airflow/.local/lib/python3.12/site-packages/airflow/example_dags/example_xcomargs.py for tasks to queue
[2026-06-08T20:21:49.985+0000] {logging_mixin.py:188} INFO - [2026-06-08T20:21:49.985+0000] {dagbag.py:545} INFO - Filling up the DagBag from /home/airflow/.local/lib/python3.12/site-packages/airflow/example_dags/example_xcomargs.py
[2026-06-08T20:21:50.002+0000] {processor.py:840} INFO - DAG(s) 'example_xcom_args_with_operators', 'example_xcom_args' retrieved from /home/airflow/.local/lib/python3.12/site-packages/airflow/example_dags/example_xcomargs.py
[2026-06-08T20:21:50.042+0000] {logging_mixin.py:188} INFO - [2026-06-08T20:21:50.042+0000] {dag.py:3096} INFO - Sync 2 DAGs
[2026-06-08T20:21:50.060+0000] {logging_mixin.py:188} INFO - [2026-06-08T20:21:50.059+0000] {dag.py:3954} INFO - Setting next_dagrun for example_xcom_args to None, run_after=None
[2026-06-08T20:21:50.065+0000] {logging_mixin.py:188} INFO - [2026-06-08T20:21:50.065+0000] {dag.py:3954} INFO - Setting next_dagrun for example_xcom_args_with_operators to None, run_after=None
[2026-06-08T20:21:50.083+0000] {processor.py:183} INFO - Processing /home/airflow/.local/lib/python3.12/site-packages/airflow/example_dags/example_xcomargs.py took 0.118 seconds
[2026-06-08T20:22:20.344+0000] {processor.py:161} INFO - Started process (PID=476) to work on /home/airflow/.local/lib/python3.12/site-packages/airflow/example_dags/example_xcomargs.py
[2026-06-08T20:22:20.346+0000] {processor.py:830} INFO - Processing file /home/airflow/.local/lib/python3.12/site-packages/airflow/example_dags/example_xcomargs.py for tasks to queue
[2026-06-08T20:22:20.349+0000] {logging_mixin.py:188} INFO - [2026-06-08T20:22:20.348+0000] {dagbag.py:545} INFO - Filling up the DagBag from /home/airflow/.local/lib/python3.12/site-packages/airflow/example_dags/example_xcomargs.py
[2026-06-08T20:22:20.362+0000] {processor.py:840} INFO - DAG(s) 'example_xcom_args', 'example_xcom_args_with_operators' retrieved from /home/airflow/.local/lib/python3.12/site-packages/airflow/example_dags/example_xcomargs.py
[2026-06-08T20:22:20.428+0000] {logging_mixin.py:188} INFO - [2026-06-08T20:22:20.428+0000] {dag.py:3096} INFO - Sync 2 DAGs
[2026-06-08T20:22:20.471+0000] {logging_mixin.py:188} INFO - [2026-06-08T20:22:20.469+0000] {dag.py:3954} INFO - Setting next_dagrun for example_xcom_args to None, run_after=None
[2026-06-08T20:22:20.487+0000] {logging_mixin.py:188} INFO - [2026-06-08T20:22:20.486+0000] {dag.py:3954} INFO - Setting next_dagrun for example_xcom_args_with_operators to None, run_after=None
[2026-06-08T20:22:20.528+0000] {processor.py:183} INFO - Processing /home/airflow/.local/lib/python3.12/site-packages/airflow/example_dags/example_xcomargs.py took 0.195 seconds
[2026-06-08T20:22:51.127+0000] {processor.py:161} INFO - Started process (PID=535) to work on /home/airflow/.local/lib/python3.12/site-packages/airflow/example_dags/example_xcomargs.py
[2026-06-08T20:22:51.128+0000] {processor.py:830} INFO - Processing file /home/airflow/.local/lib/python3.12/site-packages/airflow/example_dags/example_xcomargs.py for tasks to queue
[2026-06-08T20:22:51.130+0000] {logging_mixin.py:188} INFO - [2026-06-08T20:22:51.129+0000] {dagbag.py:545} INFO - Filling up the DagBag from /home/airflow/.local/lib/python3.12/site-packages/airflow/example_dags/example_xcomargs.py
[2026-06-08T20:22:51.140+0000] {processor.py:840} INFO - DAG(s) 'example_xcom_args', 'example_xcom_args_with_operators' retrieved from /home/airflow/.local/lib/python3.12/site-packages/airflow/example_dags/example_xcomargs.py
[2026-06-08T20:22:51.172+0000] {logging_mixin.py:188} INFO - [2026-06-08T20:22:51.172+0000] {dag.py:3096} INFO - Sync 2 DAGs
[2026-06-08T20:22:51.194+0000] {logging_mixin.py:188} INFO - [2026-06-08T20:22:51.194+0000] {dag.py:3954} INFO - Setting next_dagrun for example_xcom_args to None, run_after=None
[2026-06-08T20:22:51.201+0000] {logging_mixin.py:188} INFO - [2026-06-08T20:22:51.201+0000] {dag.py:3954} INFO - Setting next_dagrun for example_xcom_args_with_operators to None, run_after=None
[2026-06-08T20:22:51.220+0000] {processor.py:183} INFO - Processing /home/airflow/.local/lib/python3.12/site-packages/airflow/example_dags/example_xcomargs.py took 0.101 seconds
[2026-06-08T20:23:21.665+0000] {processor.py:161} INFO - Started process (PID=594) to work on /home/airflow/.local/lib/python3.12/site-packages/airflow/example_dags/example_xcomargs.py
[2026-06-08T20:23:21.666+0000] {processor.py:830} INFO - Processing file /home/airflow/.local/lib/python3.12/site-packages/airflow/example_dags/example_xcomargs.py for tasks to queue
[2026-06-08T20:23:21.668+0000] {logging_mixin.py:188} INFO - [2026-06-08T20:23:21.668+0000] {dagbag.py:545} INFO - Filling up the DagBag from /home/airflow/.local/lib/python3.12/site-packages/airflow/example_dags/example_xcomargs.py
[2026-06-08T20:23:21.681+0000] {processor.py:840} INFO - DAG(s) 'example_xcom_args_with_operators', 'example_xcom_args' retrieved from /home/airflow/.local/lib/python3.12/site-packages/airflow/example_dags/example_xcomargs.py
[2026-06-08T20:23:21.712+0000] {logging_mixin.py:188} INFO - [2026-06-08T20:23:21.712+0000] {dag.py:3096} INFO - Sync 2 DAGs
[2026-06-08T20:23:21.731+0000] {logging_mixin.py:188} INFO - [2026-06-08T20:23:21.730+0000] {dag.py:3954} INFO - Setting next_dagrun for example_xcom_args to None, run_after=None
[2026-06-08T20:23:21.736+0000] {logging_mixin.py:188} INFO - [2026-06-08T20:23:21.736+0000] {dag.py:3954} INFO - Setting next_dagrun for example_xcom_args_with_operators to None, run_after=None
[2026-06-08T20:23:21.756+0000] {processor.py:183} INFO - Processing /home/airflow/.local/lib/python3.12/site-packages/airflow/example_dags/example_xcomargs.py took 0.099 seconds
