[2026-06-08T20:03:56.522+0000] {processor.py:161} INFO - Started process (PID=109) to work on /home/airflow/.local/lib/python3.12/site-packages/airflow/example_dags/example_nested_branch_dag.py
[2026-06-08T20:03:56.525+0000] {processor.py:830} INFO - Processing file /home/airflow/.local/lib/python3.12/site-packages/airflow/example_dags/example_nested_branch_dag.py for tasks to queue
[2026-06-08T20:03:56.530+0000] {logging_mixin.py:188} INFO - [2026-06-08T20:03:56.528+0000] {dagbag.py:545} INFO - Filling up the DagBag from /home/airflow/.local/lib/python3.12/site-packages/airflow/example_dags/example_nested_branch_dag.py
[2026-06-08T20:03:56.569+0000] {processor.py:840} INFO - DAG(s) 'example_nested_branch_dag' retrieved from /home/airflow/.local/lib/python3.12/site-packages/airflow/example_dags/example_nested_branch_dag.py
[2026-06-08T20:03:57.199+0000] {logging_mixin.py:188} INFO - [2026-06-08T20:03:57.199+0000] {dag.py:3096} INFO - Sync 1 DAGs
[2026-06-08T20:03:57.335+0000] {logging_mixin.py:188} INFO - [2026-06-08T20:03:57.333+0000] {dag.py:3954} INFO - Setting next_dagrun for example_nested_branch_dag to 2026-06-07 00:00:00+00:00, run_after=2026-06-08 00:00:00+00:00
[2026-06-08T20:03:57.403+0000] {processor.py:183} INFO - Processing /home/airflow/.local/lib/python3.12/site-packages/airflow/example_dags/example_nested_branch_dag.py took 0.898 seconds
[2026-06-08T20:04:28.032+0000] {processor.py:161} INFO - Started process (PID=167) to work on /home/airflow/.local/lib/python3.12/site-packages/airflow/example_dags/example_nested_branch_dag.py
[2026-06-08T20:04:28.033+0000] {processor.py:830} INFO - Processing file /home/airflow/.local/lib/python3.12/site-packages/airflow/example_dags/example_nested_branch_dag.py for tasks to queue
[2026-06-08T20:04:28.035+0000] {logging_mixin.py:188} INFO - [2026-06-08T20:04:28.035+0000] {dagbag.py:545} INFO - Filling up the DagBag from /home/airflow/.local/lib/python3.12/site-packages/airflow/example_dags/example_nested_branch_dag.py
[2026-06-08T20:04:28.048+0000] {processor.py:840} INFO - DAG(s) 'example_nested_branch_dag' retrieved from /home/airflow/.local/lib/python3.12/site-packages/airflow/example_dags/example_nested_branch_dag.py
[2026-06-08T20:04:28.080+0000] {logging_mixin.py:188} INFO - [2026-06-08T20:04:28.080+0000] {dag.py:3096} INFO - Sync 1 DAGs
[2026-06-08T20:04:28.114+0000] {logging_mixin.py:188} INFO - [2026-06-08T20:04:28.112+0000] {dag.py:3954} INFO - Setting next_dagrun for example_nested_branch_dag to 2026-06-07 00:00:00+00:00, run_after=2026-06-08 00:00:00+00:00
[2026-06-08T20:04:28.137+0000] {processor.py:183} INFO - Processing /home/airflow/.local/lib/python3.12/site-packages/airflow/example_dags/example_nested_branch_dag.py took 0.111 seconds
[2026-06-08T20:04:58.944+0000] {processor.py:161} INFO - Started process (PID=225) to work on /home/airflow/.local/lib/python3.12/site-packages/airflow/example_dags/example_nested_branch_dag.py
[2026-06-08T20:04:58.945+0000] {processor.py:830} INFO - Processing file /home/airflow/.local/lib/python3.12/site-packages/airflow/example_dags/example_nested_branch_dag.py for tasks to queue
[2026-06-08T20:04:58.947+0000] {logging_mixin.py:188} INFO - [2026-06-08T20:04:58.947+0000] {dagbag.py:545} INFO - Filling up the DagBag from /home/airflow/.local/lib/python3.12/site-packages/airflow/example_dags/example_nested_branch_dag.py
[2026-06-08T20:04:58.960+0000] {processor.py:840} INFO - DAG(s) 'example_nested_branch_dag' retrieved from /home/airflow/.local/lib/python3.12/site-packages/airflow/example_dags/example_nested_branch_dag.py
[2026-06-08T20:04:58.993+0000] {logging_mixin.py:188} INFO - [2026-06-08T20:04:58.993+0000] {dag.py:3096} INFO - Sync 1 DAGs
[2026-06-08T20:04:59.025+0000] {logging_mixin.py:188} INFO - [2026-06-08T20:04:59.024+0000] {dag.py:3954} INFO - Setting next_dagrun for example_nested_branch_dag to 2026-06-07 00:00:00+00:00, run_after=2026-06-08 00:00:00+00:00
[2026-06-08T20:04:59.047+0000] {processor.py:183} INFO - Processing /home/airflow/.local/lib/python3.12/site-packages/airflow/example_dags/example_nested_branch_dag.py took 0.110 seconds
[2026-06-08T20:05:29.960+0000] {processor.py:161} INFO - Started process (PID=283) to work on /home/airflow/.local/lib/python3.12/site-packages/airflow/example_dags/example_nested_branch_dag.py
[2026-06-08T20:05:29.963+0000] {processor.py:830} INFO - Processing file /home/airflow/.local/lib/python3.12/site-packages/airflow/example_dags/example_nested_branch_dag.py for tasks to queue
[2026-06-08T20:05:29.982+0000] {logging_mixin.py:188} INFO - [2026-06-08T20:05:29.982+0000] {dagbag.py:545} INFO - Filling up the DagBag from /home/airflow/.local/lib/python3.12/site-packages/airflow/example_dags/example_nested_branch_dag.py
[2026-06-08T20:05:30.000+0000] {processor.py:840} INFO - DAG(s) 'example_nested_branch_dag' retrieved from /home/airflow/.local/lib/python3.12/site-packages/airflow/example_dags/example_nested_branch_dag.py
[2026-06-08T20:05:30.031+0000] {logging_mixin.py:188} INFO - [2026-06-08T20:05:30.031+0000] {dag.py:3096} INFO - Sync 1 DAGs
[2026-06-08T20:05:30.064+0000] {logging_mixin.py:188} INFO - [2026-06-08T20:05:30.064+0000] {dag.py:3954} INFO - Setting next_dagrun for example_nested_branch_dag to 2026-06-07 00:00:00+00:00, run_after=2026-06-08 00:00:00+00:00
[2026-06-08T20:05:30.094+0000] {processor.py:183} INFO - Processing /home/airflow/.local/lib/python3.12/site-packages/airflow/example_dags/example_nested_branch_dag.py took 0.149 seconds
[2026-06-08T20:06:00.410+0000] {processor.py:161} INFO - Started process (PID=341) to work on /home/airflow/.local/lib/python3.12/site-packages/airflow/example_dags/example_nested_branch_dag.py
[2026-06-08T20:06:00.413+0000] {processor.py:830} INFO - Processing file /home/airflow/.local/lib/python3.12/site-packages/airflow/example_dags/example_nested_branch_dag.py for tasks to queue
[2026-06-08T20:06:00.417+0000] {logging_mixin.py:188} INFO - [2026-06-08T20:06:00.417+0000] {dagbag.py:545} INFO - Filling up the DagBag from /home/airflow/.local/lib/python3.12/site-packages/airflow/example_dags/example_nested_branch_dag.py
[2026-06-08T20:06:00.469+0000] {processor.py:840} INFO - DAG(s) 'example_nested_branch_dag' retrieved from /home/airflow/.local/lib/python3.12/site-packages/airflow/example_dags/example_nested_branch_dag.py
[2026-06-08T20:06:00.589+0000] {logging_mixin.py:188} INFO - [2026-06-08T20:06:00.589+0000] {dag.py:3096} INFO - Sync 1 DAGs
[2026-06-08T20:06:00.704+0000] {logging_mixin.py:188} INFO - [2026-06-08T20:06:00.695+0000] {dag.py:3954} INFO - Setting next_dagrun for example_nested_branch_dag to 2026-06-07 00:00:00+00:00, run_after=2026-06-08 00:00:00+00:00
[2026-06-08T20:06:00.760+0000] {processor.py:183} INFO - Processing /home/airflow/.local/lib/python3.12/site-packages/airflow/example_dags/example_nested_branch_dag.py took 0.365 seconds
[2026-06-08T20:06:31.389+0000] {processor.py:161} INFO - Started process (PID=399) to work on /home/airflow/.local/lib/python3.12/site-packages/airflow/example_dags/example_nested_branch_dag.py
[2026-06-08T20:06:31.390+0000] {processor.py:830} INFO - Processing file /home/airflow/.local/lib/python3.12/site-packages/airflow/example_dags/example_nested_branch_dag.py for tasks to queue
[2026-06-08T20:06:31.392+0000] {logging_mixin.py:188} INFO - [2026-06-08T20:06:31.392+0000] {dagbag.py:545} INFO - Filling up the DagBag from /home/airflow/.local/lib/python3.12/site-packages/airflow/example_dags/example_nested_branch_dag.py
[2026-06-08T20:06:31.405+0000] {processor.py:840} INFO - DAG(s) 'example_nested_branch_dag' retrieved from /home/airflow/.local/lib/python3.12/site-packages/airflow/example_dags/example_nested_branch_dag.py
[2026-06-08T20:06:31.435+0000] {logging_mixin.py:188} INFO - [2026-06-08T20:06:31.435+0000] {dag.py:3096} INFO - Sync 1 DAGs
[2026-06-08T20:06:31.468+0000] {logging_mixin.py:188} INFO - [2026-06-08T20:06:31.468+0000] {dag.py:3954} INFO - Setting next_dagrun for example_nested_branch_dag to 2026-06-07 00:00:00+00:00, run_after=2026-06-08 00:00:00+00:00
[2026-06-08T20:06:31.492+0000] {processor.py:183} INFO - Processing /home/airflow/.local/lib/python3.12/site-packages/airflow/example_dags/example_nested_branch_dag.py took 0.110 seconds
[2026-06-08T20:07:02.347+0000] {processor.py:161} INFO - Started process (PID=457) to work on /home/airflow/.local/lib/python3.12/site-packages/airflow/example_dags/example_nested_branch_dag.py
[2026-06-08T20:07:02.348+0000] {processor.py:830} INFO - Processing file /home/airflow/.local/lib/python3.12/site-packages/airflow/example_dags/example_nested_branch_dag.py for tasks to queue
[2026-06-08T20:07:02.350+0000] {logging_mixin.py:188} INFO - [2026-06-08T20:07:02.349+0000] {dagbag.py:545} INFO - Filling up the DagBag from /home/airflow/.local/lib/python3.12/site-packages/airflow/example_dags/example_nested_branch_dag.py
[2026-06-08T20:07:02.364+0000] {processor.py:840} INFO - DAG(s) 'example_nested_branch_dag' retrieved from /home/airflow/.local/lib/python3.12/site-packages/airflow/example_dags/example_nested_branch_dag.py
[2026-06-08T20:07:02.399+0000] {logging_mixin.py:188} INFO - [2026-06-08T20:07:02.399+0000] {dag.py:3096} INFO - Sync 1 DAGs
[2026-06-08T20:07:02.430+0000] {logging_mixin.py:188} INFO - [2026-06-08T20:07:02.430+0000] {dag.py:3954} INFO - Setting next_dagrun for example_nested_branch_dag to 2026-06-07 00:00:00+00:00, run_after=2026-06-08 00:00:00+00:00
[2026-06-08T20:07:02.453+0000] {processor.py:183} INFO - Processing /home/airflow/.local/lib/python3.12/site-packages/airflow/example_dags/example_nested_branch_dag.py took 0.113 seconds
[2026-06-08T20:08:33.786+0000] {processor.py:161} INFO - Started process (PID=101) to work on /home/airflow/.local/lib/python3.12/site-packages/airflow/example_dags/example_nested_branch_dag.py
[2026-06-08T20:08:33.787+0000] {processor.py:830} INFO - Processing file /home/airflow/.local/lib/python3.12/site-packages/airflow/example_dags/example_nested_branch_dag.py for tasks to queue
[2026-06-08T20:08:33.789+0000] {logging_mixin.py:188} INFO - [2026-06-08T20:08:33.789+0000] {dagbag.py:545} INFO - Filling up the DagBag from /home/airflow/.local/lib/python3.12/site-packages/airflow/example_dags/example_nested_branch_dag.py
[2026-06-08T20:08:33.804+0000] {processor.py:840} INFO - DAG(s) 'example_nested_branch_dag' retrieved from /home/airflow/.local/lib/python3.12/site-packages/airflow/example_dags/example_nested_branch_dag.py
[2026-06-08T20:08:34.110+0000] {logging_mixin.py:188} INFO - [2026-06-08T20:08:34.110+0000] {dag.py:3096} INFO - Sync 1 DAGs
[2026-06-08T20:08:34.165+0000] {logging_mixin.py:188} INFO - [2026-06-08T20:08:34.165+0000] {dag.py:3954} INFO - Setting next_dagrun for example_nested_branch_dag to 2026-06-07 00:00:00+00:00, run_after=2026-06-08 00:00:00+00:00
[2026-06-08T20:08:34.287+0000] {processor.py:183} INFO - Processing /home/airflow/.local/lib/python3.12/site-packages/airflow/example_dags/example_nested_branch_dag.py took 0.508 seconds
[2026-06-08T20:09:05.163+0000] {processor.py:161} INFO - Started process (PID=159) to work on /home/airflow/.local/lib/python3.12/site-packages/airflow/example_dags/example_nested_branch_dag.py
[2026-06-08T20:09:05.168+0000] {processor.py:830} INFO - Processing file /home/airflow/.local/lib/python3.12/site-packages/airflow/example_dags/example_nested_branch_dag.py for tasks to queue
[2026-06-08T20:09:05.179+0000] {logging_mixin.py:188} INFO - [2026-06-08T20:09:05.179+0000] {dagbag.py:545} INFO - Filling up the DagBag from /home/airflow/.local/lib/python3.12/site-packages/airflow/example_dags/example_nested_branch_dag.py
[2026-06-08T20:09:05.222+0000] {processor.py:840} INFO - DAG(s) 'example_nested_branch_dag' retrieved from /home/airflow/.local/lib/python3.12/site-packages/airflow/example_dags/example_nested_branch_dag.py
[2026-06-08T20:09:05.266+0000] {logging_mixin.py:188} INFO - [2026-06-08T20:09:05.266+0000] {dag.py:3096} INFO - Sync 1 DAGs
[2026-06-08T20:09:05.338+0000] {logging_mixin.py:188} INFO - [2026-06-08T20:09:05.337+0000] {dag.py:3954} INFO - Setting next_dagrun for example_nested_branch_dag to 2026-06-07 00:00:00+00:00, run_after=2026-06-08 00:00:00+00:00
[2026-06-08T20:09:05.393+0000] {processor.py:183} INFO - Processing /home/airflow/.local/lib/python3.12/site-packages/airflow/example_dags/example_nested_branch_dag.py took 0.269 seconds
[2026-06-08T20:09:36.133+0000] {processor.py:161} INFO - Started process (PID=217) to work on /home/airflow/.local/lib/python3.12/site-packages/airflow/example_dags/example_nested_branch_dag.py
[2026-06-08T20:09:36.134+0000] {processor.py:830} INFO - Processing file /home/airflow/.local/lib/python3.12/site-packages/airflow/example_dags/example_nested_branch_dag.py for tasks to queue
[2026-06-08T20:09:36.136+0000] {logging_mixin.py:188} INFO - [2026-06-08T20:09:36.136+0000] {dagbag.py:545} INFO - Filling up the DagBag from /home/airflow/.local/lib/python3.12/site-packages/airflow/example_dags/example_nested_branch_dag.py
[2026-06-08T20:09:36.150+0000] {processor.py:840} INFO - DAG(s) 'example_nested_branch_dag' retrieved from /home/airflow/.local/lib/python3.12/site-packages/airflow/example_dags/example_nested_branch_dag.py
[2026-06-08T20:09:36.195+0000] {logging_mixin.py:188} INFO - [2026-06-08T20:09:36.194+0000] {dag.py:3096} INFO - Sync 1 DAGs
[2026-06-08T20:09:36.246+0000] {logging_mixin.py:188} INFO - [2026-06-08T20:09:36.245+0000] {dag.py:3954} INFO - Setting next_dagrun for example_nested_branch_dag to 2026-06-07 00:00:00+00:00, run_after=2026-06-08 00:00:00+00:00
[2026-06-08T20:09:36.280+0000] {processor.py:183} INFO - Processing /home/airflow/.local/lib/python3.12/site-packages/airflow/example_dags/example_nested_branch_dag.py took 0.157 seconds
[2026-06-08T20:10:06.578+0000] {processor.py:161} INFO - Started process (PID=277) to work on /home/airflow/.local/lib/python3.12/site-packages/airflow/example_dags/example_nested_branch_dag.py
[2026-06-08T20:10:06.578+0000] {processor.py:830} INFO - Processing file /home/airflow/.local/lib/python3.12/site-packages/airflow/example_dags/example_nested_branch_dag.py for tasks to queue
[2026-06-08T20:10:06.581+0000] {logging_mixin.py:188} INFO - [2026-06-08T20:10:06.580+0000] {dagbag.py:545} INFO - Filling up the DagBag from /home/airflow/.local/lib/python3.12/site-packages/airflow/example_dags/example_nested_branch_dag.py
[2026-06-08T20:10:06.597+0000] {processor.py:840} INFO - DAG(s) 'example_nested_branch_dag' retrieved from /home/airflow/.local/lib/python3.12/site-packages/airflow/example_dags/example_nested_branch_dag.py
[2026-06-08T20:10:06.688+0000] {logging_mixin.py:188} INFO - [2026-06-08T20:10:06.687+0000] {dag.py:3096} INFO - Sync 1 DAGs
[2026-06-08T20:10:06.749+0000] {logging_mixin.py:188} INFO - [2026-06-08T20:10:06.749+0000] {dag.py:3954} INFO - Setting next_dagrun for example_nested_branch_dag to 2026-06-07 00:00:00+00:00, run_after=2026-06-08 00:00:00+00:00
[2026-06-08T20:10:06.800+0000] {processor.py:183} INFO - Processing /home/airflow/.local/lib/python3.12/site-packages/airflow/example_dags/example_nested_branch_dag.py took 0.233 seconds
[2026-06-08T20:10:37.665+0000] {processor.py:161} INFO - Started process (PID=335) to work on /home/airflow/.local/lib/python3.12/site-packages/airflow/example_dags/example_nested_branch_dag.py
[2026-06-08T20:10:37.666+0000] {processor.py:830} INFO - Processing file /home/airflow/.local/lib/python3.12/site-packages/airflow/example_dags/example_nested_branch_dag.py for tasks to queue
[2026-06-08T20:10:37.668+0000] {logging_mixin.py:188} INFO - [2026-06-08T20:10:37.668+0000] {dagbag.py:545} INFO - Filling up the DagBag from /home/airflow/.local/lib/python3.12/site-packages/airflow/example_dags/example_nested_branch_dag.py
[2026-06-08T20:10:37.681+0000] {processor.py:840} INFO - DAG(s) 'example_nested_branch_dag' retrieved from /home/airflow/.local/lib/python3.12/site-packages/airflow/example_dags/example_nested_branch_dag.py
[2026-06-08T20:10:37.711+0000] {logging_mixin.py:188} INFO - [2026-06-08T20:10:37.710+0000] {dag.py:3096} INFO - Sync 1 DAGs
[2026-06-08T20:10:37.744+0000] {logging_mixin.py:188} INFO - [2026-06-08T20:10:37.743+0000] {dag.py:3954} INFO - Setting next_dagrun for example_nested_branch_dag to 2026-06-07 00:00:00+00:00, run_after=2026-06-08 00:00:00+00:00
[2026-06-08T20:10:37.766+0000] {processor.py:183} INFO - Processing /home/airflow/.local/lib/python3.12/site-packages/airflow/example_dags/example_nested_branch_dag.py took 0.108 seconds
[2026-06-08T20:11:08.344+0000] {processor.py:161} INFO - Started process (PID=393) to work on /home/airflow/.local/lib/python3.12/site-packages/airflow/example_dags/example_nested_branch_dag.py
[2026-06-08T20:11:08.345+0000] {processor.py:830} INFO - Processing file /home/airflow/.local/lib/python3.12/site-packages/airflow/example_dags/example_nested_branch_dag.py for tasks to queue
[2026-06-08T20:11:08.347+0000] {logging_mixin.py:188} INFO - [2026-06-08T20:11:08.347+0000] {dagbag.py:545} INFO - Filling up the DagBag from /home/airflow/.local/lib/python3.12/site-packages/airflow/example_dags/example_nested_branch_dag.py
[2026-06-08T20:11:08.361+0000] {processor.py:840} INFO - DAG(s) 'example_nested_branch_dag' retrieved from /home/airflow/.local/lib/python3.12/site-packages/airflow/example_dags/example_nested_branch_dag.py
[2026-06-08T20:11:08.391+0000] {logging_mixin.py:188} INFO - [2026-06-08T20:11:08.391+0000] {dag.py:3096} INFO - Sync 1 DAGs
[2026-06-08T20:11:08.425+0000] {logging_mixin.py:188} INFO - [2026-06-08T20:11:08.424+0000] {dag.py:3954} INFO - Setting next_dagrun for example_nested_branch_dag to 2026-06-07 00:00:00+00:00, run_after=2026-06-08 00:00:00+00:00
[2026-06-08T20:11:08.448+0000] {processor.py:183} INFO - Processing /home/airflow/.local/lib/python3.12/site-packages/airflow/example_dags/example_nested_branch_dag.py took 0.112 seconds
[2026-06-08T20:11:38.512+0000] {processor.py:161} INFO - Started process (PID=449) to work on /home/airflow/.local/lib/python3.12/site-packages/airflow/example_dags/example_nested_branch_dag.py
[2026-06-08T20:11:38.513+0000] {processor.py:830} INFO - Processing file /home/airflow/.local/lib/python3.12/site-packages/airflow/example_dags/example_nested_branch_dag.py for tasks to queue
[2026-06-08T20:11:38.516+0000] {logging_mixin.py:188} INFO - [2026-06-08T20:11:38.515+0000] {dagbag.py:545} INFO - Filling up the DagBag from /home/airflow/.local/lib/python3.12/site-packages/airflow/example_dags/example_nested_branch_dag.py
[2026-06-08T20:11:38.531+0000] {processor.py:840} INFO - DAG(s) 'example_nested_branch_dag' retrieved from /home/airflow/.local/lib/python3.12/site-packages/airflow/example_dags/example_nested_branch_dag.py
[2026-06-08T20:11:38.560+0000] {logging_mixin.py:188} INFO - [2026-06-08T20:11:38.560+0000] {dag.py:3096} INFO - Sync 1 DAGs
[2026-06-08T20:11:38.590+0000] {logging_mixin.py:188} INFO - [2026-06-08T20:11:38.590+0000] {dag.py:3954} INFO - Setting next_dagrun for example_nested_branch_dag to 2026-06-07 00:00:00+00:00, run_after=2026-06-08 00:00:00+00:00
[2026-06-08T20:11:38.613+0000] {processor.py:183} INFO - Processing /home/airflow/.local/lib/python3.12/site-packages/airflow/example_dags/example_nested_branch_dag.py took 0.107 seconds
[2026-06-08T20:12:09.070+0000] {processor.py:161} INFO - Started process (PID=508) to work on /home/airflow/.local/lib/python3.12/site-packages/airflow/example_dags/example_nested_branch_dag.py
[2026-06-08T20:12:09.071+0000] {processor.py:830} INFO - Processing file /home/airflow/.local/lib/python3.12/site-packages/airflow/example_dags/example_nested_branch_dag.py for tasks to queue
[2026-06-08T20:12:09.073+0000] {logging_mixin.py:188} INFO - [2026-06-08T20:12:09.073+0000] {dagbag.py:545} INFO - Filling up the DagBag from /home/airflow/.local/lib/python3.12/site-packages/airflow/example_dags/example_nested_branch_dag.py
[2026-06-08T20:12:09.086+0000] {processor.py:840} INFO - DAG(s) 'example_nested_branch_dag' retrieved from /home/airflow/.local/lib/python3.12/site-packages/airflow/example_dags/example_nested_branch_dag.py
[2026-06-08T20:12:09.114+0000] {logging_mixin.py:188} INFO - [2026-06-08T20:12:09.114+0000] {dag.py:3096} INFO - Sync 1 DAGs
[2026-06-08T20:12:09.147+0000] {logging_mixin.py:188} INFO - [2026-06-08T20:12:09.146+0000] {dag.py:3954} INFO - Setting next_dagrun for example_nested_branch_dag to 2026-06-07 00:00:00+00:00, run_after=2026-06-08 00:00:00+00:00
[2026-06-08T20:12:09.191+0000] {processor.py:183} INFO - Processing /home/airflow/.local/lib/python3.12/site-packages/airflow/example_dags/example_nested_branch_dag.py took 0.129 seconds
[2026-06-08T20:12:40.884+0000] {processor.py:161} INFO - Started process (PID=566) to work on /home/airflow/.local/lib/python3.12/site-packages/airflow/example_dags/example_nested_branch_dag.py
[2026-06-08T20:12:40.886+0000] {processor.py:830} INFO - Processing file /home/airflow/.local/lib/python3.12/site-packages/airflow/example_dags/example_nested_branch_dag.py for tasks to queue
[2026-06-08T20:12:40.890+0000] {logging_mixin.py:188} INFO - [2026-06-08T20:12:40.890+0000] {dagbag.py:545} INFO - Filling up the DagBag from /home/airflow/.local/lib/python3.12/site-packages/airflow/example_dags/example_nested_branch_dag.py
[2026-06-08T20:12:40.937+0000] {processor.py:840} INFO - DAG(s) 'example_nested_branch_dag' retrieved from /home/airflow/.local/lib/python3.12/site-packages/airflow/example_dags/example_nested_branch_dag.py
[2026-06-08T20:12:41.093+0000] {logging_mixin.py:188} INFO - [2026-06-08T20:12:41.092+0000] {dag.py:3096} INFO - Sync 1 DAGs
[2026-06-08T20:12:41.212+0000] {logging_mixin.py:188} INFO - [2026-06-08T20:12:41.212+0000] {dag.py:3954} INFO - Setting next_dagrun for example_nested_branch_dag to 2026-06-07 00:00:00+00:00, run_after=2026-06-08 00:00:00+00:00
[2026-06-08T20:12:41.284+0000] {processor.py:183} INFO - Processing /home/airflow/.local/lib/python3.12/site-packages/airflow/example_dags/example_nested_branch_dag.py took 0.427 seconds
[2026-06-08T20:13:11.739+0000] {processor.py:161} INFO - Started process (PID=624) to work on /home/airflow/.local/lib/python3.12/site-packages/airflow/example_dags/example_nested_branch_dag.py
[2026-06-08T20:13:11.740+0000] {processor.py:830} INFO - Processing file /home/airflow/.local/lib/python3.12/site-packages/airflow/example_dags/example_nested_branch_dag.py for tasks to queue
[2026-06-08T20:13:11.742+0000] {logging_mixin.py:188} INFO - [2026-06-08T20:13:11.741+0000] {dagbag.py:545} INFO - Filling up the DagBag from /home/airflow/.local/lib/python3.12/site-packages/airflow/example_dags/example_nested_branch_dag.py
[2026-06-08T20:13:11.756+0000] {processor.py:840} INFO - DAG(s) 'example_nested_branch_dag' retrieved from /home/airflow/.local/lib/python3.12/site-packages/airflow/example_dags/example_nested_branch_dag.py
[2026-06-08T20:13:11.812+0000] {logging_mixin.py:188} INFO - [2026-06-08T20:13:11.812+0000] {dag.py:3096} INFO - Sync 1 DAGs
[2026-06-08T20:13:11.869+0000] {logging_mixin.py:188} INFO - [2026-06-08T20:13:11.867+0000] {dag.py:3954} INFO - Setting next_dagrun for example_nested_branch_dag to 2026-06-07 00:00:00+00:00, run_after=2026-06-08 00:00:00+00:00
[2026-06-08T20:13:11.927+0000] {processor.py:183} INFO - Processing /home/airflow/.local/lib/python3.12/site-packages/airflow/example_dags/example_nested_branch_dag.py took 0.198 seconds
[2026-06-08T20:13:42.583+0000] {processor.py:161} INFO - Started process (PID=681) to work on /home/airflow/.local/lib/python3.12/site-packages/airflow/example_dags/example_nested_branch_dag.py
[2026-06-08T20:13:42.587+0000] {processor.py:830} INFO - Processing file /home/airflow/.local/lib/python3.12/site-packages/airflow/example_dags/example_nested_branch_dag.py for tasks to queue
[2026-06-08T20:13:42.590+0000] {logging_mixin.py:188} INFO - [2026-06-08T20:13:42.589+0000] {dagbag.py:545} INFO - Filling up the DagBag from /home/airflow/.local/lib/python3.12/site-packages/airflow/example_dags/example_nested_branch_dag.py
[2026-06-08T20:13:42.610+0000] {processor.py:840} INFO - DAG(s) 'example_nested_branch_dag' retrieved from /home/airflow/.local/lib/python3.12/site-packages/airflow/example_dags/example_nested_branch_dag.py
[2026-06-08T20:13:42.642+0000] {logging_mixin.py:188} INFO - [2026-06-08T20:13:42.642+0000] {dag.py:3096} INFO - Sync 1 DAGs
[2026-06-08T20:13:42.664+0000] {logging_mixin.py:188} INFO - [2026-06-08T20:13:42.664+0000] {dag.py:3954} INFO - Setting next_dagrun for example_nested_branch_dag to 2026-06-07 00:00:00+00:00, run_after=2026-06-08 00:00:00+00:00
[2026-06-08T20:13:42.684+0000] {processor.py:183} INFO - Processing /home/airflow/.local/lib/python3.12/site-packages/airflow/example_dags/example_nested_branch_dag.py took 0.110 seconds
[2026-06-08T20:14:13.442+0000] {processor.py:161} INFO - Started process (PID=739) to work on /home/airflow/.local/lib/python3.12/site-packages/airflow/example_dags/example_nested_branch_dag.py
[2026-06-08T20:14:13.443+0000] {processor.py:830} INFO - Processing file /home/airflow/.local/lib/python3.12/site-packages/airflow/example_dags/example_nested_branch_dag.py for tasks to queue
[2026-06-08T20:14:13.445+0000] {logging_mixin.py:188} INFO - [2026-06-08T20:14:13.445+0000] {dagbag.py:545} INFO - Filling up the DagBag from /home/airflow/.local/lib/python3.12/site-packages/airflow/example_dags/example_nested_branch_dag.py
[2026-06-08T20:14:13.461+0000] {processor.py:840} INFO - DAG(s) 'example_nested_branch_dag' retrieved from /home/airflow/.local/lib/python3.12/site-packages/airflow/example_dags/example_nested_branch_dag.py
[2026-06-08T20:14:13.499+0000] {logging_mixin.py:188} INFO - [2026-06-08T20:14:13.498+0000] {dag.py:3096} INFO - Sync 1 DAGs
[2026-06-08T20:14:13.519+0000] {logging_mixin.py:188} INFO - [2026-06-08T20:14:13.519+0000] {dag.py:3954} INFO - Setting next_dagrun for example_nested_branch_dag to 2026-06-07 00:00:00+00:00, run_after=2026-06-08 00:00:00+00:00
[2026-06-08T20:14:13.536+0000] {processor.py:183} INFO - Processing /home/airflow/.local/lib/python3.12/site-packages/airflow/example_dags/example_nested_branch_dag.py took 0.102 seconds
[2026-06-08T20:14:44.847+0000] {processor.py:161} INFO - Started process (PID=797) to work on /home/airflow/.local/lib/python3.12/site-packages/airflow/example_dags/example_nested_branch_dag.py
[2026-06-08T20:14:44.849+0000] {processor.py:830} INFO - Processing file /home/airflow/.local/lib/python3.12/site-packages/airflow/example_dags/example_nested_branch_dag.py for tasks to queue
[2026-06-08T20:14:44.854+0000] {logging_mixin.py:188} INFO - [2026-06-08T20:14:44.852+0000] {dagbag.py:545} INFO - Filling up the DagBag from /home/airflow/.local/lib/python3.12/site-packages/airflow/example_dags/example_nested_branch_dag.py
[2026-06-08T20:14:44.878+0000] {processor.py:840} INFO - DAG(s) 'example_nested_branch_dag' retrieved from /home/airflow/.local/lib/python3.12/site-packages/airflow/example_dags/example_nested_branch_dag.py
[2026-06-08T20:14:44.916+0000] {logging_mixin.py:188} INFO - [2026-06-08T20:14:44.915+0000] {dag.py:3096} INFO - Sync 1 DAGs
[2026-06-08T20:14:44.950+0000] {logging_mixin.py:188} INFO - [2026-06-08T20:14:44.950+0000] {dag.py:3954} INFO - Setting next_dagrun for example_nested_branch_dag to 2026-06-07 00:00:00+00:00, run_after=2026-06-08 00:00:00+00:00
[2026-06-08T20:14:44.972+0000] {processor.py:183} INFO - Processing /home/airflow/.local/lib/python3.12/site-packages/airflow/example_dags/example_nested_branch_dag.py took 0.133 seconds
[2026-06-08T20:15:16.740+0000] {processor.py:161} INFO - Started process (PID=855) to work on /home/airflow/.local/lib/python3.12/site-packages/airflow/example_dags/example_nested_branch_dag.py
[2026-06-08T20:15:16.744+0000] {processor.py:830} INFO - Processing file /home/airflow/.local/lib/python3.12/site-packages/airflow/example_dags/example_nested_branch_dag.py for tasks to queue
[2026-06-08T20:15:16.751+0000] {logging_mixin.py:188} INFO - [2026-06-08T20:15:16.751+0000] {dagbag.py:545} INFO - Filling up the DagBag from /home/airflow/.local/lib/python3.12/site-packages/airflow/example_dags/example_nested_branch_dag.py
[2026-06-08T20:15:16.816+0000] {processor.py:840} INFO - DAG(s) 'example_nested_branch_dag' retrieved from /home/airflow/.local/lib/python3.12/site-packages/airflow/example_dags/example_nested_branch_dag.py
[2026-06-08T20:15:16.963+0000] {logging_mixin.py:188} INFO - [2026-06-08T20:15:16.959+0000] {dag.py:3096} INFO - Sync 1 DAGs
[2026-06-08T20:15:17.102+0000] {logging_mixin.py:188} INFO - [2026-06-08T20:15:17.099+0000] {dag.py:3954} INFO - Setting next_dagrun for example_nested_branch_dag to 2026-06-07 00:00:00+00:00, run_after=2026-06-08 00:00:00+00:00
[2026-06-08T20:15:17.197+0000] {processor.py:183} INFO - Processing /home/airflow/.local/lib/python3.12/site-packages/airflow/example_dags/example_nested_branch_dag.py took 0.486 seconds
[2026-06-08T20:15:47.688+0000] {processor.py:161} INFO - Started process (PID=913) to work on /home/airflow/.local/lib/python3.12/site-packages/airflow/example_dags/example_nested_branch_dag.py
[2026-06-08T20:15:47.689+0000] {processor.py:830} INFO - Processing file /home/airflow/.local/lib/python3.12/site-packages/airflow/example_dags/example_nested_branch_dag.py for tasks to queue
[2026-06-08T20:15:47.691+0000] {logging_mixin.py:188} INFO - [2026-06-08T20:15:47.691+0000] {dagbag.py:545} INFO - Filling up the DagBag from /home/airflow/.local/lib/python3.12/site-packages/airflow/example_dags/example_nested_branch_dag.py
[2026-06-08T20:15:47.705+0000] {processor.py:840} INFO - DAG(s) 'example_nested_branch_dag' retrieved from /home/airflow/.local/lib/python3.12/site-packages/airflow/example_dags/example_nested_branch_dag.py
[2026-06-08T20:15:47.733+0000] {logging_mixin.py:188} INFO - [2026-06-08T20:15:47.733+0000] {dag.py:3096} INFO - Sync 1 DAGs
[2026-06-08T20:15:47.766+0000] {logging_mixin.py:188} INFO - [2026-06-08T20:15:47.765+0000] {dag.py:3954} INFO - Setting next_dagrun for example_nested_branch_dag to 2026-06-07 00:00:00+00:00, run_after=2026-06-08 00:00:00+00:00
[2026-06-08T20:15:47.788+0000] {processor.py:183} INFO - Processing /home/airflow/.local/lib/python3.12/site-packages/airflow/example_dags/example_nested_branch_dag.py took 0.108 seconds
[2026-06-08T20:16:18.004+0000] {processor.py:161} INFO - Started process (PID=971) to work on /home/airflow/.local/lib/python3.12/site-packages/airflow/example_dags/example_nested_branch_dag.py
[2026-06-08T20:16:18.006+0000] {processor.py:830} INFO - Processing file /home/airflow/.local/lib/python3.12/site-packages/airflow/example_dags/example_nested_branch_dag.py for tasks to queue
[2026-06-08T20:16:18.008+0000] {logging_mixin.py:188} INFO - [2026-06-08T20:16:18.007+0000] {dagbag.py:545} INFO - Filling up the DagBag from /home/airflow/.local/lib/python3.12/site-packages/airflow/example_dags/example_nested_branch_dag.py
[2026-06-08T20:16:18.021+0000] {processor.py:840} INFO - DAG(s) 'example_nested_branch_dag' retrieved from /home/airflow/.local/lib/python3.12/site-packages/airflow/example_dags/example_nested_branch_dag.py
[2026-06-08T20:16:18.053+0000] {logging_mixin.py:188} INFO - [2026-06-08T20:16:18.052+0000] {dag.py:3096} INFO - Sync 1 DAGs
[2026-06-08T20:16:18.087+0000] {logging_mixin.py:188} INFO - [2026-06-08T20:16:18.086+0000] {dag.py:3954} INFO - Setting next_dagrun for example_nested_branch_dag to 2026-06-07 00:00:00+00:00, run_after=2026-06-08 00:00:00+00:00
[2026-06-08T20:16:18.128+0000] {processor.py:183} INFO - Processing /home/airflow/.local/lib/python3.12/site-packages/airflow/example_dags/example_nested_branch_dag.py took 0.131 seconds
[2026-06-08T20:16:48.261+0000] {processor.py:161} INFO - Started process (PID=1029) to work on /home/airflow/.local/lib/python3.12/site-packages/airflow/example_dags/example_nested_branch_dag.py
[2026-06-08T20:16:48.261+0000] {processor.py:830} INFO - Processing file /home/airflow/.local/lib/python3.12/site-packages/airflow/example_dags/example_nested_branch_dag.py for tasks to queue
[2026-06-08T20:16:48.264+0000] {logging_mixin.py:188} INFO - [2026-06-08T20:16:48.263+0000] {dagbag.py:545} INFO - Filling up the DagBag from /home/airflow/.local/lib/python3.12/site-packages/airflow/example_dags/example_nested_branch_dag.py
[2026-06-08T20:16:48.277+0000] {processor.py:840} INFO - DAG(s) 'example_nested_branch_dag' retrieved from /home/airflow/.local/lib/python3.12/site-packages/airflow/example_dags/example_nested_branch_dag.py
[2026-06-08T20:16:48.327+0000] {logging_mixin.py:188} INFO - [2026-06-08T20:16:48.326+0000] {dag.py:3096} INFO - Sync 1 DAGs
[2026-06-08T20:16:48.361+0000] {logging_mixin.py:188} INFO - [2026-06-08T20:16:48.360+0000] {dag.py:3954} INFO - Setting next_dagrun for example_nested_branch_dag to 2026-06-07 00:00:00+00:00, run_after=2026-06-08 00:00:00+00:00
[2026-06-08T20:16:48.378+0000] {processor.py:183} INFO - Processing /home/airflow/.local/lib/python3.12/site-packages/airflow/example_dags/example_nested_branch_dag.py took 0.125 seconds
[2026-06-08T20:17:18.813+0000] {processor.py:161} INFO - Started process (PID=1087) to work on /home/airflow/.local/lib/python3.12/site-packages/airflow/example_dags/example_nested_branch_dag.py
[2026-06-08T20:17:18.814+0000] {processor.py:830} INFO - Processing file /home/airflow/.local/lib/python3.12/site-packages/airflow/example_dags/example_nested_branch_dag.py for tasks to queue
[2026-06-08T20:17:18.817+0000] {logging_mixin.py:188} INFO - [2026-06-08T20:17:18.816+0000] {dagbag.py:545} INFO - Filling up the DagBag from /home/airflow/.local/lib/python3.12/site-packages/airflow/example_dags/example_nested_branch_dag.py
[2026-06-08T20:17:18.838+0000] {processor.py:840} INFO - DAG(s) 'example_nested_branch_dag' retrieved from /home/airflow/.local/lib/python3.12/site-packages/airflow/example_dags/example_nested_branch_dag.py
[2026-06-08T20:17:18.871+0000] {logging_mixin.py:188} INFO - [2026-06-08T20:17:18.871+0000] {dag.py:3096} INFO - Sync 1 DAGs
[2026-06-08T20:17:18.903+0000] {logging_mixin.py:188} INFO - [2026-06-08T20:17:18.903+0000] {dag.py:3954} INFO - Setting next_dagrun for example_nested_branch_dag to 2026-06-07 00:00:00+00:00, run_after=2026-06-08 00:00:00+00:00
[2026-06-08T20:17:18.926+0000] {processor.py:183} INFO - Processing /home/airflow/.local/lib/python3.12/site-packages/airflow/example_dags/example_nested_branch_dag.py took 0.120 seconds
[2026-06-08T20:19:01.667+0000] {processor.py:161} INFO - Started process (PID=98) to work on /home/airflow/.local/lib/python3.12/site-packages/airflow/example_dags/example_nested_branch_dag.py
[2026-06-08T20:19:01.668+0000] {processor.py:830} INFO - Processing file /home/airflow/.local/lib/python3.12/site-packages/airflow/example_dags/example_nested_branch_dag.py for tasks to queue
[2026-06-08T20:19:01.670+0000] {logging_mixin.py:188} INFO - [2026-06-08T20:19:01.670+0000] {dagbag.py:545} INFO - Filling up the DagBag from /home/airflow/.local/lib/python3.12/site-packages/airflow/example_dags/example_nested_branch_dag.py
[2026-06-08T20:19:01.710+0000] {processor.py:840} INFO - DAG(s) 'example_nested_branch_dag' retrieved from /home/airflow/.local/lib/python3.12/site-packages/airflow/example_dags/example_nested_branch_dag.py
[2026-06-08T20:19:02.094+0000] {logging_mixin.py:188} INFO - [2026-06-08T20:19:02.093+0000] {dag.py:3096} INFO - Sync 1 DAGs
[2026-06-08T20:19:02.138+0000] {logging_mixin.py:188} INFO - [2026-06-08T20:19:02.137+0000] {dag.py:3954} INFO - Setting next_dagrun for example_nested_branch_dag to 2026-06-07 00:00:00+00:00, run_after=2026-06-08 00:00:00+00:00
[2026-06-08T20:19:02.191+0000] {processor.py:183} INFO - Processing /home/airflow/.local/lib/python3.12/site-packages/airflow/example_dags/example_nested_branch_dag.py took 0.532 seconds
[2026-06-08T20:19:32.452+0000] {processor.py:161} INFO - Started process (PID=157) to work on /home/airflow/.local/lib/python3.12/site-packages/airflow/example_dags/example_nested_branch_dag.py
[2026-06-08T20:19:32.453+0000] {processor.py:830} INFO - Processing file /home/airflow/.local/lib/python3.12/site-packages/airflow/example_dags/example_nested_branch_dag.py for tasks to queue
[2026-06-08T20:19:32.455+0000] {logging_mixin.py:188} INFO - [2026-06-08T20:19:32.455+0000] {dagbag.py:545} INFO - Filling up the DagBag from /home/airflow/.local/lib/python3.12/site-packages/airflow/example_dags/example_nested_branch_dag.py
[2026-06-08T20:19:32.469+0000] {processor.py:840} INFO - DAG(s) 'example_nested_branch_dag' retrieved from /home/airflow/.local/lib/python3.12/site-packages/airflow/example_dags/example_nested_branch_dag.py
[2026-06-08T20:19:32.491+0000] {logging_mixin.py:188} INFO - [2026-06-08T20:19:32.491+0000] {dag.py:3096} INFO - Sync 1 DAGs
[2026-06-08T20:19:32.511+0000] {logging_mixin.py:188} INFO - [2026-06-08T20:19:32.511+0000] {dag.py:3954} INFO - Setting next_dagrun for example_nested_branch_dag to 2026-06-07 00:00:00+00:00, run_after=2026-06-08 00:00:00+00:00
[2026-06-08T20:19:32.527+0000] {processor.py:183} INFO - Processing /home/airflow/.local/lib/python3.12/site-packages/airflow/example_dags/example_nested_branch_dag.py took 0.081 seconds
[2026-06-08T20:20:02.837+0000] {processor.py:161} INFO - Started process (PID=216) to work on /home/airflow/.local/lib/python3.12/site-packages/airflow/example_dags/example_nested_branch_dag.py
[2026-06-08T20:20:02.838+0000] {processor.py:830} INFO - Processing file /home/airflow/.local/lib/python3.12/site-packages/airflow/example_dags/example_nested_branch_dag.py for tasks to queue
[2026-06-08T20:20:02.842+0000] {logging_mixin.py:188} INFO - [2026-06-08T20:20:02.842+0000] {dagbag.py:545} INFO - Filling up the DagBag from /home/airflow/.local/lib/python3.12/site-packages/airflow/example_dags/example_nested_branch_dag.py
[2026-06-08T20:20:02.873+0000] {processor.py:840} INFO - DAG(s) 'example_nested_branch_dag' retrieved from /home/airflow/.local/lib/python3.12/site-packages/airflow/example_dags/example_nested_branch_dag.py
[2026-06-08T20:20:02.932+0000] {logging_mixin.py:188} INFO - [2026-06-08T20:20:02.931+0000] {dag.py:3096} INFO - Sync 1 DAGs
[2026-06-08T20:20:02.991+0000] {logging_mixin.py:188} INFO - [2026-06-08T20:20:02.991+0000] {dag.py:3954} INFO - Setting next_dagrun for example_nested_branch_dag to 2026-06-07 00:00:00+00:00, run_after=2026-06-08 00:00:00+00:00
[2026-06-08T20:20:03.019+0000] {processor.py:183} INFO - Processing /home/airflow/.local/lib/python3.12/site-packages/airflow/example_dags/example_nested_branch_dag.py took 0.199 seconds
[2026-06-08T20:20:33.983+0000] {processor.py:161} INFO - Started process (PID=274) to work on /home/airflow/.local/lib/python3.12/site-packages/airflow/example_dags/example_nested_branch_dag.py
[2026-06-08T20:20:33.989+0000] {processor.py:830} INFO - Processing file /home/airflow/.local/lib/python3.12/site-packages/airflow/example_dags/example_nested_branch_dag.py for tasks to queue
[2026-06-08T20:20:34.009+0000] {logging_mixin.py:188} INFO - [2026-06-08T20:20:34.009+0000] {dagbag.py:545} INFO - Filling up the DagBag from /home/airflow/.local/lib/python3.12/site-packages/airflow/example_dags/example_nested_branch_dag.py
[2026-06-08T20:20:34.138+0000] {processor.py:840} INFO - DAG(s) 'example_nested_branch_dag' retrieved from /home/airflow/.local/lib/python3.12/site-packages/airflow/example_dags/example_nested_branch_dag.py
[2026-06-08T20:20:34.251+0000] {logging_mixin.py:188} INFO - [2026-06-08T20:20:34.251+0000] {dag.py:3096} INFO - Sync 1 DAGs
[2026-06-08T20:20:34.300+0000] {logging_mixin.py:188} INFO - [2026-06-08T20:20:34.299+0000] {dag.py:3954} INFO - Setting next_dagrun for example_nested_branch_dag to 2026-06-07 00:00:00+00:00, run_after=2026-06-08 00:00:00+00:00
[2026-06-08T20:20:34.324+0000] {processor.py:183} INFO - Processing /home/airflow/.local/lib/python3.12/site-packages/airflow/example_dags/example_nested_branch_dag.py took 0.367 seconds
[2026-06-08T20:21:04.734+0000] {processor.py:161} INFO - Started process (PID=333) to work on /home/airflow/.local/lib/python3.12/site-packages/airflow/example_dags/example_nested_branch_dag.py
[2026-06-08T20:21:04.735+0000] {processor.py:830} INFO - Processing file /home/airflow/.local/lib/python3.12/site-packages/airflow/example_dags/example_nested_branch_dag.py for tasks to queue
[2026-06-08T20:21:04.737+0000] {logging_mixin.py:188} INFO - [2026-06-08T20:21:04.736+0000] {dagbag.py:545} INFO - Filling up the DagBag from /home/airflow/.local/lib/python3.12/site-packages/airflow/example_dags/example_nested_branch_dag.py
[2026-06-08T20:21:04.750+0000] {processor.py:840} INFO - DAG(s) 'example_nested_branch_dag' retrieved from /home/airflow/.local/lib/python3.12/site-packages/airflow/example_dags/example_nested_branch_dag.py
[2026-06-08T20:21:04.782+0000] {logging_mixin.py:188} INFO - [2026-06-08T20:21:04.782+0000] {dag.py:3096} INFO - Sync 1 DAGs
[2026-06-08T20:21:04.811+0000] {logging_mixin.py:188} INFO - [2026-06-08T20:21:04.811+0000] {dag.py:3954} INFO - Setting next_dagrun for example_nested_branch_dag to 2026-06-07 00:00:00+00:00, run_after=2026-06-08 00:00:00+00:00
[2026-06-08T20:21:04.834+0000] {processor.py:183} INFO - Processing /home/airflow/.local/lib/python3.12/site-packages/airflow/example_dags/example_nested_branch_dag.py took 0.107 seconds
[2026-06-08T20:21:35.279+0000] {processor.py:161} INFO - Started process (PID=391) to work on /home/airflow/.local/lib/python3.12/site-packages/airflow/example_dags/example_nested_branch_dag.py
[2026-06-08T20:21:35.280+0000] {processor.py:830} INFO - Processing file /home/airflow/.local/lib/python3.12/site-packages/airflow/example_dags/example_nested_branch_dag.py for tasks to queue
[2026-06-08T20:21:35.282+0000] {logging_mixin.py:188} INFO - [2026-06-08T20:21:35.281+0000] {dagbag.py:545} INFO - Filling up the DagBag from /home/airflow/.local/lib/python3.12/site-packages/airflow/example_dags/example_nested_branch_dag.py
[2026-06-08T20:21:35.294+0000] {processor.py:840} INFO - DAG(s) 'example_nested_branch_dag' retrieved from /home/airflow/.local/lib/python3.12/site-packages/airflow/example_dags/example_nested_branch_dag.py
[2026-06-08T20:21:35.322+0000] {logging_mixin.py:188} INFO - [2026-06-08T20:21:35.322+0000] {dag.py:3096} INFO - Sync 1 DAGs
[2026-06-08T20:21:35.352+0000] {logging_mixin.py:188} INFO - [2026-06-08T20:21:35.352+0000] {dag.py:3954} INFO - Setting next_dagrun for example_nested_branch_dag to 2026-06-07 00:00:00+00:00, run_after=2026-06-08 00:00:00+00:00
[2026-06-08T20:21:35.377+0000] {processor.py:183} INFO - Processing /home/airflow/.local/lib/python3.12/site-packages/airflow/example_dags/example_nested_branch_dag.py took 0.106 seconds
[2026-06-08T20:22:05.809+0000] {processor.py:161} INFO - Started process (PID=450) to work on /home/airflow/.local/lib/python3.12/site-packages/airflow/example_dags/example_nested_branch_dag.py
[2026-06-08T20:22:05.810+0000] {processor.py:830} INFO - Processing file /home/airflow/.local/lib/python3.12/site-packages/airflow/example_dags/example_nested_branch_dag.py for tasks to queue
[2026-06-08T20:22:05.812+0000] {logging_mixin.py:188} INFO - [2026-06-08T20:22:05.812+0000] {dagbag.py:545} INFO - Filling up the DagBag from /home/airflow/.local/lib/python3.12/site-packages/airflow/example_dags/example_nested_branch_dag.py
[2026-06-08T20:22:05.825+0000] {processor.py:840} INFO - DAG(s) 'example_nested_branch_dag' retrieved from /home/airflow/.local/lib/python3.12/site-packages/airflow/example_dags/example_nested_branch_dag.py
[2026-06-08T20:22:05.856+0000] {logging_mixin.py:188} INFO - [2026-06-08T20:22:05.856+0000] {dag.py:3096} INFO - Sync 1 DAGs
[2026-06-08T20:22:05.907+0000] {logging_mixin.py:188} INFO - [2026-06-08T20:22:05.907+0000] {dag.py:3954} INFO - Setting next_dagrun for example_nested_branch_dag to 2026-06-07 00:00:00+00:00, run_after=2026-06-08 00:00:00+00:00
[2026-06-08T20:22:05.941+0000] {processor.py:183} INFO - Processing /home/airflow/.local/lib/python3.12/site-packages/airflow/example_dags/example_nested_branch_dag.py took 0.141 seconds
[2026-06-08T20:22:36.171+0000] {processor.py:161} INFO - Started process (PID=509) to work on /home/airflow/.local/lib/python3.12/site-packages/airflow/example_dags/example_nested_branch_dag.py
[2026-06-08T20:22:36.174+0000] {processor.py:830} INFO - Processing file /home/airflow/.local/lib/python3.12/site-packages/airflow/example_dags/example_nested_branch_dag.py for tasks to queue
[2026-06-08T20:22:36.182+0000] {logging_mixin.py:188} INFO - [2026-06-08T20:22:36.180+0000] {dagbag.py:545} INFO - Filling up the DagBag from /home/airflow/.local/lib/python3.12/site-packages/airflow/example_dags/example_nested_branch_dag.py
[2026-06-08T20:22:36.214+0000] {processor.py:840} INFO - DAG(s) 'example_nested_branch_dag' retrieved from /home/airflow/.local/lib/python3.12/site-packages/airflow/example_dags/example_nested_branch_dag.py
[2026-06-08T20:22:36.332+0000] {logging_mixin.py:188} INFO - [2026-06-08T20:22:36.330+0000] {dag.py:3096} INFO - Sync 1 DAGs
[2026-06-08T20:22:36.420+0000] {logging_mixin.py:188} INFO - [2026-06-08T20:22:36.420+0000] {dag.py:3954} INFO - Setting next_dagrun for example_nested_branch_dag to 2026-06-07 00:00:00+00:00, run_after=2026-06-08 00:00:00+00:00
[2026-06-08T20:22:36.482+0000] {processor.py:183} INFO - Processing /home/airflow/.local/lib/python3.12/site-packages/airflow/example_dags/example_nested_branch_dag.py took 0.331 seconds
[2026-06-08T20:23:07.238+0000] {processor.py:161} INFO - Started process (PID=568) to work on /home/airflow/.local/lib/python3.12/site-packages/airflow/example_dags/example_nested_branch_dag.py
[2026-06-08T20:23:07.243+0000] {processor.py:830} INFO - Processing file /home/airflow/.local/lib/python3.12/site-packages/airflow/example_dags/example_nested_branch_dag.py for tasks to queue
[2026-06-08T20:23:07.246+0000] {logging_mixin.py:188} INFO - [2026-06-08T20:23:07.246+0000] {dagbag.py:545} INFO - Filling up the DagBag from /home/airflow/.local/lib/python3.12/site-packages/airflow/example_dags/example_nested_branch_dag.py
[2026-06-08T20:23:07.282+0000] {processor.py:840} INFO - DAG(s) 'example_nested_branch_dag' retrieved from /home/airflow/.local/lib/python3.12/site-packages/airflow/example_dags/example_nested_branch_dag.py
[2026-06-08T20:23:07.378+0000] {logging_mixin.py:188} INFO - [2026-06-08T20:23:07.378+0000] {dag.py:3096} INFO - Sync 1 DAGs
[2026-06-08T20:23:07.493+0000] {logging_mixin.py:188} INFO - [2026-06-08T20:23:07.492+0000] {dag.py:3954} INFO - Setting next_dagrun for example_nested_branch_dag to 2026-06-07 00:00:00+00:00, run_after=2026-06-08 00:00:00+00:00
[2026-06-08T20:23:07.532+0000] {processor.py:183} INFO - Processing /home/airflow/.local/lib/python3.12/site-packages/airflow/example_dags/example_nested_branch_dag.py took 0.313 seconds
[2026-06-08T20:23:38.109+0000] {processor.py:161} INFO - Started process (PID=627) to work on /home/airflow/.local/lib/python3.12/site-packages/airflow/example_dags/example_nested_branch_dag.py
[2026-06-08T20:23:38.114+0000] {processor.py:830} INFO - Processing file /home/airflow/.local/lib/python3.12/site-packages/airflow/example_dags/example_nested_branch_dag.py for tasks to queue
[2026-06-08T20:23:38.119+0000] {logging_mixin.py:188} INFO - [2026-06-08T20:23:38.118+0000] {dagbag.py:545} INFO - Filling up the DagBag from /home/airflow/.local/lib/python3.12/site-packages/airflow/example_dags/example_nested_branch_dag.py
[2026-06-08T20:23:38.142+0000] {processor.py:840} INFO - DAG(s) 'example_nested_branch_dag' retrieved from /home/airflow/.local/lib/python3.12/site-packages/airflow/example_dags/example_nested_branch_dag.py
[2026-06-08T20:23:38.219+0000] {logging_mixin.py:188} INFO - [2026-06-08T20:23:38.219+0000] {dag.py:3096} INFO - Sync 1 DAGs
[2026-06-08T20:23:38.302+0000] {logging_mixin.py:188} INFO - [2026-06-08T20:23:38.302+0000] {dag.py:3954} INFO - Setting next_dagrun for example_nested_branch_dag to 2026-06-07 00:00:00+00:00, run_after=2026-06-08 00:00:00+00:00
[2026-06-08T20:23:38.342+0000] {processor.py:183} INFO - Processing /home/airflow/.local/lib/python3.12/site-packages/airflow/example_dags/example_nested_branch_dag.py took 0.248 seconds
