[2026-06-08T20:03:53.060+0000] {processor.py:161} INFO - Started process (PID=97) to work on /home/airflow/.local/lib/python3.12/site-packages/airflow/example_dags/example_latest_only.py
[2026-06-08T20:03:53.077+0000] {processor.py:830} INFO - Processing file /home/airflow/.local/lib/python3.12/site-packages/airflow/example_dags/example_latest_only.py for tasks to queue
[2026-06-08T20:03:53.084+0000] {logging_mixin.py:188} INFO - [2026-06-08T20:03:53.084+0000] {dagbag.py:545} INFO - Filling up the DagBag from /home/airflow/.local/lib/python3.12/site-packages/airflow/example_dags/example_latest_only.py
[2026-06-08T20:03:53.119+0000] {processor.py:840} INFO - DAG(s) 'latest_only' retrieved from /home/airflow/.local/lib/python3.12/site-packages/airflow/example_dags/example_latest_only.py
[2026-06-08T20:03:53.801+0000] {logging_mixin.py:188} INFO - [2026-06-08T20:03:53.801+0000] {dag.py:3096} INFO - Sync 1 DAGs
[2026-06-08T20:03:53.929+0000] {logging_mixin.py:188} INFO - [2026-06-08T20:03:53.929+0000] {dag.py:3954} INFO - Setting next_dagrun for latest_only to 2026-06-08 16:00:00+00:00, run_after=2026-06-08 20:00:00+00:00
[2026-06-08T20:03:54.003+0000] {processor.py:183} INFO - Processing /home/airflow/.local/lib/python3.12/site-packages/airflow/example_dags/example_latest_only.py took 0.994 seconds
[2026-06-08T20:04:24.111+0000] {processor.py:161} INFO - Started process (PID=161) to work on /home/airflow/.local/lib/python3.12/site-packages/airflow/example_dags/example_latest_only.py
[2026-06-08T20:04:24.112+0000] {processor.py:830} INFO - Processing file /home/airflow/.local/lib/python3.12/site-packages/airflow/example_dags/example_latest_only.py for tasks to queue
[2026-06-08T20:04:24.114+0000] {logging_mixin.py:188} INFO - [2026-06-08T20:04:24.114+0000] {dagbag.py:545} INFO - Filling up the DagBag from /home/airflow/.local/lib/python3.12/site-packages/airflow/example_dags/example_latest_only.py
[2026-06-08T20:04:24.121+0000] {processor.py:840} INFO - DAG(s) 'latest_only' retrieved from /home/airflow/.local/lib/python3.12/site-packages/airflow/example_dags/example_latest_only.py
[2026-06-08T20:04:24.147+0000] {logging_mixin.py:188} INFO - [2026-06-08T20:04:24.146+0000] {dag.py:3096} INFO - Sync 1 DAGs
[2026-06-08T20:04:24.178+0000] {logging_mixin.py:188} INFO - [2026-06-08T20:04:24.177+0000] {dag.py:3954} INFO - Setting next_dagrun for latest_only to 2026-06-08 16:00:00+00:00, run_after=2026-06-08 20:00:00+00:00
[2026-06-08T20:04:24.197+0000] {processor.py:183} INFO - Processing /home/airflow/.local/lib/python3.12/site-packages/airflow/example_dags/example_latest_only.py took 0.104 seconds
[2026-06-08T20:04:54.372+0000] {processor.py:161} INFO - Started process (PID=219) to work on /home/airflow/.local/lib/python3.12/site-packages/airflow/example_dags/example_latest_only.py
[2026-06-08T20:04:54.373+0000] {processor.py:830} INFO - Processing file /home/airflow/.local/lib/python3.12/site-packages/airflow/example_dags/example_latest_only.py for tasks to queue
[2026-06-08T20:04:54.375+0000] {logging_mixin.py:188} INFO - [2026-06-08T20:04:54.375+0000] {dagbag.py:545} INFO - Filling up the DagBag from /home/airflow/.local/lib/python3.12/site-packages/airflow/example_dags/example_latest_only.py
[2026-06-08T20:04:54.381+0000] {processor.py:840} INFO - DAG(s) 'latest_only' retrieved from /home/airflow/.local/lib/python3.12/site-packages/airflow/example_dags/example_latest_only.py
[2026-06-08T20:04:54.406+0000] {logging_mixin.py:188} INFO - [2026-06-08T20:04:54.405+0000] {dag.py:3096} INFO - Sync 1 DAGs
[2026-06-08T20:04:54.443+0000] {logging_mixin.py:188} INFO - [2026-06-08T20:04:54.443+0000] {dag.py:3954} INFO - Setting next_dagrun for latest_only to 2026-06-08 16:00:00+00:00, run_after=2026-06-08 20:00:00+00:00
[2026-06-08T20:04:54.476+0000] {processor.py:183} INFO - Processing /home/airflow/.local/lib/python3.12/site-packages/airflow/example_dags/example_latest_only.py took 0.116 seconds
[2026-06-08T20:05:25.011+0000] {processor.py:161} INFO - Started process (PID=277) to work on /home/airflow/.local/lib/python3.12/site-packages/airflow/example_dags/example_latest_only.py
[2026-06-08T20:05:25.014+0000] {processor.py:830} INFO - Processing file /home/airflow/.local/lib/python3.12/site-packages/airflow/example_dags/example_latest_only.py for tasks to queue
[2026-06-08T20:05:25.018+0000] {logging_mixin.py:188} INFO - [2026-06-08T20:05:25.017+0000] {dagbag.py:545} INFO - Filling up the DagBag from /home/airflow/.local/lib/python3.12/site-packages/airflow/example_dags/example_latest_only.py
[2026-06-08T20:05:25.045+0000] {processor.py:840} INFO - DAG(s) 'latest_only' retrieved from /home/airflow/.local/lib/python3.12/site-packages/airflow/example_dags/example_latest_only.py
[2026-06-08T20:05:25.136+0000] {logging_mixin.py:188} INFO - [2026-06-08T20:05:25.135+0000] {dag.py:3096} INFO - Sync 1 DAGs
[2026-06-08T20:05:25.308+0000] {logging_mixin.py:188} INFO - [2026-06-08T20:05:25.298+0000] {dag.py:3954} INFO - Setting next_dagrun for latest_only to 2026-06-08 16:00:00+00:00, run_after=2026-06-08 20:00:00+00:00
[2026-06-08T20:05:25.470+0000] {processor.py:183} INFO - Processing /home/airflow/.local/lib/python3.12/site-packages/airflow/example_dags/example_latest_only.py took 0.493 seconds
[2026-06-08T20:05:55.856+0000] {processor.py:161} INFO - Started process (PID=335) to work on /home/airflow/.local/lib/python3.12/site-packages/airflow/example_dags/example_latest_only.py
[2026-06-08T20:05:55.860+0000] {processor.py:830} INFO - Processing file /home/airflow/.local/lib/python3.12/site-packages/airflow/example_dags/example_latest_only.py for tasks to queue
[2026-06-08T20:05:55.866+0000] {logging_mixin.py:188} INFO - [2026-06-08T20:05:55.866+0000] {dagbag.py:545} INFO - Filling up the DagBag from /home/airflow/.local/lib/python3.12/site-packages/airflow/example_dags/example_latest_only.py
[2026-06-08T20:05:55.908+0000] {processor.py:840} INFO - DAG(s) 'latest_only' retrieved from /home/airflow/.local/lib/python3.12/site-packages/airflow/example_dags/example_latest_only.py
[2026-06-08T20:05:55.985+0000] {logging_mixin.py:188} INFO - [2026-06-08T20:05:55.984+0000] {dag.py:3096} INFO - Sync 1 DAGs
[2026-06-08T20:05:56.015+0000] {logging_mixin.py:188} INFO - [2026-06-08T20:05:56.015+0000] {dag.py:3954} INFO - Setting next_dagrun for latest_only to 2026-06-08 16:00:00+00:00, run_after=2026-06-08 20:00:00+00:00
[2026-06-08T20:05:56.032+0000] {processor.py:183} INFO - Processing /home/airflow/.local/lib/python3.12/site-packages/airflow/example_dags/example_latest_only.py took 0.207 seconds
[2026-06-08T20:06:26.925+0000] {processor.py:161} INFO - Started process (PID=393) to work on /home/airflow/.local/lib/python3.12/site-packages/airflow/example_dags/example_latest_only.py
[2026-06-08T20:06:26.926+0000] {processor.py:830} INFO - Processing file /home/airflow/.local/lib/python3.12/site-packages/airflow/example_dags/example_latest_only.py for tasks to queue
[2026-06-08T20:06:26.928+0000] {logging_mixin.py:188} INFO - [2026-06-08T20:06:26.928+0000] {dagbag.py:545} INFO - Filling up the DagBag from /home/airflow/.local/lib/python3.12/site-packages/airflow/example_dags/example_latest_only.py
[2026-06-08T20:06:26.937+0000] {processor.py:840} INFO - DAG(s) 'latest_only' retrieved from /home/airflow/.local/lib/python3.12/site-packages/airflow/example_dags/example_latest_only.py
[2026-06-08T20:06:26.964+0000] {logging_mixin.py:188} INFO - [2026-06-08T20:06:26.964+0000] {dag.py:3096} INFO - Sync 1 DAGs
[2026-06-08T20:06:27.006+0000] {logging_mixin.py:188} INFO - [2026-06-08T20:06:27.006+0000] {dag.py:3954} INFO - Setting next_dagrun for latest_only to 2026-06-08 16:00:00+00:00, run_after=2026-06-08 20:00:00+00:00
[2026-06-08T20:06:27.025+0000] {processor.py:183} INFO - Processing /home/airflow/.local/lib/python3.12/site-packages/airflow/example_dags/example_latest_only.py took 0.107 seconds
[2026-06-08T20:06:57.890+0000] {processor.py:161} INFO - Started process (PID=451) to work on /home/airflow/.local/lib/python3.12/site-packages/airflow/example_dags/example_latest_only.py
[2026-06-08T20:06:57.891+0000] {processor.py:830} INFO - Processing file /home/airflow/.local/lib/python3.12/site-packages/airflow/example_dags/example_latest_only.py for tasks to queue
[2026-06-08T20:06:57.894+0000] {logging_mixin.py:188} INFO - [2026-06-08T20:06:57.893+0000] {dagbag.py:545} INFO - Filling up the DagBag from /home/airflow/.local/lib/python3.12/site-packages/airflow/example_dags/example_latest_only.py
[2026-06-08T20:06:57.900+0000] {processor.py:840} INFO - DAG(s) 'latest_only' retrieved from /home/airflow/.local/lib/python3.12/site-packages/airflow/example_dags/example_latest_only.py
[2026-06-08T20:06:57.927+0000] {logging_mixin.py:188} INFO - [2026-06-08T20:06:57.926+0000] {dag.py:3096} INFO - Sync 1 DAGs
[2026-06-08T20:06:57.960+0000] {logging_mixin.py:188} INFO - [2026-06-08T20:06:57.959+0000] {dag.py:3954} INFO - Setting next_dagrun for latest_only to 2026-06-08 16:00:00+00:00, run_after=2026-06-08 20:00:00+00:00
[2026-06-08T20:06:57.981+0000] {processor.py:183} INFO - Processing /home/airflow/.local/lib/python3.12/site-packages/airflow/example_dags/example_latest_only.py took 0.099 seconds
[2026-06-08T20:08:31.652+0000] {processor.py:161} INFO - Started process (PID=95) to work on /home/airflow/.local/lib/python3.12/site-packages/airflow/example_dags/example_latest_only.py
[2026-06-08T20:08:31.655+0000] {processor.py:830} INFO - Processing file /home/airflow/.local/lib/python3.12/site-packages/airflow/example_dags/example_latest_only.py for tasks to queue
[2026-06-08T20:08:31.658+0000] {logging_mixin.py:188} INFO - [2026-06-08T20:08:31.658+0000] {dagbag.py:545} INFO - Filling up the DagBag from /home/airflow/.local/lib/python3.12/site-packages/airflow/example_dags/example_latest_only.py
[2026-06-08T20:08:31.702+0000] {processor.py:840} INFO - DAG(s) 'latest_only' retrieved from /home/airflow/.local/lib/python3.12/site-packages/airflow/example_dags/example_latest_only.py
[2026-06-08T20:08:32.283+0000] {logging_mixin.py:188} INFO - [2026-06-08T20:08:32.280+0000] {dag.py:3096} INFO - Sync 1 DAGs
[2026-06-08T20:08:32.336+0000] {logging_mixin.py:188} INFO - [2026-06-08T20:08:32.335+0000] {dag.py:3954} INFO - Setting next_dagrun for latest_only to 2026-06-08 16:00:00+00:00, run_after=2026-06-08 20:00:00+00:00
[2026-06-08T20:08:32.391+0000] {processor.py:183} INFO - Processing /home/airflow/.local/lib/python3.12/site-packages/airflow/example_dags/example_latest_only.py took 0.750 seconds
[2026-06-08T20:09:02.477+0000] {processor.py:161} INFO - Started process (PID=153) to work on /home/airflow/.local/lib/python3.12/site-packages/airflow/example_dags/example_latest_only.py
[2026-06-08T20:09:02.487+0000] {processor.py:830} INFO - Processing file /home/airflow/.local/lib/python3.12/site-packages/airflow/example_dags/example_latest_only.py for tasks to queue
[2026-06-08T20:09:02.491+0000] {logging_mixin.py:188} INFO - [2026-06-08T20:09:02.491+0000] {dagbag.py:545} INFO - Filling up the DagBag from /home/airflow/.local/lib/python3.12/site-packages/airflow/example_dags/example_latest_only.py
[2026-06-08T20:09:02.504+0000] {processor.py:840} INFO - DAG(s) 'latest_only' retrieved from /home/airflow/.local/lib/python3.12/site-packages/airflow/example_dags/example_latest_only.py
[2026-06-08T20:09:02.554+0000] {logging_mixin.py:188} INFO - [2026-06-08T20:09:02.554+0000] {dag.py:3096} INFO - Sync 1 DAGs
[2026-06-08T20:09:02.586+0000] {logging_mixin.py:188} INFO - [2026-06-08T20:09:02.586+0000] {dag.py:3954} INFO - Setting next_dagrun for latest_only to 2026-06-08 16:00:00+00:00, run_after=2026-06-08 20:00:00+00:00
[2026-06-08T20:09:02.610+0000] {processor.py:183} INFO - Processing /home/airflow/.local/lib/python3.12/site-packages/airflow/example_dags/example_latest_only.py took 0.151 seconds
[2026-06-08T20:09:33.107+0000] {processor.py:161} INFO - Started process (PID=211) to work on /home/airflow/.local/lib/python3.12/site-packages/airflow/example_dags/example_latest_only.py
[2026-06-08T20:09:33.107+0000] {processor.py:830} INFO - Processing file /home/airflow/.local/lib/python3.12/site-packages/airflow/example_dags/example_latest_only.py for tasks to queue
[2026-06-08T20:09:33.109+0000] {logging_mixin.py:188} INFO - [2026-06-08T20:09:33.109+0000] {dagbag.py:545} INFO - Filling up the DagBag from /home/airflow/.local/lib/python3.12/site-packages/airflow/example_dags/example_latest_only.py
[2026-06-08T20:09:33.113+0000] {processor.py:840} INFO - DAG(s) 'latest_only' retrieved from /home/airflow/.local/lib/python3.12/site-packages/airflow/example_dags/example_latest_only.py
[2026-06-08T20:09:33.131+0000] {logging_mixin.py:188} INFO - [2026-06-08T20:09:33.131+0000] {dag.py:3096} INFO - Sync 1 DAGs
[2026-06-08T20:09:33.151+0000] {logging_mixin.py:188} INFO - [2026-06-08T20:09:33.151+0000] {dag.py:3954} INFO - Setting next_dagrun for latest_only to 2026-06-08 16:00:00+00:00, run_after=2026-06-08 20:00:00+00:00
[2026-06-08T20:09:33.167+0000] {processor.py:183} INFO - Processing /home/airflow/.local/lib/python3.12/site-packages/airflow/example_dags/example_latest_only.py took 0.066 seconds
[2026-06-08T20:10:03.479+0000] {processor.py:161} INFO - Started process (PID=271) to work on /home/airflow/.local/lib/python3.12/site-packages/airflow/example_dags/example_latest_only.py
[2026-06-08T20:10:03.482+0000] {processor.py:830} INFO - Processing file /home/airflow/.local/lib/python3.12/site-packages/airflow/example_dags/example_latest_only.py for tasks to queue
[2026-06-08T20:10:03.490+0000] {logging_mixin.py:188} INFO - [2026-06-08T20:10:03.486+0000] {dagbag.py:545} INFO - Filling up the DagBag from /home/airflow/.local/lib/python3.12/site-packages/airflow/example_dags/example_latest_only.py
[2026-06-08T20:10:03.506+0000] {processor.py:840} INFO - DAG(s) 'latest_only' retrieved from /home/airflow/.local/lib/python3.12/site-packages/airflow/example_dags/example_latest_only.py
[2026-06-08T20:10:03.571+0000] {logging_mixin.py:188} INFO - [2026-06-08T20:10:03.570+0000] {dag.py:3096} INFO - Sync 1 DAGs
[2026-06-08T20:10:03.629+0000] {logging_mixin.py:188} INFO - [2026-06-08T20:10:03.628+0000] {dag.py:3954} INFO - Setting next_dagrun for latest_only to 2026-06-08 16:00:00+00:00, run_after=2026-06-08 20:00:00+00:00
[2026-06-08T20:10:03.651+0000] {processor.py:183} INFO - Processing /home/airflow/.local/lib/python3.12/site-packages/airflow/example_dags/example_latest_only.py took 0.191 seconds
[2026-06-08T20:10:34.185+0000] {processor.py:161} INFO - Started process (PID=329) to work on /home/airflow/.local/lib/python3.12/site-packages/airflow/example_dags/example_latest_only.py
[2026-06-08T20:10:34.186+0000] {processor.py:830} INFO - Processing file /home/airflow/.local/lib/python3.12/site-packages/airflow/example_dags/example_latest_only.py for tasks to queue
[2026-06-08T20:10:34.188+0000] {logging_mixin.py:188} INFO - [2026-06-08T20:10:34.188+0000] {dagbag.py:545} INFO - Filling up the DagBag from /home/airflow/.local/lib/python3.12/site-packages/airflow/example_dags/example_latest_only.py
[2026-06-08T20:10:34.195+0000] {processor.py:840} INFO - DAG(s) 'latest_only' retrieved from /home/airflow/.local/lib/python3.12/site-packages/airflow/example_dags/example_latest_only.py
[2026-06-08T20:10:34.230+0000] {logging_mixin.py:188} INFO - [2026-06-08T20:10:34.230+0000] {dag.py:3096} INFO - Sync 1 DAGs
[2026-06-08T20:10:34.295+0000] {logging_mixin.py:188} INFO - [2026-06-08T20:10:34.295+0000] {dag.py:3954} INFO - Setting next_dagrun for latest_only to 2026-06-08 16:00:00+00:00, run_after=2026-06-08 20:00:00+00:00
[2026-06-08T20:10:34.318+0000] {processor.py:183} INFO - Processing /home/airflow/.local/lib/python3.12/site-packages/airflow/example_dags/example_latest_only.py took 0.139 seconds
[2026-06-08T20:11:04.734+0000] {processor.py:161} INFO - Started process (PID=387) to work on /home/airflow/.local/lib/python3.12/site-packages/airflow/example_dags/example_latest_only.py
[2026-06-08T20:11:04.736+0000] {processor.py:830} INFO - Processing file /home/airflow/.local/lib/python3.12/site-packages/airflow/example_dags/example_latest_only.py for tasks to queue
[2026-06-08T20:11:04.741+0000] {logging_mixin.py:188} INFO - [2026-06-08T20:11:04.741+0000] {dagbag.py:545} INFO - Filling up the DagBag from /home/airflow/.local/lib/python3.12/site-packages/airflow/example_dags/example_latest_only.py
[2026-06-08T20:11:04.761+0000] {processor.py:840} INFO - DAG(s) 'latest_only' retrieved from /home/airflow/.local/lib/python3.12/site-packages/airflow/example_dags/example_latest_only.py
[2026-06-08T20:11:04.844+0000] {logging_mixin.py:188} INFO - [2026-06-08T20:11:04.842+0000] {dag.py:3096} INFO - Sync 1 DAGs
[2026-06-08T20:11:04.895+0000] {logging_mixin.py:188} INFO - [2026-06-08T20:11:04.895+0000] {dag.py:3954} INFO - Setting next_dagrun for latest_only to 2026-06-08 16:00:00+00:00, run_after=2026-06-08 20:00:00+00:00
[2026-06-08T20:11:04.919+0000] {processor.py:183} INFO - Processing /home/airflow/.local/lib/python3.12/site-packages/airflow/example_dags/example_latest_only.py took 0.194 seconds
[2026-06-08T20:11:35.217+0000] {processor.py:161} INFO - Started process (PID=444) to work on /home/airflow/.local/lib/python3.12/site-packages/airflow/example_dags/example_latest_only.py
[2026-06-08T20:11:35.218+0000] {processor.py:830} INFO - Processing file /home/airflow/.local/lib/python3.12/site-packages/airflow/example_dags/example_latest_only.py for tasks to queue
[2026-06-08T20:11:35.220+0000] {logging_mixin.py:188} INFO - [2026-06-08T20:11:35.219+0000] {dagbag.py:545} INFO - Filling up the DagBag from /home/airflow/.local/lib/python3.12/site-packages/airflow/example_dags/example_latest_only.py
[2026-06-08T20:11:35.225+0000] {processor.py:840} INFO - DAG(s) 'latest_only' retrieved from /home/airflow/.local/lib/python3.12/site-packages/airflow/example_dags/example_latest_only.py
[2026-06-08T20:11:35.251+0000] {logging_mixin.py:188} INFO - [2026-06-08T20:11:35.250+0000] {dag.py:3096} INFO - Sync 1 DAGs
[2026-06-08T20:11:35.292+0000] {logging_mixin.py:188} INFO - [2026-06-08T20:11:35.292+0000] {dag.py:3954} INFO - Setting next_dagrun for latest_only to 2026-06-08 16:00:00+00:00, run_after=2026-06-08 20:00:00+00:00
[2026-06-08T20:11:35.315+0000] {processor.py:183} INFO - Processing /home/airflow/.local/lib/python3.12/site-packages/airflow/example_dags/example_latest_only.py took 0.106 seconds
[2026-06-08T20:12:07.342+0000] {processor.py:161} INFO - Started process (PID=503) to work on /home/airflow/.local/lib/python3.12/site-packages/airflow/example_dags/example_latest_only.py
[2026-06-08T20:12:07.346+0000] {processor.py:830} INFO - Processing file /home/airflow/.local/lib/python3.12/site-packages/airflow/example_dags/example_latest_only.py for tasks to queue
[2026-06-08T20:12:07.372+0000] {logging_mixin.py:188} INFO - [2026-06-08T20:12:07.372+0000] {dagbag.py:545} INFO - Filling up the DagBag from /home/airflow/.local/lib/python3.12/site-packages/airflow/example_dags/example_latest_only.py
[2026-06-08T20:12:07.476+0000] {processor.py:840} INFO - DAG(s) 'latest_only' retrieved from /home/airflow/.local/lib/python3.12/site-packages/airflow/example_dags/example_latest_only.py
[2026-06-08T20:12:07.522+0000] {logging_mixin.py:188} INFO - [2026-06-08T20:12:07.522+0000] {dag.py:3096} INFO - Sync 1 DAGs
[2026-06-08T20:12:07.579+0000] {logging_mixin.py:188} INFO - [2026-06-08T20:12:07.579+0000] {dag.py:3954} INFO - Setting next_dagrun for latest_only to 2026-06-08 16:00:00+00:00, run_after=2026-06-08 20:00:00+00:00
[2026-06-08T20:12:07.620+0000] {processor.py:183} INFO - Processing /home/airflow/.local/lib/python3.12/site-packages/airflow/example_dags/example_latest_only.py took 0.320 seconds
[2026-06-08T20:12:38.372+0000] {processor.py:161} INFO - Started process (PID=561) to work on /home/airflow/.local/lib/python3.12/site-packages/airflow/example_dags/example_latest_only.py
[2026-06-08T20:12:38.375+0000] {processor.py:830} INFO - Processing file /home/airflow/.local/lib/python3.12/site-packages/airflow/example_dags/example_latest_only.py for tasks to queue
[2026-06-08T20:12:38.379+0000] {logging_mixin.py:188} INFO - [2026-06-08T20:12:38.378+0000] {dagbag.py:545} INFO - Filling up the DagBag from /home/airflow/.local/lib/python3.12/site-packages/airflow/example_dags/example_latest_only.py
[2026-06-08T20:12:38.388+0000] {processor.py:840} INFO - DAG(s) 'latest_only' retrieved from /home/airflow/.local/lib/python3.12/site-packages/airflow/example_dags/example_latest_only.py
[2026-06-08T20:12:38.429+0000] {logging_mixin.py:188} INFO - [2026-06-08T20:12:38.429+0000] {dag.py:3096} INFO - Sync 1 DAGs
[2026-06-08T20:12:38.481+0000] {logging_mixin.py:188} INFO - [2026-06-08T20:12:38.481+0000] {dag.py:3954} INFO - Setting next_dagrun for latest_only to 2026-06-08 16:00:00+00:00, run_after=2026-06-08 20:00:00+00:00
[2026-06-08T20:12:38.518+0000] {processor.py:183} INFO - Processing /home/airflow/.local/lib/python3.12/site-packages/airflow/example_dags/example_latest_only.py took 0.161 seconds
[2026-06-08T20:13:10.034+0000] {processor.py:161} INFO - Started process (PID=619) to work on /home/airflow/.local/lib/python3.12/site-packages/airflow/example_dags/example_latest_only.py
[2026-06-08T20:13:10.037+0000] {processor.py:830} INFO - Processing file /home/airflow/.local/lib/python3.12/site-packages/airflow/example_dags/example_latest_only.py for tasks to queue
[2026-06-08T20:13:10.039+0000] {logging_mixin.py:188} INFO - [2026-06-08T20:13:10.038+0000] {dagbag.py:545} INFO - Filling up the DagBag from /home/airflow/.local/lib/python3.12/site-packages/airflow/example_dags/example_latest_only.py
[2026-06-08T20:13:10.049+0000] {processor.py:840} INFO - DAG(s) 'latest_only' retrieved from /home/airflow/.local/lib/python3.12/site-packages/airflow/example_dags/example_latest_only.py
[2026-06-08T20:13:10.099+0000] {logging_mixin.py:188} INFO - [2026-06-08T20:13:10.099+0000] {dag.py:3096} INFO - Sync 1 DAGs
[2026-06-08T20:13:10.131+0000] {logging_mixin.py:188} INFO - [2026-06-08T20:13:10.131+0000] {dag.py:3954} INFO - Setting next_dagrun for latest_only to 2026-06-08 16:00:00+00:00, run_after=2026-06-08 20:00:00+00:00
[2026-06-08T20:13:10.155+0000] {processor.py:183} INFO - Processing /home/airflow/.local/lib/python3.12/site-packages/airflow/example_dags/example_latest_only.py took 0.134 seconds
[2026-06-08T20:13:42.031+0000] {processor.py:161} INFO - Started process (PID=676) to work on /home/airflow/.local/lib/python3.12/site-packages/airflow/example_dags/example_latest_only.py
[2026-06-08T20:13:42.033+0000] {processor.py:830} INFO - Processing file /home/airflow/.local/lib/python3.12/site-packages/airflow/example_dags/example_latest_only.py for tasks to queue
[2026-06-08T20:13:42.038+0000] {logging_mixin.py:188} INFO - [2026-06-08T20:13:42.037+0000] {dagbag.py:545} INFO - Filling up the DagBag from /home/airflow/.local/lib/python3.12/site-packages/airflow/example_dags/example_latest_only.py
[2026-06-08T20:13:42.049+0000] {processor.py:840} INFO - DAG(s) 'latest_only' retrieved from /home/airflow/.local/lib/python3.12/site-packages/airflow/example_dags/example_latest_only.py
[2026-06-08T20:13:42.083+0000] {logging_mixin.py:188} INFO - [2026-06-08T20:13:42.083+0000] {dag.py:3096} INFO - Sync 1 DAGs
[2026-06-08T20:13:42.117+0000] {logging_mixin.py:188} INFO - [2026-06-08T20:13:42.117+0000] {dag.py:3954} INFO - Setting next_dagrun for latest_only to 2026-06-08 16:00:00+00:00, run_after=2026-06-08 20:00:00+00:00
[2026-06-08T20:13:42.133+0000] {processor.py:183} INFO - Processing /home/airflow/.local/lib/python3.12/site-packages/airflow/example_dags/example_latest_only.py took 0.113 seconds
[2026-06-08T20:14:13.102+0000] {processor.py:161} INFO - Started process (PID=734) to work on /home/airflow/.local/lib/python3.12/site-packages/airflow/example_dags/example_latest_only.py
[2026-06-08T20:14:13.102+0000] {processor.py:830} INFO - Processing file /home/airflow/.local/lib/python3.12/site-packages/airflow/example_dags/example_latest_only.py for tasks to queue
[2026-06-08T20:14:13.104+0000] {logging_mixin.py:188} INFO - [2026-06-08T20:14:13.104+0000] {dagbag.py:545} INFO - Filling up the DagBag from /home/airflow/.local/lib/python3.12/site-packages/airflow/example_dags/example_latest_only.py
[2026-06-08T20:14:13.108+0000] {processor.py:840} INFO - DAG(s) 'latest_only' retrieved from /home/airflow/.local/lib/python3.12/site-packages/airflow/example_dags/example_latest_only.py
[2026-06-08T20:14:13.127+0000] {logging_mixin.py:188} INFO - [2026-06-08T20:14:13.126+0000] {dag.py:3096} INFO - Sync 1 DAGs
[2026-06-08T20:14:13.147+0000] {logging_mixin.py:188} INFO - [2026-06-08T20:14:13.147+0000] {dag.py:3954} INFO - Setting next_dagrun for latest_only to 2026-06-08 16:00:00+00:00, run_after=2026-06-08 20:00:00+00:00
[2026-06-08T20:14:13.164+0000] {processor.py:183} INFO - Processing /home/airflow/.local/lib/python3.12/site-packages/airflow/example_dags/example_latest_only.py took 0.068 seconds
[2026-06-08T20:14:44.490+0000] {processor.py:161} INFO - Started process (PID=792) to work on /home/airflow/.local/lib/python3.12/site-packages/airflow/example_dags/example_latest_only.py
[2026-06-08T20:14:44.495+0000] {processor.py:830} INFO - Processing file /home/airflow/.local/lib/python3.12/site-packages/airflow/example_dags/example_latest_only.py for tasks to queue
[2026-06-08T20:14:44.500+0000] {logging_mixin.py:188} INFO - [2026-06-08T20:14:44.500+0000] {dagbag.py:545} INFO - Filling up the DagBag from /home/airflow/.local/lib/python3.12/site-packages/airflow/example_dags/example_latest_only.py
[2026-06-08T20:14:44.513+0000] {processor.py:840} INFO - DAG(s) 'latest_only' retrieved from /home/airflow/.local/lib/python3.12/site-packages/airflow/example_dags/example_latest_only.py
[2026-06-08T20:14:44.542+0000] {logging_mixin.py:188} INFO - [2026-06-08T20:14:44.542+0000] {dag.py:3096} INFO - Sync 1 DAGs
[2026-06-08T20:14:44.588+0000] {logging_mixin.py:188} INFO - [2026-06-08T20:14:44.588+0000] {dag.py:3954} INFO - Setting next_dagrun for latest_only to 2026-06-08 16:00:00+00:00, run_after=2026-06-08 20:00:00+00:00
[2026-06-08T20:14:44.622+0000] {processor.py:183} INFO - Processing /home/airflow/.local/lib/python3.12/site-packages/airflow/example_dags/example_latest_only.py took 0.148 seconds
[2026-06-08T20:15:15.038+0000] {processor.py:161} INFO - Started process (PID=850) to work on /home/airflow/.local/lib/python3.12/site-packages/airflow/example_dags/example_latest_only.py
[2026-06-08T20:15:15.091+0000] {processor.py:830} INFO - Processing file /home/airflow/.local/lib/python3.12/site-packages/airflow/example_dags/example_latest_only.py for tasks to queue
[2026-06-08T20:15:15.119+0000] {logging_mixin.py:188} INFO - [2026-06-08T20:15:15.117+0000] {dagbag.py:545} INFO - Filling up the DagBag from /home/airflow/.local/lib/python3.12/site-packages/airflow/example_dags/example_latest_only.py
[2026-06-08T20:15:15.169+0000] {processor.py:840} INFO - DAG(s) 'latest_only' retrieved from /home/airflow/.local/lib/python3.12/site-packages/airflow/example_dags/example_latest_only.py
[2026-06-08T20:15:15.410+0000] {logging_mixin.py:188} INFO - [2026-06-08T20:15:15.410+0000] {dag.py:3096} INFO - Sync 1 DAGs
[2026-06-08T20:15:15.562+0000] {logging_mixin.py:188} INFO - [2026-06-08T20:15:15.562+0000] {dag.py:3954} INFO - Setting next_dagrun for latest_only to 2026-06-08 16:00:00+00:00, run_after=2026-06-08 20:00:00+00:00
[2026-06-08T20:15:15.651+0000] {processor.py:183} INFO - Processing /home/airflow/.local/lib/python3.12/site-packages/airflow/example_dags/example_latest_only.py took 0.649 seconds
[2026-06-08T20:15:46.300+0000] {processor.py:161} INFO - Started process (PID=908) to work on /home/airflow/.local/lib/python3.12/site-packages/airflow/example_dags/example_latest_only.py
[2026-06-08T20:15:46.301+0000] {processor.py:830} INFO - Processing file /home/airflow/.local/lib/python3.12/site-packages/airflow/example_dags/example_latest_only.py for tasks to queue
[2026-06-08T20:15:46.303+0000] {logging_mixin.py:188} INFO - [2026-06-08T20:15:46.302+0000] {dagbag.py:545} INFO - Filling up the DagBag from /home/airflow/.local/lib/python3.12/site-packages/airflow/example_dags/example_latest_only.py
[2026-06-08T20:15:46.310+0000] {processor.py:840} INFO - DAG(s) 'latest_only' retrieved from /home/airflow/.local/lib/python3.12/site-packages/airflow/example_dags/example_latest_only.py
[2026-06-08T20:15:46.335+0000] {logging_mixin.py:188} INFO - [2026-06-08T20:15:46.335+0000] {dag.py:3096} INFO - Sync 1 DAGs
[2026-06-08T20:15:46.366+0000] {logging_mixin.py:188} INFO - [2026-06-08T20:15:46.366+0000] {dag.py:3954} INFO - Setting next_dagrun for latest_only to 2026-06-08 16:00:00+00:00, run_after=2026-06-08 20:00:00+00:00
[2026-06-08T20:15:46.391+0000] {processor.py:183} INFO - Processing /home/airflow/.local/lib/python3.12/site-packages/airflow/example_dags/example_latest_only.py took 0.098 seconds
[2026-06-08T20:16:16.611+0000] {processor.py:161} INFO - Started process (PID=966) to work on /home/airflow/.local/lib/python3.12/site-packages/airflow/example_dags/example_latest_only.py
[2026-06-08T20:16:16.612+0000] {processor.py:830} INFO - Processing file /home/airflow/.local/lib/python3.12/site-packages/airflow/example_dags/example_latest_only.py for tasks to queue
[2026-06-08T20:16:16.614+0000] {logging_mixin.py:188} INFO - [2026-06-08T20:16:16.614+0000] {dagbag.py:545} INFO - Filling up the DagBag from /home/airflow/.local/lib/python3.12/site-packages/airflow/example_dags/example_latest_only.py
[2026-06-08T20:16:16.620+0000] {processor.py:840} INFO - DAG(s) 'latest_only' retrieved from /home/airflow/.local/lib/python3.12/site-packages/airflow/example_dags/example_latest_only.py
[2026-06-08T20:16:16.646+0000] {logging_mixin.py:188} INFO - [2026-06-08T20:16:16.646+0000] {dag.py:3096} INFO - Sync 1 DAGs
[2026-06-08T20:16:16.678+0000] {logging_mixin.py:188} INFO - [2026-06-08T20:16:16.677+0000] {dag.py:3954} INFO - Setting next_dagrun for latest_only to 2026-06-08 16:00:00+00:00, run_after=2026-06-08 20:00:00+00:00
[2026-06-08T20:16:16.699+0000] {processor.py:183} INFO - Processing /home/airflow/.local/lib/python3.12/site-packages/airflow/example_dags/example_latest_only.py took 0.096 seconds
[2026-06-08T20:16:46.814+0000] {processor.py:161} INFO - Started process (PID=1024) to work on /home/airflow/.local/lib/python3.12/site-packages/airflow/example_dags/example_latest_only.py
[2026-06-08T20:16:46.816+0000] {processor.py:830} INFO - Processing file /home/airflow/.local/lib/python3.12/site-packages/airflow/example_dags/example_latest_only.py for tasks to queue
[2026-06-08T20:16:46.818+0000] {logging_mixin.py:188} INFO - [2026-06-08T20:16:46.817+0000] {dagbag.py:545} INFO - Filling up the DagBag from /home/airflow/.local/lib/python3.12/site-packages/airflow/example_dags/example_latest_only.py
[2026-06-08T20:16:46.824+0000] {processor.py:840} INFO - DAG(s) 'latest_only' retrieved from /home/airflow/.local/lib/python3.12/site-packages/airflow/example_dags/example_latest_only.py
[2026-06-08T20:16:46.855+0000] {logging_mixin.py:188} INFO - [2026-06-08T20:16:46.854+0000] {dag.py:3096} INFO - Sync 1 DAGs
[2026-06-08T20:16:46.884+0000] {logging_mixin.py:188} INFO - [2026-06-08T20:16:46.884+0000] {dag.py:3954} INFO - Setting next_dagrun for latest_only to 2026-06-08 16:00:00+00:00, run_after=2026-06-08 20:00:00+00:00
[2026-06-08T20:16:46.914+0000] {processor.py:183} INFO - Processing /home/airflow/.local/lib/python3.12/site-packages/airflow/example_dags/example_latest_only.py took 0.107 seconds
[2026-06-08T20:17:17.474+0000] {processor.py:161} INFO - Started process (PID=1082) to work on /home/airflow/.local/lib/python3.12/site-packages/airflow/example_dags/example_latest_only.py
[2026-06-08T20:17:17.475+0000] {processor.py:830} INFO - Processing file /home/airflow/.local/lib/python3.12/site-packages/airflow/example_dags/example_latest_only.py for tasks to queue
[2026-06-08T20:17:17.478+0000] {logging_mixin.py:188} INFO - [2026-06-08T20:17:17.477+0000] {dagbag.py:545} INFO - Filling up the DagBag from /home/airflow/.local/lib/python3.12/site-packages/airflow/example_dags/example_latest_only.py
[2026-06-08T20:17:17.484+0000] {processor.py:840} INFO - DAG(s) 'latest_only' retrieved from /home/airflow/.local/lib/python3.12/site-packages/airflow/example_dags/example_latest_only.py
[2026-06-08T20:17:17.513+0000] {logging_mixin.py:188} INFO - [2026-06-08T20:17:17.513+0000] {dag.py:3096} INFO - Sync 1 DAGs
[2026-06-08T20:17:17.547+0000] {logging_mixin.py:188} INFO - [2026-06-08T20:17:17.546+0000] {dag.py:3954} INFO - Setting next_dagrun for latest_only to 2026-06-08 16:00:00+00:00, run_after=2026-06-08 20:00:00+00:00
[2026-06-08T20:17:17.580+0000] {processor.py:183} INFO - Processing /home/airflow/.local/lib/python3.12/site-packages/airflow/example_dags/example_latest_only.py took 0.114 seconds
[2026-06-08T20:18:59.591+0000] {processor.py:161} INFO - Started process (PID=92) to work on /home/airflow/.local/lib/python3.12/site-packages/airflow/example_dags/example_latest_only.py
[2026-06-08T20:18:59.593+0000] {processor.py:830} INFO - Processing file /home/airflow/.local/lib/python3.12/site-packages/airflow/example_dags/example_latest_only.py for tasks to queue
[2026-06-08T20:18:59.617+0000] {logging_mixin.py:188} INFO - [2026-06-08T20:18:59.605+0000] {dagbag.py:545} INFO - Filling up the DagBag from /home/airflow/.local/lib/python3.12/site-packages/airflow/example_dags/example_latest_only.py
[2026-06-08T20:18:59.659+0000] {processor.py:840} INFO - DAG(s) 'latest_only' retrieved from /home/airflow/.local/lib/python3.12/site-packages/airflow/example_dags/example_latest_only.py
[2026-06-08T20:19:00.135+0000] {logging_mixin.py:188} INFO - [2026-06-08T20:19:00.135+0000] {dag.py:3096} INFO - Sync 1 DAGs
[2026-06-08T20:19:00.188+0000] {logging_mixin.py:188} INFO - [2026-06-08T20:19:00.188+0000] {dag.py:3954} INFO - Setting next_dagrun for latest_only to 2026-06-08 16:00:00+00:00, run_after=2026-06-08 20:00:00+00:00
[2026-06-08T20:19:00.303+0000] {processor.py:183} INFO - Processing /home/airflow/.local/lib/python3.12/site-packages/airflow/example_dags/example_latest_only.py took 0.737 seconds
[2026-06-08T20:19:30.814+0000] {processor.py:161} INFO - Started process (PID=151) to work on /home/airflow/.local/lib/python3.12/site-packages/airflow/example_dags/example_latest_only.py
[2026-06-08T20:19:30.815+0000] {processor.py:830} INFO - Processing file /home/airflow/.local/lib/python3.12/site-packages/airflow/example_dags/example_latest_only.py for tasks to queue
[2026-06-08T20:19:30.817+0000] {logging_mixin.py:188} INFO - [2026-06-08T20:19:30.816+0000] {dagbag.py:545} INFO - Filling up the DagBag from /home/airflow/.local/lib/python3.12/site-packages/airflow/example_dags/example_latest_only.py
[2026-06-08T20:19:30.823+0000] {processor.py:840} INFO - DAG(s) 'latest_only' retrieved from /home/airflow/.local/lib/python3.12/site-packages/airflow/example_dags/example_latest_only.py
[2026-06-08T20:19:30.948+0000] {logging_mixin.py:188} INFO - [2026-06-08T20:19:30.948+0000] {dag.py:3096} INFO - Sync 1 DAGs
[2026-06-08T20:19:31.045+0000] {logging_mixin.py:188} INFO - [2026-06-08T20:19:31.044+0000] {dag.py:3954} INFO - Setting next_dagrun for latest_only to 2026-06-08 16:00:00+00:00, run_after=2026-06-08 20:00:00+00:00
[2026-06-08T20:19:31.090+0000] {processor.py:183} INFO - Processing /home/airflow/.local/lib/python3.12/site-packages/airflow/example_dags/example_latest_only.py took 0.289 seconds
[2026-06-08T20:20:01.370+0000] {processor.py:161} INFO - Started process (PID=210) to work on /home/airflow/.local/lib/python3.12/site-packages/airflow/example_dags/example_latest_only.py
[2026-06-08T20:20:01.371+0000] {processor.py:830} INFO - Processing file /home/airflow/.local/lib/python3.12/site-packages/airflow/example_dags/example_latest_only.py for tasks to queue
[2026-06-08T20:20:01.382+0000] {logging_mixin.py:188} INFO - [2026-06-08T20:20:01.378+0000] {dagbag.py:545} INFO - Filling up the DagBag from /home/airflow/.local/lib/python3.12/site-packages/airflow/example_dags/example_latest_only.py
[2026-06-08T20:20:01.438+0000] {processor.py:840} INFO - DAG(s) 'latest_only' retrieved from /home/airflow/.local/lib/python3.12/site-packages/airflow/example_dags/example_latest_only.py
[2026-06-08T20:20:01.535+0000] {logging_mixin.py:188} INFO - [2026-06-08T20:20:01.535+0000] {dag.py:3096} INFO - Sync 1 DAGs
[2026-06-08T20:20:01.596+0000] {logging_mixin.py:188} INFO - [2026-06-08T20:20:01.596+0000] {dag.py:3954} INFO - Setting next_dagrun for latest_only to 2026-06-08 16:00:00+00:00, run_after=2026-06-08 20:00:00+00:00
[2026-06-08T20:20:01.739+0000] {processor.py:183} INFO - Processing /home/airflow/.local/lib/python3.12/site-packages/airflow/example_dags/example_latest_only.py took 0.391 seconds
[2026-06-08T20:20:32.083+0000] {processor.py:161} INFO - Started process (PID=268) to work on /home/airflow/.local/lib/python3.12/site-packages/airflow/example_dags/example_latest_only.py
[2026-06-08T20:20:32.085+0000] {processor.py:830} INFO - Processing file /home/airflow/.local/lib/python3.12/site-packages/airflow/example_dags/example_latest_only.py for tasks to queue
[2026-06-08T20:20:32.087+0000] {logging_mixin.py:188} INFO - [2026-06-08T20:20:32.087+0000] {dagbag.py:545} INFO - Filling up the DagBag from /home/airflow/.local/lib/python3.12/site-packages/airflow/example_dags/example_latest_only.py
[2026-06-08T20:20:32.094+0000] {processor.py:840} INFO - DAG(s) 'latest_only' retrieved from /home/airflow/.local/lib/python3.12/site-packages/airflow/example_dags/example_latest_only.py
[2026-06-08T20:20:32.130+0000] {logging_mixin.py:188} INFO - [2026-06-08T20:20:32.130+0000] {dag.py:3096} INFO - Sync 1 DAGs
[2026-06-08T20:20:32.174+0000] {logging_mixin.py:188} INFO - [2026-06-08T20:20:32.174+0000] {dag.py:3954} INFO - Setting next_dagrun for latest_only to 2026-06-08 16:00:00+00:00, run_after=2026-06-08 20:00:00+00:00
[2026-06-08T20:20:32.204+0000] {processor.py:183} INFO - Processing /home/airflow/.local/lib/python3.12/site-packages/airflow/example_dags/example_latest_only.py took 0.136 seconds
[2026-06-08T20:21:02.326+0000] {processor.py:161} INFO - Started process (PID=327) to work on /home/airflow/.local/lib/python3.12/site-packages/airflow/example_dags/example_latest_only.py
[2026-06-08T20:21:02.327+0000] {processor.py:830} INFO - Processing file /home/airflow/.local/lib/python3.12/site-packages/airflow/example_dags/example_latest_only.py for tasks to queue
[2026-06-08T20:21:02.328+0000] {logging_mixin.py:188} INFO - [2026-06-08T20:21:02.328+0000] {dagbag.py:545} INFO - Filling up the DagBag from /home/airflow/.local/lib/python3.12/site-packages/airflow/example_dags/example_latest_only.py
[2026-06-08T20:21:02.334+0000] {processor.py:840} INFO - DAG(s) 'latest_only' retrieved from /home/airflow/.local/lib/python3.12/site-packages/airflow/example_dags/example_latest_only.py
[2026-06-08T20:21:02.361+0000] {logging_mixin.py:188} INFO - [2026-06-08T20:21:02.361+0000] {dag.py:3096} INFO - Sync 1 DAGs
[2026-06-08T20:21:02.391+0000] {logging_mixin.py:188} INFO - [2026-06-08T20:21:02.390+0000] {dag.py:3954} INFO - Setting next_dagrun for latest_only to 2026-06-08 16:00:00+00:00, run_after=2026-06-08 20:00:00+00:00
[2026-06-08T20:21:02.422+0000] {processor.py:183} INFO - Processing /home/airflow/.local/lib/python3.12/site-packages/airflow/example_dags/example_latest_only.py took 0.103 seconds
[2026-06-08T20:21:32.750+0000] {processor.py:161} INFO - Started process (PID=385) to work on /home/airflow/.local/lib/python3.12/site-packages/airflow/example_dags/example_latest_only.py
[2026-06-08T20:21:32.751+0000] {processor.py:830} INFO - Processing file /home/airflow/.local/lib/python3.12/site-packages/airflow/example_dags/example_latest_only.py for tasks to queue
[2026-06-08T20:21:32.753+0000] {logging_mixin.py:188} INFO - [2026-06-08T20:21:32.753+0000] {dagbag.py:545} INFO - Filling up the DagBag from /home/airflow/.local/lib/python3.12/site-packages/airflow/example_dags/example_latest_only.py
[2026-06-08T20:21:32.768+0000] {processor.py:840} INFO - DAG(s) 'latest_only' retrieved from /home/airflow/.local/lib/python3.12/site-packages/airflow/example_dags/example_latest_only.py
[2026-06-08T20:21:32.806+0000] {logging_mixin.py:188} INFO - [2026-06-08T20:21:32.806+0000] {dag.py:3096} INFO - Sync 1 DAGs
[2026-06-08T20:21:32.833+0000] {logging_mixin.py:188} INFO - [2026-06-08T20:21:32.833+0000] {dag.py:3954} INFO - Setting next_dagrun for latest_only to 2026-06-08 16:00:00+00:00, run_after=2026-06-08 20:00:00+00:00
[2026-06-08T20:21:32.857+0000] {processor.py:183} INFO - Processing /home/airflow/.local/lib/python3.12/site-packages/airflow/example_dags/example_latest_only.py took 0.114 seconds
[2026-06-08T20:22:03.158+0000] {processor.py:161} INFO - Started process (PID=444) to work on /home/airflow/.local/lib/python3.12/site-packages/airflow/example_dags/example_latest_only.py
[2026-06-08T20:22:03.159+0000] {processor.py:830} INFO - Processing file /home/airflow/.local/lib/python3.12/site-packages/airflow/example_dags/example_latest_only.py for tasks to queue
[2026-06-08T20:22:03.161+0000] {logging_mixin.py:188} INFO - [2026-06-08T20:22:03.161+0000] {dagbag.py:545} INFO - Filling up the DagBag from /home/airflow/.local/lib/python3.12/site-packages/airflow/example_dags/example_latest_only.py
[2026-06-08T20:22:03.174+0000] {processor.py:840} INFO - DAG(s) 'latest_only' retrieved from /home/airflow/.local/lib/python3.12/site-packages/airflow/example_dags/example_latest_only.py
[2026-06-08T20:22:03.207+0000] {logging_mixin.py:188} INFO - [2026-06-08T20:22:03.207+0000] {dag.py:3096} INFO - Sync 1 DAGs
[2026-06-08T20:22:03.235+0000] {logging_mixin.py:188} INFO - [2026-06-08T20:22:03.235+0000] {dag.py:3954} INFO - Setting next_dagrun for latest_only to 2026-06-08 16:00:00+00:00, run_after=2026-06-08 20:00:00+00:00
[2026-06-08T20:22:03.256+0000] {processor.py:183} INFO - Processing /home/airflow/.local/lib/python3.12/site-packages/airflow/example_dags/example_latest_only.py took 0.107 seconds
[2026-06-08T20:22:33.414+0000] {processor.py:161} INFO - Started process (PID=503) to work on /home/airflow/.local/lib/python3.12/site-packages/airflow/example_dags/example_latest_only.py
[2026-06-08T20:22:33.417+0000] {processor.py:830} INFO - Processing file /home/airflow/.local/lib/python3.12/site-packages/airflow/example_dags/example_latest_only.py for tasks to queue
[2026-06-08T20:22:33.425+0000] {logging_mixin.py:188} INFO - [2026-06-08T20:22:33.424+0000] {dagbag.py:545} INFO - Filling up the DagBag from /home/airflow/.local/lib/python3.12/site-packages/airflow/example_dags/example_latest_only.py
[2026-06-08T20:22:33.446+0000] {processor.py:840} INFO - DAG(s) 'latest_only' retrieved from /home/airflow/.local/lib/python3.12/site-packages/airflow/example_dags/example_latest_only.py
[2026-06-08T20:22:33.522+0000] {logging_mixin.py:188} INFO - [2026-06-08T20:22:33.522+0000] {dag.py:3096} INFO - Sync 1 DAGs
[2026-06-08T20:22:33.599+0000] {logging_mixin.py:188} INFO - [2026-06-08T20:22:33.599+0000] {dag.py:3954} INFO - Setting next_dagrun for latest_only to 2026-06-08 16:00:00+00:00, run_after=2026-06-08 20:00:00+00:00
[2026-06-08T20:22:33.631+0000] {processor.py:183} INFO - Processing /home/airflow/.local/lib/python3.12/site-packages/airflow/example_dags/example_latest_only.py took 0.225 seconds
[2026-06-08T20:23:03.875+0000] {processor.py:161} INFO - Started process (PID=562) to work on /home/airflow/.local/lib/python3.12/site-packages/airflow/example_dags/example_latest_only.py
[2026-06-08T20:23:03.876+0000] {processor.py:830} INFO - Processing file /home/airflow/.local/lib/python3.12/site-packages/airflow/example_dags/example_latest_only.py for tasks to queue
[2026-06-08T20:23:03.878+0000] {logging_mixin.py:188} INFO - [2026-06-08T20:23:03.878+0000] {dagbag.py:545} INFO - Filling up the DagBag from /home/airflow/.local/lib/python3.12/site-packages/airflow/example_dags/example_latest_only.py
[2026-06-08T20:23:03.884+0000] {processor.py:840} INFO - DAG(s) 'latest_only' retrieved from /home/airflow/.local/lib/python3.12/site-packages/airflow/example_dags/example_latest_only.py
[2026-06-08T20:23:03.911+0000] {logging_mixin.py:188} INFO - [2026-06-08T20:23:03.910+0000] {dag.py:3096} INFO - Sync 1 DAGs
[2026-06-08T20:23:03.945+0000] {logging_mixin.py:188} INFO - [2026-06-08T20:23:03.944+0000] {dag.py:3954} INFO - Setting next_dagrun for latest_only to 2026-06-08 16:00:00+00:00, run_after=2026-06-08 20:00:00+00:00
[2026-06-08T20:23:03.972+0000] {processor.py:183} INFO - Processing /home/airflow/.local/lib/python3.12/site-packages/airflow/example_dags/example_latest_only.py took 0.105 seconds
[2026-06-08T20:23:35.481+0000] {processor.py:161} INFO - Started process (PID=621) to work on /home/airflow/.local/lib/python3.12/site-packages/airflow/example_dags/example_latest_only.py
[2026-06-08T20:23:35.484+0000] {processor.py:830} INFO - Processing file /home/airflow/.local/lib/python3.12/site-packages/airflow/example_dags/example_latest_only.py for tasks to queue
[2026-06-08T20:23:35.487+0000] {logging_mixin.py:188} INFO - [2026-06-08T20:23:35.487+0000] {dagbag.py:545} INFO - Filling up the DagBag from /home/airflow/.local/lib/python3.12/site-packages/airflow/example_dags/example_latest_only.py
[2026-06-08T20:23:35.506+0000] {processor.py:840} INFO - DAG(s) 'latest_only' retrieved from /home/airflow/.local/lib/python3.12/site-packages/airflow/example_dags/example_latest_only.py
[2026-06-08T20:23:35.587+0000] {logging_mixin.py:188} INFO - [2026-06-08T20:23:35.586+0000] {dag.py:3096} INFO - Sync 1 DAGs
[2026-06-08T20:23:35.685+0000] {logging_mixin.py:188} INFO - [2026-06-08T20:23:35.685+0000] {dag.py:3954} INFO - Setting next_dagrun for latest_only to 2026-06-08 16:00:00+00:00, run_after=2026-06-08 20:00:00+00:00
[2026-06-08T20:23:35.739+0000] {processor.py:183} INFO - Processing /home/airflow/.local/lib/python3.12/site-packages/airflow/example_dags/example_latest_only.py took 0.277 seconds
