[2026-06-08T20:03:40.024+0000] {processor.py:161} INFO - Started process (PID=73) to work on /home/airflow/.local/lib/python3.12/site-packages/airflow/example_dags/example_short_circuit_operator.py
[2026-06-08T20:03:40.027+0000] {processor.py:830} INFO - Processing file /home/airflow/.local/lib/python3.12/site-packages/airflow/example_dags/example_short_circuit_operator.py for tasks to queue
[2026-06-08T20:03:40.035+0000] {logging_mixin.py:188} INFO - [2026-06-08T20:03:40.034+0000] {dagbag.py:545} INFO - Filling up the DagBag from /home/airflow/.local/lib/python3.12/site-packages/airflow/example_dags/example_short_circuit_operator.py
[2026-06-08T20:03:40.108+0000] {processor.py:840} INFO - DAG(s) 'example_short_circuit_operator' retrieved from /home/airflow/.local/lib/python3.12/site-packages/airflow/example_dags/example_short_circuit_operator.py
[2026-06-08T20:03:40.791+0000] {logging_mixin.py:188} INFO - [2026-06-08T20:03:40.791+0000] {dag.py:3096} INFO - Sync 1 DAGs
[2026-06-08T20:03:40.954+0000] {logging_mixin.py:188} INFO - [2026-06-08T20:03:40.954+0000] {dag.py:3954} INFO - Setting next_dagrun for example_short_circuit_operator to 2026-06-07 00:00:00+00:00, run_after=2026-06-08 00:00:00+00:00
[2026-06-08T20:03:41.238+0000] {processor.py:183} INFO - Processing /home/airflow/.local/lib/python3.12/site-packages/airflow/example_dags/example_short_circuit_operator.py took 1.259 seconds
[2026-06-08T20:04:11.737+0000] {processor.py:161} INFO - Started process (PID=131) to work on /home/airflow/.local/lib/python3.12/site-packages/airflow/example_dags/example_short_circuit_operator.py
[2026-06-08T20:04:11.741+0000] {processor.py:830} INFO - Processing file /home/airflow/.local/lib/python3.12/site-packages/airflow/example_dags/example_short_circuit_operator.py for tasks to queue
[2026-06-08T20:04:11.747+0000] {logging_mixin.py:188} INFO - [2026-06-08T20:04:11.746+0000] {dagbag.py:545} INFO - Filling up the DagBag from /home/airflow/.local/lib/python3.12/site-packages/airflow/example_dags/example_short_circuit_operator.py
[2026-06-08T20:04:11.785+0000] {processor.py:840} INFO - DAG(s) 'example_short_circuit_operator' retrieved from /home/airflow/.local/lib/python3.12/site-packages/airflow/example_dags/example_short_circuit_operator.py
[2026-06-08T20:04:11.923+0000] {logging_mixin.py:188} INFO - [2026-06-08T20:04:11.923+0000] {dag.py:3096} INFO - Sync 1 DAGs
[2026-06-08T20:04:12.093+0000] {logging_mixin.py:188} INFO - [2026-06-08T20:04:12.093+0000] {dag.py:3954} INFO - Setting next_dagrun for example_short_circuit_operator to 2026-06-07 00:00:00+00:00, run_after=2026-06-08 00:00:00+00:00
[2026-06-08T20:04:12.201+0000] {processor.py:183} INFO - Processing /home/airflow/.local/lib/python3.12/site-packages/airflow/example_dags/example_short_circuit_operator.py took 0.512 seconds
[2026-06-08T20:04:44.068+0000] {processor.py:161} INFO - Started process (PID=189) to work on /home/airflow/.local/lib/python3.12/site-packages/airflow/example_dags/example_short_circuit_operator.py
[2026-06-08T20:04:44.075+0000] {processor.py:830} INFO - Processing file /home/airflow/.local/lib/python3.12/site-packages/airflow/example_dags/example_short_circuit_operator.py for tasks to queue
[2026-06-08T20:04:44.085+0000] {logging_mixin.py:188} INFO - [2026-06-08T20:04:44.085+0000] {dagbag.py:545} INFO - Filling up the DagBag from /home/airflow/.local/lib/python3.12/site-packages/airflow/example_dags/example_short_circuit_operator.py
[2026-06-08T20:04:44.127+0000] {processor.py:840} INFO - DAG(s) 'example_short_circuit_operator' retrieved from /home/airflow/.local/lib/python3.12/site-packages/airflow/example_dags/example_short_circuit_operator.py
[2026-06-08T20:04:44.290+0000] {logging_mixin.py:188} INFO - [2026-06-08T20:04:44.285+0000] {dag.py:3096} INFO - Sync 1 DAGs
[2026-06-08T20:04:44.508+0000] {logging_mixin.py:188} INFO - [2026-06-08T20:04:44.508+0000] {dag.py:3954} INFO - Setting next_dagrun for example_short_circuit_operator to 2026-06-07 00:00:00+00:00, run_after=2026-06-08 00:00:00+00:00
[2026-06-08T20:04:44.707+0000] {processor.py:183} INFO - Processing /home/airflow/.local/lib/python3.12/site-packages/airflow/example_dags/example_short_circuit_operator.py took 0.679 seconds
[2026-06-08T20:05:15.052+0000] {processor.py:161} INFO - Started process (PID=245) to work on /home/airflow/.local/lib/python3.12/site-packages/airflow/example_dags/example_short_circuit_operator.py
[2026-06-08T20:05:15.053+0000] {processor.py:830} INFO - Processing file /home/airflow/.local/lib/python3.12/site-packages/airflow/example_dags/example_short_circuit_operator.py for tasks to queue
[2026-06-08T20:05:15.055+0000] {logging_mixin.py:188} INFO - [2026-06-08T20:05:15.055+0000] {dagbag.py:545} INFO - Filling up the DagBag from /home/airflow/.local/lib/python3.12/site-packages/airflow/example_dags/example_short_circuit_operator.py
[2026-06-08T20:05:15.065+0000] {processor.py:840} INFO - DAG(s) 'example_short_circuit_operator' retrieved from /home/airflow/.local/lib/python3.12/site-packages/airflow/example_dags/example_short_circuit_operator.py
[2026-06-08T20:05:15.101+0000] {logging_mixin.py:188} INFO - [2026-06-08T20:05:15.100+0000] {dag.py:3096} INFO - Sync 1 DAGs
[2026-06-08T20:05:15.177+0000] {logging_mixin.py:188} INFO - [2026-06-08T20:05:15.177+0000] {dag.py:3954} INFO - Setting next_dagrun for example_short_circuit_operator to 2026-06-07 00:00:00+00:00, run_after=2026-06-08 00:00:00+00:00
[2026-06-08T20:05:15.245+0000] {processor.py:183} INFO - Processing /home/airflow/.local/lib/python3.12/site-packages/airflow/example_dags/example_short_circuit_operator.py took 0.199 seconds
[2026-06-08T20:05:45.376+0000] {processor.py:161} INFO - Started process (PID=303) to work on /home/airflow/.local/lib/python3.12/site-packages/airflow/example_dags/example_short_circuit_operator.py
[2026-06-08T20:05:45.377+0000] {processor.py:830} INFO - Processing file /home/airflow/.local/lib/python3.12/site-packages/airflow/example_dags/example_short_circuit_operator.py for tasks to queue
[2026-06-08T20:05:45.379+0000] {logging_mixin.py:188} INFO - [2026-06-08T20:05:45.379+0000] {dagbag.py:545} INFO - Filling up the DagBag from /home/airflow/.local/lib/python3.12/site-packages/airflow/example_dags/example_short_circuit_operator.py
[2026-06-08T20:05:45.393+0000] {processor.py:840} INFO - DAG(s) 'example_short_circuit_operator' retrieved from /home/airflow/.local/lib/python3.12/site-packages/airflow/example_dags/example_short_circuit_operator.py
[2026-06-08T20:05:45.441+0000] {logging_mixin.py:188} INFO - [2026-06-08T20:05:45.441+0000] {dag.py:3096} INFO - Sync 1 DAGs
[2026-06-08T20:05:45.474+0000] {logging_mixin.py:188} INFO - [2026-06-08T20:05:45.474+0000] {dag.py:3954} INFO - Setting next_dagrun for example_short_circuit_operator to 2026-06-07 00:00:00+00:00, run_after=2026-06-08 00:00:00+00:00
[2026-06-08T20:05:45.501+0000] {processor.py:183} INFO - Processing /home/airflow/.local/lib/python3.12/site-packages/airflow/example_dags/example_short_circuit_operator.py took 0.134 seconds
[2026-06-08T20:06:15.549+0000] {processor.py:161} INFO - Started process (PID=361) to work on /home/airflow/.local/lib/python3.12/site-packages/airflow/example_dags/example_short_circuit_operator.py
[2026-06-08T20:06:15.550+0000] {processor.py:830} INFO - Processing file /home/airflow/.local/lib/python3.12/site-packages/airflow/example_dags/example_short_circuit_operator.py for tasks to queue
[2026-06-08T20:06:15.552+0000] {logging_mixin.py:188} INFO - [2026-06-08T20:06:15.551+0000] {dagbag.py:545} INFO - Filling up the DagBag from /home/airflow/.local/lib/python3.12/site-packages/airflow/example_dags/example_short_circuit_operator.py
[2026-06-08T20:06:15.558+0000] {processor.py:840} INFO - DAG(s) 'example_short_circuit_operator' retrieved from /home/airflow/.local/lib/python3.12/site-packages/airflow/example_dags/example_short_circuit_operator.py
[2026-06-08T20:06:15.581+0000] {logging_mixin.py:188} INFO - [2026-06-08T20:06:15.581+0000] {dag.py:3096} INFO - Sync 1 DAGs
[2026-06-08T20:06:15.602+0000] {logging_mixin.py:188} INFO - [2026-06-08T20:06:15.602+0000] {dag.py:3954} INFO - Setting next_dagrun for example_short_circuit_operator to 2026-06-07 00:00:00+00:00, run_after=2026-06-08 00:00:00+00:00
[2026-06-08T20:06:15.618+0000] {processor.py:183} INFO - Processing /home/airflow/.local/lib/python3.12/site-packages/airflow/example_dags/example_short_circuit_operator.py took 0.075 seconds
[2026-06-08T20:06:45.707+0000] {processor.py:161} INFO - Started process (PID=419) to work on /home/airflow/.local/lib/python3.12/site-packages/airflow/example_dags/example_short_circuit_operator.py
[2026-06-08T20:06:45.708+0000] {processor.py:830} INFO - Processing file /home/airflow/.local/lib/python3.12/site-packages/airflow/example_dags/example_short_circuit_operator.py for tasks to queue
[2026-06-08T20:06:45.709+0000] {logging_mixin.py:188} INFO - [2026-06-08T20:06:45.709+0000] {dagbag.py:545} INFO - Filling up the DagBag from /home/airflow/.local/lib/python3.12/site-packages/airflow/example_dags/example_short_circuit_operator.py
[2026-06-08T20:06:45.716+0000] {processor.py:840} INFO - DAG(s) 'example_short_circuit_operator' retrieved from /home/airflow/.local/lib/python3.12/site-packages/airflow/example_dags/example_short_circuit_operator.py
[2026-06-08T20:06:45.738+0000] {logging_mixin.py:188} INFO - [2026-06-08T20:06:45.738+0000] {dag.py:3096} INFO - Sync 1 DAGs
[2026-06-08T20:06:45.759+0000] {logging_mixin.py:188} INFO - [2026-06-08T20:06:45.759+0000] {dag.py:3954} INFO - Setting next_dagrun for example_short_circuit_operator to 2026-06-07 00:00:00+00:00, run_after=2026-06-08 00:00:00+00:00
[2026-06-08T20:06:45.779+0000] {processor.py:183} INFO - Processing /home/airflow/.local/lib/python3.12/site-packages/airflow/example_dags/example_short_circuit_operator.py took 0.077 seconds
[2026-06-08T20:08:20.215+0000] {processor.py:161} INFO - Started process (PID=66) to work on /home/airflow/.local/lib/python3.12/site-packages/airflow/example_dags/example_short_circuit_operator.py
[2026-06-08T20:08:20.218+0000] {processor.py:830} INFO - Processing file /home/airflow/.local/lib/python3.12/site-packages/airflow/example_dags/example_short_circuit_operator.py for tasks to queue
[2026-06-08T20:08:20.220+0000] {logging_mixin.py:188} INFO - [2026-06-08T20:08:20.220+0000] {dagbag.py:545} INFO - Filling up the DagBag from /home/airflow/.local/lib/python3.12/site-packages/airflow/example_dags/example_short_circuit_operator.py
[2026-06-08T20:08:20.244+0000] {processor.py:840} INFO - DAG(s) 'example_short_circuit_operator' retrieved from /home/airflow/.local/lib/python3.12/site-packages/airflow/example_dags/example_short_circuit_operator.py
[2026-06-08T20:08:20.745+0000] {logging_mixin.py:188} INFO - [2026-06-08T20:08:20.745+0000] {dag.py:3096} INFO - Sync 1 DAGs
[2026-06-08T20:08:20.799+0000] {logging_mixin.py:188} INFO - [2026-06-08T20:08:20.799+0000] {dag.py:3954} INFO - Setting next_dagrun for example_short_circuit_operator to 2026-06-07 00:00:00+00:00, run_after=2026-06-08 00:00:00+00:00
[2026-06-08T20:08:20.845+0000] {processor.py:183} INFO - Processing /home/airflow/.local/lib/python3.12/site-packages/airflow/example_dags/example_short_circuit_operator.py took 0.642 seconds
[2026-06-08T20:08:51.087+0000] {processor.py:161} INFO - Started process (PID=123) to work on /home/airflow/.local/lib/python3.12/site-packages/airflow/example_dags/example_short_circuit_operator.py
[2026-06-08T20:08:51.089+0000] {processor.py:830} INFO - Processing file /home/airflow/.local/lib/python3.12/site-packages/airflow/example_dags/example_short_circuit_operator.py for tasks to queue
[2026-06-08T20:08:51.094+0000] {logging_mixin.py:188} INFO - [2026-06-08T20:08:51.094+0000] {dagbag.py:545} INFO - Filling up the DagBag from /home/airflow/.local/lib/python3.12/site-packages/airflow/example_dags/example_short_circuit_operator.py
[2026-06-08T20:08:51.118+0000] {processor.py:840} INFO - DAG(s) 'example_short_circuit_operator' retrieved from /home/airflow/.local/lib/python3.12/site-packages/airflow/example_dags/example_short_circuit_operator.py
[2026-06-08T20:08:51.164+0000] {logging_mixin.py:188} INFO - [2026-06-08T20:08:51.164+0000] {dag.py:3096} INFO - Sync 1 DAGs
[2026-06-08T20:08:51.232+0000] {logging_mixin.py:188} INFO - [2026-06-08T20:08:51.231+0000] {dag.py:3954} INFO - Setting next_dagrun for example_short_circuit_operator to 2026-06-07 00:00:00+00:00, run_after=2026-06-08 00:00:00+00:00
[2026-06-08T20:08:51.262+0000] {processor.py:183} INFO - Processing /home/airflow/.local/lib/python3.12/site-packages/airflow/example_dags/example_short_circuit_operator.py took 0.190 seconds
[2026-06-08T20:09:22.047+0000] {processor.py:161} INFO - Started process (PID=181) to work on /home/airflow/.local/lib/python3.12/site-packages/airflow/example_dags/example_short_circuit_operator.py
[2026-06-08T20:09:22.048+0000] {processor.py:830} INFO - Processing file /home/airflow/.local/lib/python3.12/site-packages/airflow/example_dags/example_short_circuit_operator.py for tasks to queue
[2026-06-08T20:09:22.050+0000] {logging_mixin.py:188} INFO - [2026-06-08T20:09:22.050+0000] {dagbag.py:545} INFO - Filling up the DagBag from /home/airflow/.local/lib/python3.12/site-packages/airflow/example_dags/example_short_circuit_operator.py
[2026-06-08T20:09:22.059+0000] {processor.py:840} INFO - DAG(s) 'example_short_circuit_operator' retrieved from /home/airflow/.local/lib/python3.12/site-packages/airflow/example_dags/example_short_circuit_operator.py
[2026-06-08T20:09:22.103+0000] {logging_mixin.py:188} INFO - [2026-06-08T20:09:22.102+0000] {dag.py:3096} INFO - Sync 1 DAGs
[2026-06-08T20:09:22.132+0000] {logging_mixin.py:188} INFO - [2026-06-08T20:09:22.131+0000] {dag.py:3954} INFO - Setting next_dagrun for example_short_circuit_operator to 2026-06-07 00:00:00+00:00, run_after=2026-06-08 00:00:00+00:00
[2026-06-08T20:09:22.155+0000] {processor.py:183} INFO - Processing /home/airflow/.local/lib/python3.12/site-packages/airflow/example_dags/example_short_circuit_operator.py took 0.115 seconds
[2026-06-08T20:09:52.664+0000] {processor.py:161} INFO - Started process (PID=239) to work on /home/airflow/.local/lib/python3.12/site-packages/airflow/example_dags/example_short_circuit_operator.py
[2026-06-08T20:09:52.665+0000] {processor.py:830} INFO - Processing file /home/airflow/.local/lib/python3.12/site-packages/airflow/example_dags/example_short_circuit_operator.py for tasks to queue
[2026-06-08T20:09:52.667+0000] {logging_mixin.py:188} INFO - [2026-06-08T20:09:52.667+0000] {dagbag.py:545} INFO - Filling up the DagBag from /home/airflow/.local/lib/python3.12/site-packages/airflow/example_dags/example_short_circuit_operator.py
[2026-06-08T20:09:52.682+0000] {processor.py:840} INFO - DAG(s) 'example_short_circuit_operator' retrieved from /home/airflow/.local/lib/python3.12/site-packages/airflow/example_dags/example_short_circuit_operator.py
[2026-06-08T20:09:52.718+0000] {logging_mixin.py:188} INFO - [2026-06-08T20:09:52.718+0000] {dag.py:3096} INFO - Sync 1 DAGs
[2026-06-08T20:09:52.764+0000] {logging_mixin.py:188} INFO - [2026-06-08T20:09:52.764+0000] {dag.py:3954} INFO - Setting next_dagrun for example_short_circuit_operator to 2026-06-07 00:00:00+00:00, run_after=2026-06-08 00:00:00+00:00
[2026-06-08T20:09:52.789+0000] {processor.py:183} INFO - Processing /home/airflow/.local/lib/python3.12/site-packages/airflow/example_dags/example_short_circuit_operator.py took 0.134 seconds
[2026-06-08T20:10:23.394+0000] {processor.py:161} INFO - Started process (PID=299) to work on /home/airflow/.local/lib/python3.12/site-packages/airflow/example_dags/example_short_circuit_operator.py
[2026-06-08T20:10:23.395+0000] {processor.py:830} INFO - Processing file /home/airflow/.local/lib/python3.12/site-packages/airflow/example_dags/example_short_circuit_operator.py for tasks to queue
[2026-06-08T20:10:23.397+0000] {logging_mixin.py:188} INFO - [2026-06-08T20:10:23.397+0000] {dagbag.py:545} INFO - Filling up the DagBag from /home/airflow/.local/lib/python3.12/site-packages/airflow/example_dags/example_short_circuit_operator.py
[2026-06-08T20:10:23.407+0000] {processor.py:840} INFO - DAG(s) 'example_short_circuit_operator' retrieved from /home/airflow/.local/lib/python3.12/site-packages/airflow/example_dags/example_short_circuit_operator.py
[2026-06-08T20:10:23.453+0000] {logging_mixin.py:188} INFO - [2026-06-08T20:10:23.452+0000] {dag.py:3096} INFO - Sync 1 DAGs
[2026-06-08T20:10:23.481+0000] {logging_mixin.py:188} INFO - [2026-06-08T20:10:23.481+0000] {dag.py:3954} INFO - Setting next_dagrun for example_short_circuit_operator to 2026-06-07 00:00:00+00:00, run_after=2026-06-08 00:00:00+00:00
[2026-06-08T20:10:23.502+0000] {processor.py:183} INFO - Processing /home/airflow/.local/lib/python3.12/site-packages/airflow/example_dags/example_short_circuit_operator.py took 0.115 seconds
[2026-06-08T20:10:55.193+0000] {processor.py:161} INFO - Started process (PID=363) to work on /home/airflow/.local/lib/python3.12/site-packages/airflow/example_dags/example_short_circuit_operator.py
[2026-06-08T20:10:55.194+0000] {processor.py:830} INFO - Processing file /home/airflow/.local/lib/python3.12/site-packages/airflow/example_dags/example_short_circuit_operator.py for tasks to queue
[2026-06-08T20:10:55.196+0000] {logging_mixin.py:188} INFO - [2026-06-08T20:10:55.196+0000] {dagbag.py:545} INFO - Filling up the DagBag from /home/airflow/.local/lib/python3.12/site-packages/airflow/example_dags/example_short_circuit_operator.py
[2026-06-08T20:10:55.207+0000] {processor.py:840} INFO - DAG(s) 'example_short_circuit_operator' retrieved from /home/airflow/.local/lib/python3.12/site-packages/airflow/example_dags/example_short_circuit_operator.py
[2026-06-08T20:10:55.289+0000] {logging_mixin.py:188} INFO - [2026-06-08T20:10:55.288+0000] {dag.py:3096} INFO - Sync 1 DAGs
[2026-06-08T20:10:55.367+0000] {logging_mixin.py:188} INFO - [2026-06-08T20:10:55.367+0000] {dag.py:3954} INFO - Setting next_dagrun for example_short_circuit_operator to 2026-06-07 00:00:00+00:00, run_after=2026-06-08 00:00:00+00:00
[2026-06-08T20:10:55.431+0000] {processor.py:183} INFO - Processing /home/airflow/.local/lib/python3.12/site-packages/airflow/example_dags/example_short_circuit_operator.py took 0.245 seconds
[2026-06-08T20:11:26.296+0000] {processor.py:161} INFO - Started process (PID=420) to work on /home/airflow/.local/lib/python3.12/site-packages/airflow/example_dags/example_short_circuit_operator.py
[2026-06-08T20:11:26.299+0000] {processor.py:830} INFO - Processing file /home/airflow/.local/lib/python3.12/site-packages/airflow/example_dags/example_short_circuit_operator.py for tasks to queue
[2026-06-08T20:11:26.305+0000] {logging_mixin.py:188} INFO - [2026-06-08T20:11:26.305+0000] {dagbag.py:545} INFO - Filling up the DagBag from /home/airflow/.local/lib/python3.12/site-packages/airflow/example_dags/example_short_circuit_operator.py
[2026-06-08T20:11:26.334+0000] {processor.py:840} INFO - DAG(s) 'example_short_circuit_operator' retrieved from /home/airflow/.local/lib/python3.12/site-packages/airflow/example_dags/example_short_circuit_operator.py
[2026-06-08T20:11:26.465+0000] {logging_mixin.py:188} INFO - [2026-06-08T20:11:26.462+0000] {dag.py:3096} INFO - Sync 1 DAGs
[2026-06-08T20:11:26.575+0000] {logging_mixin.py:188} INFO - [2026-06-08T20:11:26.570+0000] {dag.py:3954} INFO - Setting next_dagrun for example_short_circuit_operator to 2026-06-07 00:00:00+00:00, run_after=2026-06-08 00:00:00+00:00
[2026-06-08T20:11:26.695+0000] {processor.py:183} INFO - Processing /home/airflow/.local/lib/python3.12/site-packages/airflow/example_dags/example_short_circuit_operator.py took 0.418 seconds
[2026-06-08T20:11:56.898+0000] {processor.py:161} INFO - Started process (PID=479) to work on /home/airflow/.local/lib/python3.12/site-packages/airflow/example_dags/example_short_circuit_operator.py
[2026-06-08T20:11:56.899+0000] {processor.py:830} INFO - Processing file /home/airflow/.local/lib/python3.12/site-packages/airflow/example_dags/example_short_circuit_operator.py for tasks to queue
[2026-06-08T20:11:56.901+0000] {logging_mixin.py:188} INFO - [2026-06-08T20:11:56.901+0000] {dagbag.py:545} INFO - Filling up the DagBag from /home/airflow/.local/lib/python3.12/site-packages/airflow/example_dags/example_short_circuit_operator.py
[2026-06-08T20:11:56.911+0000] {processor.py:840} INFO - DAG(s) 'example_short_circuit_operator' retrieved from /home/airflow/.local/lib/python3.12/site-packages/airflow/example_dags/example_short_circuit_operator.py
[2026-06-08T20:11:56.942+0000] {logging_mixin.py:188} INFO - [2026-06-08T20:11:56.942+0000] {dag.py:3096} INFO - Sync 1 DAGs
[2026-06-08T20:11:56.974+0000] {logging_mixin.py:188} INFO - [2026-06-08T20:11:56.973+0000] {dag.py:3954} INFO - Setting next_dagrun for example_short_circuit_operator to 2026-06-07 00:00:00+00:00, run_after=2026-06-08 00:00:00+00:00
[2026-06-08T20:11:56.994+0000] {processor.py:183} INFO - Processing /home/airflow/.local/lib/python3.12/site-packages/airflow/example_dags/example_short_circuit_operator.py took 0.103 seconds
[2026-06-08T20:12:27.171+0000] {processor.py:161} INFO - Started process (PID=537) to work on /home/airflow/.local/lib/python3.12/site-packages/airflow/example_dags/example_short_circuit_operator.py
[2026-06-08T20:12:27.172+0000] {processor.py:830} INFO - Processing file /home/airflow/.local/lib/python3.12/site-packages/airflow/example_dags/example_short_circuit_operator.py for tasks to queue
[2026-06-08T20:12:27.173+0000] {logging_mixin.py:188} INFO - [2026-06-08T20:12:27.173+0000] {dagbag.py:545} INFO - Filling up the DagBag from /home/airflow/.local/lib/python3.12/site-packages/airflow/example_dags/example_short_circuit_operator.py
[2026-06-08T20:12:27.180+0000] {processor.py:840} INFO - DAG(s) 'example_short_circuit_operator' retrieved from /home/airflow/.local/lib/python3.12/site-packages/airflow/example_dags/example_short_circuit_operator.py
[2026-06-08T20:12:27.202+0000] {logging_mixin.py:188} INFO - [2026-06-08T20:12:27.202+0000] {dag.py:3096} INFO - Sync 1 DAGs
[2026-06-08T20:12:27.227+0000] {logging_mixin.py:188} INFO - [2026-06-08T20:12:27.226+0000] {dag.py:3954} INFO - Setting next_dagrun for example_short_circuit_operator to 2026-06-07 00:00:00+00:00, run_after=2026-06-08 00:00:00+00:00
[2026-06-08T20:12:27.245+0000] {processor.py:183} INFO - Processing /home/airflow/.local/lib/python3.12/site-packages/airflow/example_dags/example_short_circuit_operator.py took 0.079 seconds
[2026-06-08T20:12:58.343+0000] {processor.py:161} INFO - Started process (PID=595) to work on /home/airflow/.local/lib/python3.12/site-packages/airflow/example_dags/example_short_circuit_operator.py
[2026-06-08T20:12:58.350+0000] {processor.py:830} INFO - Processing file /home/airflow/.local/lib/python3.12/site-packages/airflow/example_dags/example_short_circuit_operator.py for tasks to queue
[2026-06-08T20:12:58.361+0000] {logging_mixin.py:188} INFO - [2026-06-08T20:12:58.359+0000] {dagbag.py:545} INFO - Filling up the DagBag from /home/airflow/.local/lib/python3.12/site-packages/airflow/example_dags/example_short_circuit_operator.py
[2026-06-08T20:12:58.375+0000] {processor.py:840} INFO - DAG(s) 'example_short_circuit_operator' retrieved from /home/airflow/.local/lib/python3.12/site-packages/airflow/example_dags/example_short_circuit_operator.py
[2026-06-08T20:12:58.465+0000] {logging_mixin.py:188} INFO - [2026-06-08T20:12:58.462+0000] {dag.py:3096} INFO - Sync 1 DAGs
[2026-06-08T20:12:58.519+0000] {logging_mixin.py:188} INFO - [2026-06-08T20:12:58.519+0000] {dag.py:3954} INFO - Setting next_dagrun for example_short_circuit_operator to 2026-06-07 00:00:00+00:00, run_after=2026-06-08 00:00:00+00:00
[2026-06-08T20:12:58.562+0000] {processor.py:183} INFO - Processing /home/airflow/.local/lib/python3.12/site-packages/airflow/example_dags/example_short_circuit_operator.py took 0.239 seconds
[2026-06-08T20:13:32.793+0000] {processor.py:161} INFO - Started process (PID=652) to work on /home/airflow/.local/lib/python3.12/site-packages/airflow/example_dags/example_short_circuit_operator.py
[2026-06-08T20:13:32.805+0000] {processor.py:830} INFO - Processing file /home/airflow/.local/lib/python3.12/site-packages/airflow/example_dags/example_short_circuit_operator.py for tasks to queue
[2026-06-08T20:13:32.818+0000] {logging_mixin.py:188} INFO - [2026-06-08T20:13:32.818+0000] {dagbag.py:545} INFO - Filling up the DagBag from /home/airflow/.local/lib/python3.12/site-packages/airflow/example_dags/example_short_circuit_operator.py
[2026-06-08T20:13:32.868+0000] {processor.py:840} INFO - DAG(s) 'example_short_circuit_operator' retrieved from /home/airflow/.local/lib/python3.12/site-packages/airflow/example_dags/example_short_circuit_operator.py
[2026-06-08T20:13:33.015+0000] {logging_mixin.py:188} INFO - [2026-06-08T20:13:33.007+0000] {dag.py:3096} INFO - Sync 1 DAGs
[2026-06-08T20:13:33.153+0000] {logging_mixin.py:188} INFO - [2026-06-08T20:13:33.149+0000] {dag.py:3954} INFO - Setting next_dagrun for example_short_circuit_operator to 2026-06-07 00:00:00+00:00, run_after=2026-06-08 00:00:00+00:00
[2026-06-08T20:13:33.240+0000] {processor.py:183} INFO - Processing /home/airflow/.local/lib/python3.12/site-packages/airflow/example_dags/example_short_circuit_operator.py took 0.488 seconds
[2026-06-08T20:14:03.977+0000] {processor.py:161} INFO - Started process (PID=710) to work on /home/airflow/.local/lib/python3.12/site-packages/airflow/example_dags/example_short_circuit_operator.py
[2026-06-08T20:14:03.985+0000] {processor.py:830} INFO - Processing file /home/airflow/.local/lib/python3.12/site-packages/airflow/example_dags/example_short_circuit_operator.py for tasks to queue
[2026-06-08T20:14:03.991+0000] {logging_mixin.py:188} INFO - [2026-06-08T20:14:03.991+0000] {dagbag.py:545} INFO - Filling up the DagBag from /home/airflow/.local/lib/python3.12/site-packages/airflow/example_dags/example_short_circuit_operator.py
[2026-06-08T20:14:04.030+0000] {processor.py:840} INFO - DAG(s) 'example_short_circuit_operator' retrieved from /home/airflow/.local/lib/python3.12/site-packages/airflow/example_dags/example_short_circuit_operator.py
[2026-06-08T20:14:04.089+0000] {logging_mixin.py:188} INFO - [2026-06-08T20:14:04.089+0000] {dag.py:3096} INFO - Sync 1 DAGs
[2026-06-08T20:14:04.159+0000] {logging_mixin.py:188} INFO - [2026-06-08T20:14:04.159+0000] {dag.py:3954} INFO - Setting next_dagrun for example_short_circuit_operator to 2026-06-07 00:00:00+00:00, run_after=2026-06-08 00:00:00+00:00
[2026-06-08T20:14:04.203+0000] {processor.py:183} INFO - Processing /home/airflow/.local/lib/python3.12/site-packages/airflow/example_dags/example_short_circuit_operator.py took 0.263 seconds
[2026-06-08T20:14:34.804+0000] {processor.py:161} INFO - Started process (PID=766) to work on /home/airflow/.local/lib/python3.12/site-packages/airflow/example_dags/example_short_circuit_operator.py
[2026-06-08T20:14:34.805+0000] {processor.py:830} INFO - Processing file /home/airflow/.local/lib/python3.12/site-packages/airflow/example_dags/example_short_circuit_operator.py for tasks to queue
[2026-06-08T20:14:34.807+0000] {logging_mixin.py:188} INFO - [2026-06-08T20:14:34.806+0000] {dagbag.py:545} INFO - Filling up the DagBag from /home/airflow/.local/lib/python3.12/site-packages/airflow/example_dags/example_short_circuit_operator.py
[2026-06-08T20:14:34.816+0000] {processor.py:840} INFO - DAG(s) 'example_short_circuit_operator' retrieved from /home/airflow/.local/lib/python3.12/site-packages/airflow/example_dags/example_short_circuit_operator.py
[2026-06-08T20:14:34.897+0000] {logging_mixin.py:188} INFO - [2026-06-08T20:14:34.897+0000] {dag.py:3096} INFO - Sync 1 DAGs
[2026-06-08T20:14:34.978+0000] {logging_mixin.py:188} INFO - [2026-06-08T20:14:34.978+0000] {dag.py:3954} INFO - Setting next_dagrun for example_short_circuit_operator to 2026-06-07 00:00:00+00:00, run_after=2026-06-08 00:00:00+00:00
[2026-06-08T20:14:35.012+0000] {processor.py:183} INFO - Processing /home/airflow/.local/lib/python3.12/site-packages/airflow/example_dags/example_short_circuit_operator.py took 0.215 seconds
[2026-06-08T20:15:05.236+0000] {processor.py:161} INFO - Started process (PID=824) to work on /home/airflow/.local/lib/python3.12/site-packages/airflow/example_dags/example_short_circuit_operator.py
[2026-06-08T20:15:05.237+0000] {processor.py:830} INFO - Processing file /home/airflow/.local/lib/python3.12/site-packages/airflow/example_dags/example_short_circuit_operator.py for tasks to queue
[2026-06-08T20:15:05.240+0000] {logging_mixin.py:188} INFO - [2026-06-08T20:15:05.240+0000] {dagbag.py:545} INFO - Filling up the DagBag from /home/airflow/.local/lib/python3.12/site-packages/airflow/example_dags/example_short_circuit_operator.py
[2026-06-08T20:15:05.251+0000] {processor.py:840} INFO - DAG(s) 'example_short_circuit_operator' retrieved from /home/airflow/.local/lib/python3.12/site-packages/airflow/example_dags/example_short_circuit_operator.py
[2026-06-08T20:15:05.283+0000] {logging_mixin.py:188} INFO - [2026-06-08T20:15:05.283+0000] {dag.py:3096} INFO - Sync 1 DAGs
[2026-06-08T20:15:05.313+0000] {logging_mixin.py:188} INFO - [2026-06-08T20:15:05.312+0000] {dag.py:3954} INFO - Setting next_dagrun for example_short_circuit_operator to 2026-06-07 00:00:00+00:00, run_after=2026-06-08 00:00:00+00:00
[2026-06-08T20:15:05.334+0000] {processor.py:183} INFO - Processing /home/airflow/.local/lib/python3.12/site-packages/airflow/example_dags/example_short_circuit_operator.py took 0.106 seconds
[2026-06-08T20:15:35.671+0000] {processor.py:161} INFO - Started process (PID=882) to work on /home/airflow/.local/lib/python3.12/site-packages/airflow/example_dags/example_short_circuit_operator.py
[2026-06-08T20:15:35.672+0000] {processor.py:830} INFO - Processing file /home/airflow/.local/lib/python3.12/site-packages/airflow/example_dags/example_short_circuit_operator.py for tasks to queue
[2026-06-08T20:15:35.674+0000] {logging_mixin.py:188} INFO - [2026-06-08T20:15:35.673+0000] {dagbag.py:545} INFO - Filling up the DagBag from /home/airflow/.local/lib/python3.12/site-packages/airflow/example_dags/example_short_circuit_operator.py
[2026-06-08T20:15:35.684+0000] {processor.py:840} INFO - DAG(s) 'example_short_circuit_operator' retrieved from /home/airflow/.local/lib/python3.12/site-packages/airflow/example_dags/example_short_circuit_operator.py
[2026-06-08T20:15:35.718+0000] {logging_mixin.py:188} INFO - [2026-06-08T20:15:35.718+0000] {dag.py:3096} INFO - Sync 1 DAGs
[2026-06-08T20:15:35.748+0000] {logging_mixin.py:188} INFO - [2026-06-08T20:15:35.748+0000] {dag.py:3954} INFO - Setting next_dagrun for example_short_circuit_operator to 2026-06-07 00:00:00+00:00, run_after=2026-06-08 00:00:00+00:00
[2026-06-08T20:15:35.772+0000] {processor.py:183} INFO - Processing /home/airflow/.local/lib/python3.12/site-packages/airflow/example_dags/example_short_circuit_operator.py took 0.109 seconds
[2026-06-08T20:16:06.444+0000] {processor.py:161} INFO - Started process (PID=940) to work on /home/airflow/.local/lib/python3.12/site-packages/airflow/example_dags/example_short_circuit_operator.py
[2026-06-08T20:16:06.445+0000] {processor.py:830} INFO - Processing file /home/airflow/.local/lib/python3.12/site-packages/airflow/example_dags/example_short_circuit_operator.py for tasks to queue
[2026-06-08T20:16:06.447+0000] {logging_mixin.py:188} INFO - [2026-06-08T20:16:06.446+0000] {dagbag.py:545} INFO - Filling up the DagBag from /home/airflow/.local/lib/python3.12/site-packages/airflow/example_dags/example_short_circuit_operator.py
[2026-06-08T20:16:06.458+0000] {processor.py:840} INFO - DAG(s) 'example_short_circuit_operator' retrieved from /home/airflow/.local/lib/python3.12/site-packages/airflow/example_dags/example_short_circuit_operator.py
[2026-06-08T20:16:06.492+0000] {logging_mixin.py:188} INFO - [2026-06-08T20:16:06.491+0000] {dag.py:3096} INFO - Sync 1 DAGs
[2026-06-08T20:16:06.521+0000] {logging_mixin.py:188} INFO - [2026-06-08T20:16:06.521+0000] {dag.py:3954} INFO - Setting next_dagrun for example_short_circuit_operator to 2026-06-07 00:00:00+00:00, run_after=2026-06-08 00:00:00+00:00
[2026-06-08T20:16:06.547+0000] {processor.py:183} INFO - Processing /home/airflow/.local/lib/python3.12/site-packages/airflow/example_dags/example_short_circuit_operator.py took 0.111 seconds
[2026-06-08T20:16:36.893+0000] {processor.py:161} INFO - Started process (PID=998) to work on /home/airflow/.local/lib/python3.12/site-packages/airflow/example_dags/example_short_circuit_operator.py
[2026-06-08T20:16:36.894+0000] {processor.py:830} INFO - Processing file /home/airflow/.local/lib/python3.12/site-packages/airflow/example_dags/example_short_circuit_operator.py for tasks to queue
[2026-06-08T20:16:36.896+0000] {logging_mixin.py:188} INFO - [2026-06-08T20:16:36.896+0000] {dagbag.py:545} INFO - Filling up the DagBag from /home/airflow/.local/lib/python3.12/site-packages/airflow/example_dags/example_short_circuit_operator.py
[2026-06-08T20:16:36.909+0000] {processor.py:840} INFO - DAG(s) 'example_short_circuit_operator' retrieved from /home/airflow/.local/lib/python3.12/site-packages/airflow/example_dags/example_short_circuit_operator.py
[2026-06-08T20:16:36.947+0000] {logging_mixin.py:188} INFO - [2026-06-08T20:16:36.947+0000] {dag.py:3096} INFO - Sync 1 DAGs
[2026-06-08T20:16:36.980+0000] {logging_mixin.py:188} INFO - [2026-06-08T20:16:36.979+0000] {dag.py:3954} INFO - Setting next_dagrun for example_short_circuit_operator to 2026-06-07 00:00:00+00:00, run_after=2026-06-08 00:00:00+00:00
[2026-06-08T20:16:37.003+0000] {processor.py:183} INFO - Processing /home/airflow/.local/lib/python3.12/site-packages/airflow/example_dags/example_short_circuit_operator.py took 0.117 seconds
[2026-06-08T20:17:07.244+0000] {processor.py:161} INFO - Started process (PID=1056) to work on /home/airflow/.local/lib/python3.12/site-packages/airflow/example_dags/example_short_circuit_operator.py
[2026-06-08T20:17:07.250+0000] {processor.py:830} INFO - Processing file /home/airflow/.local/lib/python3.12/site-packages/airflow/example_dags/example_short_circuit_operator.py for tasks to queue
[2026-06-08T20:17:07.259+0000] {logging_mixin.py:188} INFO - [2026-06-08T20:17:07.256+0000] {dagbag.py:545} INFO - Filling up the DagBag from /home/airflow/.local/lib/python3.12/site-packages/airflow/example_dags/example_short_circuit_operator.py
[2026-06-08T20:17:07.315+0000] {processor.py:840} INFO - DAG(s) 'example_short_circuit_operator' retrieved from /home/airflow/.local/lib/python3.12/site-packages/airflow/example_dags/example_short_circuit_operator.py
[2026-06-08T20:17:07.464+0000] {logging_mixin.py:188} INFO - [2026-06-08T20:17:07.464+0000] {dag.py:3096} INFO - Sync 1 DAGs
[2026-06-08T20:17:07.624+0000] {logging_mixin.py:188} INFO - [2026-06-08T20:17:07.624+0000] {dag.py:3954} INFO - Setting next_dagrun for example_short_circuit_operator to 2026-06-07 00:00:00+00:00, run_after=2026-06-08 00:00:00+00:00
[2026-06-08T20:17:07.725+0000] {processor.py:183} INFO - Processing /home/airflow/.local/lib/python3.12/site-packages/airflow/example_dags/example_short_circuit_operator.py took 0.537 seconds
[2026-06-08T20:18:49.218+0000] {processor.py:161} INFO - Started process (PID=68) to work on /home/airflow/.local/lib/python3.12/site-packages/airflow/example_dags/example_short_circuit_operator.py
[2026-06-08T20:18:49.219+0000] {processor.py:830} INFO - Processing file /home/airflow/.local/lib/python3.12/site-packages/airflow/example_dags/example_short_circuit_operator.py for tasks to queue
[2026-06-08T20:18:49.224+0000] {logging_mixin.py:188} INFO - [2026-06-08T20:18:49.224+0000] {dagbag.py:545} INFO - Filling up the DagBag from /home/airflow/.local/lib/python3.12/site-packages/airflow/example_dags/example_short_circuit_operator.py
[2026-06-08T20:18:49.260+0000] {processor.py:840} INFO - DAG(s) 'example_short_circuit_operator' retrieved from /home/airflow/.local/lib/python3.12/site-packages/airflow/example_dags/example_short_circuit_operator.py
[2026-06-08T20:18:49.853+0000] {logging_mixin.py:188} INFO - [2026-06-08T20:18:49.853+0000] {dag.py:3096} INFO - Sync 1 DAGs
[2026-06-08T20:18:50.018+0000] {logging_mixin.py:188} INFO - [2026-06-08T20:18:50.018+0000] {dag.py:3954} INFO - Setting next_dagrun for example_short_circuit_operator to 2026-06-07 00:00:00+00:00, run_after=2026-06-08 00:00:00+00:00
[2026-06-08T20:18:50.134+0000] {processor.py:183} INFO - Processing /home/airflow/.local/lib/python3.12/site-packages/airflow/example_dags/example_short_circuit_operator.py took 0.928 seconds
[2026-06-08T20:19:20.416+0000] {processor.py:161} INFO - Started process (PID=127) to work on /home/airflow/.local/lib/python3.12/site-packages/airflow/example_dags/example_short_circuit_operator.py
[2026-06-08T20:19:20.420+0000] {processor.py:830} INFO - Processing file /home/airflow/.local/lib/python3.12/site-packages/airflow/example_dags/example_short_circuit_operator.py for tasks to queue
[2026-06-08T20:19:20.426+0000] {logging_mixin.py:188} INFO - [2026-06-08T20:19:20.426+0000] {dagbag.py:545} INFO - Filling up the DagBag from /home/airflow/.local/lib/python3.12/site-packages/airflow/example_dags/example_short_circuit_operator.py
[2026-06-08T20:19:20.454+0000] {processor.py:840} INFO - DAG(s) 'example_short_circuit_operator' retrieved from /home/airflow/.local/lib/python3.12/site-packages/airflow/example_dags/example_short_circuit_operator.py
[2026-06-08T20:19:20.501+0000] {logging_mixin.py:188} INFO - [2026-06-08T20:19:20.500+0000] {dag.py:3096} INFO - Sync 1 DAGs
[2026-06-08T20:19:20.539+0000] {logging_mixin.py:188} INFO - [2026-06-08T20:19:20.539+0000] {dag.py:3954} INFO - Setting next_dagrun for example_short_circuit_operator to 2026-06-07 00:00:00+00:00, run_after=2026-06-08 00:00:00+00:00
[2026-06-08T20:19:20.584+0000] {processor.py:183} INFO - Processing /home/airflow/.local/lib/python3.12/site-packages/airflow/example_dags/example_short_circuit_operator.py took 0.189 seconds
[2026-06-08T20:19:50.893+0000] {processor.py:161} INFO - Started process (PID=186) to work on /home/airflow/.local/lib/python3.12/site-packages/airflow/example_dags/example_short_circuit_operator.py
[2026-06-08T20:19:50.899+0000] {processor.py:830} INFO - Processing file /home/airflow/.local/lib/python3.12/site-packages/airflow/example_dags/example_short_circuit_operator.py for tasks to queue
[2026-06-08T20:19:50.905+0000] {logging_mixin.py:188} INFO - [2026-06-08T20:19:50.905+0000] {dagbag.py:545} INFO - Filling up the DagBag from /home/airflow/.local/lib/python3.12/site-packages/airflow/example_dags/example_short_circuit_operator.py
[2026-06-08T20:19:51.051+0000] {processor.py:840} INFO - DAG(s) 'example_short_circuit_operator' retrieved from /home/airflow/.local/lib/python3.12/site-packages/airflow/example_dags/example_short_circuit_operator.py
[2026-06-08T20:19:51.361+0000] {logging_mixin.py:188} INFO - [2026-06-08T20:19:51.359+0000] {dag.py:3096} INFO - Sync 1 DAGs
[2026-06-08T20:19:51.698+0000] {logging_mixin.py:188} INFO - [2026-06-08T20:19:51.692+0000] {dag.py:3954} INFO - Setting next_dagrun for example_short_circuit_operator to 2026-06-07 00:00:00+00:00, run_after=2026-06-08 00:00:00+00:00
[2026-06-08T20:19:51.858+0000] {processor.py:183} INFO - Processing /home/airflow/.local/lib/python3.12/site-packages/airflow/example_dags/example_short_circuit_operator.py took 1.013 seconds
[2026-06-08T20:20:22.132+0000] {processor.py:161} INFO - Started process (PID=244) to work on /home/airflow/.local/lib/python3.12/site-packages/airflow/example_dags/example_short_circuit_operator.py
[2026-06-08T20:20:22.144+0000] {processor.py:830} INFO - Processing file /home/airflow/.local/lib/python3.12/site-packages/airflow/example_dags/example_short_circuit_operator.py for tasks to queue
[2026-06-08T20:20:22.149+0000] {logging_mixin.py:188} INFO - [2026-06-08T20:20:22.149+0000] {dagbag.py:545} INFO - Filling up the DagBag from /home/airflow/.local/lib/python3.12/site-packages/airflow/example_dags/example_short_circuit_operator.py
[2026-06-08T20:20:22.202+0000] {processor.py:840} INFO - DAG(s) 'example_short_circuit_operator' retrieved from /home/airflow/.local/lib/python3.12/site-packages/airflow/example_dags/example_short_circuit_operator.py
[2026-06-08T20:20:22.477+0000] {logging_mixin.py:188} INFO - [2026-06-08T20:20:22.476+0000] {dag.py:3096} INFO - Sync 1 DAGs
[2026-06-08T20:20:22.622+0000] {logging_mixin.py:188} INFO - [2026-06-08T20:20:22.621+0000] {dag.py:3954} INFO - Setting next_dagrun for example_short_circuit_operator to 2026-06-07 00:00:00+00:00, run_after=2026-06-08 00:00:00+00:00
[2026-06-08T20:20:22.693+0000] {processor.py:183} INFO - Processing /home/airflow/.local/lib/python3.12/site-packages/airflow/example_dags/example_short_circuit_operator.py took 0.610 seconds
[2026-06-08T20:20:53.599+0000] {processor.py:161} INFO - Started process (PID=303) to work on /home/airflow/.local/lib/python3.12/site-packages/airflow/example_dags/example_short_circuit_operator.py
[2026-06-08T20:20:53.600+0000] {processor.py:830} INFO - Processing file /home/airflow/.local/lib/python3.12/site-packages/airflow/example_dags/example_short_circuit_operator.py for tasks to queue
[2026-06-08T20:20:53.602+0000] {logging_mixin.py:188} INFO - [2026-06-08T20:20:53.601+0000] {dagbag.py:545} INFO - Filling up the DagBag from /home/airflow/.local/lib/python3.12/site-packages/airflow/example_dags/example_short_circuit_operator.py
[2026-06-08T20:20:53.612+0000] {processor.py:840} INFO - DAG(s) 'example_short_circuit_operator' retrieved from /home/airflow/.local/lib/python3.12/site-packages/airflow/example_dags/example_short_circuit_operator.py
[2026-06-08T20:20:53.645+0000] {logging_mixin.py:188} INFO - [2026-06-08T20:20:53.645+0000] {dag.py:3096} INFO - Sync 1 DAGs
[2026-06-08T20:20:53.676+0000] {logging_mixin.py:188} INFO - [2026-06-08T20:20:53.676+0000] {dag.py:3954} INFO - Setting next_dagrun for example_short_circuit_operator to 2026-06-07 00:00:00+00:00, run_after=2026-06-08 00:00:00+00:00
[2026-06-08T20:20:53.697+0000] {processor.py:183} INFO - Processing /home/airflow/.local/lib/python3.12/site-packages/airflow/example_dags/example_short_circuit_operator.py took 0.106 seconds
[2026-06-08T20:21:24.016+0000] {processor.py:161} INFO - Started process (PID=361) to work on /home/airflow/.local/lib/python3.12/site-packages/airflow/example_dags/example_short_circuit_operator.py
[2026-06-08T20:21:24.018+0000] {processor.py:830} INFO - Processing file /home/airflow/.local/lib/python3.12/site-packages/airflow/example_dags/example_short_circuit_operator.py for tasks to queue
[2026-06-08T20:21:24.021+0000] {logging_mixin.py:188} INFO - [2026-06-08T20:21:24.021+0000] {dagbag.py:545} INFO - Filling up the DagBag from /home/airflow/.local/lib/python3.12/site-packages/airflow/example_dags/example_short_circuit_operator.py
[2026-06-08T20:21:24.037+0000] {processor.py:840} INFO - DAG(s) 'example_short_circuit_operator' retrieved from /home/airflow/.local/lib/python3.12/site-packages/airflow/example_dags/example_short_circuit_operator.py
[2026-06-08T20:21:24.099+0000] {logging_mixin.py:188} INFO - [2026-06-08T20:21:24.099+0000] {dag.py:3096} INFO - Sync 1 DAGs
[2026-06-08T20:21:24.162+0000] {logging_mixin.py:188} INFO - [2026-06-08T20:21:24.162+0000] {dag.py:3954} INFO - Setting next_dagrun for example_short_circuit_operator to 2026-06-07 00:00:00+00:00, run_after=2026-06-08 00:00:00+00:00
[2026-06-08T20:21:24.209+0000] {processor.py:183} INFO - Processing /home/airflow/.local/lib/python3.12/site-packages/airflow/example_dags/example_short_circuit_operator.py took 0.201 seconds
[2026-06-08T20:21:54.252+0000] {processor.py:161} INFO - Started process (PID=419) to work on /home/airflow/.local/lib/python3.12/site-packages/airflow/example_dags/example_short_circuit_operator.py
[2026-06-08T20:21:54.253+0000] {processor.py:830} INFO - Processing file /home/airflow/.local/lib/python3.12/site-packages/airflow/example_dags/example_short_circuit_operator.py for tasks to queue
[2026-06-08T20:21:54.255+0000] {logging_mixin.py:188} INFO - [2026-06-08T20:21:54.254+0000] {dagbag.py:545} INFO - Filling up the DagBag from /home/airflow/.local/lib/python3.12/site-packages/airflow/example_dags/example_short_circuit_operator.py
[2026-06-08T20:21:54.262+0000] {processor.py:840} INFO - DAG(s) 'example_short_circuit_operator' retrieved from /home/airflow/.local/lib/python3.12/site-packages/airflow/example_dags/example_short_circuit_operator.py
[2026-06-08T20:21:54.285+0000] {logging_mixin.py:188} INFO - [2026-06-08T20:21:54.284+0000] {dag.py:3096} INFO - Sync 1 DAGs
[2026-06-08T20:21:54.304+0000] {logging_mixin.py:188} INFO - [2026-06-08T20:21:54.304+0000] {dag.py:3954} INFO - Setting next_dagrun for example_short_circuit_operator to 2026-06-07 00:00:00+00:00, run_after=2026-06-08 00:00:00+00:00
[2026-06-08T20:21:54.321+0000] {processor.py:183} INFO - Processing /home/airflow/.local/lib/python3.12/site-packages/airflow/example_dags/example_short_circuit_operator.py took 0.074 seconds
[2026-06-08T20:22:24.693+0000] {processor.py:161} INFO - Started process (PID=479) to work on /home/airflow/.local/lib/python3.12/site-packages/airflow/example_dags/example_short_circuit_operator.py
[2026-06-08T20:22:24.695+0000] {processor.py:830} INFO - Processing file /home/airflow/.local/lib/python3.12/site-packages/airflow/example_dags/example_short_circuit_operator.py for tasks to queue
[2026-06-08T20:22:24.707+0000] {logging_mixin.py:188} INFO - [2026-06-08T20:22:24.702+0000] {dagbag.py:545} INFO - Filling up the DagBag from /home/airflow/.local/lib/python3.12/site-packages/airflow/example_dags/example_short_circuit_operator.py
[2026-06-08T20:22:24.725+0000] {processor.py:840} INFO - DAG(s) 'example_short_circuit_operator' retrieved from /home/airflow/.local/lib/python3.12/site-packages/airflow/example_dags/example_short_circuit_operator.py
[2026-06-08T20:22:24.819+0000] {logging_mixin.py:188} INFO - [2026-06-08T20:22:24.819+0000] {dag.py:3096} INFO - Sync 1 DAGs
[2026-06-08T20:22:24.869+0000] {logging_mixin.py:188} INFO - [2026-06-08T20:22:24.869+0000] {dag.py:3954} INFO - Setting next_dagrun for example_short_circuit_operator to 2026-06-07 00:00:00+00:00, run_after=2026-06-08 00:00:00+00:00
[2026-06-08T20:22:24.910+0000] {processor.py:183} INFO - Processing /home/airflow/.local/lib/python3.12/site-packages/airflow/example_dags/example_short_circuit_operator.py took 0.232 seconds
[2026-06-08T20:22:55.420+0000] {processor.py:161} INFO - Started process (PID=538) to work on /home/airflow/.local/lib/python3.12/site-packages/airflow/example_dags/example_short_circuit_operator.py
[2026-06-08T20:22:55.423+0000] {processor.py:830} INFO - Processing file /home/airflow/.local/lib/python3.12/site-packages/airflow/example_dags/example_short_circuit_operator.py for tasks to queue
[2026-06-08T20:22:55.425+0000] {logging_mixin.py:188} INFO - [2026-06-08T20:22:55.425+0000] {dagbag.py:545} INFO - Filling up the DagBag from /home/airflow/.local/lib/python3.12/site-packages/airflow/example_dags/example_short_circuit_operator.py
[2026-06-08T20:22:55.444+0000] {processor.py:840} INFO - DAG(s) 'example_short_circuit_operator' retrieved from /home/airflow/.local/lib/python3.12/site-packages/airflow/example_dags/example_short_circuit_operator.py
[2026-06-08T20:22:55.534+0000] {logging_mixin.py:188} INFO - [2026-06-08T20:22:55.534+0000] {dag.py:3096} INFO - Sync 1 DAGs
[2026-06-08T20:22:55.656+0000] {logging_mixin.py:188} INFO - [2026-06-08T20:22:55.655+0000] {dag.py:3954} INFO - Setting next_dagrun for example_short_circuit_operator to 2026-06-07 00:00:00+00:00, run_after=2026-06-08 00:00:00+00:00
[2026-06-08T20:22:55.737+0000] {processor.py:183} INFO - Processing /home/airflow/.local/lib/python3.12/site-packages/airflow/example_dags/example_short_circuit_operator.py took 0.335 seconds
[2026-06-08T20:23:25.882+0000] {processor.py:161} INFO - Started process (PID=597) to work on /home/airflow/.local/lib/python3.12/site-packages/airflow/example_dags/example_short_circuit_operator.py
[2026-06-08T20:23:25.883+0000] {processor.py:830} INFO - Processing file /home/airflow/.local/lib/python3.12/site-packages/airflow/example_dags/example_short_circuit_operator.py for tasks to queue
[2026-06-08T20:23:25.885+0000] {logging_mixin.py:188} INFO - [2026-06-08T20:23:25.885+0000] {dagbag.py:545} INFO - Filling up the DagBag from /home/airflow/.local/lib/python3.12/site-packages/airflow/example_dags/example_short_circuit_operator.py
[2026-06-08T20:23:25.898+0000] {processor.py:840} INFO - DAG(s) 'example_short_circuit_operator' retrieved from /home/airflow/.local/lib/python3.12/site-packages/airflow/example_dags/example_short_circuit_operator.py
[2026-06-08T20:23:25.933+0000] {logging_mixin.py:188} INFO - [2026-06-08T20:23:25.933+0000] {dag.py:3096} INFO - Sync 1 DAGs
[2026-06-08T20:23:25.974+0000] {logging_mixin.py:188} INFO - [2026-06-08T20:23:25.974+0000] {dag.py:3954} INFO - Setting next_dagrun for example_short_circuit_operator to 2026-06-07 00:00:00+00:00, run_after=2026-06-08 00:00:00+00:00
[2026-06-08T20:23:26.020+0000] {processor.py:183} INFO - Processing /home/airflow/.local/lib/python3.12/site-packages/airflow/example_dags/example_short_circuit_operator.py took 0.146 seconds
