[2026-06-08T20:03:46.712+0000] {processor.py:161} INFO - Started process (PID=85) to work on /home/airflow/.local/lib/python3.12/site-packages/airflow/example_dags/example_kubernetes_executor.py
[2026-06-08T20:03:46.716+0000] {processor.py:830} INFO - Processing file /home/airflow/.local/lib/python3.12/site-packages/airflow/example_dags/example_kubernetes_executor.py for tasks to queue
[2026-06-08T20:03:46.724+0000] {logging_mixin.py:188} INFO - [2026-06-08T20:03:46.724+0000] {dagbag.py:545} INFO - Filling up the DagBag from /home/airflow/.local/lib/python3.12/site-packages/airflow/example_dags/example_kubernetes_executor.py
[2026-06-08T20:03:46.780+0000] {processor.py:840} INFO - DAG(s) 'example_kubernetes_executor' retrieved from /home/airflow/.local/lib/python3.12/site-packages/airflow/example_dags/example_kubernetes_executor.py
[2026-06-08T20:03:47.374+0000] {logging_mixin.py:188} INFO - [2026-06-08T20:03:47.369+0000] {dag.py:3096} INFO - Sync 1 DAGs
[2026-06-08T20:03:47.441+0000] {logging_mixin.py:188} INFO - [2026-06-08T20:03:47.441+0000] {dag.py:3954} INFO - Setting next_dagrun for example_kubernetes_executor to None, run_after=None
[2026-06-08T20:03:47.531+0000] {processor.py:183} INFO - Processing /home/airflow/.local/lib/python3.12/site-packages/airflow/example_dags/example_kubernetes_executor.py took 0.847 seconds
[2026-06-08T20:04:18.011+0000] {processor.py:161} INFO - Started process (PID=143) to work on /home/airflow/.local/lib/python3.12/site-packages/airflow/example_dags/example_kubernetes_executor.py
[2026-06-08T20:04:18.014+0000] {processor.py:830} INFO - Processing file /home/airflow/.local/lib/python3.12/site-packages/airflow/example_dags/example_kubernetes_executor.py for tasks to queue
[2026-06-08T20:04:18.017+0000] {logging_mixin.py:188} INFO - [2026-06-08T20:04:18.017+0000] {dagbag.py:545} INFO - Filling up the DagBag from /home/airflow/.local/lib/python3.12/site-packages/airflow/example_dags/example_kubernetes_executor.py
[2026-06-08T20:04:18.058+0000] {processor.py:840} INFO - DAG(s) 'example_kubernetes_executor' retrieved from /home/airflow/.local/lib/python3.12/site-packages/airflow/example_dags/example_kubernetes_executor.py
[2026-06-08T20:04:18.116+0000] {logging_mixin.py:188} INFO - [2026-06-08T20:04:18.115+0000] {dag.py:3096} INFO - Sync 1 DAGs
[2026-06-08T20:04:18.136+0000] {logging_mixin.py:188} INFO - [2026-06-08T20:04:18.136+0000] {dag.py:3954} INFO - Setting next_dagrun for example_kubernetes_executor to None, run_after=None
[2026-06-08T20:04:18.162+0000] {processor.py:183} INFO - Processing /home/airflow/.local/lib/python3.12/site-packages/airflow/example_dags/example_kubernetes_executor.py took 0.164 seconds
[2026-06-08T20:04:48.962+0000] {processor.py:161} INFO - Started process (PID=201) to work on /home/airflow/.local/lib/python3.12/site-packages/airflow/example_dags/example_kubernetes_executor.py
[2026-06-08T20:04:48.965+0000] {processor.py:830} INFO - Processing file /home/airflow/.local/lib/python3.12/site-packages/airflow/example_dags/example_kubernetes_executor.py for tasks to queue
[2026-06-08T20:04:48.971+0000] {logging_mixin.py:188} INFO - [2026-06-08T20:04:48.971+0000] {dagbag.py:545} INFO - Filling up the DagBag from /home/airflow/.local/lib/python3.12/site-packages/airflow/example_dags/example_kubernetes_executor.py
[2026-06-08T20:04:49.022+0000] {processor.py:840} INFO - DAG(s) 'example_kubernetes_executor' retrieved from /home/airflow/.local/lib/python3.12/site-packages/airflow/example_dags/example_kubernetes_executor.py
[2026-06-08T20:04:49.183+0000] {logging_mixin.py:188} INFO - [2026-06-08T20:04:49.183+0000] {dag.py:3096} INFO - Sync 1 DAGs
[2026-06-08T20:04:49.224+0000] {logging_mixin.py:188} INFO - [2026-06-08T20:04:49.223+0000] {dag.py:3954} INFO - Setting next_dagrun for example_kubernetes_executor to None, run_after=None
[2026-06-08T20:04:49.377+0000] {processor.py:183} INFO - Processing /home/airflow/.local/lib/python3.12/site-packages/airflow/example_dags/example_kubernetes_executor.py took 0.443 seconds
[2026-06-08T20:05:19.566+0000] {processor.py:161} INFO - Started process (PID=259) to work on /home/airflow/.local/lib/python3.12/site-packages/airflow/example_dags/example_kubernetes_executor.py
[2026-06-08T20:05:19.571+0000] {processor.py:830} INFO - Processing file /home/airflow/.local/lib/python3.12/site-packages/airflow/example_dags/example_kubernetes_executor.py for tasks to queue
[2026-06-08T20:05:19.577+0000] {logging_mixin.py:188} INFO - [2026-06-08T20:05:19.576+0000] {dagbag.py:545} INFO - Filling up the DagBag from /home/airflow/.local/lib/python3.12/site-packages/airflow/example_dags/example_kubernetes_executor.py
[2026-06-08T20:05:19.598+0000] {processor.py:840} INFO - DAG(s) 'example_kubernetes_executor' retrieved from /home/airflow/.local/lib/python3.12/site-packages/airflow/example_dags/example_kubernetes_executor.py
[2026-06-08T20:05:19.650+0000] {logging_mixin.py:188} INFO - [2026-06-08T20:05:19.650+0000] {dag.py:3096} INFO - Sync 1 DAGs
[2026-06-08T20:05:19.669+0000] {logging_mixin.py:188} INFO - [2026-06-08T20:05:19.668+0000] {dag.py:3954} INFO - Setting next_dagrun for example_kubernetes_executor to None, run_after=None
[2026-06-08T20:05:19.692+0000] {processor.py:183} INFO - Processing /home/airflow/.local/lib/python3.12/site-packages/airflow/example_dags/example_kubernetes_executor.py took 0.138 seconds
[2026-06-08T20:05:49.809+0000] {processor.py:161} INFO - Started process (PID=317) to work on /home/airflow/.local/lib/python3.12/site-packages/airflow/example_dags/example_kubernetes_executor.py
[2026-06-08T20:05:49.813+0000] {processor.py:830} INFO - Processing file /home/airflow/.local/lib/python3.12/site-packages/airflow/example_dags/example_kubernetes_executor.py for tasks to queue
[2026-06-08T20:05:49.817+0000] {logging_mixin.py:188} INFO - [2026-06-08T20:05:49.816+0000] {dagbag.py:545} INFO - Filling up the DagBag from /home/airflow/.local/lib/python3.12/site-packages/airflow/example_dags/example_kubernetes_executor.py
[2026-06-08T20:05:49.841+0000] {processor.py:840} INFO - DAG(s) 'example_kubernetes_executor' retrieved from /home/airflow/.local/lib/python3.12/site-packages/airflow/example_dags/example_kubernetes_executor.py
[2026-06-08T20:05:49.916+0000] {logging_mixin.py:188} INFO - [2026-06-08T20:05:49.915+0000] {dag.py:3096} INFO - Sync 1 DAGs
[2026-06-08T20:05:49.932+0000] {logging_mixin.py:188} INFO - [2026-06-08T20:05:49.932+0000] {dag.py:3954} INFO - Setting next_dagrun for example_kubernetes_executor to None, run_after=None
[2026-06-08T20:05:49.949+0000] {processor.py:183} INFO - Processing /home/airflow/.local/lib/python3.12/site-packages/airflow/example_dags/example_kubernetes_executor.py took 0.156 seconds
[2026-06-08T20:06:20.918+0000] {processor.py:161} INFO - Started process (PID=375) to work on /home/airflow/.local/lib/python3.12/site-packages/airflow/example_dags/example_kubernetes_executor.py
[2026-06-08T20:06:20.928+0000] {processor.py:830} INFO - Processing file /home/airflow/.local/lib/python3.12/site-packages/airflow/example_dags/example_kubernetes_executor.py for tasks to queue
[2026-06-08T20:06:20.936+0000] {logging_mixin.py:188} INFO - [2026-06-08T20:06:20.936+0000] {dagbag.py:545} INFO - Filling up the DagBag from /home/airflow/.local/lib/python3.12/site-packages/airflow/example_dags/example_kubernetes_executor.py
[2026-06-08T20:06:20.966+0000] {processor.py:840} INFO - DAG(s) 'example_kubernetes_executor' retrieved from /home/airflow/.local/lib/python3.12/site-packages/airflow/example_dags/example_kubernetes_executor.py
[2026-06-08T20:06:21.021+0000] {logging_mixin.py:188} INFO - [2026-06-08T20:06:21.020+0000] {dag.py:3096} INFO - Sync 1 DAGs
[2026-06-08T20:06:21.038+0000] {logging_mixin.py:188} INFO - [2026-06-08T20:06:21.038+0000] {dag.py:3954} INFO - Setting next_dagrun for example_kubernetes_executor to None, run_after=None
[2026-06-08T20:06:21.060+0000] {processor.py:183} INFO - Processing /home/airflow/.local/lib/python3.12/site-packages/airflow/example_dags/example_kubernetes_executor.py took 0.187 seconds
[2026-06-08T20:06:51.193+0000] {processor.py:161} INFO - Started process (PID=433) to work on /home/airflow/.local/lib/python3.12/site-packages/airflow/example_dags/example_kubernetes_executor.py
[2026-06-08T20:06:51.195+0000] {processor.py:830} INFO - Processing file /home/airflow/.local/lib/python3.12/site-packages/airflow/example_dags/example_kubernetes_executor.py for tasks to queue
[2026-06-08T20:06:51.197+0000] {logging_mixin.py:188} INFO - [2026-06-08T20:06:51.196+0000] {dagbag.py:545} INFO - Filling up the DagBag from /home/airflow/.local/lib/python3.12/site-packages/airflow/example_dags/example_kubernetes_executor.py
[2026-06-08T20:06:51.222+0000] {processor.py:840} INFO - DAG(s) 'example_kubernetes_executor' retrieved from /home/airflow/.local/lib/python3.12/site-packages/airflow/example_dags/example_kubernetes_executor.py
[2026-06-08T20:06:51.277+0000] {logging_mixin.py:188} INFO - [2026-06-08T20:06:51.277+0000] {dag.py:3096} INFO - Sync 1 DAGs
[2026-06-08T20:06:51.294+0000] {logging_mixin.py:188} INFO - [2026-06-08T20:06:51.294+0000] {dag.py:3954} INFO - Setting next_dagrun for example_kubernetes_executor to None, run_after=None
[2026-06-08T20:06:51.315+0000] {processor.py:183} INFO - Processing /home/airflow/.local/lib/python3.12/site-packages/airflow/example_dags/example_kubernetes_executor.py took 0.129 seconds
[2026-06-08T20:08:26.537+0000] {processor.py:161} INFO - Started process (PID=83) to work on /home/airflow/.local/lib/python3.12/site-packages/airflow/example_dags/example_kubernetes_executor.py
[2026-06-08T20:08:26.540+0000] {processor.py:830} INFO - Processing file /home/airflow/.local/lib/python3.12/site-packages/airflow/example_dags/example_kubernetes_executor.py for tasks to queue
[2026-06-08T20:08:26.546+0000] {logging_mixin.py:188} INFO - [2026-06-08T20:08:26.546+0000] {dagbag.py:545} INFO - Filling up the DagBag from /home/airflow/.local/lib/python3.12/site-packages/airflow/example_dags/example_kubernetes_executor.py
[2026-06-08T20:08:26.605+0000] {processor.py:840} INFO - DAG(s) 'example_kubernetes_executor' retrieved from /home/airflow/.local/lib/python3.12/site-packages/airflow/example_dags/example_kubernetes_executor.py
[2026-06-08T20:08:27.165+0000] {logging_mixin.py:188} INFO - [2026-06-08T20:08:27.165+0000] {dag.py:3096} INFO - Sync 1 DAGs
[2026-06-08T20:08:27.215+0000] {logging_mixin.py:188} INFO - [2026-06-08T20:08:27.215+0000] {dag.py:3954} INFO - Setting next_dagrun for example_kubernetes_executor to None, run_after=None
[2026-06-08T20:08:27.298+0000] {processor.py:183} INFO - Processing /home/airflow/.local/lib/python3.12/site-packages/airflow/example_dags/example_kubernetes_executor.py took 0.787 seconds
[2026-06-08T20:08:57.845+0000] {processor.py:161} INFO - Started process (PID=141) to work on /home/airflow/.local/lib/python3.12/site-packages/airflow/example_dags/example_kubernetes_executor.py
[2026-06-08T20:08:57.846+0000] {processor.py:830} INFO - Processing file /home/airflow/.local/lib/python3.12/site-packages/airflow/example_dags/example_kubernetes_executor.py for tasks to queue
[2026-06-08T20:08:57.848+0000] {logging_mixin.py:188} INFO - [2026-06-08T20:08:57.847+0000] {dagbag.py:545} INFO - Filling up the DagBag from /home/airflow/.local/lib/python3.12/site-packages/airflow/example_dags/example_kubernetes_executor.py
[2026-06-08T20:08:57.864+0000] {processor.py:840} INFO - DAG(s) 'example_kubernetes_executor' retrieved from /home/airflow/.local/lib/python3.12/site-packages/airflow/example_dags/example_kubernetes_executor.py
[2026-06-08T20:08:57.933+0000] {logging_mixin.py:188} INFO - [2026-06-08T20:08:57.931+0000] {dag.py:3096} INFO - Sync 1 DAGs
[2026-06-08T20:08:57.962+0000] {logging_mixin.py:188} INFO - [2026-06-08T20:08:57.962+0000] {dag.py:3954} INFO - Setting next_dagrun for example_kubernetes_executor to None, run_after=None
[2026-06-08T20:08:57.988+0000] {processor.py:183} INFO - Processing /home/airflow/.local/lib/python3.12/site-packages/airflow/example_dags/example_kubernetes_executor.py took 0.150 seconds
[2026-06-08T20:09:28.910+0000] {processor.py:161} INFO - Started process (PID=199) to work on /home/airflow/.local/lib/python3.12/site-packages/airflow/example_dags/example_kubernetes_executor.py
[2026-06-08T20:09:28.911+0000] {processor.py:830} INFO - Processing file /home/airflow/.local/lib/python3.12/site-packages/airflow/example_dags/example_kubernetes_executor.py for tasks to queue
[2026-06-08T20:09:28.913+0000] {logging_mixin.py:188} INFO - [2026-06-08T20:09:28.912+0000] {dagbag.py:545} INFO - Filling up the DagBag from /home/airflow/.local/lib/python3.12/site-packages/airflow/example_dags/example_kubernetes_executor.py
[2026-06-08T20:09:28.929+0000] {processor.py:840} INFO - DAG(s) 'example_kubernetes_executor' retrieved from /home/airflow/.local/lib/python3.12/site-packages/airflow/example_dags/example_kubernetes_executor.py
[2026-06-08T20:09:28.978+0000] {logging_mixin.py:188} INFO - [2026-06-08T20:09:28.978+0000] {dag.py:3096} INFO - Sync 1 DAGs
[2026-06-08T20:09:28.996+0000] {logging_mixin.py:188} INFO - [2026-06-08T20:09:28.996+0000] {dag.py:3954} INFO - Setting next_dagrun for example_kubernetes_executor to None, run_after=None
[2026-06-08T20:09:29.018+0000] {processor.py:183} INFO - Processing /home/airflow/.local/lib/python3.12/site-packages/airflow/example_dags/example_kubernetes_executor.py took 0.115 seconds
[2026-06-08T20:09:59.810+0000] {processor.py:161} INFO - Started process (PID=259) to work on /home/airflow/.local/lib/python3.12/site-packages/airflow/example_dags/example_kubernetes_executor.py
[2026-06-08T20:09:59.813+0000] {processor.py:830} INFO - Processing file /home/airflow/.local/lib/python3.12/site-packages/airflow/example_dags/example_kubernetes_executor.py for tasks to queue
[2026-06-08T20:09:59.816+0000] {logging_mixin.py:188} INFO - [2026-06-08T20:09:59.816+0000] {dagbag.py:545} INFO - Filling up the DagBag from /home/airflow/.local/lib/python3.12/site-packages/airflow/example_dags/example_kubernetes_executor.py
[2026-06-08T20:09:59.849+0000] {processor.py:840} INFO - DAG(s) 'example_kubernetes_executor' retrieved from /home/airflow/.local/lib/python3.12/site-packages/airflow/example_dags/example_kubernetes_executor.py
[2026-06-08T20:09:59.918+0000] {logging_mixin.py:188} INFO - [2026-06-08T20:09:59.918+0000] {dag.py:3096} INFO - Sync 1 DAGs
[2026-06-08T20:09:59.951+0000] {logging_mixin.py:188} INFO - [2026-06-08T20:09:59.951+0000] {dag.py:3954} INFO - Setting next_dagrun for example_kubernetes_executor to None, run_after=None
[2026-06-08T20:10:00.003+0000] {processor.py:183} INFO - Processing /home/airflow/.local/lib/python3.12/site-packages/airflow/example_dags/example_kubernetes_executor.py took 0.212 seconds
[2026-06-08T20:10:30.214+0000] {processor.py:161} INFO - Started process (PID=317) to work on /home/airflow/.local/lib/python3.12/site-packages/airflow/example_dags/example_kubernetes_executor.py
[2026-06-08T20:10:30.216+0000] {processor.py:830} INFO - Processing file /home/airflow/.local/lib/python3.12/site-packages/airflow/example_dags/example_kubernetes_executor.py for tasks to queue
[2026-06-08T20:10:30.221+0000] {logging_mixin.py:188} INFO - [2026-06-08T20:10:30.219+0000] {dagbag.py:545} INFO - Filling up the DagBag from /home/airflow/.local/lib/python3.12/site-packages/airflow/example_dags/example_kubernetes_executor.py
[2026-06-08T20:10:30.267+0000] {processor.py:840} INFO - DAG(s) 'example_kubernetes_executor' retrieved from /home/airflow/.local/lib/python3.12/site-packages/airflow/example_dags/example_kubernetes_executor.py
[2026-06-08T20:10:30.357+0000] {logging_mixin.py:188} INFO - [2026-06-08T20:10:30.357+0000] {dag.py:3096} INFO - Sync 1 DAGs
[2026-06-08T20:10:30.375+0000] {logging_mixin.py:188} INFO - [2026-06-08T20:10:30.375+0000] {dag.py:3954} INFO - Setting next_dagrun for example_kubernetes_executor to None, run_after=None
[2026-06-08T20:10:30.396+0000] {processor.py:183} INFO - Processing /home/airflow/.local/lib/python3.12/site-packages/airflow/example_dags/example_kubernetes_executor.py took 0.188 seconds
[2026-06-08T20:11:00.550+0000] {processor.py:161} INFO - Started process (PID=375) to work on /home/airflow/.local/lib/python3.12/site-packages/airflow/example_dags/example_kubernetes_executor.py
[2026-06-08T20:11:00.560+0000] {processor.py:830} INFO - Processing file /home/airflow/.local/lib/python3.12/site-packages/airflow/example_dags/example_kubernetes_executor.py for tasks to queue
[2026-06-08T20:11:00.568+0000] {logging_mixin.py:188} INFO - [2026-06-08T20:11:00.568+0000] {dagbag.py:545} INFO - Filling up the DagBag from /home/airflow/.local/lib/python3.12/site-packages/airflow/example_dags/example_kubernetes_executor.py
[2026-06-08T20:11:00.619+0000] {processor.py:840} INFO - DAG(s) 'example_kubernetes_executor' retrieved from /home/airflow/.local/lib/python3.12/site-packages/airflow/example_dags/example_kubernetes_executor.py
[2026-06-08T20:11:00.734+0000] {logging_mixin.py:188} INFO - [2026-06-08T20:11:00.734+0000] {dag.py:3096} INFO - Sync 1 DAGs
[2026-06-08T20:11:00.783+0000] {logging_mixin.py:188} INFO - [2026-06-08T20:11:00.782+0000] {dag.py:3954} INFO - Setting next_dagrun for example_kubernetes_executor to None, run_after=None
[2026-06-08T20:11:00.819+0000] {processor.py:183} INFO - Processing /home/airflow/.local/lib/python3.12/site-packages/airflow/example_dags/example_kubernetes_executor.py took 0.308 seconds
[2026-06-08T20:11:31.038+0000] {processor.py:161} INFO - Started process (PID=432) to work on /home/airflow/.local/lib/python3.12/site-packages/airflow/example_dags/example_kubernetes_executor.py
[2026-06-08T20:11:31.043+0000] {processor.py:830} INFO - Processing file /home/airflow/.local/lib/python3.12/site-packages/airflow/example_dags/example_kubernetes_executor.py for tasks to queue
[2026-06-08T20:11:31.052+0000] {logging_mixin.py:188} INFO - [2026-06-08T20:11:31.050+0000] {dagbag.py:545} INFO - Filling up the DagBag from /home/airflow/.local/lib/python3.12/site-packages/airflow/example_dags/example_kubernetes_executor.py
[2026-06-08T20:11:31.129+0000] {processor.py:840} INFO - DAG(s) 'example_kubernetes_executor' retrieved from /home/airflow/.local/lib/python3.12/site-packages/airflow/example_dags/example_kubernetes_executor.py
[2026-06-08T20:11:31.206+0000] {logging_mixin.py:188} INFO - [2026-06-08T20:11:31.205+0000] {dag.py:3096} INFO - Sync 1 DAGs
[2026-06-08T20:11:31.234+0000] {logging_mixin.py:188} INFO - [2026-06-08T20:11:31.234+0000] {dag.py:3954} INFO - Setting next_dagrun for example_kubernetes_executor to None, run_after=None
[2026-06-08T20:11:31.297+0000] {processor.py:183} INFO - Processing /home/airflow/.local/lib/python3.12/site-packages/airflow/example_dags/example_kubernetes_executor.py took 0.305 seconds
[2026-06-08T20:12:01.941+0000] {processor.py:161} INFO - Started process (PID=491) to work on /home/airflow/.local/lib/python3.12/site-packages/airflow/example_dags/example_kubernetes_executor.py
[2026-06-08T20:12:01.942+0000] {processor.py:830} INFO - Processing file /home/airflow/.local/lib/python3.12/site-packages/airflow/example_dags/example_kubernetes_executor.py for tasks to queue
[2026-06-08T20:12:01.949+0000] {logging_mixin.py:188} INFO - [2026-06-08T20:12:01.948+0000] {dagbag.py:545} INFO - Filling up the DagBag from /home/airflow/.local/lib/python3.12/site-packages/airflow/example_dags/example_kubernetes_executor.py
[2026-06-08T20:12:02.000+0000] {processor.py:840} INFO - DAG(s) 'example_kubernetes_executor' retrieved from /home/airflow/.local/lib/python3.12/site-packages/airflow/example_dags/example_kubernetes_executor.py
[2026-06-08T20:12:02.077+0000] {logging_mixin.py:188} INFO - [2026-06-08T20:12:02.077+0000] {dag.py:3096} INFO - Sync 1 DAGs
[2026-06-08T20:12:02.114+0000] {logging_mixin.py:188} INFO - [2026-06-08T20:12:02.114+0000] {dag.py:3954} INFO - Setting next_dagrun for example_kubernetes_executor to None, run_after=None
[2026-06-08T20:12:02.142+0000] {processor.py:183} INFO - Processing /home/airflow/.local/lib/python3.12/site-packages/airflow/example_dags/example_kubernetes_executor.py took 0.214 seconds
[2026-06-08T20:12:32.981+0000] {processor.py:161} INFO - Started process (PID=549) to work on /home/airflow/.local/lib/python3.12/site-packages/airflow/example_dags/example_kubernetes_executor.py
[2026-06-08T20:12:32.982+0000] {processor.py:830} INFO - Processing file /home/airflow/.local/lib/python3.12/site-packages/airflow/example_dags/example_kubernetes_executor.py for tasks to queue
[2026-06-08T20:12:32.984+0000] {logging_mixin.py:188} INFO - [2026-06-08T20:12:32.984+0000] {dagbag.py:545} INFO - Filling up the DagBag from /home/airflow/.local/lib/python3.12/site-packages/airflow/example_dags/example_kubernetes_executor.py
[2026-06-08T20:12:33.000+0000] {processor.py:840} INFO - DAG(s) 'example_kubernetes_executor' retrieved from /home/airflow/.local/lib/python3.12/site-packages/airflow/example_dags/example_kubernetes_executor.py
[2026-06-08T20:12:33.051+0000] {logging_mixin.py:188} INFO - [2026-06-08T20:12:33.051+0000] {dag.py:3096} INFO - Sync 1 DAGs
[2026-06-08T20:12:33.071+0000] {logging_mixin.py:188} INFO - [2026-06-08T20:12:33.071+0000] {dag.py:3954} INFO - Setting next_dagrun for example_kubernetes_executor to None, run_after=None
[2026-06-08T20:12:33.098+0000] {processor.py:183} INFO - Processing /home/airflow/.local/lib/python3.12/site-packages/airflow/example_dags/example_kubernetes_executor.py took 0.124 seconds
[2026-06-08T20:13:03.734+0000] {processor.py:161} INFO - Started process (PID=607) to work on /home/airflow/.local/lib/python3.12/site-packages/airflow/example_dags/example_kubernetes_executor.py
[2026-06-08T20:13:03.735+0000] {processor.py:830} INFO - Processing file /home/airflow/.local/lib/python3.12/site-packages/airflow/example_dags/example_kubernetes_executor.py for tasks to queue
[2026-06-08T20:13:03.737+0000] {logging_mixin.py:188} INFO - [2026-06-08T20:13:03.737+0000] {dagbag.py:545} INFO - Filling up the DagBag from /home/airflow/.local/lib/python3.12/site-packages/airflow/example_dags/example_kubernetes_executor.py
[2026-06-08T20:13:03.753+0000] {processor.py:840} INFO - DAG(s) 'example_kubernetes_executor' retrieved from /home/airflow/.local/lib/python3.12/site-packages/airflow/example_dags/example_kubernetes_executor.py
[2026-06-08T20:13:03.838+0000] {logging_mixin.py:188} INFO - [2026-06-08T20:13:03.837+0000] {dag.py:3096} INFO - Sync 1 DAGs
[2026-06-08T20:13:03.864+0000] {logging_mixin.py:188} INFO - [2026-06-08T20:13:03.863+0000] {dag.py:3954} INFO - Setting next_dagrun for example_kubernetes_executor to None, run_after=None
[2026-06-08T20:13:03.898+0000] {processor.py:183} INFO - Processing /home/airflow/.local/lib/python3.12/site-packages/airflow/example_dags/example_kubernetes_executor.py took 0.173 seconds
[2026-06-08T20:13:39.574+0000] {processor.py:161} INFO - Started process (PID=664) to work on /home/airflow/.local/lib/python3.12/site-packages/airflow/example_dags/example_kubernetes_executor.py
[2026-06-08T20:13:39.580+0000] {processor.py:830} INFO - Processing file /home/airflow/.local/lib/python3.12/site-packages/airflow/example_dags/example_kubernetes_executor.py for tasks to queue
[2026-06-08T20:13:39.592+0000] {logging_mixin.py:188} INFO - [2026-06-08T20:13:39.589+0000] {dagbag.py:545} INFO - Filling up the DagBag from /home/airflow/.local/lib/python3.12/site-packages/airflow/example_dags/example_kubernetes_executor.py
[2026-06-08T20:13:39.624+0000] {processor.py:840} INFO - DAG(s) 'example_kubernetes_executor' retrieved from /home/airflow/.local/lib/python3.12/site-packages/airflow/example_dags/example_kubernetes_executor.py
[2026-06-08T20:13:39.749+0000] {logging_mixin.py:188} INFO - [2026-06-08T20:13:39.749+0000] {dag.py:3096} INFO - Sync 1 DAGs
[2026-06-08T20:13:39.806+0000] {logging_mixin.py:188} INFO - [2026-06-08T20:13:39.805+0000] {dag.py:3954} INFO - Setting next_dagrun for example_kubernetes_executor to None, run_after=None
[2026-06-08T20:13:40.194+0000] {processor.py:183} INFO - Processing /home/airflow/.local/lib/python3.12/site-packages/airflow/example_dags/example_kubernetes_executor.py took 0.644 seconds
[2026-06-08T20:14:11.129+0000] {processor.py:161} INFO - Started process (PID=722) to work on /home/airflow/.local/lib/python3.12/site-packages/airflow/example_dags/example_kubernetes_executor.py
[2026-06-08T20:14:11.135+0000] {processor.py:830} INFO - Processing file /home/airflow/.local/lib/python3.12/site-packages/airflow/example_dags/example_kubernetes_executor.py for tasks to queue
[2026-06-08T20:14:11.140+0000] {logging_mixin.py:188} INFO - [2026-06-08T20:14:11.140+0000] {dagbag.py:545} INFO - Filling up the DagBag from /home/airflow/.local/lib/python3.12/site-packages/airflow/example_dags/example_kubernetes_executor.py
[2026-06-08T20:14:11.176+0000] {processor.py:840} INFO - DAG(s) 'example_kubernetes_executor' retrieved from /home/airflow/.local/lib/python3.12/site-packages/airflow/example_dags/example_kubernetes_executor.py
[2026-06-08T20:14:11.231+0000] {logging_mixin.py:188} INFO - [2026-06-08T20:14:11.231+0000] {dag.py:3096} INFO - Sync 1 DAGs
[2026-06-08T20:14:11.249+0000] {logging_mixin.py:188} INFO - [2026-06-08T20:14:11.249+0000] {dag.py:3954} INFO - Setting next_dagrun for example_kubernetes_executor to None, run_after=None
[2026-06-08T20:14:11.271+0000] {processor.py:183} INFO - Processing /home/airflow/.local/lib/python3.12/site-packages/airflow/example_dags/example_kubernetes_executor.py took 0.166 seconds
[2026-06-08T20:14:41.996+0000] {processor.py:161} INFO - Started process (PID=780) to work on /home/airflow/.local/lib/python3.12/site-packages/airflow/example_dags/example_kubernetes_executor.py
[2026-06-08T20:14:42.005+0000] {processor.py:830} INFO - Processing file /home/airflow/.local/lib/python3.12/site-packages/airflow/example_dags/example_kubernetes_executor.py for tasks to queue
[2026-06-08T20:14:42.020+0000] {logging_mixin.py:188} INFO - [2026-06-08T20:14:42.020+0000] {dagbag.py:545} INFO - Filling up the DagBag from /home/airflow/.local/lib/python3.12/site-packages/airflow/example_dags/example_kubernetes_executor.py
[2026-06-08T20:14:42.075+0000] {processor.py:840} INFO - DAG(s) 'example_kubernetes_executor' retrieved from /home/airflow/.local/lib/python3.12/site-packages/airflow/example_dags/example_kubernetes_executor.py
[2026-06-08T20:14:42.270+0000] {logging_mixin.py:188} INFO - [2026-06-08T20:14:42.270+0000] {dag.py:3096} INFO - Sync 1 DAGs
[2026-06-08T20:14:42.339+0000] {logging_mixin.py:188} INFO - [2026-06-08T20:14:42.336+0000] {dag.py:3954} INFO - Setting next_dagrun for example_kubernetes_executor to None, run_after=None
[2026-06-08T20:14:42.429+0000] {processor.py:183} INFO - Processing /home/airflow/.local/lib/python3.12/site-packages/airflow/example_dags/example_kubernetes_executor.py took 0.454 seconds
[2026-06-08T20:15:12.630+0000] {processor.py:161} INFO - Started process (PID=838) to work on /home/airflow/.local/lib/python3.12/site-packages/airflow/example_dags/example_kubernetes_executor.py
[2026-06-08T20:15:12.632+0000] {processor.py:830} INFO - Processing file /home/airflow/.local/lib/python3.12/site-packages/airflow/example_dags/example_kubernetes_executor.py for tasks to queue
[2026-06-08T20:15:12.636+0000] {logging_mixin.py:188} INFO - [2026-06-08T20:15:12.633+0000] {dagbag.py:545} INFO - Filling up the DagBag from /home/airflow/.local/lib/python3.12/site-packages/airflow/example_dags/example_kubernetes_executor.py
[2026-06-08T20:15:12.676+0000] {processor.py:840} INFO - DAG(s) 'example_kubernetes_executor' retrieved from /home/airflow/.local/lib/python3.12/site-packages/airflow/example_dags/example_kubernetes_executor.py
[2026-06-08T20:15:12.728+0000] {logging_mixin.py:188} INFO - [2026-06-08T20:15:12.728+0000] {dag.py:3096} INFO - Sync 1 DAGs
[2026-06-08T20:15:12.746+0000] {logging_mixin.py:188} INFO - [2026-06-08T20:15:12.745+0000] {dag.py:3954} INFO - Setting next_dagrun for example_kubernetes_executor to None, run_after=None
[2026-06-08T20:15:12.765+0000] {processor.py:183} INFO - Processing /home/airflow/.local/lib/python3.12/site-packages/airflow/example_dags/example_kubernetes_executor.py took 0.142 seconds
[2026-06-08T20:15:43.234+0000] {processor.py:161} INFO - Started process (PID=896) to work on /home/airflow/.local/lib/python3.12/site-packages/airflow/example_dags/example_kubernetes_executor.py
[2026-06-08T20:15:43.235+0000] {processor.py:830} INFO - Processing file /home/airflow/.local/lib/python3.12/site-packages/airflow/example_dags/example_kubernetes_executor.py for tasks to queue
[2026-06-08T20:15:43.237+0000] {logging_mixin.py:188} INFO - [2026-06-08T20:15:43.237+0000] {dagbag.py:545} INFO - Filling up the DagBag from /home/airflow/.local/lib/python3.12/site-packages/airflow/example_dags/example_kubernetes_executor.py
[2026-06-08T20:15:43.259+0000] {processor.py:840} INFO - DAG(s) 'example_kubernetes_executor' retrieved from /home/airflow/.local/lib/python3.12/site-packages/airflow/example_dags/example_kubernetes_executor.py
[2026-06-08T20:15:43.309+0000] {logging_mixin.py:188} INFO - [2026-06-08T20:15:43.309+0000] {dag.py:3096} INFO - Sync 1 DAGs
[2026-06-08T20:15:43.331+0000] {logging_mixin.py:188} INFO - [2026-06-08T20:15:43.327+0000] {dag.py:3954} INFO - Setting next_dagrun for example_kubernetes_executor to None, run_after=None
[2026-06-08T20:15:43.394+0000] {processor.py:183} INFO - Processing /home/airflow/.local/lib/python3.12/site-packages/airflow/example_dags/example_kubernetes_executor.py took 0.167 seconds
[2026-06-08T20:16:13.531+0000] {processor.py:161} INFO - Started process (PID=954) to work on /home/airflow/.local/lib/python3.12/site-packages/airflow/example_dags/example_kubernetes_executor.py
[2026-06-08T20:16:13.532+0000] {processor.py:830} INFO - Processing file /home/airflow/.local/lib/python3.12/site-packages/airflow/example_dags/example_kubernetes_executor.py for tasks to queue
[2026-06-08T20:16:13.535+0000] {logging_mixin.py:188} INFO - [2026-06-08T20:16:13.535+0000] {dagbag.py:545} INFO - Filling up the DagBag from /home/airflow/.local/lib/python3.12/site-packages/airflow/example_dags/example_kubernetes_executor.py
[2026-06-08T20:16:13.577+0000] {processor.py:840} INFO - DAG(s) 'example_kubernetes_executor' retrieved from /home/airflow/.local/lib/python3.12/site-packages/airflow/example_dags/example_kubernetes_executor.py
[2026-06-08T20:16:13.699+0000] {logging_mixin.py:188} INFO - [2026-06-08T20:16:13.698+0000] {dag.py:3096} INFO - Sync 1 DAGs
[2026-06-08T20:16:13.740+0000] {logging_mixin.py:188} INFO - [2026-06-08T20:16:13.740+0000] {dag.py:3954} INFO - Setting next_dagrun for example_kubernetes_executor to None, run_after=None
[2026-06-08T20:16:13.802+0000] {processor.py:183} INFO - Processing /home/airflow/.local/lib/python3.12/site-packages/airflow/example_dags/example_kubernetes_executor.py took 0.284 seconds
[2026-06-08T20:16:43.860+0000] {processor.py:161} INFO - Started process (PID=1012) to work on /home/airflow/.local/lib/python3.12/site-packages/airflow/example_dags/example_kubernetes_executor.py
[2026-06-08T20:16:43.862+0000] {processor.py:830} INFO - Processing file /home/airflow/.local/lib/python3.12/site-packages/airflow/example_dags/example_kubernetes_executor.py for tasks to queue
[2026-06-08T20:16:43.865+0000] {logging_mixin.py:188} INFO - [2026-06-08T20:16:43.865+0000] {dagbag.py:545} INFO - Filling up the DagBag from /home/airflow/.local/lib/python3.12/site-packages/airflow/example_dags/example_kubernetes_executor.py
[2026-06-08T20:16:43.881+0000] {processor.py:840} INFO - DAG(s) 'example_kubernetes_executor' retrieved from /home/airflow/.local/lib/python3.12/site-packages/airflow/example_dags/example_kubernetes_executor.py
[2026-06-08T20:16:43.930+0000] {logging_mixin.py:188} INFO - [2026-06-08T20:16:43.930+0000] {dag.py:3096} INFO - Sync 1 DAGs
[2026-06-08T20:16:43.942+0000] {logging_mixin.py:188} INFO - [2026-06-08T20:16:43.942+0000] {dag.py:3954} INFO - Setting next_dagrun for example_kubernetes_executor to None, run_after=None
[2026-06-08T20:16:43.960+0000] {processor.py:183} INFO - Processing /home/airflow/.local/lib/python3.12/site-packages/airflow/example_dags/example_kubernetes_executor.py took 0.113 seconds
[2026-06-08T20:17:14.494+0000] {processor.py:161} INFO - Started process (PID=1070) to work on /home/airflow/.local/lib/python3.12/site-packages/airflow/example_dags/example_kubernetes_executor.py
[2026-06-08T20:17:14.495+0000] {processor.py:830} INFO - Processing file /home/airflow/.local/lib/python3.12/site-packages/airflow/example_dags/example_kubernetes_executor.py for tasks to queue
[2026-06-08T20:17:14.497+0000] {logging_mixin.py:188} INFO - [2026-06-08T20:17:14.496+0000] {dagbag.py:545} INFO - Filling up the DagBag from /home/airflow/.local/lib/python3.12/site-packages/airflow/example_dags/example_kubernetes_executor.py
[2026-06-08T20:17:14.528+0000] {processor.py:840} INFO - DAG(s) 'example_kubernetes_executor' retrieved from /home/airflow/.local/lib/python3.12/site-packages/airflow/example_dags/example_kubernetes_executor.py
[2026-06-08T20:17:14.579+0000] {logging_mixin.py:188} INFO - [2026-06-08T20:17:14.578+0000] {dag.py:3096} INFO - Sync 1 DAGs
[2026-06-08T20:17:14.597+0000] {logging_mixin.py:188} INFO - [2026-06-08T20:17:14.597+0000] {dag.py:3954} INFO - Setting next_dagrun for example_kubernetes_executor to None, run_after=None
[2026-06-08T20:17:14.619+0000] {processor.py:183} INFO - Processing /home/airflow/.local/lib/python3.12/site-packages/airflow/example_dags/example_kubernetes_executor.py took 0.132 seconds
[2026-06-08T20:18:55.110+0000] {processor.py:161} INFO - Started process (PID=80) to work on /home/airflow/.local/lib/python3.12/site-packages/airflow/example_dags/example_kubernetes_executor.py
[2026-06-08T20:18:55.115+0000] {processor.py:830} INFO - Processing file /home/airflow/.local/lib/python3.12/site-packages/airflow/example_dags/example_kubernetes_executor.py for tasks to queue
[2026-06-08T20:18:55.122+0000] {logging_mixin.py:188} INFO - [2026-06-08T20:18:55.121+0000] {dagbag.py:545} INFO - Filling up the DagBag from /home/airflow/.local/lib/python3.12/site-packages/airflow/example_dags/example_kubernetes_executor.py
[2026-06-08T20:18:55.194+0000] {processor.py:840} INFO - DAG(s) 'example_kubernetes_executor' retrieved from /home/airflow/.local/lib/python3.12/site-packages/airflow/example_dags/example_kubernetes_executor.py
[2026-06-08T20:18:56.036+0000] {logging_mixin.py:188} INFO - [2026-06-08T20:18:56.036+0000] {dag.py:3096} INFO - Sync 1 DAGs
[2026-06-08T20:18:56.074+0000] {logging_mixin.py:188} INFO - [2026-06-08T20:18:56.074+0000] {dag.py:3954} INFO - Setting next_dagrun for example_kubernetes_executor to None, run_after=None
[2026-06-08T20:18:56.122+0000] {processor.py:183} INFO - Processing /home/airflow/.local/lib/python3.12/site-packages/airflow/example_dags/example_kubernetes_executor.py took 1.037 seconds
[2026-06-08T20:19:26.494+0000] {processor.py:161} INFO - Started process (PID=139) to work on /home/airflow/.local/lib/python3.12/site-packages/airflow/example_dags/example_kubernetes_executor.py
[2026-06-08T20:19:26.495+0000] {processor.py:830} INFO - Processing file /home/airflow/.local/lib/python3.12/site-packages/airflow/example_dags/example_kubernetes_executor.py for tasks to queue
[2026-06-08T20:19:26.498+0000] {logging_mixin.py:188} INFO - [2026-06-08T20:19:26.497+0000] {dagbag.py:545} INFO - Filling up the DagBag from /home/airflow/.local/lib/python3.12/site-packages/airflow/example_dags/example_kubernetes_executor.py
[2026-06-08T20:19:26.515+0000] {processor.py:840} INFO - DAG(s) 'example_kubernetes_executor' retrieved from /home/airflow/.local/lib/python3.12/site-packages/airflow/example_dags/example_kubernetes_executor.py
[2026-06-08T20:19:26.574+0000] {logging_mixin.py:188} INFO - [2026-06-08T20:19:26.574+0000] {dag.py:3096} INFO - Sync 1 DAGs
[2026-06-08T20:19:26.595+0000] {logging_mixin.py:188} INFO - [2026-06-08T20:19:26.594+0000] {dag.py:3954} INFO - Setting next_dagrun for example_kubernetes_executor to None, run_after=None
[2026-06-08T20:19:26.620+0000] {processor.py:183} INFO - Processing /home/airflow/.local/lib/python3.12/site-packages/airflow/example_dags/example_kubernetes_executor.py took 0.137 seconds
[2026-06-08T20:19:56.945+0000] {processor.py:161} INFO - Started process (PID=198) to work on /home/airflow/.local/lib/python3.12/site-packages/airflow/example_dags/example_kubernetes_executor.py
[2026-06-08T20:19:56.949+0000] {processor.py:830} INFO - Processing file /home/airflow/.local/lib/python3.12/site-packages/airflow/example_dags/example_kubernetes_executor.py for tasks to queue
[2026-06-08T20:19:56.951+0000] {logging_mixin.py:188} INFO - [2026-06-08T20:19:56.951+0000] {dagbag.py:545} INFO - Filling up the DagBag from /home/airflow/.local/lib/python3.12/site-packages/airflow/example_dags/example_kubernetes_executor.py
[2026-06-08T20:19:56.976+0000] {processor.py:840} INFO - DAG(s) 'example_kubernetes_executor' retrieved from /home/airflow/.local/lib/python3.12/site-packages/airflow/example_dags/example_kubernetes_executor.py
[2026-06-08T20:19:57.038+0000] {logging_mixin.py:188} INFO - [2026-06-08T20:19:57.038+0000] {dag.py:3096} INFO - Sync 1 DAGs
[2026-06-08T20:19:57.058+0000] {logging_mixin.py:188} INFO - [2026-06-08T20:19:57.057+0000] {dag.py:3954} INFO - Setting next_dagrun for example_kubernetes_executor to None, run_after=None
[2026-06-08T20:19:57.111+0000] {processor.py:183} INFO - Processing /home/airflow/.local/lib/python3.12/site-packages/airflow/example_dags/example_kubernetes_executor.py took 0.184 seconds
[2026-06-08T20:20:28.063+0000] {processor.py:161} INFO - Started process (PID=256) to work on /home/airflow/.local/lib/python3.12/site-packages/airflow/example_dags/example_kubernetes_executor.py
[2026-06-08T20:20:28.070+0000] {processor.py:830} INFO - Processing file /home/airflow/.local/lib/python3.12/site-packages/airflow/example_dags/example_kubernetes_executor.py for tasks to queue
[2026-06-08T20:20:28.076+0000] {logging_mixin.py:188} INFO - [2026-06-08T20:20:28.074+0000] {dagbag.py:545} INFO - Filling up the DagBag from /home/airflow/.local/lib/python3.12/site-packages/airflow/example_dags/example_kubernetes_executor.py
[2026-06-08T20:20:28.177+0000] {processor.py:840} INFO - DAG(s) 'example_kubernetes_executor' retrieved from /home/airflow/.local/lib/python3.12/site-packages/airflow/example_dags/example_kubernetes_executor.py
[2026-06-08T20:20:28.306+0000] {logging_mixin.py:188} INFO - [2026-06-08T20:20:28.305+0000] {dag.py:3096} INFO - Sync 1 DAGs
[2026-06-08T20:20:28.365+0000] {logging_mixin.py:188} INFO - [2026-06-08T20:20:28.364+0000] {dag.py:3954} INFO - Setting next_dagrun for example_kubernetes_executor to None, run_after=None
[2026-06-08T20:20:28.439+0000] {processor.py:183} INFO - Processing /home/airflow/.local/lib/python3.12/site-packages/airflow/example_dags/example_kubernetes_executor.py took 0.420 seconds
[2026-06-08T20:20:59.237+0000] {processor.py:161} INFO - Started process (PID=315) to work on /home/airflow/.local/lib/python3.12/site-packages/airflow/example_dags/example_kubernetes_executor.py
[2026-06-08T20:20:59.238+0000] {processor.py:830} INFO - Processing file /home/airflow/.local/lib/python3.12/site-packages/airflow/example_dags/example_kubernetes_executor.py for tasks to queue
[2026-06-08T20:20:59.240+0000] {logging_mixin.py:188} INFO - [2026-06-08T20:20:59.240+0000] {dagbag.py:545} INFO - Filling up the DagBag from /home/airflow/.local/lib/python3.12/site-packages/airflow/example_dags/example_kubernetes_executor.py
[2026-06-08T20:20:59.256+0000] {processor.py:840} INFO - DAG(s) 'example_kubernetes_executor' retrieved from /home/airflow/.local/lib/python3.12/site-packages/airflow/example_dags/example_kubernetes_executor.py
[2026-06-08T20:20:59.313+0000] {logging_mixin.py:188} INFO - [2026-06-08T20:20:59.312+0000] {dag.py:3096} INFO - Sync 1 DAGs
[2026-06-08T20:20:59.330+0000] {logging_mixin.py:188} INFO - [2026-06-08T20:20:59.330+0000] {dag.py:3954} INFO - Setting next_dagrun for example_kubernetes_executor to None, run_after=None
[2026-06-08T20:20:59.351+0000] {processor.py:183} INFO - Processing /home/airflow/.local/lib/python3.12/site-packages/airflow/example_dags/example_kubernetes_executor.py took 0.123 seconds
[2026-06-08T20:21:29.881+0000] {processor.py:161} INFO - Started process (PID=373) to work on /home/airflow/.local/lib/python3.12/site-packages/airflow/example_dags/example_kubernetes_executor.py
[2026-06-08T20:21:29.882+0000] {processor.py:830} INFO - Processing file /home/airflow/.local/lib/python3.12/site-packages/airflow/example_dags/example_kubernetes_executor.py for tasks to queue
[2026-06-08T20:21:29.885+0000] {logging_mixin.py:188} INFO - [2026-06-08T20:21:29.885+0000] {dagbag.py:545} INFO - Filling up the DagBag from /home/airflow/.local/lib/python3.12/site-packages/airflow/example_dags/example_kubernetes_executor.py
[2026-06-08T20:21:29.903+0000] {processor.py:840} INFO - DAG(s) 'example_kubernetes_executor' retrieved from /home/airflow/.local/lib/python3.12/site-packages/airflow/example_dags/example_kubernetes_executor.py
[2026-06-08T20:21:29.953+0000] {logging_mixin.py:188} INFO - [2026-06-08T20:21:29.953+0000] {dag.py:3096} INFO - Sync 1 DAGs
[2026-06-08T20:21:29.972+0000] {logging_mixin.py:188} INFO - [2026-06-08T20:21:29.972+0000] {dag.py:3954} INFO - Setting next_dagrun for example_kubernetes_executor to None, run_after=None
[2026-06-08T20:21:29.993+0000] {processor.py:183} INFO - Processing /home/airflow/.local/lib/python3.12/site-packages/airflow/example_dags/example_kubernetes_executor.py took 0.121 seconds
[2026-06-08T20:22:00.146+0000] {processor.py:161} INFO - Started process (PID=432) to work on /home/airflow/.local/lib/python3.12/site-packages/airflow/example_dags/example_kubernetes_executor.py
[2026-06-08T20:22:00.148+0000] {processor.py:830} INFO - Processing file /home/airflow/.local/lib/python3.12/site-packages/airflow/example_dags/example_kubernetes_executor.py for tasks to queue
[2026-06-08T20:22:00.150+0000] {logging_mixin.py:188} INFO - [2026-06-08T20:22:00.149+0000] {dagbag.py:545} INFO - Filling up the DagBag from /home/airflow/.local/lib/python3.12/site-packages/airflow/example_dags/example_kubernetes_executor.py
[2026-06-08T20:22:00.166+0000] {processor.py:840} INFO - DAG(s) 'example_kubernetes_executor' retrieved from /home/airflow/.local/lib/python3.12/site-packages/airflow/example_dags/example_kubernetes_executor.py
[2026-06-08T20:22:00.214+0000] {logging_mixin.py:188} INFO - [2026-06-08T20:22:00.214+0000] {dag.py:3096} INFO - Sync 1 DAGs
[2026-06-08T20:22:00.234+0000] {logging_mixin.py:188} INFO - [2026-06-08T20:22:00.234+0000] {dag.py:3954} INFO - Setting next_dagrun for example_kubernetes_executor to None, run_after=None
[2026-06-08T20:22:00.257+0000] {processor.py:183} INFO - Processing /home/airflow/.local/lib/python3.12/site-packages/airflow/example_dags/example_kubernetes_executor.py took 0.122 seconds
[2026-06-08T20:22:30.655+0000] {processor.py:161} INFO - Started process (PID=491) to work on /home/airflow/.local/lib/python3.12/site-packages/airflow/example_dags/example_kubernetes_executor.py
[2026-06-08T20:22:30.656+0000] {processor.py:830} INFO - Processing file /home/airflow/.local/lib/python3.12/site-packages/airflow/example_dags/example_kubernetes_executor.py for tasks to queue
[2026-06-08T20:22:30.658+0000] {logging_mixin.py:188} INFO - [2026-06-08T20:22:30.658+0000] {dagbag.py:545} INFO - Filling up the DagBag from /home/airflow/.local/lib/python3.12/site-packages/airflow/example_dags/example_kubernetes_executor.py
[2026-06-08T20:22:30.675+0000] {processor.py:840} INFO - DAG(s) 'example_kubernetes_executor' retrieved from /home/airflow/.local/lib/python3.12/site-packages/airflow/example_dags/example_kubernetes_executor.py
[2026-06-08T20:22:30.723+0000] {logging_mixin.py:188} INFO - [2026-06-08T20:22:30.723+0000] {dag.py:3096} INFO - Sync 1 DAGs
[2026-06-08T20:22:30.740+0000] {logging_mixin.py:188} INFO - [2026-06-08T20:22:30.740+0000] {dag.py:3954} INFO - Setting next_dagrun for example_kubernetes_executor to None, run_after=None
[2026-06-08T20:22:30.762+0000] {processor.py:183} INFO - Processing /home/airflow/.local/lib/python3.12/site-packages/airflow/example_dags/example_kubernetes_executor.py took 0.117 seconds
[2026-06-08T20:23:01.716+0000] {processor.py:161} INFO - Started process (PID=550) to work on /home/airflow/.local/lib/python3.12/site-packages/airflow/example_dags/example_kubernetes_executor.py
[2026-06-08T20:23:01.717+0000] {processor.py:830} INFO - Processing file /home/airflow/.local/lib/python3.12/site-packages/airflow/example_dags/example_kubernetes_executor.py for tasks to queue
[2026-06-08T20:23:01.719+0000] {logging_mixin.py:188} INFO - [2026-06-08T20:23:01.719+0000] {dagbag.py:545} INFO - Filling up the DagBag from /home/airflow/.local/lib/python3.12/site-packages/airflow/example_dags/example_kubernetes_executor.py
[2026-06-08T20:23:01.740+0000] {processor.py:840} INFO - DAG(s) 'example_kubernetes_executor' retrieved from /home/airflow/.local/lib/python3.12/site-packages/airflow/example_dags/example_kubernetes_executor.py
[2026-06-08T20:23:01.799+0000] {logging_mixin.py:188} INFO - [2026-06-08T20:23:01.798+0000] {dag.py:3096} INFO - Sync 1 DAGs
[2026-06-08T20:23:01.816+0000] {logging_mixin.py:188} INFO - [2026-06-08T20:23:01.816+0000] {dag.py:3954} INFO - Setting next_dagrun for example_kubernetes_executor to None, run_after=None
[2026-06-08T20:23:01.837+0000] {processor.py:183} INFO - Processing /home/airflow/.local/lib/python3.12/site-packages/airflow/example_dags/example_kubernetes_executor.py took 0.130 seconds
[2026-06-08T20:23:32.277+0000] {processor.py:161} INFO - Started process (PID=609) to work on /home/airflow/.local/lib/python3.12/site-packages/airflow/example_dags/example_kubernetes_executor.py
[2026-06-08T20:23:32.281+0000] {processor.py:830} INFO - Processing file /home/airflow/.local/lib/python3.12/site-packages/airflow/example_dags/example_kubernetes_executor.py for tasks to queue
[2026-06-08T20:23:32.285+0000] {logging_mixin.py:188} INFO - [2026-06-08T20:23:32.284+0000] {dagbag.py:545} INFO - Filling up the DagBag from /home/airflow/.local/lib/python3.12/site-packages/airflow/example_dags/example_kubernetes_executor.py
[2026-06-08T20:23:32.319+0000] {processor.py:840} INFO - DAG(s) 'example_kubernetes_executor' retrieved from /home/airflow/.local/lib/python3.12/site-packages/airflow/example_dags/example_kubernetes_executor.py
[2026-06-08T20:23:32.429+0000] {logging_mixin.py:188} INFO - [2026-06-08T20:23:32.427+0000] {dag.py:3096} INFO - Sync 1 DAGs
[2026-06-08T20:23:32.469+0000] {logging_mixin.py:188} INFO - [2026-06-08T20:23:32.468+0000] {dag.py:3954} INFO - Setting next_dagrun for example_kubernetes_executor to None, run_after=None
[2026-06-08T20:23:32.515+0000] {processor.py:183} INFO - Processing /home/airflow/.local/lib/python3.12/site-packages/airflow/example_dags/example_kubernetes_executor.py took 0.256 seconds
