[2026-06-08T20:03:58.315+0000] {processor.py:161} INFO - Started process (PID=113) to work on /home/airflow/.local/lib/python3.12/site-packages/airflow/example_dags/example_task_group.py
[2026-06-08T20:03:58.316+0000] {processor.py:830} INFO - Processing file /home/airflow/.local/lib/python3.12/site-packages/airflow/example_dags/example_task_group.py for tasks to queue
[2026-06-08T20:03:58.326+0000] {logging_mixin.py:188} INFO - [2026-06-08T20:03:58.326+0000] {dagbag.py:545} INFO - Filling up the DagBag from /home/airflow/.local/lib/python3.12/site-packages/airflow/example_dags/example_task_group.py
[2026-06-08T20:03:58.383+0000] {processor.py:840} INFO - DAG(s) 'example_task_group' retrieved from /home/airflow/.local/lib/python3.12/site-packages/airflow/example_dags/example_task_group.py
[2026-06-08T20:03:59.028+0000] {logging_mixin.py:188} INFO - [2026-06-08T20:03:59.028+0000] {dag.py:3096} INFO - Sync 1 DAGs
[2026-06-08T20:03:59.057+0000] {logging_mixin.py:188} INFO - [2026-06-08T20:03:59.056+0000] {dag.py:3954} INFO - Setting next_dagrun for example_task_group to 2026-06-07 00:00:00+00:00, run_after=2026-06-08 00:00:00+00:00
[2026-06-08T20:03:59.327+0000] {processor.py:183} INFO - Processing /home/airflow/.local/lib/python3.12/site-packages/airflow/example_dags/example_task_group.py took 1.030 seconds
[2026-06-08T20:04:30.319+0000] {processor.py:161} INFO - Started process (PID=171) to work on /home/airflow/.local/lib/python3.12/site-packages/airflow/example_dags/example_task_group.py
[2026-06-08T20:04:30.323+0000] {processor.py:830} INFO - Processing file /home/airflow/.local/lib/python3.12/site-packages/airflow/example_dags/example_task_group.py for tasks to queue
[2026-06-08T20:04:30.325+0000] {logging_mixin.py:188} INFO - [2026-06-08T20:04:30.325+0000] {dagbag.py:545} INFO - Filling up the DagBag from /home/airflow/.local/lib/python3.12/site-packages/airflow/example_dags/example_task_group.py
[2026-06-08T20:04:30.337+0000] {processor.py:840} INFO - DAG(s) 'example_task_group' retrieved from /home/airflow/.local/lib/python3.12/site-packages/airflow/example_dags/example_task_group.py
[2026-06-08T20:04:30.393+0000] {logging_mixin.py:188} INFO - [2026-06-08T20:04:30.392+0000] {dag.py:3096} INFO - Sync 1 DAGs
[2026-06-08T20:04:30.451+0000] {logging_mixin.py:188} INFO - [2026-06-08T20:04:30.451+0000] {dag.py:3954} INFO - Setting next_dagrun for example_task_group to 2026-06-07 00:00:00+00:00, run_after=2026-06-08 00:00:00+00:00
[2026-06-08T20:04:30.475+0000] {processor.py:183} INFO - Processing /home/airflow/.local/lib/python3.12/site-packages/airflow/example_dags/example_task_group.py took 0.162 seconds
[2026-06-08T20:05:01.403+0000] {processor.py:161} INFO - Started process (PID=229) to work on /home/airflow/.local/lib/python3.12/site-packages/airflow/example_dags/example_task_group.py
[2026-06-08T20:05:01.407+0000] {processor.py:830} INFO - Processing file /home/airflow/.local/lib/python3.12/site-packages/airflow/example_dags/example_task_group.py for tasks to queue
[2026-06-08T20:05:01.411+0000] {logging_mixin.py:188} INFO - [2026-06-08T20:05:01.411+0000] {dagbag.py:545} INFO - Filling up the DagBag from /home/airflow/.local/lib/python3.12/site-packages/airflow/example_dags/example_task_group.py
[2026-06-08T20:05:01.430+0000] {processor.py:840} INFO - DAG(s) 'example_task_group' retrieved from /home/airflow/.local/lib/python3.12/site-packages/airflow/example_dags/example_task_group.py
[2026-06-08T20:05:01.479+0000] {logging_mixin.py:188} INFO - [2026-06-08T20:05:01.479+0000] {dag.py:3096} INFO - Sync 1 DAGs
[2026-06-08T20:05:01.546+0000] {logging_mixin.py:188} INFO - [2026-06-08T20:05:01.545+0000] {dag.py:3954} INFO - Setting next_dagrun for example_task_group to 2026-06-07 00:00:00+00:00, run_after=2026-06-08 00:00:00+00:00
[2026-06-08T20:05:01.624+0000] {processor.py:183} INFO - Processing /home/airflow/.local/lib/python3.12/site-packages/airflow/example_dags/example_task_group.py took 0.245 seconds
[2026-06-08T20:05:32.173+0000] {processor.py:161} INFO - Started process (PID=287) to work on /home/airflow/.local/lib/python3.12/site-packages/airflow/example_dags/example_task_group.py
[2026-06-08T20:05:32.174+0000] {processor.py:830} INFO - Processing file /home/airflow/.local/lib/python3.12/site-packages/airflow/example_dags/example_task_group.py for tasks to queue
[2026-06-08T20:05:32.176+0000] {logging_mixin.py:188} INFO - [2026-06-08T20:05:32.176+0000] {dagbag.py:545} INFO - Filling up the DagBag from /home/airflow/.local/lib/python3.12/site-packages/airflow/example_dags/example_task_group.py
[2026-06-08T20:05:32.199+0000] {processor.py:840} INFO - DAG(s) 'example_task_group' retrieved from /home/airflow/.local/lib/python3.12/site-packages/airflow/example_dags/example_task_group.py
[2026-06-08T20:05:32.262+0000] {logging_mixin.py:188} INFO - [2026-06-08T20:05:32.262+0000] {dag.py:3096} INFO - Sync 1 DAGs
[2026-06-08T20:05:32.292+0000] {logging_mixin.py:188} INFO - [2026-06-08T20:05:32.291+0000] {dag.py:3954} INFO - Setting next_dagrun for example_task_group to 2026-06-07 00:00:00+00:00, run_after=2026-06-08 00:00:00+00:00
[2026-06-08T20:05:32.313+0000] {processor.py:183} INFO - Processing /home/airflow/.local/lib/python3.12/site-packages/airflow/example_dags/example_task_group.py took 0.148 seconds
[2026-06-08T20:06:02.378+0000] {processor.py:161} INFO - Started process (PID=345) to work on /home/airflow/.local/lib/python3.12/site-packages/airflow/example_dags/example_task_group.py
[2026-06-08T20:06:02.380+0000] {processor.py:830} INFO - Processing file /home/airflow/.local/lib/python3.12/site-packages/airflow/example_dags/example_task_group.py for tasks to queue
[2026-06-08T20:06:02.382+0000] {logging_mixin.py:188} INFO - [2026-06-08T20:06:02.382+0000] {dagbag.py:545} INFO - Filling up the DagBag from /home/airflow/.local/lib/python3.12/site-packages/airflow/example_dags/example_task_group.py
[2026-06-08T20:06:02.396+0000] {processor.py:840} INFO - DAG(s) 'example_task_group' retrieved from /home/airflow/.local/lib/python3.12/site-packages/airflow/example_dags/example_task_group.py
[2026-06-08T20:06:02.423+0000] {logging_mixin.py:188} INFO - [2026-06-08T20:06:02.423+0000] {dag.py:3096} INFO - Sync 1 DAGs
[2026-06-08T20:06:02.452+0000] {logging_mixin.py:188} INFO - [2026-06-08T20:06:02.452+0000] {dag.py:3954} INFO - Setting next_dagrun for example_task_group to 2026-06-07 00:00:00+00:00, run_after=2026-06-08 00:00:00+00:00
[2026-06-08T20:06:02.473+0000] {processor.py:183} INFO - Processing /home/airflow/.local/lib/python3.12/site-packages/airflow/example_dags/example_task_group.py took 0.101 seconds
[2026-06-08T20:06:33.108+0000] {processor.py:161} INFO - Started process (PID=403) to work on /home/airflow/.local/lib/python3.12/site-packages/airflow/example_dags/example_task_group.py
[2026-06-08T20:06:33.113+0000] {processor.py:830} INFO - Processing file /home/airflow/.local/lib/python3.12/site-packages/airflow/example_dags/example_task_group.py for tasks to queue
[2026-06-08T20:06:33.117+0000] {logging_mixin.py:188} INFO - [2026-06-08T20:06:33.117+0000] {dagbag.py:545} INFO - Filling up the DagBag from /home/airflow/.local/lib/python3.12/site-packages/airflow/example_dags/example_task_group.py
[2026-06-08T20:06:33.148+0000] {processor.py:840} INFO - DAG(s) 'example_task_group' retrieved from /home/airflow/.local/lib/python3.12/site-packages/airflow/example_dags/example_task_group.py
[2026-06-08T20:06:33.267+0000] {logging_mixin.py:188} INFO - [2026-06-08T20:06:33.267+0000] {dag.py:3096} INFO - Sync 1 DAGs
[2026-06-08T20:06:33.352+0000] {logging_mixin.py:188} INFO - [2026-06-08T20:06:33.351+0000] {dag.py:3954} INFO - Setting next_dagrun for example_task_group to 2026-06-07 00:00:00+00:00, run_after=2026-06-08 00:00:00+00:00
[2026-06-08T20:06:33.406+0000] {processor.py:183} INFO - Processing /home/airflow/.local/lib/python3.12/site-packages/airflow/example_dags/example_task_group.py took 0.322 seconds
[2026-06-08T20:07:03.718+0000] {processor.py:161} INFO - Started process (PID=461) to work on /home/airflow/.local/lib/python3.12/site-packages/airflow/example_dags/example_task_group.py
[2026-06-08T20:07:03.719+0000] {processor.py:830} INFO - Processing file /home/airflow/.local/lib/python3.12/site-packages/airflow/example_dags/example_task_group.py for tasks to queue
[2026-06-08T20:07:03.721+0000] {logging_mixin.py:188} INFO - [2026-06-08T20:07:03.721+0000] {dagbag.py:545} INFO - Filling up the DagBag from /home/airflow/.local/lib/python3.12/site-packages/airflow/example_dags/example_task_group.py
[2026-06-08T20:07:03.730+0000] {processor.py:840} INFO - DAG(s) 'example_task_group' retrieved from /home/airflow/.local/lib/python3.12/site-packages/airflow/example_dags/example_task_group.py
[2026-06-08T20:07:03.751+0000] {logging_mixin.py:188} INFO - [2026-06-08T20:07:03.751+0000] {dag.py:3096} INFO - Sync 1 DAGs
[2026-06-08T20:07:03.773+0000] {logging_mixin.py:188} INFO - [2026-06-08T20:07:03.773+0000] {dag.py:3954} INFO - Setting next_dagrun for example_task_group to 2026-06-07 00:00:00+00:00, run_after=2026-06-08 00:00:00+00:00
[2026-06-08T20:07:03.789+0000] {processor.py:183} INFO - Processing /home/airflow/.local/lib/python3.12/site-packages/airflow/example_dags/example_task_group.py took 0.078 seconds
[2026-06-08T20:08:35.196+0000] {processor.py:161} INFO - Started process (PID=105) to work on /home/airflow/.local/lib/python3.12/site-packages/airflow/example_dags/example_task_group.py
[2026-06-08T20:08:35.197+0000] {processor.py:830} INFO - Processing file /home/airflow/.local/lib/python3.12/site-packages/airflow/example_dags/example_task_group.py for tasks to queue
[2026-06-08T20:08:35.201+0000] {logging_mixin.py:188} INFO - [2026-06-08T20:08:35.201+0000] {dagbag.py:545} INFO - Filling up the DagBag from /home/airflow/.local/lib/python3.12/site-packages/airflow/example_dags/example_task_group.py
[2026-06-08T20:08:35.234+0000] {processor.py:840} INFO - DAG(s) 'example_task_group' retrieved from /home/airflow/.local/lib/python3.12/site-packages/airflow/example_dags/example_task_group.py
[2026-06-08T20:08:35.530+0000] {logging_mixin.py:188} INFO - [2026-06-08T20:08:35.530+0000] {dag.py:3096} INFO - Sync 1 DAGs
[2026-06-08T20:08:35.577+0000] {logging_mixin.py:188} INFO - [2026-06-08T20:08:35.577+0000] {dag.py:3954} INFO - Setting next_dagrun for example_task_group to 2026-06-07 00:00:00+00:00, run_after=2026-06-08 00:00:00+00:00
[2026-06-08T20:08:35.615+0000] {processor.py:183} INFO - Processing /home/airflow/.local/lib/python3.12/site-packages/airflow/example_dags/example_task_group.py took 0.432 seconds
[2026-06-08T20:09:05.814+0000] {processor.py:161} INFO - Started process (PID=163) to work on /home/airflow/.local/lib/python3.12/site-packages/airflow/example_dags/example_task_group.py
[2026-06-08T20:09:05.815+0000] {processor.py:830} INFO - Processing file /home/airflow/.local/lib/python3.12/site-packages/airflow/example_dags/example_task_group.py for tasks to queue
[2026-06-08T20:09:05.817+0000] {logging_mixin.py:188} INFO - [2026-06-08T20:09:05.817+0000] {dagbag.py:545} INFO - Filling up the DagBag from /home/airflow/.local/lib/python3.12/site-packages/airflow/example_dags/example_task_group.py
[2026-06-08T20:09:05.826+0000] {processor.py:840} INFO - DAG(s) 'example_task_group' retrieved from /home/airflow/.local/lib/python3.12/site-packages/airflow/example_dags/example_task_group.py
[2026-06-08T20:09:05.874+0000] {logging_mixin.py:188} INFO - [2026-06-08T20:09:05.874+0000] {dag.py:3096} INFO - Sync 1 DAGs
[2026-06-08T20:09:05.909+0000] {logging_mixin.py:188} INFO - [2026-06-08T20:09:05.909+0000] {dag.py:3954} INFO - Setting next_dagrun for example_task_group to 2026-06-07 00:00:00+00:00, run_after=2026-06-08 00:00:00+00:00
[2026-06-08T20:09:05.980+0000] {processor.py:183} INFO - Processing /home/airflow/.local/lib/python3.12/site-packages/airflow/example_dags/example_task_group.py took 0.173 seconds
[2026-06-08T20:09:36.836+0000] {processor.py:161} INFO - Started process (PID=221) to work on /home/airflow/.local/lib/python3.12/site-packages/airflow/example_dags/example_task_group.py
[2026-06-08T20:09:36.837+0000] {processor.py:830} INFO - Processing file /home/airflow/.local/lib/python3.12/site-packages/airflow/example_dags/example_task_group.py for tasks to queue
[2026-06-08T20:09:36.839+0000] {logging_mixin.py:188} INFO - [2026-06-08T20:09:36.838+0000] {dagbag.py:545} INFO - Filling up the DagBag from /home/airflow/.local/lib/python3.12/site-packages/airflow/example_dags/example_task_group.py
[2026-06-08T20:09:36.848+0000] {processor.py:840} INFO - DAG(s) 'example_task_group' retrieved from /home/airflow/.local/lib/python3.12/site-packages/airflow/example_dags/example_task_group.py
[2026-06-08T20:09:36.884+0000] {logging_mixin.py:188} INFO - [2026-06-08T20:09:36.884+0000] {dag.py:3096} INFO - Sync 1 DAGs
[2026-06-08T20:09:36.917+0000] {logging_mixin.py:188} INFO - [2026-06-08T20:09:36.914+0000] {dag.py:3954} INFO - Setting next_dagrun for example_task_group to 2026-06-07 00:00:00+00:00, run_after=2026-06-08 00:00:00+00:00
[2026-06-08T20:09:36.971+0000] {processor.py:183} INFO - Processing /home/airflow/.local/lib/python3.12/site-packages/airflow/example_dags/example_task_group.py took 0.151 seconds
[2026-06-08T20:10:07.249+0000] {processor.py:161} INFO - Started process (PID=281) to work on /home/airflow/.local/lib/python3.12/site-packages/airflow/example_dags/example_task_group.py
[2026-06-08T20:10:07.250+0000] {processor.py:830} INFO - Processing file /home/airflow/.local/lib/python3.12/site-packages/airflow/example_dags/example_task_group.py for tasks to queue
[2026-06-08T20:10:07.252+0000] {logging_mixin.py:188} INFO - [2026-06-08T20:10:07.251+0000] {dagbag.py:545} INFO - Filling up the DagBag from /home/airflow/.local/lib/python3.12/site-packages/airflow/example_dags/example_task_group.py
[2026-06-08T20:10:07.261+0000] {processor.py:840} INFO - DAG(s) 'example_task_group' retrieved from /home/airflow/.local/lib/python3.12/site-packages/airflow/example_dags/example_task_group.py
[2026-06-08T20:10:07.307+0000] {logging_mixin.py:188} INFO - [2026-06-08T20:10:07.307+0000] {dag.py:3096} INFO - Sync 1 DAGs
[2026-06-08T20:10:07.344+0000] {logging_mixin.py:188} INFO - [2026-06-08T20:10:07.344+0000] {dag.py:3954} INFO - Setting next_dagrun for example_task_group to 2026-06-07 00:00:00+00:00, run_after=2026-06-08 00:00:00+00:00
[2026-06-08T20:10:07.405+0000] {processor.py:183} INFO - Processing /home/airflow/.local/lib/python3.12/site-packages/airflow/example_dags/example_task_group.py took 0.164 seconds
[2026-06-08T20:10:38.060+0000] {processor.py:161} INFO - Started process (PID=339) to work on /home/airflow/.local/lib/python3.12/site-packages/airflow/example_dags/example_task_group.py
[2026-06-08T20:10:38.062+0000] {processor.py:830} INFO - Processing file /home/airflow/.local/lib/python3.12/site-packages/airflow/example_dags/example_task_group.py for tasks to queue
[2026-06-08T20:10:38.064+0000] {logging_mixin.py:188} INFO - [2026-06-08T20:10:38.063+0000] {dagbag.py:545} INFO - Filling up the DagBag from /home/airflow/.local/lib/python3.12/site-packages/airflow/example_dags/example_task_group.py
[2026-06-08T20:10:38.074+0000] {processor.py:840} INFO - DAG(s) 'example_task_group' retrieved from /home/airflow/.local/lib/python3.12/site-packages/airflow/example_dags/example_task_group.py
[2026-06-08T20:10:38.104+0000] {logging_mixin.py:188} INFO - [2026-06-08T20:10:38.104+0000] {dag.py:3096} INFO - Sync 1 DAGs
[2026-06-08T20:10:38.134+0000] {logging_mixin.py:188} INFO - [2026-06-08T20:10:38.133+0000] {dag.py:3954} INFO - Setting next_dagrun for example_task_group to 2026-06-07 00:00:00+00:00, run_after=2026-06-08 00:00:00+00:00
[2026-06-08T20:10:38.177+0000] {processor.py:183} INFO - Processing /home/airflow/.local/lib/python3.12/site-packages/airflow/example_dags/example_task_group.py took 0.124 seconds
[2026-06-08T20:11:08.834+0000] {processor.py:161} INFO - Started process (PID=397) to work on /home/airflow/.local/lib/python3.12/site-packages/airflow/example_dags/example_task_group.py
[2026-06-08T20:11:08.835+0000] {processor.py:830} INFO - Processing file /home/airflow/.local/lib/python3.12/site-packages/airflow/example_dags/example_task_group.py for tasks to queue
[2026-06-08T20:11:08.838+0000] {logging_mixin.py:188} INFO - [2026-06-08T20:11:08.837+0000] {dagbag.py:545} INFO - Filling up the DagBag from /home/airflow/.local/lib/python3.12/site-packages/airflow/example_dags/example_task_group.py
[2026-06-08T20:11:08.847+0000] {processor.py:840} INFO - DAG(s) 'example_task_group' retrieved from /home/airflow/.local/lib/python3.12/site-packages/airflow/example_dags/example_task_group.py
[2026-06-08T20:11:08.877+0000] {logging_mixin.py:188} INFO - [2026-06-08T20:11:08.877+0000] {dag.py:3096} INFO - Sync 1 DAGs
[2026-06-08T20:11:08.906+0000] {logging_mixin.py:188} INFO - [2026-06-08T20:11:08.906+0000] {dag.py:3954} INFO - Setting next_dagrun for example_task_group to 2026-06-07 00:00:00+00:00, run_after=2026-06-08 00:00:00+00:00
[2026-06-08T20:11:08.926+0000] {processor.py:183} INFO - Processing /home/airflow/.local/lib/python3.12/site-packages/airflow/example_dags/example_task_group.py took 0.099 seconds
[2026-06-08T20:11:39.056+0000] {processor.py:161} INFO - Started process (PID=454) to work on /home/airflow/.local/lib/python3.12/site-packages/airflow/example_dags/example_task_group.py
[2026-06-08T20:11:39.057+0000] {processor.py:830} INFO - Processing file /home/airflow/.local/lib/python3.12/site-packages/airflow/example_dags/example_task_group.py for tasks to queue
[2026-06-08T20:11:39.059+0000] {logging_mixin.py:188} INFO - [2026-06-08T20:11:39.059+0000] {dagbag.py:545} INFO - Filling up the DagBag from /home/airflow/.local/lib/python3.12/site-packages/airflow/example_dags/example_task_group.py
[2026-06-08T20:11:39.069+0000] {processor.py:840} INFO - DAG(s) 'example_task_group' retrieved from /home/airflow/.local/lib/python3.12/site-packages/airflow/example_dags/example_task_group.py
[2026-06-08T20:11:39.097+0000] {logging_mixin.py:188} INFO - [2026-06-08T20:11:39.097+0000] {dag.py:3096} INFO - Sync 1 DAGs
[2026-06-08T20:11:39.127+0000] {logging_mixin.py:188} INFO - [2026-06-08T20:11:39.127+0000] {dag.py:3954} INFO - Setting next_dagrun for example_task_group to 2026-06-07 00:00:00+00:00, run_after=2026-06-08 00:00:00+00:00
[2026-06-08T20:11:39.148+0000] {processor.py:183} INFO - Processing /home/airflow/.local/lib/python3.12/site-packages/airflow/example_dags/example_task_group.py took 0.100 seconds
[2026-06-08T20:12:09.634+0000] {processor.py:161} INFO - Started process (PID=513) to work on /home/airflow/.local/lib/python3.12/site-packages/airflow/example_dags/example_task_group.py
[2026-06-08T20:12:09.635+0000] {processor.py:830} INFO - Processing file /home/airflow/.local/lib/python3.12/site-packages/airflow/example_dags/example_task_group.py for tasks to queue
[2026-06-08T20:12:09.637+0000] {logging_mixin.py:188} INFO - [2026-06-08T20:12:09.637+0000] {dagbag.py:545} INFO - Filling up the DagBag from /home/airflow/.local/lib/python3.12/site-packages/airflow/example_dags/example_task_group.py
[2026-06-08T20:12:09.646+0000] {processor.py:840} INFO - DAG(s) 'example_task_group' retrieved from /home/airflow/.local/lib/python3.12/site-packages/airflow/example_dags/example_task_group.py
[2026-06-08T20:12:09.744+0000] {logging_mixin.py:188} INFO - [2026-06-08T20:12:09.743+0000] {dag.py:3096} INFO - Sync 1 DAGs
[2026-06-08T20:12:09.857+0000] {logging_mixin.py:188} INFO - [2026-06-08T20:12:09.856+0000] {dag.py:3954} INFO - Setting next_dagrun for example_task_group to 2026-06-07 00:00:00+00:00, run_after=2026-06-08 00:00:00+00:00
[2026-06-08T20:12:09.971+0000] {processor.py:183} INFO - Processing /home/airflow/.local/lib/python3.12/site-packages/airflow/example_dags/example_task_group.py took 0.345 seconds
[2026-06-08T20:12:44.155+0000] {processor.py:161} INFO - Started process (PID=571) to work on /home/airflow/.local/lib/python3.12/site-packages/airflow/example_dags/example_task_group.py
[2026-06-08T20:12:44.165+0000] {processor.py:830} INFO - Processing file /home/airflow/.local/lib/python3.12/site-packages/airflow/example_dags/example_task_group.py for tasks to queue
[2026-06-08T20:12:44.182+0000] {logging_mixin.py:188} INFO - [2026-06-08T20:12:44.175+0000] {dagbag.py:545} INFO - Filling up the DagBag from /home/airflow/.local/lib/python3.12/site-packages/airflow/example_dags/example_task_group.py
[2026-06-08T20:12:44.258+0000] {processor.py:840} INFO - DAG(s) 'example_task_group' retrieved from /home/airflow/.local/lib/python3.12/site-packages/airflow/example_dags/example_task_group.py
[2026-06-08T20:12:44.372+0000] {logging_mixin.py:188} INFO - [2026-06-08T20:12:44.372+0000] {dag.py:3096} INFO - Sync 1 DAGs
[2026-06-08T20:12:44.569+0000] {logging_mixin.py:188} INFO - [2026-06-08T20:12:44.569+0000] {dag.py:3954} INFO - Setting next_dagrun for example_task_group to 2026-06-07 00:00:00+00:00, run_after=2026-06-08 00:00:00+00:00
[2026-06-08T20:12:44.826+0000] {processor.py:183} INFO - Processing /home/airflow/.local/lib/python3.12/site-packages/airflow/example_dags/example_task_group.py took 0.728 seconds
[2026-06-08T20:13:15.370+0000] {processor.py:161} INFO - Started process (PID=628) to work on /home/airflow/.local/lib/python3.12/site-packages/airflow/example_dags/example_task_group.py
[2026-06-08T20:13:15.371+0000] {processor.py:830} INFO - Processing file /home/airflow/.local/lib/python3.12/site-packages/airflow/example_dags/example_task_group.py for tasks to queue
[2026-06-08T20:13:15.373+0000] {logging_mixin.py:188} INFO - [2026-06-08T20:13:15.373+0000] {dagbag.py:545} INFO - Filling up the DagBag from /home/airflow/.local/lib/python3.12/site-packages/airflow/example_dags/example_task_group.py
[2026-06-08T20:13:15.388+0000] {processor.py:840} INFO - DAG(s) 'example_task_group' retrieved from /home/airflow/.local/lib/python3.12/site-packages/airflow/example_dags/example_task_group.py
[2026-06-08T20:13:15.430+0000] {logging_mixin.py:188} INFO - [2026-06-08T20:13:15.430+0000] {dag.py:3096} INFO - Sync 1 DAGs
[2026-06-08T20:13:15.466+0000] {logging_mixin.py:188} INFO - [2026-06-08T20:13:15.465+0000] {dag.py:3954} INFO - Setting next_dagrun for example_task_group to 2026-06-07 00:00:00+00:00, run_after=2026-06-08 00:00:00+00:00
[2026-06-08T20:13:15.533+0000] {processor.py:183} INFO - Processing /home/airflow/.local/lib/python3.12/site-packages/airflow/example_dags/example_task_group.py took 0.177 seconds
[2026-06-08T20:13:45.878+0000] {processor.py:161} INFO - Started process (PID=685) to work on /home/airflow/.local/lib/python3.12/site-packages/airflow/example_dags/example_task_group.py
[2026-06-08T20:13:45.879+0000] {processor.py:830} INFO - Processing file /home/airflow/.local/lib/python3.12/site-packages/airflow/example_dags/example_task_group.py for tasks to queue
[2026-06-08T20:13:45.883+0000] {logging_mixin.py:188} INFO - [2026-06-08T20:13:45.883+0000] {dagbag.py:545} INFO - Filling up the DagBag from /home/airflow/.local/lib/python3.12/site-packages/airflow/example_dags/example_task_group.py
[2026-06-08T20:13:45.899+0000] {processor.py:840} INFO - DAG(s) 'example_task_group' retrieved from /home/airflow/.local/lib/python3.12/site-packages/airflow/example_dags/example_task_group.py
[2026-06-08T20:13:45.943+0000] {logging_mixin.py:188} INFO - [2026-06-08T20:13:45.943+0000] {dag.py:3096} INFO - Sync 1 DAGs
[2026-06-08T20:13:45.973+0000] {logging_mixin.py:188} INFO - [2026-06-08T20:13:45.973+0000] {dag.py:3954} INFO - Setting next_dagrun for example_task_group to 2026-06-07 00:00:00+00:00, run_after=2026-06-08 00:00:00+00:00
[2026-06-08T20:13:46.002+0000] {processor.py:183} INFO - Processing /home/airflow/.local/lib/python3.12/site-packages/airflow/example_dags/example_task_group.py took 0.131 seconds
[2026-06-08T20:14:16.665+0000] {processor.py:161} INFO - Started process (PID=743) to work on /home/airflow/.local/lib/python3.12/site-packages/airflow/example_dags/example_task_group.py
[2026-06-08T20:14:16.667+0000] {processor.py:830} INFO - Processing file /home/airflow/.local/lib/python3.12/site-packages/airflow/example_dags/example_task_group.py for tasks to queue
[2026-06-08T20:14:16.669+0000] {logging_mixin.py:188} INFO - [2026-06-08T20:14:16.669+0000] {dagbag.py:545} INFO - Filling up the DagBag from /home/airflow/.local/lib/python3.12/site-packages/airflow/example_dags/example_task_group.py
[2026-06-08T20:14:16.678+0000] {processor.py:840} INFO - DAG(s) 'example_task_group' retrieved from /home/airflow/.local/lib/python3.12/site-packages/airflow/example_dags/example_task_group.py
[2026-06-08T20:14:16.708+0000] {logging_mixin.py:188} INFO - [2026-06-08T20:14:16.708+0000] {dag.py:3096} INFO - Sync 1 DAGs
[2026-06-08T20:14:16.737+0000] {logging_mixin.py:188} INFO - [2026-06-08T20:14:16.737+0000] {dag.py:3954} INFO - Setting next_dagrun for example_task_group to 2026-06-07 00:00:00+00:00, run_after=2026-06-08 00:00:00+00:00
[2026-06-08T20:14:16.760+0000] {processor.py:183} INFO - Processing /home/airflow/.local/lib/python3.12/site-packages/airflow/example_dags/example_task_group.py took 0.101 seconds
[2026-06-08T20:14:47.200+0000] {processor.py:161} INFO - Started process (PID=801) to work on /home/airflow/.local/lib/python3.12/site-packages/airflow/example_dags/example_task_group.py
[2026-06-08T20:14:47.202+0000] {processor.py:830} INFO - Processing file /home/airflow/.local/lib/python3.12/site-packages/airflow/example_dags/example_task_group.py for tasks to queue
[2026-06-08T20:14:47.204+0000] {logging_mixin.py:188} INFO - [2026-06-08T20:14:47.204+0000] {dagbag.py:545} INFO - Filling up the DagBag from /home/airflow/.local/lib/python3.12/site-packages/airflow/example_dags/example_task_group.py
[2026-06-08T20:14:47.214+0000] {processor.py:840} INFO - DAG(s) 'example_task_group' retrieved from /home/airflow/.local/lib/python3.12/site-packages/airflow/example_dags/example_task_group.py
[2026-06-08T20:14:47.266+0000] {logging_mixin.py:188} INFO - [2026-06-08T20:14:47.266+0000] {dag.py:3096} INFO - Sync 1 DAGs
[2026-06-08T20:14:47.295+0000] {logging_mixin.py:188} INFO - [2026-06-08T20:14:47.295+0000] {dag.py:3954} INFO - Setting next_dagrun for example_task_group to 2026-06-07 00:00:00+00:00, run_after=2026-06-08 00:00:00+00:00
[2026-06-08T20:14:47.316+0000] {processor.py:183} INFO - Processing /home/airflow/.local/lib/python3.12/site-packages/airflow/example_dags/example_task_group.py took 0.123 seconds
[2026-06-08T20:15:18.021+0000] {processor.py:161} INFO - Started process (PID=859) to work on /home/airflow/.local/lib/python3.12/site-packages/airflow/example_dags/example_task_group.py
[2026-06-08T20:15:18.024+0000] {processor.py:830} INFO - Processing file /home/airflow/.local/lib/python3.12/site-packages/airflow/example_dags/example_task_group.py for tasks to queue
[2026-06-08T20:15:18.027+0000] {logging_mixin.py:188} INFO - [2026-06-08T20:15:18.027+0000] {dagbag.py:545} INFO - Filling up the DagBag from /home/airflow/.local/lib/python3.12/site-packages/airflow/example_dags/example_task_group.py
[2026-06-08T20:15:18.052+0000] {processor.py:840} INFO - DAG(s) 'example_task_group' retrieved from /home/airflow/.local/lib/python3.12/site-packages/airflow/example_dags/example_task_group.py
[2026-06-08T20:15:18.122+0000] {logging_mixin.py:188} INFO - [2026-06-08T20:15:18.122+0000] {dag.py:3096} INFO - Sync 1 DAGs
[2026-06-08T20:15:18.181+0000] {logging_mixin.py:188} INFO - [2026-06-08T20:15:18.181+0000] {dag.py:3954} INFO - Setting next_dagrun for example_task_group to 2026-06-07 00:00:00+00:00, run_after=2026-06-08 00:00:00+00:00
[2026-06-08T20:15:18.203+0000] {processor.py:183} INFO - Processing /home/airflow/.local/lib/python3.12/site-packages/airflow/example_dags/example_task_group.py took 0.197 seconds
[2026-06-08T20:15:49.039+0000] {processor.py:161} INFO - Started process (PID=917) to work on /home/airflow/.local/lib/python3.12/site-packages/airflow/example_dags/example_task_group.py
[2026-06-08T20:15:49.040+0000] {processor.py:830} INFO - Processing file /home/airflow/.local/lib/python3.12/site-packages/airflow/example_dags/example_task_group.py for tasks to queue
[2026-06-08T20:15:49.042+0000] {logging_mixin.py:188} INFO - [2026-06-08T20:15:49.042+0000] {dagbag.py:545} INFO - Filling up the DagBag from /home/airflow/.local/lib/python3.12/site-packages/airflow/example_dags/example_task_group.py
[2026-06-08T20:15:49.051+0000] {processor.py:840} INFO - DAG(s) 'example_task_group' retrieved from /home/airflow/.local/lib/python3.12/site-packages/airflow/example_dags/example_task_group.py
[2026-06-08T20:15:49.081+0000] {logging_mixin.py:188} INFO - [2026-06-08T20:15:49.080+0000] {dag.py:3096} INFO - Sync 1 DAGs
[2026-06-08T20:15:49.111+0000] {logging_mixin.py:188} INFO - [2026-06-08T20:15:49.111+0000] {dag.py:3954} INFO - Setting next_dagrun for example_task_group to 2026-06-07 00:00:00+00:00, run_after=2026-06-08 00:00:00+00:00
[2026-06-08T20:15:49.155+0000] {processor.py:183} INFO - Processing /home/airflow/.local/lib/python3.12/site-packages/airflow/example_dags/example_task_group.py took 0.124 seconds
[2026-06-08T20:16:19.403+0000] {processor.py:161} INFO - Started process (PID=975) to work on /home/airflow/.local/lib/python3.12/site-packages/airflow/example_dags/example_task_group.py
[2026-06-08T20:16:19.404+0000] {processor.py:830} INFO - Processing file /home/airflow/.local/lib/python3.12/site-packages/airflow/example_dags/example_task_group.py for tasks to queue
[2026-06-08T20:16:19.406+0000] {logging_mixin.py:188} INFO - [2026-06-08T20:16:19.406+0000] {dagbag.py:545} INFO - Filling up the DagBag from /home/airflow/.local/lib/python3.12/site-packages/airflow/example_dags/example_task_group.py
[2026-06-08T20:16:19.415+0000] {processor.py:840} INFO - DAG(s) 'example_task_group' retrieved from /home/airflow/.local/lib/python3.12/site-packages/airflow/example_dags/example_task_group.py
[2026-06-08T20:16:19.443+0000] {logging_mixin.py:188} INFO - [2026-06-08T20:16:19.443+0000] {dag.py:3096} INFO - Sync 1 DAGs
[2026-06-08T20:16:19.475+0000] {logging_mixin.py:188} INFO - [2026-06-08T20:16:19.474+0000] {dag.py:3954} INFO - Setting next_dagrun for example_task_group to 2026-06-07 00:00:00+00:00, run_after=2026-06-08 00:00:00+00:00
[2026-06-08T20:16:19.496+0000] {processor.py:183} INFO - Processing /home/airflow/.local/lib/python3.12/site-packages/airflow/example_dags/example_task_group.py took 0.100 seconds
[2026-06-08T20:16:49.596+0000] {processor.py:161} INFO - Started process (PID=1033) to work on /home/airflow/.local/lib/python3.12/site-packages/airflow/example_dags/example_task_group.py
[2026-06-08T20:16:49.597+0000] {processor.py:830} INFO - Processing file /home/airflow/.local/lib/python3.12/site-packages/airflow/example_dags/example_task_group.py for tasks to queue
[2026-06-08T20:16:49.599+0000] {logging_mixin.py:188} INFO - [2026-06-08T20:16:49.598+0000] {dagbag.py:545} INFO - Filling up the DagBag from /home/airflow/.local/lib/python3.12/site-packages/airflow/example_dags/example_task_group.py
[2026-06-08T20:16:49.608+0000] {processor.py:840} INFO - DAG(s) 'example_task_group' retrieved from /home/airflow/.local/lib/python3.12/site-packages/airflow/example_dags/example_task_group.py
[2026-06-08T20:16:49.638+0000] {logging_mixin.py:188} INFO - [2026-06-08T20:16:49.638+0000] {dag.py:3096} INFO - Sync 1 DAGs
[2026-06-08T20:16:49.670+0000] {logging_mixin.py:188} INFO - [2026-06-08T20:16:49.670+0000] {dag.py:3954} INFO - Setting next_dagrun for example_task_group to 2026-06-07 00:00:00+00:00, run_after=2026-06-08 00:00:00+00:00
[2026-06-08T20:16:49.693+0000] {processor.py:183} INFO - Processing /home/airflow/.local/lib/python3.12/site-packages/airflow/example_dags/example_task_group.py took 0.113 seconds
[2026-06-08T20:17:20.120+0000] {processor.py:161} INFO - Started process (PID=1091) to work on /home/airflow/.local/lib/python3.12/site-packages/airflow/example_dags/example_task_group.py
[2026-06-08T20:17:20.121+0000] {processor.py:830} INFO - Processing file /home/airflow/.local/lib/python3.12/site-packages/airflow/example_dags/example_task_group.py for tasks to queue
[2026-06-08T20:17:20.123+0000] {logging_mixin.py:188} INFO - [2026-06-08T20:17:20.123+0000] {dagbag.py:545} INFO - Filling up the DagBag from /home/airflow/.local/lib/python3.12/site-packages/airflow/example_dags/example_task_group.py
[2026-06-08T20:17:20.132+0000] {processor.py:840} INFO - DAG(s) 'example_task_group' retrieved from /home/airflow/.local/lib/python3.12/site-packages/airflow/example_dags/example_task_group.py
[2026-06-08T20:17:20.160+0000] {logging_mixin.py:188} INFO - [2026-06-08T20:17:20.160+0000] {dag.py:3096} INFO - Sync 1 DAGs
[2026-06-08T20:17:20.191+0000] {logging_mixin.py:188} INFO - [2026-06-08T20:17:20.191+0000] {dag.py:3954} INFO - Setting next_dagrun for example_task_group to 2026-06-07 00:00:00+00:00, run_after=2026-06-08 00:00:00+00:00
[2026-06-08T20:17:20.211+0000] {processor.py:183} INFO - Processing /home/airflow/.local/lib/python3.12/site-packages/airflow/example_dags/example_task_group.py took 0.099 seconds
[2026-06-08T20:19:02.931+0000] {processor.py:161} INFO - Started process (PID=102) to work on /home/airflow/.local/lib/python3.12/site-packages/airflow/example_dags/example_task_group.py
[2026-06-08T20:19:02.933+0000] {processor.py:830} INFO - Processing file /home/airflow/.local/lib/python3.12/site-packages/airflow/example_dags/example_task_group.py for tasks to queue
[2026-06-08T20:19:02.941+0000] {logging_mixin.py:188} INFO - [2026-06-08T20:19:02.936+0000] {dagbag.py:545} INFO - Filling up the DagBag from /home/airflow/.local/lib/python3.12/site-packages/airflow/example_dags/example_task_group.py
[2026-06-08T20:19:02.963+0000] {processor.py:840} INFO - DAG(s) 'example_task_group' retrieved from /home/airflow/.local/lib/python3.12/site-packages/airflow/example_dags/example_task_group.py
[2026-06-08T20:19:03.218+0000] {logging_mixin.py:188} INFO - [2026-06-08T20:19:03.217+0000] {dag.py:3096} INFO - Sync 1 DAGs
[2026-06-08T20:19:03.254+0000] {logging_mixin.py:188} INFO - [2026-06-08T20:19:03.254+0000] {dag.py:3954} INFO - Setting next_dagrun for example_task_group to 2026-06-07 00:00:00+00:00, run_after=2026-06-08 00:00:00+00:00
[2026-06-08T20:19:03.280+0000] {processor.py:183} INFO - Processing /home/airflow/.local/lib/python3.12/site-packages/airflow/example_dags/example_task_group.py took 0.368 seconds
[2026-06-08T20:19:33.681+0000] {processor.py:161} INFO - Started process (PID=161) to work on /home/airflow/.local/lib/python3.12/site-packages/airflow/example_dags/example_task_group.py
[2026-06-08T20:19:33.682+0000] {processor.py:830} INFO - Processing file /home/airflow/.local/lib/python3.12/site-packages/airflow/example_dags/example_task_group.py for tasks to queue
[2026-06-08T20:19:33.685+0000] {logging_mixin.py:188} INFO - [2026-06-08T20:19:33.684+0000] {dagbag.py:545} INFO - Filling up the DagBag from /home/airflow/.local/lib/python3.12/site-packages/airflow/example_dags/example_task_group.py
[2026-06-08T20:19:33.694+0000] {processor.py:840} INFO - DAG(s) 'example_task_group' retrieved from /home/airflow/.local/lib/python3.12/site-packages/airflow/example_dags/example_task_group.py
[2026-06-08T20:19:33.723+0000] {logging_mixin.py:188} INFO - [2026-06-08T20:19:33.723+0000] {dag.py:3096} INFO - Sync 1 DAGs
[2026-06-08T20:19:33.753+0000] {logging_mixin.py:188} INFO - [2026-06-08T20:19:33.753+0000] {dag.py:3954} INFO - Setting next_dagrun for example_task_group to 2026-06-07 00:00:00+00:00, run_after=2026-06-08 00:00:00+00:00
[2026-06-08T20:19:33.779+0000] {processor.py:183} INFO - Processing /home/airflow/.local/lib/python3.12/site-packages/airflow/example_dags/example_task_group.py took 0.106 seconds
[2026-06-08T20:20:04.403+0000] {processor.py:161} INFO - Started process (PID=220) to work on /home/airflow/.local/lib/python3.12/site-packages/airflow/example_dags/example_task_group.py
[2026-06-08T20:20:04.404+0000] {processor.py:830} INFO - Processing file /home/airflow/.local/lib/python3.12/site-packages/airflow/example_dags/example_task_group.py for tasks to queue
[2026-06-08T20:20:04.406+0000] {logging_mixin.py:188} INFO - [2026-06-08T20:20:04.406+0000] {dagbag.py:545} INFO - Filling up the DagBag from /home/airflow/.local/lib/python3.12/site-packages/airflow/example_dags/example_task_group.py
[2026-06-08T20:20:04.415+0000] {processor.py:840} INFO - DAG(s) 'example_task_group' retrieved from /home/airflow/.local/lib/python3.12/site-packages/airflow/example_dags/example_task_group.py
[2026-06-08T20:20:04.444+0000] {logging_mixin.py:188} INFO - [2026-06-08T20:20:04.444+0000] {dag.py:3096} INFO - Sync 1 DAGs
[2026-06-08T20:20:04.476+0000] {logging_mixin.py:188} INFO - [2026-06-08T20:20:04.476+0000] {dag.py:3954} INFO - Setting next_dagrun for example_task_group to 2026-06-07 00:00:00+00:00, run_after=2026-06-08 00:00:00+00:00
[2026-06-08T20:20:04.499+0000] {processor.py:183} INFO - Processing /home/airflow/.local/lib/python3.12/site-packages/airflow/example_dags/example_task_group.py took 0.104 seconds
[2026-06-08T20:20:34.805+0000] {processor.py:161} INFO - Started process (PID=278) to work on /home/airflow/.local/lib/python3.12/site-packages/airflow/example_dags/example_task_group.py
[2026-06-08T20:20:34.808+0000] {processor.py:830} INFO - Processing file /home/airflow/.local/lib/python3.12/site-packages/airflow/example_dags/example_task_group.py for tasks to queue
[2026-06-08T20:20:34.813+0000] {logging_mixin.py:188} INFO - [2026-06-08T20:20:34.813+0000] {dagbag.py:545} INFO - Filling up the DagBag from /home/airflow/.local/lib/python3.12/site-packages/airflow/example_dags/example_task_group.py
[2026-06-08T20:20:34.829+0000] {processor.py:840} INFO - DAG(s) 'example_task_group' retrieved from /home/airflow/.local/lib/python3.12/site-packages/airflow/example_dags/example_task_group.py
[2026-06-08T20:20:34.977+0000] {logging_mixin.py:188} INFO - [2026-06-08T20:20:34.977+0000] {dag.py:3096} INFO - Sync 1 DAGs
[2026-06-08T20:20:35.130+0000] {logging_mixin.py:188} INFO - [2026-06-08T20:20:35.122+0000] {dag.py:3954} INFO - Setting next_dagrun for example_task_group to 2026-06-07 00:00:00+00:00, run_after=2026-06-08 00:00:00+00:00
[2026-06-08T20:20:35.251+0000] {processor.py:183} INFO - Processing /home/airflow/.local/lib/python3.12/site-packages/airflow/example_dags/example_task_group.py took 0.461 seconds
[2026-06-08T20:21:06.028+0000] {processor.py:161} INFO - Started process (PID=337) to work on /home/airflow/.local/lib/python3.12/site-packages/airflow/example_dags/example_task_group.py
[2026-06-08T20:21:06.029+0000] {processor.py:830} INFO - Processing file /home/airflow/.local/lib/python3.12/site-packages/airflow/example_dags/example_task_group.py for tasks to queue
[2026-06-08T20:21:06.031+0000] {logging_mixin.py:188} INFO - [2026-06-08T20:21:06.030+0000] {dagbag.py:545} INFO - Filling up the DagBag from /home/airflow/.local/lib/python3.12/site-packages/airflow/example_dags/example_task_group.py
[2026-06-08T20:21:06.040+0000] {processor.py:840} INFO - DAG(s) 'example_task_group' retrieved from /home/airflow/.local/lib/python3.12/site-packages/airflow/example_dags/example_task_group.py
[2026-06-08T20:21:06.070+0000] {logging_mixin.py:188} INFO - [2026-06-08T20:21:06.070+0000] {dag.py:3096} INFO - Sync 1 DAGs
[2026-06-08T20:21:06.105+0000] {logging_mixin.py:188} INFO - [2026-06-08T20:21:06.105+0000] {dag.py:3954} INFO - Setting next_dagrun for example_task_group to 2026-06-07 00:00:00+00:00, run_after=2026-06-08 00:00:00+00:00
[2026-06-08T20:21:06.126+0000] {processor.py:183} INFO - Processing /home/airflow/.local/lib/python3.12/site-packages/airflow/example_dags/example_task_group.py took 0.105 seconds
[2026-06-08T20:21:36.556+0000] {processor.py:161} INFO - Started process (PID=395) to work on /home/airflow/.local/lib/python3.12/site-packages/airflow/example_dags/example_task_group.py
[2026-06-08T20:21:36.558+0000] {processor.py:830} INFO - Processing file /home/airflow/.local/lib/python3.12/site-packages/airflow/example_dags/example_task_group.py for tasks to queue
[2026-06-08T20:21:36.560+0000] {logging_mixin.py:188} INFO - [2026-06-08T20:21:36.560+0000] {dagbag.py:545} INFO - Filling up the DagBag from /home/airflow/.local/lib/python3.12/site-packages/airflow/example_dags/example_task_group.py
[2026-06-08T20:21:36.569+0000] {processor.py:840} INFO - DAG(s) 'example_task_group' retrieved from /home/airflow/.local/lib/python3.12/site-packages/airflow/example_dags/example_task_group.py
[2026-06-08T20:21:36.603+0000] {logging_mixin.py:188} INFO - [2026-06-08T20:21:36.603+0000] {dag.py:3096} INFO - Sync 1 DAGs
[2026-06-08T20:21:36.673+0000] {logging_mixin.py:188} INFO - [2026-06-08T20:21:36.673+0000] {dag.py:3954} INFO - Setting next_dagrun for example_task_group to 2026-06-07 00:00:00+00:00, run_after=2026-06-08 00:00:00+00:00
[2026-06-08T20:21:36.760+0000] {processor.py:183} INFO - Processing /home/airflow/.local/lib/python3.12/site-packages/airflow/example_dags/example_task_group.py took 0.210 seconds
[2026-06-08T20:22:07.196+0000] {processor.py:161} INFO - Started process (PID=454) to work on /home/airflow/.local/lib/python3.12/site-packages/airflow/example_dags/example_task_group.py
[2026-06-08T20:22:07.197+0000] {processor.py:830} INFO - Processing file /home/airflow/.local/lib/python3.12/site-packages/airflow/example_dags/example_task_group.py for tasks to queue
[2026-06-08T20:22:07.199+0000] {logging_mixin.py:188} INFO - [2026-06-08T20:22:07.198+0000] {dagbag.py:545} INFO - Filling up the DagBag from /home/airflow/.local/lib/python3.12/site-packages/airflow/example_dags/example_task_group.py
[2026-06-08T20:22:07.218+0000] {processor.py:840} INFO - DAG(s) 'example_task_group' retrieved from /home/airflow/.local/lib/python3.12/site-packages/airflow/example_dags/example_task_group.py
[2026-06-08T20:22:07.259+0000] {logging_mixin.py:188} INFO - [2026-06-08T20:22:07.259+0000] {dag.py:3096} INFO - Sync 1 DAGs
[2026-06-08T20:22:07.289+0000] {logging_mixin.py:188} INFO - [2026-06-08T20:22:07.289+0000] {dag.py:3954} INFO - Setting next_dagrun for example_task_group to 2026-06-07 00:00:00+00:00, run_after=2026-06-08 00:00:00+00:00
[2026-06-08T20:22:07.310+0000] {processor.py:183} INFO - Processing /home/airflow/.local/lib/python3.12/site-packages/airflow/example_dags/example_task_group.py took 0.120 seconds
[2026-06-08T20:22:37.771+0000] {processor.py:161} INFO - Started process (PID=513) to work on /home/airflow/.local/lib/python3.12/site-packages/airflow/example_dags/example_task_group.py
[2026-06-08T20:22:37.774+0000] {processor.py:830} INFO - Processing file /home/airflow/.local/lib/python3.12/site-packages/airflow/example_dags/example_task_group.py for tasks to queue
[2026-06-08T20:22:37.778+0000] {logging_mixin.py:188} INFO - [2026-06-08T20:22:37.777+0000] {dagbag.py:545} INFO - Filling up the DagBag from /home/airflow/.local/lib/python3.12/site-packages/airflow/example_dags/example_task_group.py
[2026-06-08T20:22:37.791+0000] {processor.py:840} INFO - DAG(s) 'example_task_group' retrieved from /home/airflow/.local/lib/python3.12/site-packages/airflow/example_dags/example_task_group.py
[2026-06-08T20:22:37.819+0000] {logging_mixin.py:188} INFO - [2026-06-08T20:22:37.819+0000] {dag.py:3096} INFO - Sync 1 DAGs
[2026-06-08T20:22:37.849+0000] {logging_mixin.py:188} INFO - [2026-06-08T20:22:37.848+0000] {dag.py:3954} INFO - Setting next_dagrun for example_task_group to 2026-06-07 00:00:00+00:00, run_after=2026-06-08 00:00:00+00:00
[2026-06-08T20:22:37.870+0000] {processor.py:183} INFO - Processing /home/airflow/.local/lib/python3.12/site-packages/airflow/example_dags/example_task_group.py took 0.106 seconds
[2026-06-08T20:23:07.929+0000] {processor.py:161} INFO - Started process (PID=572) to work on /home/airflow/.local/lib/python3.12/site-packages/airflow/example_dags/example_task_group.py
[2026-06-08T20:23:07.930+0000] {processor.py:830} INFO - Processing file /home/airflow/.local/lib/python3.12/site-packages/airflow/example_dags/example_task_group.py for tasks to queue
[2026-06-08T20:23:07.935+0000] {logging_mixin.py:188} INFO - [2026-06-08T20:23:07.935+0000] {dagbag.py:545} INFO - Filling up the DagBag from /home/airflow/.local/lib/python3.12/site-packages/airflow/example_dags/example_task_group.py
[2026-06-08T20:23:07.945+0000] {processor.py:840} INFO - DAG(s) 'example_task_group' retrieved from /home/airflow/.local/lib/python3.12/site-packages/airflow/example_dags/example_task_group.py
[2026-06-08T20:23:07.977+0000] {logging_mixin.py:188} INFO - [2026-06-08T20:23:07.977+0000] {dag.py:3096} INFO - Sync 1 DAGs
[2026-06-08T20:23:08.005+0000] {logging_mixin.py:188} INFO - [2026-06-08T20:23:08.005+0000] {dag.py:3954} INFO - Setting next_dagrun for example_task_group to 2026-06-07 00:00:00+00:00, run_after=2026-06-08 00:00:00+00:00
[2026-06-08T20:23:08.030+0000] {processor.py:183} INFO - Processing /home/airflow/.local/lib/python3.12/site-packages/airflow/example_dags/example_task_group.py took 0.108 seconds
[2026-06-08T20:23:38.603+0000] {processor.py:161} INFO - Started process (PID=631) to work on /home/airflow/.local/lib/python3.12/site-packages/airflow/example_dags/example_task_group.py
[2026-06-08T20:23:38.604+0000] {processor.py:830} INFO - Processing file /home/airflow/.local/lib/python3.12/site-packages/airflow/example_dags/example_task_group.py for tasks to queue
[2026-06-08T20:23:38.606+0000] {logging_mixin.py:188} INFO - [2026-06-08T20:23:38.606+0000] {dagbag.py:545} INFO - Filling up the DagBag from /home/airflow/.local/lib/python3.12/site-packages/airflow/example_dags/example_task_group.py
[2026-06-08T20:23:38.615+0000] {processor.py:840} INFO - DAG(s) 'example_task_group' retrieved from /home/airflow/.local/lib/python3.12/site-packages/airflow/example_dags/example_task_group.py
[2026-06-08T20:23:38.643+0000] {logging_mixin.py:188} INFO - [2026-06-08T20:23:38.643+0000] {dag.py:3096} INFO - Sync 1 DAGs
[2026-06-08T20:23:38.676+0000] {logging_mixin.py:188} INFO - [2026-06-08T20:23:38.676+0000] {dag.py:3954} INFO - Setting next_dagrun for example_task_group to 2026-06-07 00:00:00+00:00, run_after=2026-06-08 00:00:00+00:00
[2026-06-08T20:23:38.701+0000] {processor.py:183} INFO - Processing /home/airflow/.local/lib/python3.12/site-packages/airflow/example_dags/example_task_group.py took 0.105 seconds
