[2026-06-08T20:03:52.686+0000] {processor.py:161} INFO - Started process (PID=96) to work on /home/airflow/.local/lib/python3.12/site-packages/airflow/example_dags/tutorial_objectstorage.py
[2026-06-08T20:03:52.687+0000] {processor.py:830} INFO - Processing file /home/airflow/.local/lib/python3.12/site-packages/airflow/example_dags/tutorial_objectstorage.py for tasks to queue
[2026-06-08T20:03:52.692+0000] {logging_mixin.py:188} INFO - [2026-06-08T20:03:52.692+0000] {dagbag.py:545} INFO - Filling up the DagBag from /home/airflow/.local/lib/python3.12/site-packages/airflow/example_dags/tutorial_objectstorage.py
[2026-06-08T20:03:52.720+0000] {processor.py:840} INFO - DAG(s) 'tutorial_objectstorage' retrieved from /home/airflow/.local/lib/python3.12/site-packages/airflow/example_dags/tutorial_objectstorage.py
[2026-06-08T20:03:53.282+0000] {logging_mixin.py:188} INFO - [2026-06-08T20:03:53.282+0000] {dag.py:3096} INFO - Sync 1 DAGs
[2026-06-08T20:03:53.347+0000] {logging_mixin.py:188} INFO - [2026-06-08T20:03:53.341+0000] {dag.py:3954} INFO - Setting next_dagrun for tutorial_objectstorage to None, run_after=None
[2026-06-08T20:03:53.415+0000] {processor.py:183} INFO - Processing /home/airflow/.local/lib/python3.12/site-packages/airflow/example_dags/tutorial_objectstorage.py took 0.754 seconds
[2026-06-08T20:04:24.085+0000] {processor.py:161} INFO - Started process (PID=160) to work on /home/airflow/.local/lib/python3.12/site-packages/airflow/example_dags/tutorial_objectstorage.py
[2026-06-08T20:04:24.089+0000] {processor.py:830} INFO - Processing file /home/airflow/.local/lib/python3.12/site-packages/airflow/example_dags/tutorial_objectstorage.py for tasks to queue
[2026-06-08T20:04:24.093+0000] {logging_mixin.py:188} INFO - [2026-06-08T20:04:24.093+0000] {dagbag.py:545} INFO - Filling up the DagBag from /home/airflow/.local/lib/python3.12/site-packages/airflow/example_dags/tutorial_objectstorage.py
[2026-06-08T20:04:24.106+0000] {processor.py:840} INFO - DAG(s) 'tutorial_objectstorage' retrieved from /home/airflow/.local/lib/python3.12/site-packages/airflow/example_dags/tutorial_objectstorage.py
[2026-06-08T20:04:24.131+0000] {logging_mixin.py:188} INFO - [2026-06-08T20:04:24.131+0000] {dag.py:3096} INFO - Sync 1 DAGs
[2026-06-08T20:04:24.149+0000] {logging_mixin.py:188} INFO - [2026-06-08T20:04:24.149+0000] {dag.py:3954} INFO - Setting next_dagrun for tutorial_objectstorage to None, run_after=None
[2026-06-08T20:04:24.172+0000] {processor.py:183} INFO - Processing /home/airflow/.local/lib/python3.12/site-packages/airflow/example_dags/tutorial_objectstorage.py took 0.105 seconds
[2026-06-08T20:04:54.354+0000] {processor.py:161} INFO - Started process (PID=218) to work on /home/airflow/.local/lib/python3.12/site-packages/airflow/example_dags/tutorial_objectstorage.py
[2026-06-08T20:04:54.355+0000] {processor.py:830} INFO - Processing file /home/airflow/.local/lib/python3.12/site-packages/airflow/example_dags/tutorial_objectstorage.py for tasks to queue
[2026-06-08T20:04:54.357+0000] {logging_mixin.py:188} INFO - [2026-06-08T20:04:54.357+0000] {dagbag.py:545} INFO - Filling up the DagBag from /home/airflow/.local/lib/python3.12/site-packages/airflow/example_dags/tutorial_objectstorage.py
[2026-06-08T20:04:54.366+0000] {processor.py:840} INFO - DAG(s) 'tutorial_objectstorage' retrieved from /home/airflow/.local/lib/python3.12/site-packages/airflow/example_dags/tutorial_objectstorage.py
[2026-06-08T20:04:54.392+0000] {logging_mixin.py:188} INFO - [2026-06-08T20:04:54.391+0000] {dag.py:3096} INFO - Sync 1 DAGs
[2026-06-08T20:04:54.409+0000] {logging_mixin.py:188} INFO - [2026-06-08T20:04:54.409+0000] {dag.py:3954} INFO - Setting next_dagrun for tutorial_objectstorage to None, run_after=None
[2026-06-08T20:04:54.432+0000] {processor.py:183} INFO - Processing /home/airflow/.local/lib/python3.12/site-packages/airflow/example_dags/tutorial_objectstorage.py took 0.085 seconds
[2026-06-08T20:05:24.936+0000] {processor.py:161} INFO - Started process (PID=276) to work on /home/airflow/.local/lib/python3.12/site-packages/airflow/example_dags/tutorial_objectstorage.py
[2026-06-08T20:05:24.940+0000] {processor.py:830} INFO - Processing file /home/airflow/.local/lib/python3.12/site-packages/airflow/example_dags/tutorial_objectstorage.py for tasks to queue
[2026-06-08T20:05:24.943+0000] {logging_mixin.py:188} INFO - [2026-06-08T20:05:24.943+0000] {dagbag.py:545} INFO - Filling up the DagBag from /home/airflow/.local/lib/python3.12/site-packages/airflow/example_dags/tutorial_objectstorage.py
[2026-06-08T20:05:24.975+0000] {processor.py:840} INFO - DAG(s) 'tutorial_objectstorage' retrieved from /home/airflow/.local/lib/python3.12/site-packages/airflow/example_dags/tutorial_objectstorage.py
[2026-06-08T20:05:25.090+0000] {logging_mixin.py:188} INFO - [2026-06-08T20:05:25.087+0000] {dag.py:3096} INFO - Sync 1 DAGs
[2026-06-08T20:05:25.164+0000] {logging_mixin.py:188} INFO - [2026-06-08T20:05:25.164+0000] {dag.py:3954} INFO - Setting next_dagrun for tutorial_objectstorage to None, run_after=None
[2026-06-08T20:05:25.373+0000] {processor.py:183} INFO - Processing /home/airflow/.local/lib/python3.12/site-packages/airflow/example_dags/tutorial_objectstorage.py took 0.460 seconds
[2026-06-08T20:05:55.763+0000] {processor.py:161} INFO - Started process (PID=334) to work on /home/airflow/.local/lib/python3.12/site-packages/airflow/example_dags/tutorial_objectstorage.py
[2026-06-08T20:05:55.765+0000] {processor.py:830} INFO - Processing file /home/airflow/.local/lib/python3.12/site-packages/airflow/example_dags/tutorial_objectstorage.py for tasks to queue
[2026-06-08T20:05:55.770+0000] {logging_mixin.py:188} INFO - [2026-06-08T20:05:55.770+0000] {dagbag.py:545} INFO - Filling up the DagBag from /home/airflow/.local/lib/python3.12/site-packages/airflow/example_dags/tutorial_objectstorage.py
[2026-06-08T20:05:55.783+0000] {processor.py:840} INFO - DAG(s) 'tutorial_objectstorage' retrieved from /home/airflow/.local/lib/python3.12/site-packages/airflow/example_dags/tutorial_objectstorage.py
[2026-06-08T20:05:55.914+0000] {logging_mixin.py:188} INFO - [2026-06-08T20:05:55.913+0000] {dag.py:3096} INFO - Sync 1 DAGs
[2026-06-08T20:05:55.953+0000] {logging_mixin.py:188} INFO - [2026-06-08T20:05:55.953+0000] {dag.py:3954} INFO - Setting next_dagrun for tutorial_objectstorage to None, run_after=None
[2026-06-08T20:05:55.992+0000] {processor.py:183} INFO - Processing /home/airflow/.local/lib/python3.12/site-packages/airflow/example_dags/tutorial_objectstorage.py took 0.243 seconds
[2026-06-08T20:06:26.913+0000] {processor.py:161} INFO - Started process (PID=392) to work on /home/airflow/.local/lib/python3.12/site-packages/airflow/example_dags/tutorial_objectstorage.py
[2026-06-08T20:06:26.914+0000] {processor.py:830} INFO - Processing file /home/airflow/.local/lib/python3.12/site-packages/airflow/example_dags/tutorial_objectstorage.py for tasks to queue
[2026-06-08T20:06:26.916+0000] {logging_mixin.py:188} INFO - [2026-06-08T20:06:26.915+0000] {dagbag.py:545} INFO - Filling up the DagBag from /home/airflow/.local/lib/python3.12/site-packages/airflow/example_dags/tutorial_objectstorage.py
[2026-06-08T20:06:26.924+0000] {processor.py:840} INFO - DAG(s) 'tutorial_objectstorage' retrieved from /home/airflow/.local/lib/python3.12/site-packages/airflow/example_dags/tutorial_objectstorage.py
[2026-06-08T20:06:26.951+0000] {logging_mixin.py:188} INFO - [2026-06-08T20:06:26.951+0000] {dag.py:3096} INFO - Sync 1 DAGs
[2026-06-08T20:06:26.972+0000] {logging_mixin.py:188} INFO - [2026-06-08T20:06:26.972+0000] {dag.py:3954} INFO - Setting next_dagrun for tutorial_objectstorage to None, run_after=None
[2026-06-08T20:06:27.000+0000] {processor.py:183} INFO - Processing /home/airflow/.local/lib/python3.12/site-packages/airflow/example_dags/tutorial_objectstorage.py took 0.094 seconds
[2026-06-08T20:06:57.876+0000] {processor.py:161} INFO - Started process (PID=450) to work on /home/airflow/.local/lib/python3.12/site-packages/airflow/example_dags/tutorial_objectstorage.py
[2026-06-08T20:06:57.877+0000] {processor.py:830} INFO - Processing file /home/airflow/.local/lib/python3.12/site-packages/airflow/example_dags/tutorial_objectstorage.py for tasks to queue
[2026-06-08T20:06:57.879+0000] {logging_mixin.py:188} INFO - [2026-06-08T20:06:57.879+0000] {dagbag.py:545} INFO - Filling up the DagBag from /home/airflow/.local/lib/python3.12/site-packages/airflow/example_dags/tutorial_objectstorage.py
[2026-06-08T20:06:57.888+0000] {processor.py:840} INFO - DAG(s) 'tutorial_objectstorage' retrieved from /home/airflow/.local/lib/python3.12/site-packages/airflow/example_dags/tutorial_objectstorage.py
[2026-06-08T20:06:57.918+0000] {logging_mixin.py:188} INFO - [2026-06-08T20:06:57.918+0000] {dag.py:3096} INFO - Sync 1 DAGs
[2026-06-08T20:06:57.937+0000] {logging_mixin.py:188} INFO - [2026-06-08T20:06:57.937+0000] {dag.py:3954} INFO - Setting next_dagrun for tutorial_objectstorage to None, run_after=None
[2026-06-08T20:06:57.961+0000] {processor.py:183} INFO - Processing /home/airflow/.local/lib/python3.12/site-packages/airflow/example_dags/tutorial_objectstorage.py took 0.102 seconds
[2026-06-08T20:08:31.239+0000] {processor.py:161} INFO - Started process (PID=94) to work on /home/airflow/.local/lib/python3.12/site-packages/airflow/example_dags/tutorial_objectstorage.py
[2026-06-08T20:08:31.242+0000] {processor.py:830} INFO - Processing file /home/airflow/.local/lib/python3.12/site-packages/airflow/example_dags/tutorial_objectstorage.py for tasks to queue
[2026-06-08T20:08:31.246+0000] {logging_mixin.py:188} INFO - [2026-06-08T20:08:31.245+0000] {dagbag.py:545} INFO - Filling up the DagBag from /home/airflow/.local/lib/python3.12/site-packages/airflow/example_dags/tutorial_objectstorage.py
[2026-06-08T20:08:31.263+0000] {processor.py:840} INFO - DAG(s) 'tutorial_objectstorage' retrieved from /home/airflow/.local/lib/python3.12/site-packages/airflow/example_dags/tutorial_objectstorage.py
[2026-06-08T20:08:31.626+0000] {logging_mixin.py:188} INFO - [2026-06-08T20:08:31.626+0000] {dag.py:3096} INFO - Sync 1 DAGs
[2026-06-08T20:08:31.657+0000] {logging_mixin.py:188} INFO - [2026-06-08T20:08:31.657+0000] {dag.py:3954} INFO - Setting next_dagrun for tutorial_objectstorage to None, run_after=None
[2026-06-08T20:08:31.779+0000] {processor.py:183} INFO - Processing /home/airflow/.local/lib/python3.12/site-packages/airflow/example_dags/tutorial_objectstorage.py took 0.554 seconds
[2026-06-08T20:09:01.975+0000] {processor.py:161} INFO - Started process (PID=152) to work on /home/airflow/.local/lib/python3.12/site-packages/airflow/example_dags/tutorial_objectstorage.py
[2026-06-08T20:09:01.978+0000] {processor.py:830} INFO - Processing file /home/airflow/.local/lib/python3.12/site-packages/airflow/example_dags/tutorial_objectstorage.py for tasks to queue
[2026-06-08T20:09:01.984+0000] {logging_mixin.py:188} INFO - [2026-06-08T20:09:01.984+0000] {dagbag.py:545} INFO - Filling up the DagBag from /home/airflow/.local/lib/python3.12/site-packages/airflow/example_dags/tutorial_objectstorage.py
[2026-06-08T20:09:02.004+0000] {processor.py:840} INFO - DAG(s) 'tutorial_objectstorage' retrieved from /home/airflow/.local/lib/python3.12/site-packages/airflow/example_dags/tutorial_objectstorage.py
[2026-06-08T20:09:02.048+0000] {logging_mixin.py:188} INFO - [2026-06-08T20:09:02.047+0000] {dag.py:3096} INFO - Sync 1 DAGs
[2026-06-08T20:09:02.203+0000] {logging_mixin.py:188} INFO - [2026-06-08T20:09:02.158+0000] {dag.py:3954} INFO - Setting next_dagrun for tutorial_objectstorage to None, run_after=None
[2026-06-08T20:09:02.386+0000] {processor.py:183} INFO - Processing /home/airflow/.local/lib/python3.12/site-packages/airflow/example_dags/tutorial_objectstorage.py took 0.431 seconds
[2026-06-08T20:09:32.981+0000] {processor.py:161} INFO - Started process (PID=210) to work on /home/airflow/.local/lib/python3.12/site-packages/airflow/example_dags/tutorial_objectstorage.py
[2026-06-08T20:09:32.982+0000] {processor.py:830} INFO - Processing file /home/airflow/.local/lib/python3.12/site-packages/airflow/example_dags/tutorial_objectstorage.py for tasks to queue
[2026-06-08T20:09:32.984+0000] {logging_mixin.py:188} INFO - [2026-06-08T20:09:32.983+0000] {dagbag.py:545} INFO - Filling up the DagBag from /home/airflow/.local/lib/python3.12/site-packages/airflow/example_dags/tutorial_objectstorage.py
[2026-06-08T20:09:32.990+0000] {processor.py:840} INFO - DAG(s) 'tutorial_objectstorage' retrieved from /home/airflow/.local/lib/python3.12/site-packages/airflow/example_dags/tutorial_objectstorage.py
[2026-06-08T20:09:33.007+0000] {logging_mixin.py:188} INFO - [2026-06-08T20:09:33.007+0000] {dag.py:3096} INFO - Sync 1 DAGs
[2026-06-08T20:09:33.023+0000] {logging_mixin.py:188} INFO - [2026-06-08T20:09:33.023+0000] {dag.py:3954} INFO - Setting next_dagrun for tutorial_objectstorage to None, run_after=None
[2026-06-08T20:09:33.061+0000] {processor.py:183} INFO - Processing /home/airflow/.local/lib/python3.12/site-packages/airflow/example_dags/tutorial_objectstorage.py took 0.085 seconds
[2026-06-08T20:10:03.364+0000] {processor.py:161} INFO - Started process (PID=270) to work on /home/airflow/.local/lib/python3.12/site-packages/airflow/example_dags/tutorial_objectstorage.py
[2026-06-08T20:10:03.374+0000] {processor.py:830} INFO - Processing file /home/airflow/.local/lib/python3.12/site-packages/airflow/example_dags/tutorial_objectstorage.py for tasks to queue
[2026-06-08T20:10:03.386+0000] {logging_mixin.py:188} INFO - [2026-06-08T20:10:03.385+0000] {dagbag.py:545} INFO - Filling up the DagBag from /home/airflow/.local/lib/python3.12/site-packages/airflow/example_dags/tutorial_objectstorage.py
[2026-06-08T20:10:03.430+0000] {processor.py:840} INFO - DAG(s) 'tutorial_objectstorage' retrieved from /home/airflow/.local/lib/python3.12/site-packages/airflow/example_dags/tutorial_objectstorage.py
[2026-06-08T20:10:03.513+0000] {logging_mixin.py:188} INFO - [2026-06-08T20:10:03.513+0000] {dag.py:3096} INFO - Sync 1 DAGs
[2026-06-08T20:10:03.540+0000] {logging_mixin.py:188} INFO - [2026-06-08T20:10:03.540+0000] {dag.py:3954} INFO - Setting next_dagrun for tutorial_objectstorage to None, run_after=None
[2026-06-08T20:10:03.589+0000] {processor.py:183} INFO - Processing /home/airflow/.local/lib/python3.12/site-packages/airflow/example_dags/tutorial_objectstorage.py took 0.270 seconds
[2026-06-08T20:10:34.037+0000] {processor.py:161} INFO - Started process (PID=328) to work on /home/airflow/.local/lib/python3.12/site-packages/airflow/example_dags/tutorial_objectstorage.py
[2026-06-08T20:10:34.038+0000] {processor.py:830} INFO - Processing file /home/airflow/.local/lib/python3.12/site-packages/airflow/example_dags/tutorial_objectstorage.py for tasks to queue
[2026-06-08T20:10:34.041+0000] {logging_mixin.py:188} INFO - [2026-06-08T20:10:34.041+0000] {dagbag.py:545} INFO - Filling up the DagBag from /home/airflow/.local/lib/python3.12/site-packages/airflow/example_dags/tutorial_objectstorage.py
[2026-06-08T20:10:34.067+0000] {processor.py:840} INFO - DAG(s) 'tutorial_objectstorage' retrieved from /home/airflow/.local/lib/python3.12/site-packages/airflow/example_dags/tutorial_objectstorage.py
[2026-06-08T20:10:34.117+0000] {logging_mixin.py:188} INFO - [2026-06-08T20:10:34.116+0000] {dag.py:3096} INFO - Sync 1 DAGs
[2026-06-08T20:10:34.134+0000] {logging_mixin.py:188} INFO - [2026-06-08T20:10:34.134+0000] {dag.py:3954} INFO - Setting next_dagrun for tutorial_objectstorage to None, run_after=None
[2026-06-08T20:10:34.156+0000] {processor.py:183} INFO - Processing /home/airflow/.local/lib/python3.12/site-packages/airflow/example_dags/tutorial_objectstorage.py took 0.134 seconds
[2026-06-08T20:11:04.716+0000] {processor.py:161} INFO - Started process (PID=386) to work on /home/airflow/.local/lib/python3.12/site-packages/airflow/example_dags/tutorial_objectstorage.py
[2026-06-08T20:11:04.720+0000] {processor.py:830} INFO - Processing file /home/airflow/.local/lib/python3.12/site-packages/airflow/example_dags/tutorial_objectstorage.py for tasks to queue
[2026-06-08T20:11:04.726+0000] {logging_mixin.py:188} INFO - [2026-06-08T20:11:04.725+0000] {dagbag.py:545} INFO - Filling up the DagBag from /home/airflow/.local/lib/python3.12/site-packages/airflow/example_dags/tutorial_objectstorage.py
[2026-06-08T20:11:04.754+0000] {processor.py:840} INFO - DAG(s) 'tutorial_objectstorage' retrieved from /home/airflow/.local/lib/python3.12/site-packages/airflow/example_dags/tutorial_objectstorage.py
[2026-06-08T20:11:04.844+0000] {logging_mixin.py:188} INFO - [2026-06-08T20:11:04.843+0000] {dag.py:3096} INFO - Sync 1 DAGs
[2026-06-08T20:11:04.884+0000] {logging_mixin.py:188} INFO - [2026-06-08T20:11:04.883+0000] {dag.py:3954} INFO - Setting next_dagrun for tutorial_objectstorage to None, run_after=None
[2026-06-08T20:11:04.905+0000] {processor.py:183} INFO - Processing /home/airflow/.local/lib/python3.12/site-packages/airflow/example_dags/tutorial_objectstorage.py took 0.208 seconds
[2026-06-08T20:11:35.205+0000] {processor.py:161} INFO - Started process (PID=443) to work on /home/airflow/.local/lib/python3.12/site-packages/airflow/example_dags/tutorial_objectstorage.py
[2026-06-08T20:11:35.206+0000] {processor.py:830} INFO - Processing file /home/airflow/.local/lib/python3.12/site-packages/airflow/example_dags/tutorial_objectstorage.py for tasks to queue
[2026-06-08T20:11:35.208+0000] {logging_mixin.py:188} INFO - [2026-06-08T20:11:35.207+0000] {dagbag.py:545} INFO - Filling up the DagBag from /home/airflow/.local/lib/python3.12/site-packages/airflow/example_dags/tutorial_objectstorage.py
[2026-06-08T20:11:35.216+0000] {processor.py:840} INFO - DAG(s) 'tutorial_objectstorage' retrieved from /home/airflow/.local/lib/python3.12/site-packages/airflow/example_dags/tutorial_objectstorage.py
[2026-06-08T20:11:35.242+0000] {logging_mixin.py:188} INFO - [2026-06-08T20:11:35.241+0000] {dag.py:3096} INFO - Sync 1 DAGs
[2026-06-08T20:11:35.259+0000] {logging_mixin.py:188} INFO - [2026-06-08T20:11:35.259+0000] {dag.py:3954} INFO - Setting next_dagrun for tutorial_objectstorage to None, run_after=None
[2026-06-08T20:11:35.290+0000] {processor.py:183} INFO - Processing /home/airflow/.local/lib/python3.12/site-packages/airflow/example_dags/tutorial_objectstorage.py took 0.091 seconds
[2026-06-08T20:12:07.096+0000] {processor.py:161} INFO - Started process (PID=502) to work on /home/airflow/.local/lib/python3.12/site-packages/airflow/example_dags/tutorial_objectstorage.py
[2026-06-08T20:12:07.100+0000] {processor.py:830} INFO - Processing file /home/airflow/.local/lib/python3.12/site-packages/airflow/example_dags/tutorial_objectstorage.py for tasks to queue
[2026-06-08T20:12:07.104+0000] {logging_mixin.py:188} INFO - [2026-06-08T20:12:07.104+0000] {dagbag.py:545} INFO - Filling up the DagBag from /home/airflow/.local/lib/python3.12/site-packages/airflow/example_dags/tutorial_objectstorage.py
[2026-06-08T20:12:07.131+0000] {processor.py:840} INFO - DAG(s) 'tutorial_objectstorage' retrieved from /home/airflow/.local/lib/python3.12/site-packages/airflow/example_dags/tutorial_objectstorage.py
[2026-06-08T20:12:07.215+0000] {logging_mixin.py:188} INFO - [2026-06-08T20:12:07.213+0000] {dag.py:3096} INFO - Sync 1 DAGs
[2026-06-08T20:12:07.254+0000] {logging_mixin.py:188} INFO - [2026-06-08T20:12:07.254+0000] {dag.py:3954} INFO - Setting next_dagrun for tutorial_objectstorage to None, run_after=None
[2026-06-08T20:12:07.379+0000] {processor.py:183} INFO - Processing /home/airflow/.local/lib/python3.12/site-packages/airflow/example_dags/tutorial_objectstorage.py took 0.299 seconds
[2026-06-08T20:12:37.970+0000] {processor.py:161} INFO - Started process (PID=560) to work on /home/airflow/.local/lib/python3.12/site-packages/airflow/example_dags/tutorial_objectstorage.py
[2026-06-08T20:12:37.972+0000] {processor.py:830} INFO - Processing file /home/airflow/.local/lib/python3.12/site-packages/airflow/example_dags/tutorial_objectstorage.py for tasks to queue
[2026-06-08T20:12:37.983+0000] {logging_mixin.py:188} INFO - [2026-06-08T20:12:37.981+0000] {dagbag.py:545} INFO - Filling up the DagBag from /home/airflow/.local/lib/python3.12/site-packages/airflow/example_dags/tutorial_objectstorage.py
[2026-06-08T20:12:38.022+0000] {processor.py:840} INFO - DAG(s) 'tutorial_objectstorage' retrieved from /home/airflow/.local/lib/python3.12/site-packages/airflow/example_dags/tutorial_objectstorage.py
[2026-06-08T20:12:38.120+0000] {logging_mixin.py:188} INFO - [2026-06-08T20:12:38.116+0000] {dag.py:3096} INFO - Sync 1 DAGs
[2026-06-08T20:12:38.160+0000] {logging_mixin.py:188} INFO - [2026-06-08T20:12:38.158+0000] {dag.py:3954} INFO - Setting next_dagrun for tutorial_objectstorage to None, run_after=None
[2026-06-08T20:12:38.239+0000] {processor.py:183} INFO - Processing /home/airflow/.local/lib/python3.12/site-packages/airflow/example_dags/tutorial_objectstorage.py took 0.305 seconds
[2026-06-08T20:13:09.805+0000] {processor.py:161} INFO - Started process (PID=618) to work on /home/airflow/.local/lib/python3.12/site-packages/airflow/example_dags/tutorial_objectstorage.py
[2026-06-08T20:13:09.806+0000] {processor.py:830} INFO - Processing file /home/airflow/.local/lib/python3.12/site-packages/airflow/example_dags/tutorial_objectstorage.py for tasks to queue
[2026-06-08T20:13:09.809+0000] {logging_mixin.py:188} INFO - [2026-06-08T20:13:09.808+0000] {dagbag.py:545} INFO - Filling up the DagBag from /home/airflow/.local/lib/python3.12/site-packages/airflow/example_dags/tutorial_objectstorage.py
[2026-06-08T20:13:09.836+0000] {processor.py:840} INFO - DAG(s) 'tutorial_objectstorage' retrieved from /home/airflow/.local/lib/python3.12/site-packages/airflow/example_dags/tutorial_objectstorage.py
[2026-06-08T20:13:09.884+0000] {logging_mixin.py:188} INFO - [2026-06-08T20:13:09.884+0000] {dag.py:3096} INFO - Sync 1 DAGs
[2026-06-08T20:13:09.922+0000] {logging_mixin.py:188} INFO - [2026-06-08T20:13:09.921+0000] {dag.py:3954} INFO - Setting next_dagrun for tutorial_objectstorage to None, run_after=None
[2026-06-08T20:13:09.963+0000] {processor.py:183} INFO - Processing /home/airflow/.local/lib/python3.12/site-packages/airflow/example_dags/tutorial_objectstorage.py took 0.167 seconds
[2026-06-08T20:13:41.845+0000] {processor.py:161} INFO - Started process (PID=675) to work on /home/airflow/.local/lib/python3.12/site-packages/airflow/example_dags/tutorial_objectstorage.py
[2026-06-08T20:13:41.850+0000] {processor.py:830} INFO - Processing file /home/airflow/.local/lib/python3.12/site-packages/airflow/example_dags/tutorial_objectstorage.py for tasks to queue
[2026-06-08T20:13:41.852+0000] {logging_mixin.py:188} INFO - [2026-06-08T20:13:41.851+0000] {dagbag.py:545} INFO - Filling up the DagBag from /home/airflow/.local/lib/python3.12/site-packages/airflow/example_dags/tutorial_objectstorage.py
[2026-06-08T20:13:41.864+0000] {processor.py:840} INFO - DAG(s) 'tutorial_objectstorage' retrieved from /home/airflow/.local/lib/python3.12/site-packages/airflow/example_dags/tutorial_objectstorage.py
[2026-06-08T20:13:41.897+0000] {logging_mixin.py:188} INFO - [2026-06-08T20:13:41.897+0000] {dag.py:3096} INFO - Sync 1 DAGs
[2026-06-08T20:13:41.919+0000] {logging_mixin.py:188} INFO - [2026-06-08T20:13:41.918+0000] {dag.py:3954} INFO - Setting next_dagrun for tutorial_objectstorage to None, run_after=None
[2026-06-08T20:13:41.969+0000] {processor.py:183} INFO - Processing /home/airflow/.local/lib/python3.12/site-packages/airflow/example_dags/tutorial_objectstorage.py took 0.139 seconds
[2026-06-08T20:14:12.975+0000] {processor.py:161} INFO - Started process (PID=733) to work on /home/airflow/.local/lib/python3.12/site-packages/airflow/example_dags/tutorial_objectstorage.py
[2026-06-08T20:14:12.977+0000] {processor.py:830} INFO - Processing file /home/airflow/.local/lib/python3.12/site-packages/airflow/example_dags/tutorial_objectstorage.py for tasks to queue
[2026-06-08T20:14:12.979+0000] {logging_mixin.py:188} INFO - [2026-06-08T20:14:12.978+0000] {dagbag.py:545} INFO - Filling up the DagBag from /home/airflow/.local/lib/python3.12/site-packages/airflow/example_dags/tutorial_objectstorage.py
[2026-06-08T20:14:12.997+0000] {processor.py:840} INFO - DAG(s) 'tutorial_objectstorage' retrieved from /home/airflow/.local/lib/python3.12/site-packages/airflow/example_dags/tutorial_objectstorage.py
[2026-06-08T20:14:13.026+0000] {logging_mixin.py:188} INFO - [2026-06-08T20:14:13.026+0000] {dag.py:3096} INFO - Sync 1 DAGs
[2026-06-08T20:14:13.045+0000] {logging_mixin.py:188} INFO - [2026-06-08T20:14:13.045+0000] {dag.py:3954} INFO - Setting next_dagrun for tutorial_objectstorage to None, run_after=None
[2026-06-08T20:14:13.072+0000] {processor.py:183} INFO - Processing /home/airflow/.local/lib/python3.12/site-packages/airflow/example_dags/tutorial_objectstorage.py took 0.104 seconds
[2026-06-08T20:14:44.392+0000] {processor.py:161} INFO - Started process (PID=791) to work on /home/airflow/.local/lib/python3.12/site-packages/airflow/example_dags/tutorial_objectstorage.py
[2026-06-08T20:14:44.396+0000] {processor.py:830} INFO - Processing file /home/airflow/.local/lib/python3.12/site-packages/airflow/example_dags/tutorial_objectstorage.py for tasks to queue
[2026-06-08T20:14:44.399+0000] {logging_mixin.py:188} INFO - [2026-06-08T20:14:44.398+0000] {dagbag.py:545} INFO - Filling up the DagBag from /home/airflow/.local/lib/python3.12/site-packages/airflow/example_dags/tutorial_objectstorage.py
[2026-06-08T20:14:44.411+0000] {processor.py:840} INFO - DAG(s) 'tutorial_objectstorage' retrieved from /home/airflow/.local/lib/python3.12/site-packages/airflow/example_dags/tutorial_objectstorage.py
[2026-06-08T20:14:44.441+0000] {logging_mixin.py:188} INFO - [2026-06-08T20:14:44.440+0000] {dag.py:3096} INFO - Sync 1 DAGs
[2026-06-08T20:14:44.457+0000] {logging_mixin.py:188} INFO - [2026-06-08T20:14:44.456+0000] {dag.py:3954} INFO - Setting next_dagrun for tutorial_objectstorage to None, run_after=None
[2026-06-08T20:14:44.489+0000] {processor.py:183} INFO - Processing /home/airflow/.local/lib/python3.12/site-packages/airflow/example_dags/tutorial_objectstorage.py took 0.111 seconds
[2026-06-08T20:15:14.974+0000] {processor.py:161} INFO - Started process (PID=849) to work on /home/airflow/.local/lib/python3.12/site-packages/airflow/example_dags/tutorial_objectstorage.py
[2026-06-08T20:15:14.978+0000] {processor.py:830} INFO - Processing file /home/airflow/.local/lib/python3.12/site-packages/airflow/example_dags/tutorial_objectstorage.py for tasks to queue
[2026-06-08T20:15:14.986+0000] {logging_mixin.py:188} INFO - [2026-06-08T20:15:14.986+0000] {dagbag.py:545} INFO - Filling up the DagBag from /home/airflow/.local/lib/python3.12/site-packages/airflow/example_dags/tutorial_objectstorage.py
[2026-06-08T20:15:15.032+0000] {processor.py:840} INFO - DAG(s) 'tutorial_objectstorage' retrieved from /home/airflow/.local/lib/python3.12/site-packages/airflow/example_dags/tutorial_objectstorage.py
[2026-06-08T20:15:15.297+0000] {logging_mixin.py:188} INFO - [2026-06-08T20:15:15.297+0000] {dag.py:3096} INFO - Sync 1 DAGs
[2026-06-08T20:15:15.425+0000] {logging_mixin.py:188} INFO - [2026-06-08T20:15:15.424+0000] {dag.py:3954} INFO - Setting next_dagrun for tutorial_objectstorage to None, run_after=None
[2026-06-08T20:15:15.540+0000] {processor.py:183} INFO - Processing /home/airflow/.local/lib/python3.12/site-packages/airflow/example_dags/tutorial_objectstorage.py took 0.591 seconds
[2026-06-08T20:15:46.288+0000] {processor.py:161} INFO - Started process (PID=907) to work on /home/airflow/.local/lib/python3.12/site-packages/airflow/example_dags/tutorial_objectstorage.py
[2026-06-08T20:15:46.289+0000] {processor.py:830} INFO - Processing file /home/airflow/.local/lib/python3.12/site-packages/airflow/example_dags/tutorial_objectstorage.py for tasks to queue
[2026-06-08T20:15:46.291+0000] {logging_mixin.py:188} INFO - [2026-06-08T20:15:46.291+0000] {dagbag.py:545} INFO - Filling up the DagBag from /home/airflow/.local/lib/python3.12/site-packages/airflow/example_dags/tutorial_objectstorage.py
[2026-06-08T20:15:46.300+0000] {processor.py:840} INFO - DAG(s) 'tutorial_objectstorage' retrieved from /home/airflow/.local/lib/python3.12/site-packages/airflow/example_dags/tutorial_objectstorage.py
[2026-06-08T20:15:46.329+0000] {logging_mixin.py:188} INFO - [2026-06-08T20:15:46.329+0000] {dag.py:3096} INFO - Sync 1 DAGs
[2026-06-08T20:15:46.347+0000] {logging_mixin.py:188} INFO - [2026-06-08T20:15:46.347+0000] {dag.py:3954} INFO - Setting next_dagrun for tutorial_objectstorage to None, run_after=None
[2026-06-08T20:15:46.391+0000] {processor.py:183} INFO - Processing /home/airflow/.local/lib/python3.12/site-packages/airflow/example_dags/tutorial_objectstorage.py took 0.110 seconds
[2026-06-08T20:16:16.598+0000] {processor.py:161} INFO - Started process (PID=965) to work on /home/airflow/.local/lib/python3.12/site-packages/airflow/example_dags/tutorial_objectstorage.py
[2026-06-08T20:16:16.599+0000] {processor.py:830} INFO - Processing file /home/airflow/.local/lib/python3.12/site-packages/airflow/example_dags/tutorial_objectstorage.py for tasks to queue
[2026-06-08T20:16:16.602+0000] {logging_mixin.py:188} INFO - [2026-06-08T20:16:16.601+0000] {dagbag.py:545} INFO - Filling up the DagBag from /home/airflow/.local/lib/python3.12/site-packages/airflow/example_dags/tutorial_objectstorage.py
[2026-06-08T20:16:16.610+0000] {processor.py:840} INFO - DAG(s) 'tutorial_objectstorage' retrieved from /home/airflow/.local/lib/python3.12/site-packages/airflow/example_dags/tutorial_objectstorage.py
[2026-06-08T20:16:16.636+0000] {logging_mixin.py:188} INFO - [2026-06-08T20:16:16.636+0000] {dag.py:3096} INFO - Sync 1 DAGs
[2026-06-08T20:16:16.655+0000] {logging_mixin.py:188} INFO - [2026-06-08T20:16:16.654+0000] {dag.py:3954} INFO - Setting next_dagrun for tutorial_objectstorage to None, run_after=None
[2026-06-08T20:16:16.689+0000] {processor.py:183} INFO - Processing /home/airflow/.local/lib/python3.12/site-packages/airflow/example_dags/tutorial_objectstorage.py took 0.097 seconds
[2026-06-08T20:16:46.751+0000] {processor.py:161} INFO - Started process (PID=1023) to work on /home/airflow/.local/lib/python3.12/site-packages/airflow/example_dags/tutorial_objectstorage.py
[2026-06-08T20:16:46.752+0000] {processor.py:830} INFO - Processing file /home/airflow/.local/lib/python3.12/site-packages/airflow/example_dags/tutorial_objectstorage.py for tasks to queue
[2026-06-08T20:16:46.754+0000] {logging_mixin.py:188} INFO - [2026-06-08T20:16:46.754+0000] {dagbag.py:545} INFO - Filling up the DagBag from /home/airflow/.local/lib/python3.12/site-packages/airflow/example_dags/tutorial_objectstorage.py
[2026-06-08T20:16:46.763+0000] {processor.py:840} INFO - DAG(s) 'tutorial_objectstorage' retrieved from /home/airflow/.local/lib/python3.12/site-packages/airflow/example_dags/tutorial_objectstorage.py
[2026-06-08T20:16:46.787+0000] {logging_mixin.py:188} INFO - [2026-06-08T20:16:46.787+0000] {dag.py:3096} INFO - Sync 1 DAGs
[2026-06-08T20:16:46.803+0000] {logging_mixin.py:188} INFO - [2026-06-08T20:16:46.803+0000] {dag.py:3954} INFO - Setting next_dagrun for tutorial_objectstorage to None, run_after=None
[2026-06-08T20:16:46.824+0000] {processor.py:183} INFO - Processing /home/airflow/.local/lib/python3.12/site-packages/airflow/example_dags/tutorial_objectstorage.py took 0.082 seconds
[2026-06-08T20:17:17.475+0000] {processor.py:161} INFO - Started process (PID=1081) to work on /home/airflow/.local/lib/python3.12/site-packages/airflow/example_dags/tutorial_objectstorage.py
[2026-06-08T20:17:17.476+0000] {processor.py:830} INFO - Processing file /home/airflow/.local/lib/python3.12/site-packages/airflow/example_dags/tutorial_objectstorage.py for tasks to queue
[2026-06-08T20:17:17.482+0000] {logging_mixin.py:188} INFO - [2026-06-08T20:17:17.480+0000] {dagbag.py:545} INFO - Filling up the DagBag from /home/airflow/.local/lib/python3.12/site-packages/airflow/example_dags/tutorial_objectstorage.py
[2026-06-08T20:17:17.510+0000] {processor.py:840} INFO - DAG(s) 'tutorial_objectstorage' retrieved from /home/airflow/.local/lib/python3.12/site-packages/airflow/example_dags/tutorial_objectstorage.py
[2026-06-08T20:17:17.574+0000] {logging_mixin.py:188} INFO - [2026-06-08T20:17:17.573+0000] {dag.py:3096} INFO - Sync 1 DAGs
[2026-06-08T20:17:17.600+0000] {logging_mixin.py:188} INFO - [2026-06-08T20:17:17.600+0000] {dag.py:3954} INFO - Setting next_dagrun for tutorial_objectstorage to None, run_after=None
[2026-06-08T20:17:17.638+0000] {processor.py:183} INFO - Processing /home/airflow/.local/lib/python3.12/site-packages/airflow/example_dags/tutorial_objectstorage.py took 0.182 seconds
[2026-06-08T20:18:59.235+0000] {processor.py:161} INFO - Started process (PID=91) to work on /home/airflow/.local/lib/python3.12/site-packages/airflow/example_dags/tutorial_objectstorage.py
[2026-06-08T20:18:59.250+0000] {processor.py:830} INFO - Processing file /home/airflow/.local/lib/python3.12/site-packages/airflow/example_dags/tutorial_objectstorage.py for tasks to queue
[2026-06-08T20:18:59.267+0000] {logging_mixin.py:188} INFO - [2026-06-08T20:18:59.263+0000] {dagbag.py:545} INFO - Filling up the DagBag from /home/airflow/.local/lib/python3.12/site-packages/airflow/example_dags/tutorial_objectstorage.py
[2026-06-08T20:18:59.352+0000] {processor.py:840} INFO - DAG(s) 'tutorial_objectstorage' retrieved from /home/airflow/.local/lib/python3.12/site-packages/airflow/example_dags/tutorial_objectstorage.py
[2026-06-08T20:19:00.051+0000] {logging_mixin.py:188} INFO - [2026-06-08T20:19:00.051+0000] {dag.py:3096} INFO - Sync 1 DAGs
[2026-06-08T20:19:00.084+0000] {logging_mixin.py:188} INFO - [2026-06-08T20:19:00.084+0000] {dag.py:3954} INFO - Setting next_dagrun for tutorial_objectstorage to None, run_after=None
[2026-06-08T20:19:00.141+0000] {processor.py:183} INFO - Processing /home/airflow/.local/lib/python3.12/site-packages/airflow/example_dags/tutorial_objectstorage.py took 0.962 seconds
[2026-06-08T20:19:30.796+0000] {processor.py:161} INFO - Started process (PID=150) to work on /home/airflow/.local/lib/python3.12/site-packages/airflow/example_dags/tutorial_objectstorage.py
[2026-06-08T20:19:30.797+0000] {processor.py:830} INFO - Processing file /home/airflow/.local/lib/python3.12/site-packages/airflow/example_dags/tutorial_objectstorage.py for tasks to queue
[2026-06-08T20:19:30.799+0000] {logging_mixin.py:188} INFO - [2026-06-08T20:19:30.799+0000] {dagbag.py:545} INFO - Filling up the DagBag from /home/airflow/.local/lib/python3.12/site-packages/airflow/example_dags/tutorial_objectstorage.py
[2026-06-08T20:19:30.809+0000] {processor.py:840} INFO - DAG(s) 'tutorial_objectstorage' retrieved from /home/airflow/.local/lib/python3.12/site-packages/airflow/example_dags/tutorial_objectstorage.py
[2026-06-08T20:19:30.899+0000] {logging_mixin.py:188} INFO - [2026-06-08T20:19:30.899+0000] {dag.py:3096} INFO - Sync 1 DAGs
[2026-06-08T20:19:30.990+0000] {logging_mixin.py:188} INFO - [2026-06-08T20:19:30.990+0000] {dag.py:3954} INFO - Setting next_dagrun for tutorial_objectstorage to None, run_after=None
[2026-06-08T20:19:31.017+0000] {processor.py:183} INFO - Processing /home/airflow/.local/lib/python3.12/site-packages/airflow/example_dags/tutorial_objectstorage.py took 0.226 seconds
[2026-06-08T20:20:01.111+0000] {processor.py:161} INFO - Started process (PID=209) to work on /home/airflow/.local/lib/python3.12/site-packages/airflow/example_dags/tutorial_objectstorage.py
[2026-06-08T20:20:01.112+0000] {processor.py:830} INFO - Processing file /home/airflow/.local/lib/python3.12/site-packages/airflow/example_dags/tutorial_objectstorage.py for tasks to queue
[2026-06-08T20:20:01.119+0000] {logging_mixin.py:188} INFO - [2026-06-08T20:20:01.119+0000] {dagbag.py:545} INFO - Filling up the DagBag from /home/airflow/.local/lib/python3.12/site-packages/airflow/example_dags/tutorial_objectstorage.py
[2026-06-08T20:20:01.162+0000] {processor.py:840} INFO - DAG(s) 'tutorial_objectstorage' retrieved from /home/airflow/.local/lib/python3.12/site-packages/airflow/example_dags/tutorial_objectstorage.py
[2026-06-08T20:20:01.241+0000] {logging_mixin.py:188} INFO - [2026-06-08T20:20:01.241+0000] {dag.py:3096} INFO - Sync 1 DAGs
[2026-06-08T20:20:01.277+0000] {logging_mixin.py:188} INFO - [2026-06-08T20:20:01.277+0000] {dag.py:3954} INFO - Setting next_dagrun for tutorial_objectstorage to None, run_after=None
[2026-06-08T20:20:01.300+0000] {processor.py:183} INFO - Processing /home/airflow/.local/lib/python3.12/site-packages/airflow/example_dags/tutorial_objectstorage.py took 0.226 seconds
[2026-06-08T20:20:31.934+0000] {processor.py:161} INFO - Started process (PID=267) to work on /home/airflow/.local/lib/python3.12/site-packages/airflow/example_dags/tutorial_objectstorage.py
[2026-06-08T20:20:31.935+0000] {processor.py:830} INFO - Processing file /home/airflow/.local/lib/python3.12/site-packages/airflow/example_dags/tutorial_objectstorage.py for tasks to queue
[2026-06-08T20:20:31.939+0000] {logging_mixin.py:188} INFO - [2026-06-08T20:20:31.939+0000] {dagbag.py:545} INFO - Filling up the DagBag from /home/airflow/.local/lib/python3.12/site-packages/airflow/example_dags/tutorial_objectstorage.py
[2026-06-08T20:20:31.951+0000] {processor.py:840} INFO - DAG(s) 'tutorial_objectstorage' retrieved from /home/airflow/.local/lib/python3.12/site-packages/airflow/example_dags/tutorial_objectstorage.py
[2026-06-08T20:20:31.983+0000] {logging_mixin.py:188} INFO - [2026-06-08T20:20:31.983+0000] {dag.py:3096} INFO - Sync 1 DAGs
[2026-06-08T20:20:32.002+0000] {logging_mixin.py:188} INFO - [2026-06-08T20:20:32.002+0000] {dag.py:3954} INFO - Setting next_dagrun for tutorial_objectstorage to None, run_after=None
[2026-06-08T20:20:32.030+0000] {processor.py:183} INFO - Processing /home/airflow/.local/lib/python3.12/site-packages/airflow/example_dags/tutorial_objectstorage.py took 0.107 seconds
[2026-06-08T20:21:02.202+0000] {processor.py:161} INFO - Started process (PID=326) to work on /home/airflow/.local/lib/python3.12/site-packages/airflow/example_dags/tutorial_objectstorage.py
[2026-06-08T20:21:02.203+0000] {processor.py:830} INFO - Processing file /home/airflow/.local/lib/python3.12/site-packages/airflow/example_dags/tutorial_objectstorage.py for tasks to queue
[2026-06-08T20:21:02.205+0000] {logging_mixin.py:188} INFO - [2026-06-08T20:21:02.204+0000] {dagbag.py:545} INFO - Filling up the DagBag from /home/airflow/.local/lib/python3.12/site-packages/airflow/example_dags/tutorial_objectstorage.py
[2026-06-08T20:21:02.215+0000] {processor.py:840} INFO - DAG(s) 'tutorial_objectstorage' retrieved from /home/airflow/.local/lib/python3.12/site-packages/airflow/example_dags/tutorial_objectstorage.py
[2026-06-08T20:21:02.241+0000] {logging_mixin.py:188} INFO - [2026-06-08T20:21:02.240+0000] {dag.py:3096} INFO - Sync 1 DAGs
[2026-06-08T20:21:02.274+0000] {logging_mixin.py:188} INFO - [2026-06-08T20:21:02.273+0000] {dag.py:3954} INFO - Setting next_dagrun for tutorial_objectstorage to None, run_after=None
[2026-06-08T20:21:02.299+0000] {processor.py:183} INFO - Processing /home/airflow/.local/lib/python3.12/site-packages/airflow/example_dags/tutorial_objectstorage.py took 0.105 seconds
[2026-06-08T20:21:32.713+0000] {processor.py:161} INFO - Started process (PID=384) to work on /home/airflow/.local/lib/python3.12/site-packages/airflow/example_dags/tutorial_objectstorage.py
[2026-06-08T20:21:32.714+0000] {processor.py:830} INFO - Processing file /home/airflow/.local/lib/python3.12/site-packages/airflow/example_dags/tutorial_objectstorage.py for tasks to queue
[2026-06-08T20:21:32.716+0000] {logging_mixin.py:188} INFO - [2026-06-08T20:21:32.715+0000] {dagbag.py:545} INFO - Filling up the DagBag from /home/airflow/.local/lib/python3.12/site-packages/airflow/example_dags/tutorial_objectstorage.py
[2026-06-08T20:21:32.724+0000] {processor.py:840} INFO - DAG(s) 'tutorial_objectstorage' retrieved from /home/airflow/.local/lib/python3.12/site-packages/airflow/example_dags/tutorial_objectstorage.py
[2026-06-08T20:21:32.750+0000] {logging_mixin.py:188} INFO - [2026-06-08T20:21:32.750+0000] {dag.py:3096} INFO - Sync 1 DAGs
[2026-06-08T20:21:32.770+0000] {logging_mixin.py:188} INFO - [2026-06-08T20:21:32.769+0000] {dag.py:3954} INFO - Setting next_dagrun for tutorial_objectstorage to None, run_after=None
[2026-06-08T20:21:32.806+0000] {processor.py:183} INFO - Processing /home/airflow/.local/lib/python3.12/site-packages/airflow/example_dags/tutorial_objectstorage.py took 0.101 seconds
[2026-06-08T20:22:03.024+0000] {processor.py:161} INFO - Started process (PID=443) to work on /home/airflow/.local/lib/python3.12/site-packages/airflow/example_dags/tutorial_objectstorage.py
[2026-06-08T20:22:03.026+0000] {processor.py:830} INFO - Processing file /home/airflow/.local/lib/python3.12/site-packages/airflow/example_dags/tutorial_objectstorage.py for tasks to queue
[2026-06-08T20:22:03.028+0000] {logging_mixin.py:188} INFO - [2026-06-08T20:22:03.027+0000] {dagbag.py:545} INFO - Filling up the DagBag from /home/airflow/.local/lib/python3.12/site-packages/airflow/example_dags/tutorial_objectstorage.py
[2026-06-08T20:22:03.050+0000] {processor.py:840} INFO - DAG(s) 'tutorial_objectstorage' retrieved from /home/airflow/.local/lib/python3.12/site-packages/airflow/example_dags/tutorial_objectstorage.py
[2026-06-08T20:22:03.085+0000] {logging_mixin.py:188} INFO - [2026-06-08T20:22:03.084+0000] {dag.py:3096} INFO - Sync 1 DAGs
[2026-06-08T20:22:03.105+0000] {logging_mixin.py:188} INFO - [2026-06-08T20:22:03.105+0000] {dag.py:3954} INFO - Setting next_dagrun for tutorial_objectstorage to None, run_after=None
[2026-06-08T20:22:03.129+0000] {processor.py:183} INFO - Processing /home/airflow/.local/lib/python3.12/site-packages/airflow/example_dags/tutorial_objectstorage.py took 0.124 seconds
[2026-06-08T20:22:33.380+0000] {processor.py:161} INFO - Started process (PID=502) to work on /home/airflow/.local/lib/python3.12/site-packages/airflow/example_dags/tutorial_objectstorage.py
[2026-06-08T20:22:33.381+0000] {processor.py:830} INFO - Processing file /home/airflow/.local/lib/python3.12/site-packages/airflow/example_dags/tutorial_objectstorage.py for tasks to queue
[2026-06-08T20:22:33.383+0000] {logging_mixin.py:188} INFO - [2026-06-08T20:22:33.383+0000] {dagbag.py:545} INFO - Filling up the DagBag from /home/airflow/.local/lib/python3.12/site-packages/airflow/example_dags/tutorial_objectstorage.py
[2026-06-08T20:22:33.391+0000] {processor.py:840} INFO - DAG(s) 'tutorial_objectstorage' retrieved from /home/airflow/.local/lib/python3.12/site-packages/airflow/example_dags/tutorial_objectstorage.py
[2026-06-08T20:22:33.417+0000] {logging_mixin.py:188} INFO - [2026-06-08T20:22:33.417+0000] {dag.py:3096} INFO - Sync 1 DAGs
[2026-06-08T20:22:33.441+0000] {logging_mixin.py:188} INFO - [2026-06-08T20:22:33.441+0000] {dag.py:3954} INFO - Setting next_dagrun for tutorial_objectstorage to None, run_after=None
[2026-06-08T20:22:33.510+0000] {processor.py:183} INFO - Processing /home/airflow/.local/lib/python3.12/site-packages/airflow/example_dags/tutorial_objectstorage.py took 0.137 seconds
[2026-06-08T20:23:03.747+0000] {processor.py:161} INFO - Started process (PID=561) to work on /home/airflow/.local/lib/python3.12/site-packages/airflow/example_dags/tutorial_objectstorage.py
[2026-06-08T20:23:03.749+0000] {processor.py:830} INFO - Processing file /home/airflow/.local/lib/python3.12/site-packages/airflow/example_dags/tutorial_objectstorage.py for tasks to queue
[2026-06-08T20:23:03.760+0000] {logging_mixin.py:188} INFO - [2026-06-08T20:23:03.757+0000] {dagbag.py:545} INFO - Filling up the DagBag from /home/airflow/.local/lib/python3.12/site-packages/airflow/example_dags/tutorial_objectstorage.py
[2026-06-08T20:23:03.793+0000] {processor.py:840} INFO - DAG(s) 'tutorial_objectstorage' retrieved from /home/airflow/.local/lib/python3.12/site-packages/airflow/example_dags/tutorial_objectstorage.py
[2026-06-08T20:23:03.856+0000] {logging_mixin.py:188} INFO - [2026-06-08T20:23:03.856+0000] {dag.py:3096} INFO - Sync 1 DAGs
[2026-06-08T20:23:03.894+0000] {logging_mixin.py:188} INFO - [2026-06-08T20:23:03.893+0000] {dag.py:3954} INFO - Setting next_dagrun for tutorial_objectstorage to None, run_after=None
[2026-06-08T20:23:03.915+0000] {processor.py:183} INFO - Processing /home/airflow/.local/lib/python3.12/site-packages/airflow/example_dags/tutorial_objectstorage.py took 0.183 seconds
[2026-06-08T20:23:35.331+0000] {processor.py:161} INFO - Started process (PID=620) to work on /home/airflow/.local/lib/python3.12/site-packages/airflow/example_dags/tutorial_objectstorage.py
[2026-06-08T20:23:35.334+0000] {processor.py:830} INFO - Processing file /home/airflow/.local/lib/python3.12/site-packages/airflow/example_dags/tutorial_objectstorage.py for tasks to queue
[2026-06-08T20:23:35.338+0000] {logging_mixin.py:188} INFO - [2026-06-08T20:23:35.336+0000] {dagbag.py:545} INFO - Filling up the DagBag from /home/airflow/.local/lib/python3.12/site-packages/airflow/example_dags/tutorial_objectstorage.py
[2026-06-08T20:23:35.353+0000] {processor.py:840} INFO - DAG(s) 'tutorial_objectstorage' retrieved from /home/airflow/.local/lib/python3.12/site-packages/airflow/example_dags/tutorial_objectstorage.py
[2026-06-08T20:23:35.378+0000] {logging_mixin.py:188} INFO - [2026-06-08T20:23:35.378+0000] {dag.py:3096} INFO - Sync 1 DAGs
[2026-06-08T20:23:35.395+0000] {logging_mixin.py:188} INFO - [2026-06-08T20:23:35.395+0000] {dag.py:3954} INFO - Setting next_dagrun for tutorial_objectstorage to None, run_after=None
[2026-06-08T20:23:35.417+0000] {processor.py:183} INFO - Processing /home/airflow/.local/lib/python3.12/site-packages/airflow/example_dags/tutorial_objectstorage.py took 0.099 seconds
