[2026-06-08T20:03:58.539+0000] {processor.py:161} INFO - Started process (PID=114) to work on /home/airflow/.local/lib/python3.12/site-packages/airflow/example_dags/tutorial_dag.py
[2026-06-08T20:03:58.542+0000] {processor.py:830} INFO - Processing file /home/airflow/.local/lib/python3.12/site-packages/airflow/example_dags/tutorial_dag.py for tasks to queue
[2026-06-08T20:03:58.548+0000] {logging_mixin.py:188} INFO - [2026-06-08T20:03:58.548+0000] {dagbag.py:545} INFO - Filling up the DagBag from /home/airflow/.local/lib/python3.12/site-packages/airflow/example_dags/tutorial_dag.py
[2026-06-08T20:03:58.580+0000] {processor.py:840} INFO - DAG(s) 'tutorial_dag' retrieved from /home/airflow/.local/lib/python3.12/site-packages/airflow/example_dags/tutorial_dag.py
[2026-06-08T20:03:59.254+0000] {logging_mixin.py:188} INFO - [2026-06-08T20:03:59.253+0000] {dag.py:3096} INFO - Sync 1 DAGs
[2026-06-08T20:03:59.306+0000] {logging_mixin.py:188} INFO - [2026-06-08T20:03:59.306+0000] {dag.py:3954} INFO - Setting next_dagrun for tutorial_dag to None, run_after=None
[2026-06-08T20:03:59.449+0000] {processor.py:183} INFO - Processing /home/airflow/.local/lib/python3.12/site-packages/airflow/example_dags/tutorial_dag.py took 0.956 seconds
[2026-06-08T20:04:30.331+0000] {processor.py:161} INFO - Started process (PID=172) to work on /home/airflow/.local/lib/python3.12/site-packages/airflow/example_dags/tutorial_dag.py
[2026-06-08T20:04:30.332+0000] {processor.py:830} INFO - Processing file /home/airflow/.local/lib/python3.12/site-packages/airflow/example_dags/tutorial_dag.py for tasks to queue
[2026-06-08T20:04:30.334+0000] {logging_mixin.py:188} INFO - [2026-06-08T20:04:30.333+0000] {dagbag.py:545} INFO - Filling up the DagBag from /home/airflow/.local/lib/python3.12/site-packages/airflow/example_dags/tutorial_dag.py
[2026-06-08T20:04:30.348+0000] {processor.py:840} INFO - DAG(s) 'tutorial_dag' retrieved from /home/airflow/.local/lib/python3.12/site-packages/airflow/example_dags/tutorial_dag.py
[2026-06-08T20:04:30.428+0000] {logging_mixin.py:188} INFO - [2026-06-08T20:04:30.428+0000] {dag.py:3096} INFO - Sync 1 DAGs
[2026-06-08T20:04:30.457+0000] {logging_mixin.py:188} INFO - [2026-06-08T20:04:30.457+0000] {dag.py:3954} INFO - Setting next_dagrun for tutorial_dag to None, run_after=None
[2026-06-08T20:04:30.479+0000] {processor.py:183} INFO - Processing /home/airflow/.local/lib/python3.12/site-packages/airflow/example_dags/tutorial_dag.py took 0.156 seconds
[2026-06-08T20:05:01.406+0000] {processor.py:161} INFO - Started process (PID=230) to work on /home/airflow/.local/lib/python3.12/site-packages/airflow/example_dags/tutorial_dag.py
[2026-06-08T20:05:01.409+0000] {processor.py:830} INFO - Processing file /home/airflow/.local/lib/python3.12/site-packages/airflow/example_dags/tutorial_dag.py for tasks to queue
[2026-06-08T20:05:01.414+0000] {logging_mixin.py:188} INFO - [2026-06-08T20:05:01.414+0000] {dagbag.py:545} INFO - Filling up the DagBag from /home/airflow/.local/lib/python3.12/site-packages/airflow/example_dags/tutorial_dag.py
[2026-06-08T20:05:01.427+0000] {processor.py:840} INFO - DAG(s) 'tutorial_dag' retrieved from /home/airflow/.local/lib/python3.12/site-packages/airflow/example_dags/tutorial_dag.py
[2026-06-08T20:05:01.506+0000] {logging_mixin.py:188} INFO - [2026-06-08T20:05:01.506+0000] {dag.py:3096} INFO - Sync 1 DAGs
[2026-06-08T20:05:01.542+0000] {logging_mixin.py:188} INFO - [2026-06-08T20:05:01.542+0000] {dag.py:3954} INFO - Setting next_dagrun for tutorial_dag to None, run_after=None
[2026-06-08T20:05:01.599+0000] {processor.py:183} INFO - Processing /home/airflow/.local/lib/python3.12/site-packages/airflow/example_dags/tutorial_dag.py took 0.211 seconds
[2026-06-08T20:05:32.199+0000] {processor.py:161} INFO - Started process (PID=288) to work on /home/airflow/.local/lib/python3.12/site-packages/airflow/example_dags/tutorial_dag.py
[2026-06-08T20:05:32.200+0000] {processor.py:830} INFO - Processing file /home/airflow/.local/lib/python3.12/site-packages/airflow/example_dags/tutorial_dag.py for tasks to queue
[2026-06-08T20:05:32.203+0000] {logging_mixin.py:188} INFO - [2026-06-08T20:05:32.202+0000] {dagbag.py:545} INFO - Filling up the DagBag from /home/airflow/.local/lib/python3.12/site-packages/airflow/example_dags/tutorial_dag.py
[2026-06-08T20:05:32.214+0000] {processor.py:840} INFO - DAG(s) 'tutorial_dag' retrieved from /home/airflow/.local/lib/python3.12/site-packages/airflow/example_dags/tutorial_dag.py
[2026-06-08T20:05:32.262+0000] {logging_mixin.py:188} INFO - [2026-06-08T20:05:32.261+0000] {dag.py:3096} INFO - Sync 1 DAGs
[2026-06-08T20:05:32.278+0000] {logging_mixin.py:188} INFO - [2026-06-08T20:05:32.278+0000] {dag.py:3954} INFO - Setting next_dagrun for tutorial_dag to None, run_after=None
[2026-06-08T20:05:32.301+0000] {processor.py:183} INFO - Processing /home/airflow/.local/lib/python3.12/site-packages/airflow/example_dags/tutorial_dag.py took 0.115 seconds
[2026-06-08T20:06:02.512+0000] {processor.py:161} INFO - Started process (PID=346) to work on /home/airflow/.local/lib/python3.12/site-packages/airflow/example_dags/tutorial_dag.py
[2026-06-08T20:06:02.513+0000] {processor.py:830} INFO - Processing file /home/airflow/.local/lib/python3.12/site-packages/airflow/example_dags/tutorial_dag.py for tasks to queue
[2026-06-08T20:06:02.515+0000] {logging_mixin.py:188} INFO - [2026-06-08T20:06:02.514+0000] {dagbag.py:545} INFO - Filling up the DagBag from /home/airflow/.local/lib/python3.12/site-packages/airflow/example_dags/tutorial_dag.py
[2026-06-08T20:06:02.521+0000] {processor.py:840} INFO - DAG(s) 'tutorial_dag' retrieved from /home/airflow/.local/lib/python3.12/site-packages/airflow/example_dags/tutorial_dag.py
[2026-06-08T20:06:02.547+0000] {logging_mixin.py:188} INFO - [2026-06-08T20:06:02.546+0000] {dag.py:3096} INFO - Sync 1 DAGs
[2026-06-08T20:06:02.568+0000] {logging_mixin.py:188} INFO - [2026-06-08T20:06:02.568+0000] {dag.py:3954} INFO - Setting next_dagrun for tutorial_dag to None, run_after=None
[2026-06-08T20:06:02.592+0000] {processor.py:183} INFO - Processing /home/airflow/.local/lib/python3.12/site-packages/airflow/example_dags/tutorial_dag.py took 0.087 seconds
[2026-06-08T20:06:33.567+0000] {processor.py:161} INFO - Started process (PID=404) to work on /home/airflow/.local/lib/python3.12/site-packages/airflow/example_dags/tutorial_dag.py
[2026-06-08T20:06:33.586+0000] {processor.py:830} INFO - Processing file /home/airflow/.local/lib/python3.12/site-packages/airflow/example_dags/tutorial_dag.py for tasks to queue
[2026-06-08T20:06:33.597+0000] {logging_mixin.py:188} INFO - [2026-06-08T20:06:33.597+0000] {dagbag.py:545} INFO - Filling up the DagBag from /home/airflow/.local/lib/python3.12/site-packages/airflow/example_dags/tutorial_dag.py
[2026-06-08T20:06:33.649+0000] {processor.py:840} INFO - DAG(s) 'tutorial_dag' retrieved from /home/airflow/.local/lib/python3.12/site-packages/airflow/example_dags/tutorial_dag.py
[2026-06-08T20:06:33.804+0000] {logging_mixin.py:188} INFO - [2026-06-08T20:06:33.803+0000] {dag.py:3096} INFO - Sync 1 DAGs
[2026-06-08T20:06:33.849+0000] {logging_mixin.py:188} INFO - [2026-06-08T20:06:33.849+0000] {dag.py:3954} INFO - Setting next_dagrun for tutorial_dag to None, run_after=None
[2026-06-08T20:06:33.923+0000] {processor.py:183} INFO - Processing /home/airflow/.local/lib/python3.12/site-packages/airflow/example_dags/tutorial_dag.py took 0.399 seconds
[2026-06-08T20:07:04.770+0000] {processor.py:161} INFO - Started process (PID=462) to work on /home/airflow/.local/lib/python3.12/site-packages/airflow/example_dags/tutorial_dag.py
[2026-06-08T20:07:04.773+0000] {processor.py:830} INFO - Processing file /home/airflow/.local/lib/python3.12/site-packages/airflow/example_dags/tutorial_dag.py for tasks to queue
[2026-06-08T20:07:04.776+0000] {logging_mixin.py:188} INFO - [2026-06-08T20:07:04.776+0000] {dagbag.py:545} INFO - Filling up the DagBag from /home/airflow/.local/lib/python3.12/site-packages/airflow/example_dags/tutorial_dag.py
[2026-06-08T20:07:04.789+0000] {processor.py:840} INFO - DAG(s) 'tutorial_dag' retrieved from /home/airflow/.local/lib/python3.12/site-packages/airflow/example_dags/tutorial_dag.py
[2026-06-08T20:07:04.820+0000] {logging_mixin.py:188} INFO - [2026-06-08T20:07:04.820+0000] {dag.py:3096} INFO - Sync 1 DAGs
[2026-06-08T20:07:04.836+0000] {logging_mixin.py:188} INFO - [2026-06-08T20:07:04.835+0000] {dag.py:3954} INFO - Setting next_dagrun for tutorial_dag to None, run_after=None
[2026-06-08T20:07:04.859+0000] {processor.py:183} INFO - Processing /home/airflow/.local/lib/python3.12/site-packages/airflow/example_dags/tutorial_dag.py took 0.102 seconds
[2026-06-08T20:08:35.225+0000] {processor.py:161} INFO - Started process (PID=106) to work on /home/airflow/.local/lib/python3.12/site-packages/airflow/example_dags/tutorial_dag.py
[2026-06-08T20:08:35.226+0000] {processor.py:830} INFO - Processing file /home/airflow/.local/lib/python3.12/site-packages/airflow/example_dags/tutorial_dag.py for tasks to queue
[2026-06-08T20:08:35.230+0000] {logging_mixin.py:188} INFO - [2026-06-08T20:08:35.229+0000] {dagbag.py:545} INFO - Filling up the DagBag from /home/airflow/.local/lib/python3.12/site-packages/airflow/example_dags/tutorial_dag.py
[2026-06-08T20:08:35.247+0000] {processor.py:840} INFO - DAG(s) 'tutorial_dag' retrieved from /home/airflow/.local/lib/python3.12/site-packages/airflow/example_dags/tutorial_dag.py
[2026-06-08T20:08:35.531+0000] {logging_mixin.py:188} INFO - [2026-06-08T20:08:35.531+0000] {dag.py:3096} INFO - Sync 1 DAGs
[2026-06-08T20:08:35.556+0000] {logging_mixin.py:188} INFO - [2026-06-08T20:08:35.556+0000] {dag.py:3954} INFO - Setting next_dagrun for tutorial_dag to None, run_after=None
[2026-06-08T20:08:35.611+0000] {processor.py:183} INFO - Processing /home/airflow/.local/lib/python3.12/site-packages/airflow/example_dags/tutorial_dag.py took 0.402 seconds
[2026-06-08T20:09:05.906+0000] {processor.py:161} INFO - Started process (PID=164) to work on /home/airflow/.local/lib/python3.12/site-packages/airflow/example_dags/tutorial_dag.py
[2026-06-08T20:09:05.909+0000] {processor.py:830} INFO - Processing file /home/airflow/.local/lib/python3.12/site-packages/airflow/example_dags/tutorial_dag.py for tasks to queue
[2026-06-08T20:09:05.916+0000] {logging_mixin.py:188} INFO - [2026-06-08T20:09:05.916+0000] {dagbag.py:545} INFO - Filling up the DagBag from /home/airflow/.local/lib/python3.12/site-packages/airflow/example_dags/tutorial_dag.py
[2026-06-08T20:09:05.930+0000] {processor.py:840} INFO - DAG(s) 'tutorial_dag' retrieved from /home/airflow/.local/lib/python3.12/site-packages/airflow/example_dags/tutorial_dag.py
[2026-06-08T20:09:05.965+0000] {logging_mixin.py:188} INFO - [2026-06-08T20:09:05.964+0000] {dag.py:3096} INFO - Sync 1 DAGs
[2026-06-08T20:09:05.995+0000] {logging_mixin.py:188} INFO - [2026-06-08T20:09:05.995+0000] {dag.py:3954} INFO - Setting next_dagrun for tutorial_dag to None, run_after=None
[2026-06-08T20:09:06.074+0000] {processor.py:183} INFO - Processing /home/airflow/.local/lib/python3.12/site-packages/airflow/example_dags/tutorial_dag.py took 0.195 seconds
[2026-06-08T20:09:36.864+0000] {processor.py:161} INFO - Started process (PID=222) to work on /home/airflow/.local/lib/python3.12/site-packages/airflow/example_dags/tutorial_dag.py
[2026-06-08T20:09:36.866+0000] {processor.py:830} INFO - Processing file /home/airflow/.local/lib/python3.12/site-packages/airflow/example_dags/tutorial_dag.py for tasks to queue
[2026-06-08T20:09:36.873+0000] {logging_mixin.py:188} INFO - [2026-06-08T20:09:36.873+0000] {dagbag.py:545} INFO - Filling up the DagBag from /home/airflow/.local/lib/python3.12/site-packages/airflow/example_dags/tutorial_dag.py
[2026-06-08T20:09:36.894+0000] {processor.py:840} INFO - DAG(s) 'tutorial_dag' retrieved from /home/airflow/.local/lib/python3.12/site-packages/airflow/example_dags/tutorial_dag.py
[2026-06-08T20:09:36.964+0000] {logging_mixin.py:188} INFO - [2026-06-08T20:09:36.964+0000] {dag.py:3096} INFO - Sync 1 DAGs
[2026-06-08T20:09:36.985+0000] {logging_mixin.py:188} INFO - [2026-06-08T20:09:36.985+0000] {dag.py:3954} INFO - Setting next_dagrun for tutorial_dag to None, run_after=None
[2026-06-08T20:09:37.030+0000] {processor.py:183} INFO - Processing /home/airflow/.local/lib/python3.12/site-packages/airflow/example_dags/tutorial_dag.py took 0.182 seconds
[2026-06-08T20:10:07.413+0000] {processor.py:161} INFO - Started process (PID=282) to work on /home/airflow/.local/lib/python3.12/site-packages/airflow/example_dags/tutorial_dag.py
[2026-06-08T20:10:07.417+0000] {processor.py:830} INFO - Processing file /home/airflow/.local/lib/python3.12/site-packages/airflow/example_dags/tutorial_dag.py for tasks to queue
[2026-06-08T20:10:07.422+0000] {logging_mixin.py:188} INFO - [2026-06-08T20:10:07.421+0000] {dagbag.py:545} INFO - Filling up the DagBag from /home/airflow/.local/lib/python3.12/site-packages/airflow/example_dags/tutorial_dag.py
[2026-06-08T20:10:07.429+0000] {processor.py:840} INFO - DAG(s) 'tutorial_dag' retrieved from /home/airflow/.local/lib/python3.12/site-packages/airflow/example_dags/tutorial_dag.py
[2026-06-08T20:10:07.456+0000] {logging_mixin.py:188} INFO - [2026-06-08T20:10:07.455+0000] {dag.py:3096} INFO - Sync 1 DAGs
[2026-06-08T20:10:07.476+0000] {logging_mixin.py:188} INFO - [2026-06-08T20:10:07.475+0000] {dag.py:3954} INFO - Setting next_dagrun for tutorial_dag to None, run_after=None
[2026-06-08T20:10:07.503+0000] {processor.py:183} INFO - Processing /home/airflow/.local/lib/python3.12/site-packages/airflow/example_dags/tutorial_dag.py took 0.112 seconds
[2026-06-08T20:10:38.122+0000] {processor.py:161} INFO - Started process (PID=340) to work on /home/airflow/.local/lib/python3.12/site-packages/airflow/example_dags/tutorial_dag.py
[2026-06-08T20:10:38.122+0000] {processor.py:830} INFO - Processing file /home/airflow/.local/lib/python3.12/site-packages/airflow/example_dags/tutorial_dag.py for tasks to queue
[2026-06-08T20:10:38.125+0000] {logging_mixin.py:188} INFO - [2026-06-08T20:10:38.124+0000] {dagbag.py:545} INFO - Filling up the DagBag from /home/airflow/.local/lib/python3.12/site-packages/airflow/example_dags/tutorial_dag.py
[2026-06-08T20:10:38.131+0000] {processor.py:840} INFO - DAG(s) 'tutorial_dag' retrieved from /home/airflow/.local/lib/python3.12/site-packages/airflow/example_dags/tutorial_dag.py
[2026-06-08T20:10:38.161+0000] {logging_mixin.py:188} INFO - [2026-06-08T20:10:38.161+0000] {dag.py:3096} INFO - Sync 1 DAGs
[2026-06-08T20:10:38.180+0000] {logging_mixin.py:188} INFO - [2026-06-08T20:10:38.180+0000] {dag.py:3954} INFO - Setting next_dagrun for tutorial_dag to None, run_after=None
[2026-06-08T20:10:38.204+0000] {processor.py:183} INFO - Processing /home/airflow/.local/lib/python3.12/site-packages/airflow/example_dags/tutorial_dag.py took 0.090 seconds
[2026-06-08T20:11:08.848+0000] {processor.py:161} INFO - Started process (PID=398) to work on /home/airflow/.local/lib/python3.12/site-packages/airflow/example_dags/tutorial_dag.py
[2026-06-08T20:11:08.850+0000] {processor.py:830} INFO - Processing file /home/airflow/.local/lib/python3.12/site-packages/airflow/example_dags/tutorial_dag.py for tasks to queue
[2026-06-08T20:11:08.852+0000] {logging_mixin.py:188} INFO - [2026-06-08T20:11:08.852+0000] {dagbag.py:545} INFO - Filling up the DagBag from /home/airflow/.local/lib/python3.12/site-packages/airflow/example_dags/tutorial_dag.py
[2026-06-08T20:11:08.859+0000] {processor.py:840} INFO - DAG(s) 'tutorial_dag' retrieved from /home/airflow/.local/lib/python3.12/site-packages/airflow/example_dags/tutorial_dag.py
[2026-06-08T20:11:08.887+0000] {logging_mixin.py:188} INFO - [2026-06-08T20:11:08.887+0000] {dag.py:3096} INFO - Sync 1 DAGs
[2026-06-08T20:11:08.904+0000] {logging_mixin.py:188} INFO - [2026-06-08T20:11:08.904+0000] {dag.py:3954} INFO - Setting next_dagrun for tutorial_dag to None, run_after=None
[2026-06-08T20:11:08.926+0000] {processor.py:183} INFO - Processing /home/airflow/.local/lib/python3.12/site-packages/airflow/example_dags/tutorial_dag.py took 0.086 seconds
[2026-06-08T20:11:39.186+0000] {processor.py:161} INFO - Started process (PID=455) to work on /home/airflow/.local/lib/python3.12/site-packages/airflow/example_dags/tutorial_dag.py
[2026-06-08T20:11:39.187+0000] {processor.py:830} INFO - Processing file /home/airflow/.local/lib/python3.12/site-packages/airflow/example_dags/tutorial_dag.py for tasks to queue
[2026-06-08T20:11:39.189+0000] {logging_mixin.py:188} INFO - [2026-06-08T20:11:39.189+0000] {dagbag.py:545} INFO - Filling up the DagBag from /home/airflow/.local/lib/python3.12/site-packages/airflow/example_dags/tutorial_dag.py
[2026-06-08T20:11:39.195+0000] {processor.py:840} INFO - DAG(s) 'tutorial_dag' retrieved from /home/airflow/.local/lib/python3.12/site-packages/airflow/example_dags/tutorial_dag.py
[2026-06-08T20:11:39.219+0000] {logging_mixin.py:188} INFO - [2026-06-08T20:11:39.219+0000] {dag.py:3096} INFO - Sync 1 DAGs
[2026-06-08T20:11:39.235+0000] {logging_mixin.py:188} INFO - [2026-06-08T20:11:39.235+0000] {dag.py:3954} INFO - Setting next_dagrun for tutorial_dag to None, run_after=None
[2026-06-08T20:11:39.257+0000] {processor.py:183} INFO - Processing /home/airflow/.local/lib/python3.12/site-packages/airflow/example_dags/tutorial_dag.py took 0.077 seconds
[2026-06-08T20:12:10.127+0000] {processor.py:161} INFO - Started process (PID=514) to work on /home/airflow/.local/lib/python3.12/site-packages/airflow/example_dags/tutorial_dag.py
[2026-06-08T20:12:10.132+0000] {processor.py:830} INFO - Processing file /home/airflow/.local/lib/python3.12/site-packages/airflow/example_dags/tutorial_dag.py for tasks to queue
[2026-06-08T20:12:10.140+0000] {logging_mixin.py:188} INFO - [2026-06-08T20:12:10.140+0000] {dagbag.py:545} INFO - Filling up the DagBag from /home/airflow/.local/lib/python3.12/site-packages/airflow/example_dags/tutorial_dag.py
[2026-06-08T20:12:10.175+0000] {processor.py:840} INFO - DAG(s) 'tutorial_dag' retrieved from /home/airflow/.local/lib/python3.12/site-packages/airflow/example_dags/tutorial_dag.py
[2026-06-08T20:12:10.310+0000] {logging_mixin.py:188} INFO - [2026-06-08T20:12:10.308+0000] {dag.py:3096} INFO - Sync 1 DAGs
[2026-06-08T20:12:10.358+0000] {logging_mixin.py:188} INFO - [2026-06-08T20:12:10.358+0000] {dag.py:3954} INFO - Setting next_dagrun for tutorial_dag to None, run_after=None
[2026-06-08T20:12:10.461+0000] {processor.py:183} INFO - Processing /home/airflow/.local/lib/python3.12/site-packages/airflow/example_dags/tutorial_dag.py took 0.369 seconds
[2026-06-08T20:12:45.173+0000] {processor.py:161} INFO - Started process (PID=572) to work on /home/airflow/.local/lib/python3.12/site-packages/airflow/example_dags/tutorial_dag.py
[2026-06-08T20:12:45.183+0000] {processor.py:830} INFO - Processing file /home/airflow/.local/lib/python3.12/site-packages/airflow/example_dags/tutorial_dag.py for tasks to queue
[2026-06-08T20:12:45.215+0000] {logging_mixin.py:188} INFO - [2026-06-08T20:12:45.204+0000] {dagbag.py:545} INFO - Filling up the DagBag from /home/airflow/.local/lib/python3.12/site-packages/airflow/example_dags/tutorial_dag.py
[2026-06-08T20:12:45.275+0000] {processor.py:840} INFO - DAG(s) 'tutorial_dag' retrieved from /home/airflow/.local/lib/python3.12/site-packages/airflow/example_dags/tutorial_dag.py
[2026-06-08T20:12:45.344+0000] {logging_mixin.py:188} INFO - [2026-06-08T20:12:45.344+0000] {dag.py:3096} INFO - Sync 1 DAGs
[2026-06-08T20:12:45.395+0000] {logging_mixin.py:188} INFO - [2026-06-08T20:12:45.395+0000] {dag.py:3954} INFO - Setting next_dagrun for tutorial_dag to None, run_after=None
[2026-06-08T20:12:45.460+0000] {processor.py:183} INFO - Processing /home/airflow/.local/lib/python3.12/site-packages/airflow/example_dags/tutorial_dag.py took 0.365 seconds
[2026-06-08T20:13:15.605+0000] {processor.py:161} INFO - Started process (PID=629) to work on /home/airflow/.local/lib/python3.12/site-packages/airflow/example_dags/tutorial_dag.py
[2026-06-08T20:13:15.607+0000] {processor.py:830} INFO - Processing file /home/airflow/.local/lib/python3.12/site-packages/airflow/example_dags/tutorial_dag.py for tasks to queue
[2026-06-08T20:13:15.609+0000] {logging_mixin.py:188} INFO - [2026-06-08T20:13:15.609+0000] {dagbag.py:545} INFO - Filling up the DagBag from /home/airflow/.local/lib/python3.12/site-packages/airflow/example_dags/tutorial_dag.py
[2026-06-08T20:13:15.618+0000] {processor.py:840} INFO - DAG(s) 'tutorial_dag' retrieved from /home/airflow/.local/lib/python3.12/site-packages/airflow/example_dags/tutorial_dag.py
[2026-06-08T20:13:15.671+0000] {logging_mixin.py:188} INFO - [2026-06-08T20:13:15.670+0000] {dag.py:3096} INFO - Sync 1 DAGs
[2026-06-08T20:13:15.712+0000] {logging_mixin.py:188} INFO - [2026-06-08T20:13:15.711+0000] {dag.py:3954} INFO - Setting next_dagrun for tutorial_dag to None, run_after=None
[2026-06-08T20:13:15.777+0000] {processor.py:183} INFO - Processing /home/airflow/.local/lib/python3.12/site-packages/airflow/example_dags/tutorial_dag.py took 0.197 seconds
[2026-06-08T20:13:45.918+0000] {processor.py:161} INFO - Started process (PID=686) to work on /home/airflow/.local/lib/python3.12/site-packages/airflow/example_dags/tutorial_dag.py
[2026-06-08T20:13:45.921+0000] {processor.py:830} INFO - Processing file /home/airflow/.local/lib/python3.12/site-packages/airflow/example_dags/tutorial_dag.py for tasks to queue
[2026-06-08T20:13:45.924+0000] {logging_mixin.py:188} INFO - [2026-06-08T20:13:45.924+0000] {dagbag.py:545} INFO - Filling up the DagBag from /home/airflow/.local/lib/python3.12/site-packages/airflow/example_dags/tutorial_dag.py
[2026-06-08T20:13:45.933+0000] {processor.py:840} INFO - DAG(s) 'tutorial_dag' retrieved from /home/airflow/.local/lib/python3.12/site-packages/airflow/example_dags/tutorial_dag.py
[2026-06-08T20:13:45.961+0000] {logging_mixin.py:188} INFO - [2026-06-08T20:13:45.960+0000] {dag.py:3096} INFO - Sync 1 DAGs
[2026-06-08T20:13:45.979+0000] {logging_mixin.py:188} INFO - [2026-06-08T20:13:45.979+0000] {dag.py:3954} INFO - Setting next_dagrun for tutorial_dag to None, run_after=None
[2026-06-08T20:13:46.012+0000] {processor.py:183} INFO - Processing /home/airflow/.local/lib/python3.12/site-packages/airflow/example_dags/tutorial_dag.py took 0.112 seconds
[2026-06-08T20:14:16.677+0000] {processor.py:161} INFO - Started process (PID=744) to work on /home/airflow/.local/lib/python3.12/site-packages/airflow/example_dags/tutorial_dag.py
[2026-06-08T20:14:16.679+0000] {processor.py:830} INFO - Processing file /home/airflow/.local/lib/python3.12/site-packages/airflow/example_dags/tutorial_dag.py for tasks to queue
[2026-06-08T20:14:16.681+0000] {logging_mixin.py:188} INFO - [2026-06-08T20:14:16.680+0000] {dagbag.py:545} INFO - Filling up the DagBag from /home/airflow/.local/lib/python3.12/site-packages/airflow/example_dags/tutorial_dag.py
[2026-06-08T20:14:16.687+0000] {processor.py:840} INFO - DAG(s) 'tutorial_dag' retrieved from /home/airflow/.local/lib/python3.12/site-packages/airflow/example_dags/tutorial_dag.py
[2026-06-08T20:14:16.711+0000] {logging_mixin.py:188} INFO - [2026-06-08T20:14:16.711+0000] {dag.py:3096} INFO - Sync 1 DAGs
[2026-06-08T20:14:16.728+0000] {logging_mixin.py:188} INFO - [2026-06-08T20:14:16.728+0000] {dag.py:3954} INFO - Setting next_dagrun for tutorial_dag to None, run_after=None
[2026-06-08T20:14:16.752+0000] {processor.py:183} INFO - Processing /home/airflow/.local/lib/python3.12/site-packages/airflow/example_dags/tutorial_dag.py took 0.082 seconds
[2026-06-08T20:14:47.224+0000] {processor.py:161} INFO - Started process (PID=802) to work on /home/airflow/.local/lib/python3.12/site-packages/airflow/example_dags/tutorial_dag.py
[2026-06-08T20:14:47.226+0000] {processor.py:830} INFO - Processing file /home/airflow/.local/lib/python3.12/site-packages/airflow/example_dags/tutorial_dag.py for tasks to queue
[2026-06-08T20:14:47.230+0000] {logging_mixin.py:188} INFO - [2026-06-08T20:14:47.230+0000] {dagbag.py:545} INFO - Filling up the DagBag from /home/airflow/.local/lib/python3.12/site-packages/airflow/example_dags/tutorial_dag.py
[2026-06-08T20:14:47.239+0000] {processor.py:840} INFO - DAG(s) 'tutorial_dag' retrieved from /home/airflow/.local/lib/python3.12/site-packages/airflow/example_dags/tutorial_dag.py
[2026-06-08T20:14:47.264+0000] {logging_mixin.py:188} INFO - [2026-06-08T20:14:47.263+0000] {dag.py:3096} INFO - Sync 1 DAGs
[2026-06-08T20:14:47.281+0000] {logging_mixin.py:188} INFO - [2026-06-08T20:14:47.281+0000] {dag.py:3954} INFO - Setting next_dagrun for tutorial_dag to None, run_after=None
[2026-06-08T20:14:47.304+0000] {processor.py:183} INFO - Processing /home/airflow/.local/lib/python3.12/site-packages/airflow/example_dags/tutorial_dag.py took 0.097 seconds
[2026-06-08T20:15:18.113+0000] {processor.py:161} INFO - Started process (PID=860) to work on /home/airflow/.local/lib/python3.12/site-packages/airflow/example_dags/tutorial_dag.py
[2026-06-08T20:15:18.116+0000] {processor.py:830} INFO - Processing file /home/airflow/.local/lib/python3.12/site-packages/airflow/example_dags/tutorial_dag.py for tasks to queue
[2026-06-08T20:15:18.120+0000] {logging_mixin.py:188} INFO - [2026-06-08T20:15:18.120+0000] {dagbag.py:545} INFO - Filling up the DagBag from /home/airflow/.local/lib/python3.12/site-packages/airflow/example_dags/tutorial_dag.py
[2026-06-08T20:15:18.136+0000] {processor.py:840} INFO - DAG(s) 'tutorial_dag' retrieved from /home/airflow/.local/lib/python3.12/site-packages/airflow/example_dags/tutorial_dag.py
[2026-06-08T20:15:18.214+0000] {logging_mixin.py:188} INFO - [2026-06-08T20:15:18.214+0000] {dag.py:3096} INFO - Sync 1 DAGs
[2026-06-08T20:15:18.245+0000] {logging_mixin.py:188} INFO - [2026-06-08T20:15:18.245+0000] {dag.py:3954} INFO - Setting next_dagrun for tutorial_dag to None, run_after=None
[2026-06-08T20:15:18.267+0000] {processor.py:183} INFO - Processing /home/airflow/.local/lib/python3.12/site-packages/airflow/example_dags/tutorial_dag.py took 0.170 seconds
[2026-06-08T20:15:49.080+0000] {processor.py:161} INFO - Started process (PID=918) to work on /home/airflow/.local/lib/python3.12/site-packages/airflow/example_dags/tutorial_dag.py
[2026-06-08T20:15:49.081+0000] {processor.py:830} INFO - Processing file /home/airflow/.local/lib/python3.12/site-packages/airflow/example_dags/tutorial_dag.py for tasks to queue
[2026-06-08T20:15:49.083+0000] {logging_mixin.py:188} INFO - [2026-06-08T20:15:49.083+0000] {dagbag.py:545} INFO - Filling up the DagBag from /home/airflow/.local/lib/python3.12/site-packages/airflow/example_dags/tutorial_dag.py
[2026-06-08T20:15:49.090+0000] {processor.py:840} INFO - DAG(s) 'tutorial_dag' retrieved from /home/airflow/.local/lib/python3.12/site-packages/airflow/example_dags/tutorial_dag.py
[2026-06-08T20:15:49.129+0000] {logging_mixin.py:188} INFO - [2026-06-08T20:15:49.129+0000] {dag.py:3096} INFO - Sync 1 DAGs
[2026-06-08T20:15:49.179+0000] {logging_mixin.py:188} INFO - [2026-06-08T20:15:49.179+0000] {dag.py:3954} INFO - Setting next_dagrun for tutorial_dag to None, run_after=None
[2026-06-08T20:15:49.216+0000] {processor.py:183} INFO - Processing /home/airflow/.local/lib/python3.12/site-packages/airflow/example_dags/tutorial_dag.py took 0.144 seconds
[2026-06-08T20:16:19.438+0000] {processor.py:161} INFO - Started process (PID=976) to work on /home/airflow/.local/lib/python3.12/site-packages/airflow/example_dags/tutorial_dag.py
[2026-06-08T20:16:19.439+0000] {processor.py:830} INFO - Processing file /home/airflow/.local/lib/python3.12/site-packages/airflow/example_dags/tutorial_dag.py for tasks to queue
[2026-06-08T20:16:19.443+0000] {logging_mixin.py:188} INFO - [2026-06-08T20:16:19.443+0000] {dagbag.py:545} INFO - Filling up the DagBag from /home/airflow/.local/lib/python3.12/site-packages/airflow/example_dags/tutorial_dag.py
[2026-06-08T20:16:19.449+0000] {processor.py:840} INFO - DAG(s) 'tutorial_dag' retrieved from /home/airflow/.local/lib/python3.12/site-packages/airflow/example_dags/tutorial_dag.py
[2026-06-08T20:16:19.476+0000] {logging_mixin.py:188} INFO - [2026-06-08T20:16:19.475+0000] {dag.py:3096} INFO - Sync 1 DAGs
[2026-06-08T20:16:19.493+0000] {logging_mixin.py:188} INFO - [2026-06-08T20:16:19.493+0000] {dag.py:3954} INFO - Setting next_dagrun for tutorial_dag to None, run_after=None
[2026-06-08T20:16:19.514+0000] {processor.py:183} INFO - Processing /home/airflow/.local/lib/python3.12/site-packages/airflow/example_dags/tutorial_dag.py took 0.083 seconds
[2026-06-08T20:16:49.694+0000] {processor.py:161} INFO - Started process (PID=1034) to work on /home/airflow/.local/lib/python3.12/site-packages/airflow/example_dags/tutorial_dag.py
[2026-06-08T20:16:49.696+0000] {processor.py:830} INFO - Processing file /home/airflow/.local/lib/python3.12/site-packages/airflow/example_dags/tutorial_dag.py for tasks to queue
[2026-06-08T20:16:49.698+0000] {logging_mixin.py:188} INFO - [2026-06-08T20:16:49.698+0000] {dagbag.py:545} INFO - Filling up the DagBag from /home/airflow/.local/lib/python3.12/site-packages/airflow/example_dags/tutorial_dag.py
[2026-06-08T20:16:49.705+0000] {processor.py:840} INFO - DAG(s) 'tutorial_dag' retrieved from /home/airflow/.local/lib/python3.12/site-packages/airflow/example_dags/tutorial_dag.py
[2026-06-08T20:16:49.725+0000] {logging_mixin.py:188} INFO - [2026-06-08T20:16:49.725+0000] {dag.py:3096} INFO - Sync 1 DAGs
[2026-06-08T20:16:49.738+0000] {logging_mixin.py:188} INFO - [2026-06-08T20:16:49.737+0000] {dag.py:3954} INFO - Setting next_dagrun for tutorial_dag to None, run_after=None
[2026-06-08T20:16:49.757+0000] {processor.py:183} INFO - Processing /home/airflow/.local/lib/python3.12/site-packages/airflow/example_dags/tutorial_dag.py took 0.071 seconds
[2026-06-08T20:17:20.162+0000] {processor.py:161} INFO - Started process (PID=1092) to work on /home/airflow/.local/lib/python3.12/site-packages/airflow/example_dags/tutorial_dag.py
[2026-06-08T20:17:20.163+0000] {processor.py:830} INFO - Processing file /home/airflow/.local/lib/python3.12/site-packages/airflow/example_dags/tutorial_dag.py for tasks to queue
[2026-06-08T20:17:20.165+0000] {logging_mixin.py:188} INFO - [2026-06-08T20:17:20.165+0000] {dagbag.py:545} INFO - Filling up the DagBag from /home/airflow/.local/lib/python3.12/site-packages/airflow/example_dags/tutorial_dag.py
[2026-06-08T20:17:20.172+0000] {processor.py:840} INFO - DAG(s) 'tutorial_dag' retrieved from /home/airflow/.local/lib/python3.12/site-packages/airflow/example_dags/tutorial_dag.py
[2026-06-08T20:17:20.198+0000] {logging_mixin.py:188} INFO - [2026-06-08T20:17:20.198+0000] {dag.py:3096} INFO - Sync 1 DAGs
[2026-06-08T20:17:20.218+0000] {logging_mixin.py:188} INFO - [2026-06-08T20:17:20.218+0000] {dag.py:3954} INFO - Setting next_dagrun for tutorial_dag to None, run_after=None
[2026-06-08T20:17:20.237+0000] {processor.py:183} INFO - Processing /home/airflow/.local/lib/python3.12/site-packages/airflow/example_dags/tutorial_dag.py took 0.083 seconds
[2026-06-08T20:19:03.163+0000] {processor.py:161} INFO - Started process (PID=103) to work on /home/airflow/.local/lib/python3.12/site-packages/airflow/example_dags/tutorial_dag.py
[2026-06-08T20:19:03.166+0000] {processor.py:830} INFO - Processing file /home/airflow/.local/lib/python3.12/site-packages/airflow/example_dags/tutorial_dag.py for tasks to queue
[2026-06-08T20:19:03.171+0000] {logging_mixin.py:188} INFO - [2026-06-08T20:19:03.170+0000] {dagbag.py:545} INFO - Filling up the DagBag from /home/airflow/.local/lib/python3.12/site-packages/airflow/example_dags/tutorial_dag.py
[2026-06-08T20:19:03.190+0000] {processor.py:840} INFO - DAG(s) 'tutorial_dag' retrieved from /home/airflow/.local/lib/python3.12/site-packages/airflow/example_dags/tutorial_dag.py
[2026-06-08T20:19:03.520+0000] {logging_mixin.py:188} INFO - [2026-06-08T20:19:03.519+0000] {dag.py:3096} INFO - Sync 1 DAGs
[2026-06-08T20:19:03.537+0000] {logging_mixin.py:188} INFO - [2026-06-08T20:19:03.537+0000] {dag.py:3954} INFO - Setting next_dagrun for tutorial_dag to None, run_after=None
[2026-06-08T20:19:03.596+0000] {processor.py:183} INFO - Processing /home/airflow/.local/lib/python3.12/site-packages/airflow/example_dags/tutorial_dag.py took 0.447 seconds
[2026-06-08T20:19:33.801+0000] {processor.py:161} INFO - Started process (PID=162) to work on /home/airflow/.local/lib/python3.12/site-packages/airflow/example_dags/tutorial_dag.py
[2026-06-08T20:19:33.801+0000] {processor.py:830} INFO - Processing file /home/airflow/.local/lib/python3.12/site-packages/airflow/example_dags/tutorial_dag.py for tasks to queue
[2026-06-08T20:19:33.803+0000] {logging_mixin.py:188} INFO - [2026-06-08T20:19:33.802+0000] {dagbag.py:545} INFO - Filling up the DagBag from /home/airflow/.local/lib/python3.12/site-packages/airflow/example_dags/tutorial_dag.py
[2026-06-08T20:19:33.808+0000] {processor.py:840} INFO - DAG(s) 'tutorial_dag' retrieved from /home/airflow/.local/lib/python3.12/site-packages/airflow/example_dags/tutorial_dag.py
[2026-06-08T20:19:33.826+0000] {logging_mixin.py:188} INFO - [2026-06-08T20:19:33.826+0000] {dag.py:3096} INFO - Sync 1 DAGs
[2026-06-08T20:19:33.841+0000] {logging_mixin.py:188} INFO - [2026-06-08T20:19:33.840+0000] {dag.py:3954} INFO - Setting next_dagrun for tutorial_dag to None, run_after=None
[2026-06-08T20:19:33.879+0000] {processor.py:183} INFO - Processing /home/airflow/.local/lib/python3.12/site-packages/airflow/example_dags/tutorial_dag.py took 0.085 seconds
[2026-06-08T20:20:04.429+0000] {processor.py:161} INFO - Started process (PID=221) to work on /home/airflow/.local/lib/python3.12/site-packages/airflow/example_dags/tutorial_dag.py
[2026-06-08T20:20:04.430+0000] {processor.py:830} INFO - Processing file /home/airflow/.local/lib/python3.12/site-packages/airflow/example_dags/tutorial_dag.py for tasks to queue
[2026-06-08T20:20:04.432+0000] {logging_mixin.py:188} INFO - [2026-06-08T20:20:04.431+0000] {dagbag.py:545} INFO - Filling up the DagBag from /home/airflow/.local/lib/python3.12/site-packages/airflow/example_dags/tutorial_dag.py
[2026-06-08T20:20:04.438+0000] {processor.py:840} INFO - DAG(s) 'tutorial_dag' retrieved from /home/airflow/.local/lib/python3.12/site-packages/airflow/example_dags/tutorial_dag.py
[2026-06-08T20:20:04.467+0000] {logging_mixin.py:188} INFO - [2026-06-08T20:20:04.467+0000] {dag.py:3096} INFO - Sync 1 DAGs
[2026-06-08T20:20:04.485+0000] {logging_mixin.py:188} INFO - [2026-06-08T20:20:04.485+0000] {dag.py:3954} INFO - Setting next_dagrun for tutorial_dag to None, run_after=None
[2026-06-08T20:20:04.516+0000] {processor.py:183} INFO - Processing /home/airflow/.local/lib/python3.12/site-packages/airflow/example_dags/tutorial_dag.py took 0.095 seconds
[2026-06-08T20:20:34.885+0000] {processor.py:161} INFO - Started process (PID=279) to work on /home/airflow/.local/lib/python3.12/site-packages/airflow/example_dags/tutorial_dag.py
[2026-06-08T20:20:34.894+0000] {processor.py:830} INFO - Processing file /home/airflow/.local/lib/python3.12/site-packages/airflow/example_dags/tutorial_dag.py for tasks to queue
[2026-06-08T20:20:34.901+0000] {logging_mixin.py:188} INFO - [2026-06-08T20:20:34.900+0000] {dagbag.py:545} INFO - Filling up the DagBag from /home/airflow/.local/lib/python3.12/site-packages/airflow/example_dags/tutorial_dag.py
[2026-06-08T20:20:34.910+0000] {processor.py:840} INFO - DAG(s) 'tutorial_dag' retrieved from /home/airflow/.local/lib/python3.12/site-packages/airflow/example_dags/tutorial_dag.py
[2026-06-08T20:20:34.989+0000] {logging_mixin.py:188} INFO - [2026-06-08T20:20:34.988+0000] {dag.py:3096} INFO - Sync 1 DAGs
[2026-06-08T20:20:35.065+0000] {logging_mixin.py:188} INFO - [2026-06-08T20:20:35.064+0000] {dag.py:3954} INFO - Setting next_dagrun for tutorial_dag to None, run_after=None
[2026-06-08T20:20:35.118+0000] {processor.py:183} INFO - Processing /home/airflow/.local/lib/python3.12/site-packages/airflow/example_dags/tutorial_dag.py took 0.243 seconds
[2026-06-08T20:21:06.040+0000] {processor.py:161} INFO - Started process (PID=338) to work on /home/airflow/.local/lib/python3.12/site-packages/airflow/example_dags/tutorial_dag.py
[2026-06-08T20:21:06.041+0000] {processor.py:830} INFO - Processing file /home/airflow/.local/lib/python3.12/site-packages/airflow/example_dags/tutorial_dag.py for tasks to queue
[2026-06-08T20:21:06.043+0000] {logging_mixin.py:188} INFO - [2026-06-08T20:21:06.043+0000] {dagbag.py:545} INFO - Filling up the DagBag from /home/airflow/.local/lib/python3.12/site-packages/airflow/example_dags/tutorial_dag.py
[2026-06-08T20:21:06.051+0000] {processor.py:840} INFO - DAG(s) 'tutorial_dag' retrieved from /home/airflow/.local/lib/python3.12/site-packages/airflow/example_dags/tutorial_dag.py
[2026-06-08T20:21:06.083+0000] {logging_mixin.py:188} INFO - [2026-06-08T20:21:06.083+0000] {dag.py:3096} INFO - Sync 1 DAGs
[2026-06-08T20:21:06.101+0000] {logging_mixin.py:188} INFO - [2026-06-08T20:21:06.101+0000] {dag.py:3954} INFO - Setting next_dagrun for tutorial_dag to None, run_after=None
[2026-06-08T20:21:06.123+0000] {processor.py:183} INFO - Processing /home/airflow/.local/lib/python3.12/site-packages/airflow/example_dags/tutorial_dag.py took 0.090 seconds
[2026-06-08T20:21:36.568+0000] {processor.py:161} INFO - Started process (PID=396) to work on /home/airflow/.local/lib/python3.12/site-packages/airflow/example_dags/tutorial_dag.py
[2026-06-08T20:21:36.569+0000] {processor.py:830} INFO - Processing file /home/airflow/.local/lib/python3.12/site-packages/airflow/example_dags/tutorial_dag.py for tasks to queue
[2026-06-08T20:21:36.571+0000] {logging_mixin.py:188} INFO - [2026-06-08T20:21:36.571+0000] {dagbag.py:545} INFO - Filling up the DagBag from /home/airflow/.local/lib/python3.12/site-packages/airflow/example_dags/tutorial_dag.py
[2026-06-08T20:21:36.579+0000] {processor.py:840} INFO - DAG(s) 'tutorial_dag' retrieved from /home/airflow/.local/lib/python3.12/site-packages/airflow/example_dags/tutorial_dag.py
[2026-06-08T20:21:36.606+0000] {logging_mixin.py:188} INFO - [2026-06-08T20:21:36.606+0000] {dag.py:3096} INFO - Sync 1 DAGs
[2026-06-08T20:21:36.637+0000] {logging_mixin.py:188} INFO - [2026-06-08T20:21:36.635+0000] {dag.py:3954} INFO - Setting next_dagrun for tutorial_dag to None, run_after=None
[2026-06-08T20:21:36.748+0000] {processor.py:183} INFO - Processing /home/airflow/.local/lib/python3.12/site-packages/airflow/example_dags/tutorial_dag.py took 0.187 seconds
[2026-06-08T20:22:07.209+0000] {processor.py:161} INFO - Started process (PID=455) to work on /home/airflow/.local/lib/python3.12/site-packages/airflow/example_dags/tutorial_dag.py
[2026-06-08T20:22:07.210+0000] {processor.py:830} INFO - Processing file /home/airflow/.local/lib/python3.12/site-packages/airflow/example_dags/tutorial_dag.py for tasks to queue
[2026-06-08T20:22:07.212+0000] {logging_mixin.py:188} INFO - [2026-06-08T20:22:07.211+0000] {dagbag.py:545} INFO - Filling up the DagBag from /home/airflow/.local/lib/python3.12/site-packages/airflow/example_dags/tutorial_dag.py
[2026-06-08T20:22:07.218+0000] {processor.py:840} INFO - DAG(s) 'tutorial_dag' retrieved from /home/airflow/.local/lib/python3.12/site-packages/airflow/example_dags/tutorial_dag.py
[2026-06-08T20:22:07.251+0000] {logging_mixin.py:188} INFO - [2026-06-08T20:22:07.251+0000] {dag.py:3096} INFO - Sync 1 DAGs
[2026-06-08T20:22:07.270+0000] {logging_mixin.py:188} INFO - [2026-06-08T20:22:07.270+0000] {dag.py:3954} INFO - Setting next_dagrun for tutorial_dag to None, run_after=None
[2026-06-08T20:22:07.293+0000] {processor.py:183} INFO - Processing /home/airflow/.local/lib/python3.12/site-packages/airflow/example_dags/tutorial_dag.py took 0.091 seconds
[2026-06-08T20:22:37.782+0000] {processor.py:161} INFO - Started process (PID=514) to work on /home/airflow/.local/lib/python3.12/site-packages/airflow/example_dags/tutorial_dag.py
[2026-06-08T20:22:37.783+0000] {processor.py:830} INFO - Processing file /home/airflow/.local/lib/python3.12/site-packages/airflow/example_dags/tutorial_dag.py for tasks to queue
[2026-06-08T20:22:37.785+0000] {logging_mixin.py:188} INFO - [2026-06-08T20:22:37.785+0000] {dagbag.py:545} INFO - Filling up the DagBag from /home/airflow/.local/lib/python3.12/site-packages/airflow/example_dags/tutorial_dag.py
[2026-06-08T20:22:37.791+0000] {processor.py:840} INFO - DAG(s) 'tutorial_dag' retrieved from /home/airflow/.local/lib/python3.12/site-packages/airflow/example_dags/tutorial_dag.py
[2026-06-08T20:22:37.816+0000] {logging_mixin.py:188} INFO - [2026-06-08T20:22:37.815+0000] {dag.py:3096} INFO - Sync 1 DAGs
[2026-06-08T20:22:37.833+0000] {logging_mixin.py:188} INFO - [2026-06-08T20:22:37.832+0000] {dag.py:3954} INFO - Setting next_dagrun for tutorial_dag to None, run_after=None
[2026-06-08T20:22:37.861+0000] {processor.py:183} INFO - Processing /home/airflow/.local/lib/python3.12/site-packages/airflow/example_dags/tutorial_dag.py took 0.086 seconds
[2026-06-08T20:23:07.942+0000] {processor.py:161} INFO - Started process (PID=573) to work on /home/airflow/.local/lib/python3.12/site-packages/airflow/example_dags/tutorial_dag.py
[2026-06-08T20:23:07.943+0000] {processor.py:830} INFO - Processing file /home/airflow/.local/lib/python3.12/site-packages/airflow/example_dags/tutorial_dag.py for tasks to queue
[2026-06-08T20:23:07.945+0000] {logging_mixin.py:188} INFO - [2026-06-08T20:23:07.945+0000] {dagbag.py:545} INFO - Filling up the DagBag from /home/airflow/.local/lib/python3.12/site-packages/airflow/example_dags/tutorial_dag.py
[2026-06-08T20:23:07.952+0000] {processor.py:840} INFO - DAG(s) 'tutorial_dag' retrieved from /home/airflow/.local/lib/python3.12/site-packages/airflow/example_dags/tutorial_dag.py
[2026-06-08T20:23:07.978+0000] {logging_mixin.py:188} INFO - [2026-06-08T20:23:07.977+0000] {dag.py:3096} INFO - Sync 1 DAGs
[2026-06-08T20:23:07.993+0000] {logging_mixin.py:188} INFO - [2026-06-08T20:23:07.993+0000] {dag.py:3954} INFO - Setting next_dagrun for tutorial_dag to None, run_after=None
[2026-06-08T20:23:08.019+0000] {processor.py:183} INFO - Processing /home/airflow/.local/lib/python3.12/site-packages/airflow/example_dags/tutorial_dag.py took 0.084 seconds
[2026-06-08T20:23:38.630+0000] {processor.py:161} INFO - Started process (PID=632) to work on /home/airflow/.local/lib/python3.12/site-packages/airflow/example_dags/tutorial_dag.py
[2026-06-08T20:23:38.631+0000] {processor.py:830} INFO - Processing file /home/airflow/.local/lib/python3.12/site-packages/airflow/example_dags/tutorial_dag.py for tasks to queue
[2026-06-08T20:23:38.633+0000] {logging_mixin.py:188} INFO - [2026-06-08T20:23:38.633+0000] {dagbag.py:545} INFO - Filling up the DagBag from /home/airflow/.local/lib/python3.12/site-packages/airflow/example_dags/tutorial_dag.py
[2026-06-08T20:23:38.640+0000] {processor.py:840} INFO - DAG(s) 'tutorial_dag' retrieved from /home/airflow/.local/lib/python3.12/site-packages/airflow/example_dags/tutorial_dag.py
[2026-06-08T20:23:38.666+0000] {logging_mixin.py:188} INFO - [2026-06-08T20:23:38.666+0000] {dag.py:3096} INFO - Sync 1 DAGs
[2026-06-08T20:23:38.684+0000] {logging_mixin.py:188} INFO - [2026-06-08T20:23:38.684+0000] {dag.py:3954} INFO - Setting next_dagrun for tutorial_dag to None, run_after=None
[2026-06-08T20:23:38.707+0000] {processor.py:183} INFO - Processing /home/airflow/.local/lib/python3.12/site-packages/airflow/example_dags/tutorial_dag.py took 0.084 seconds
