[2026-06-08T20:03:47.663+0000] {processor.py:161} INFO - Started process (PID=87) to work on /home/airflow/.local/lib/python3.12/site-packages/airflow/example_dags/tutorial.py
[2026-06-08T20:03:47.664+0000] {processor.py:830} INFO - Processing file /home/airflow/.local/lib/python3.12/site-packages/airflow/example_dags/tutorial.py for tasks to queue
[2026-06-08T20:03:47.672+0000] {logging_mixin.py:188} INFO - [2026-06-08T20:03:47.669+0000] {dagbag.py:545} INFO - Filling up the DagBag from /home/airflow/.local/lib/python3.12/site-packages/airflow/example_dags/tutorial.py
[2026-06-08T20:03:47.694+0000] {processor.py:840} INFO - DAG(s) 'tutorial' retrieved from /home/airflow/.local/lib/python3.12/site-packages/airflow/example_dags/tutorial.py
[2026-06-08T20:03:48.338+0000] {logging_mixin.py:188} INFO - [2026-06-08T20:03:48.338+0000] {dag.py:3096} INFO - Sync 1 DAGs
[2026-06-08T20:03:48.423+0000] {logging_mixin.py:188} INFO - [2026-06-08T20:03:48.422+0000] {dag.py:3954} INFO - Setting next_dagrun for tutorial to 2026-06-07 00:00:00+00:00, run_after=2026-06-08 00:00:00+00:00
[2026-06-08T20:03:48.541+0000] {processor.py:183} INFO - Processing /home/airflow/.local/lib/python3.12/site-packages/airflow/example_dags/tutorial.py took 0.887 seconds
[2026-06-08T20:04:19.155+0000] {processor.py:161} INFO - Started process (PID=145) to work on /home/airflow/.local/lib/python3.12/site-packages/airflow/example_dags/tutorial.py
[2026-06-08T20:04:19.158+0000] {processor.py:830} INFO - Processing file /home/airflow/.local/lib/python3.12/site-packages/airflow/example_dags/tutorial.py for tasks to queue
[2026-06-08T20:04:19.164+0000] {logging_mixin.py:188} INFO - [2026-06-08T20:04:19.161+0000] {dagbag.py:545} INFO - Filling up the DagBag from /home/airflow/.local/lib/python3.12/site-packages/airflow/example_dags/tutorial.py
[2026-06-08T20:04:19.183+0000] {processor.py:840} INFO - DAG(s) 'tutorial' retrieved from /home/airflow/.local/lib/python3.12/site-packages/airflow/example_dags/tutorial.py
[2026-06-08T20:04:19.240+0000] {logging_mixin.py:188} INFO - [2026-06-08T20:04:19.239+0000] {dag.py:3096} INFO - Sync 1 DAGs
[2026-06-08T20:04:19.325+0000] {logging_mixin.py:188} INFO - [2026-06-08T20:04:19.324+0000] {dag.py:3954} INFO - Setting next_dagrun for tutorial to 2026-06-07 00:00:00+00:00, run_after=2026-06-08 00:00:00+00:00
[2026-06-08T20:04:19.381+0000] {processor.py:183} INFO - Processing /home/airflow/.local/lib/python3.12/site-packages/airflow/example_dags/tutorial.py took 0.251 seconds
[2026-06-08T20:04:49.506+0000] {processor.py:161} INFO - Started process (PID=203) to work on /home/airflow/.local/lib/python3.12/site-packages/airflow/example_dags/tutorial.py
[2026-06-08T20:04:49.510+0000] {processor.py:830} INFO - Processing file /home/airflow/.local/lib/python3.12/site-packages/airflow/example_dags/tutorial.py for tasks to queue
[2026-06-08T20:04:49.514+0000] {logging_mixin.py:188} INFO - [2026-06-08T20:04:49.513+0000] {dagbag.py:545} INFO - Filling up the DagBag from /home/airflow/.local/lib/python3.12/site-packages/airflow/example_dags/tutorial.py
[2026-06-08T20:04:49.523+0000] {processor.py:840} INFO - DAG(s) 'tutorial' retrieved from /home/airflow/.local/lib/python3.12/site-packages/airflow/example_dags/tutorial.py
[2026-06-08T20:04:49.574+0000] {logging_mixin.py:188} INFO - [2026-06-08T20:04:49.574+0000] {dag.py:3096} INFO - Sync 1 DAGs
[2026-06-08T20:04:49.624+0000] {logging_mixin.py:188} INFO - [2026-06-08T20:04:49.624+0000] {dag.py:3954} INFO - Setting next_dagrun for tutorial to 2026-06-07 00:00:00+00:00, run_after=2026-06-08 00:00:00+00:00
[2026-06-08T20:04:49.684+0000] {processor.py:183} INFO - Processing /home/airflow/.local/lib/python3.12/site-packages/airflow/example_dags/tutorial.py took 0.191 seconds
[2026-06-08T20:05:19.954+0000] {processor.py:161} INFO - Started process (PID=261) to work on /home/airflow/.local/lib/python3.12/site-packages/airflow/example_dags/tutorial.py
[2026-06-08T20:05:19.957+0000] {processor.py:830} INFO - Processing file /home/airflow/.local/lib/python3.12/site-packages/airflow/example_dags/tutorial.py for tasks to queue
[2026-06-08T20:05:19.961+0000] {logging_mixin.py:188} INFO - [2026-06-08T20:05:19.961+0000] {dagbag.py:545} INFO - Filling up the DagBag from /home/airflow/.local/lib/python3.12/site-packages/airflow/example_dags/tutorial.py
[2026-06-08T20:05:19.975+0000] {processor.py:840} INFO - DAG(s) 'tutorial' retrieved from /home/airflow/.local/lib/python3.12/site-packages/airflow/example_dags/tutorial.py
[2026-06-08T20:05:20.041+0000] {logging_mixin.py:188} INFO - [2026-06-08T20:05:20.040+0000] {dag.py:3096} INFO - Sync 1 DAGs
[2026-06-08T20:05:20.143+0000] {logging_mixin.py:188} INFO - [2026-06-08T20:05:20.142+0000] {dag.py:3954} INFO - Setting next_dagrun for tutorial to 2026-06-07 00:00:00+00:00, run_after=2026-06-08 00:00:00+00:00
[2026-06-08T20:05:20.196+0000] {processor.py:183} INFO - Processing /home/airflow/.local/lib/python3.12/site-packages/airflow/example_dags/tutorial.py took 0.264 seconds
[2026-06-08T20:05:50.992+0000] {processor.py:161} INFO - Started process (PID=319) to work on /home/airflow/.local/lib/python3.12/site-packages/airflow/example_dags/tutorial.py
[2026-06-08T20:05:50.993+0000] {processor.py:830} INFO - Processing file /home/airflow/.local/lib/python3.12/site-packages/airflow/example_dags/tutorial.py for tasks to queue
[2026-06-08T20:05:50.995+0000] {logging_mixin.py:188} INFO - [2026-06-08T20:05:50.995+0000] {dagbag.py:545} INFO - Filling up the DagBag from /home/airflow/.local/lib/python3.12/site-packages/airflow/example_dags/tutorial.py
[2026-06-08T20:05:51.002+0000] {processor.py:840} INFO - DAG(s) 'tutorial' retrieved from /home/airflow/.local/lib/python3.12/site-packages/airflow/example_dags/tutorial.py
[2026-06-08T20:05:51.032+0000] {logging_mixin.py:188} INFO - [2026-06-08T20:05:51.032+0000] {dag.py:3096} INFO - Sync 1 DAGs
[2026-06-08T20:05:51.064+0000] {logging_mixin.py:188} INFO - [2026-06-08T20:05:51.063+0000] {dag.py:3954} INFO - Setting next_dagrun for tutorial to 2026-06-07 00:00:00+00:00, run_after=2026-06-08 00:00:00+00:00
[2026-06-08T20:05:51.091+0000] {processor.py:183} INFO - Processing /home/airflow/.local/lib/python3.12/site-packages/airflow/example_dags/tutorial.py took 0.106 seconds
[2026-06-08T20:06:22.091+0000] {processor.py:161} INFO - Started process (PID=377) to work on /home/airflow/.local/lib/python3.12/site-packages/airflow/example_dags/tutorial.py
[2026-06-08T20:06:22.092+0000] {processor.py:830} INFO - Processing file /home/airflow/.local/lib/python3.12/site-packages/airflow/example_dags/tutorial.py for tasks to queue
[2026-06-08T20:06:22.094+0000] {logging_mixin.py:188} INFO - [2026-06-08T20:06:22.094+0000] {dagbag.py:545} INFO - Filling up the DagBag from /home/airflow/.local/lib/python3.12/site-packages/airflow/example_dags/tutorial.py
[2026-06-08T20:06:22.105+0000] {processor.py:840} INFO - DAG(s) 'tutorial' retrieved from /home/airflow/.local/lib/python3.12/site-packages/airflow/example_dags/tutorial.py
[2026-06-08T20:06:22.144+0000] {logging_mixin.py:188} INFO - [2026-06-08T20:06:22.143+0000] {dag.py:3096} INFO - Sync 1 DAGs
[2026-06-08T20:06:22.175+0000] {logging_mixin.py:188} INFO - [2026-06-08T20:06:22.175+0000] {dag.py:3954} INFO - Setting next_dagrun for tutorial to 2026-06-07 00:00:00+00:00, run_after=2026-06-08 00:00:00+00:00
[2026-06-08T20:06:22.197+0000] {processor.py:183} INFO - Processing /home/airflow/.local/lib/python3.12/site-packages/airflow/example_dags/tutorial.py took 0.113 seconds
[2026-06-08T20:06:52.251+0000] {processor.py:161} INFO - Started process (PID=435) to work on /home/airflow/.local/lib/python3.12/site-packages/airflow/example_dags/tutorial.py
[2026-06-08T20:06:52.252+0000] {processor.py:830} INFO - Processing file /home/airflow/.local/lib/python3.12/site-packages/airflow/example_dags/tutorial.py for tasks to queue
[2026-06-08T20:06:52.253+0000] {logging_mixin.py:188} INFO - [2026-06-08T20:06:52.253+0000] {dagbag.py:545} INFO - Filling up the DagBag from /home/airflow/.local/lib/python3.12/site-packages/airflow/example_dags/tutorial.py
[2026-06-08T20:06:52.258+0000] {processor.py:840} INFO - DAG(s) 'tutorial' retrieved from /home/airflow/.local/lib/python3.12/site-packages/airflow/example_dags/tutorial.py
[2026-06-08T20:06:52.278+0000] {logging_mixin.py:188} INFO - [2026-06-08T20:06:52.277+0000] {dag.py:3096} INFO - Sync 1 DAGs
[2026-06-08T20:06:52.298+0000] {logging_mixin.py:188} INFO - [2026-06-08T20:06:52.298+0000] {dag.py:3954} INFO - Setting next_dagrun for tutorial to 2026-06-07 00:00:00+00:00, run_after=2026-06-08 00:00:00+00:00
[2026-06-08T20:06:52.314+0000] {processor.py:183} INFO - Processing /home/airflow/.local/lib/python3.12/site-packages/airflow/example_dags/tutorial.py took 0.071 seconds
[2026-06-08T20:08:27.448+0000] {processor.py:161} INFO - Started process (PID=85) to work on /home/airflow/.local/lib/python3.12/site-packages/airflow/example_dags/tutorial.py
[2026-06-08T20:08:27.449+0000] {processor.py:830} INFO - Processing file /home/airflow/.local/lib/python3.12/site-packages/airflow/example_dags/tutorial.py for tasks to queue
[2026-06-08T20:08:27.452+0000] {logging_mixin.py:188} INFO - [2026-06-08T20:08:27.452+0000] {dagbag.py:545} INFO - Filling up the DagBag from /home/airflow/.local/lib/python3.12/site-packages/airflow/example_dags/tutorial.py
[2026-06-08T20:08:27.512+0000] {processor.py:840} INFO - DAG(s) 'tutorial' retrieved from /home/airflow/.local/lib/python3.12/site-packages/airflow/example_dags/tutorial.py
[2026-06-08T20:08:28.153+0000] {logging_mixin.py:188} INFO - [2026-06-08T20:08:28.151+0000] {dag.py:3096} INFO - Sync 1 DAGs
[2026-06-08T20:08:28.237+0000] {logging_mixin.py:188} INFO - [2026-06-08T20:08:28.237+0000] {dag.py:3954} INFO - Setting next_dagrun for tutorial to 2026-06-07 00:00:00+00:00, run_after=2026-06-08 00:00:00+00:00
[2026-06-08T20:08:28.321+0000] {processor.py:183} INFO - Processing /home/airflow/.local/lib/python3.12/site-packages/airflow/example_dags/tutorial.py took 0.917 seconds
[2026-06-08T20:08:59.003+0000] {processor.py:161} INFO - Started process (PID=143) to work on /home/airflow/.local/lib/python3.12/site-packages/airflow/example_dags/tutorial.py
[2026-06-08T20:08:59.004+0000] {processor.py:830} INFO - Processing file /home/airflow/.local/lib/python3.12/site-packages/airflow/example_dags/tutorial.py for tasks to queue
[2026-06-08T20:08:59.006+0000] {logging_mixin.py:188} INFO - [2026-06-08T20:08:59.005+0000] {dagbag.py:545} INFO - Filling up the DagBag from /home/airflow/.local/lib/python3.12/site-packages/airflow/example_dags/tutorial.py
[2026-06-08T20:08:59.013+0000] {processor.py:840} INFO - DAG(s) 'tutorial' retrieved from /home/airflow/.local/lib/python3.12/site-packages/airflow/example_dags/tutorial.py
[2026-06-08T20:08:59.042+0000] {logging_mixin.py:188} INFO - [2026-06-08T20:08:59.042+0000] {dag.py:3096} INFO - Sync 1 DAGs
[2026-06-08T20:08:59.074+0000] {logging_mixin.py:188} INFO - [2026-06-08T20:08:59.074+0000] {dag.py:3954} INFO - Setting next_dagrun for tutorial to 2026-06-07 00:00:00+00:00, run_after=2026-06-08 00:00:00+00:00
[2026-06-08T20:08:59.102+0000] {processor.py:183} INFO - Processing /home/airflow/.local/lib/python3.12/site-packages/airflow/example_dags/tutorial.py took 0.106 seconds
[2026-06-08T20:09:29.958+0000] {processor.py:161} INFO - Started process (PID=201) to work on /home/airflow/.local/lib/python3.12/site-packages/airflow/example_dags/tutorial.py
[2026-06-08T20:09:29.960+0000] {processor.py:830} INFO - Processing file /home/airflow/.local/lib/python3.12/site-packages/airflow/example_dags/tutorial.py for tasks to queue
[2026-06-08T20:09:29.962+0000] {logging_mixin.py:188} INFO - [2026-06-08T20:09:29.961+0000] {dagbag.py:545} INFO - Filling up the DagBag from /home/airflow/.local/lib/python3.12/site-packages/airflow/example_dags/tutorial.py
[2026-06-08T20:09:29.971+0000] {processor.py:840} INFO - DAG(s) 'tutorial' retrieved from /home/airflow/.local/lib/python3.12/site-packages/airflow/example_dags/tutorial.py
[2026-06-08T20:09:30.005+0000] {logging_mixin.py:188} INFO - [2026-06-08T20:09:30.005+0000] {dag.py:3096} INFO - Sync 1 DAGs
[2026-06-08T20:09:30.058+0000] {logging_mixin.py:188} INFO - [2026-06-08T20:09:30.058+0000] {dag.py:3954} INFO - Setting next_dagrun for tutorial to 2026-06-07 00:00:00+00:00, run_after=2026-06-08 00:00:00+00:00
[2026-06-08T20:09:30.112+0000] {processor.py:183} INFO - Processing /home/airflow/.local/lib/python3.12/site-packages/airflow/example_dags/tutorial.py took 0.161 seconds
[2026-06-08T20:10:01.111+0000] {processor.py:161} INFO - Started process (PID=261) to work on /home/airflow/.local/lib/python3.12/site-packages/airflow/example_dags/tutorial.py
[2026-06-08T20:10:01.113+0000] {processor.py:830} INFO - Processing file /home/airflow/.local/lib/python3.12/site-packages/airflow/example_dags/tutorial.py for tasks to queue
[2026-06-08T20:10:01.122+0000] {logging_mixin.py:188} INFO - [2026-06-08T20:10:01.121+0000] {dagbag.py:545} INFO - Filling up the DagBag from /home/airflow/.local/lib/python3.12/site-packages/airflow/example_dags/tutorial.py
[2026-06-08T20:10:01.144+0000] {processor.py:840} INFO - DAG(s) 'tutorial' retrieved from /home/airflow/.local/lib/python3.12/site-packages/airflow/example_dags/tutorial.py
[2026-06-08T20:10:01.254+0000] {logging_mixin.py:188} INFO - [2026-06-08T20:10:01.253+0000] {dag.py:3096} INFO - Sync 1 DAGs
[2026-06-08T20:10:01.377+0000] {logging_mixin.py:188} INFO - [2026-06-08T20:10:01.377+0000] {dag.py:3954} INFO - Setting next_dagrun for tutorial to 2026-06-07 00:00:00+00:00, run_after=2026-06-08 00:00:00+00:00
[2026-06-08T20:10:01.440+0000] {processor.py:183} INFO - Processing /home/airflow/.local/lib/python3.12/site-packages/airflow/example_dags/tutorial.py took 0.354 seconds
[2026-06-08T20:10:32.423+0000] {processor.py:161} INFO - Started process (PID=319) to work on /home/airflow/.local/lib/python3.12/site-packages/airflow/example_dags/tutorial.py
[2026-06-08T20:10:32.424+0000] {processor.py:830} INFO - Processing file /home/airflow/.local/lib/python3.12/site-packages/airflow/example_dags/tutorial.py for tasks to queue
[2026-06-08T20:10:32.426+0000] {logging_mixin.py:188} INFO - [2026-06-08T20:10:32.426+0000] {dagbag.py:545} INFO - Filling up the DagBag from /home/airflow/.local/lib/python3.12/site-packages/airflow/example_dags/tutorial.py
[2026-06-08T20:10:32.434+0000] {processor.py:840} INFO - DAG(s) 'tutorial' retrieved from /home/airflow/.local/lib/python3.12/site-packages/airflow/example_dags/tutorial.py
[2026-06-08T20:10:32.462+0000] {logging_mixin.py:188} INFO - [2026-06-08T20:10:32.462+0000] {dag.py:3096} INFO - Sync 1 DAGs
[2026-06-08T20:10:32.491+0000] {logging_mixin.py:188} INFO - [2026-06-08T20:10:32.491+0000] {dag.py:3954} INFO - Setting next_dagrun for tutorial to 2026-06-07 00:00:00+00:00, run_after=2026-06-08 00:00:00+00:00
[2026-06-08T20:10:32.512+0000] {processor.py:183} INFO - Processing /home/airflow/.local/lib/python3.12/site-packages/airflow/example_dags/tutorial.py took 0.095 seconds
[2026-06-08T20:11:02.897+0000] {processor.py:161} INFO - Started process (PID=377) to work on /home/airflow/.local/lib/python3.12/site-packages/airflow/example_dags/tutorial.py
[2026-06-08T20:11:02.898+0000] {processor.py:830} INFO - Processing file /home/airflow/.local/lib/python3.12/site-packages/airflow/example_dags/tutorial.py for tasks to queue
[2026-06-08T20:11:02.900+0000] {logging_mixin.py:188} INFO - [2026-06-08T20:11:02.899+0000] {dagbag.py:545} INFO - Filling up the DagBag from /home/airflow/.local/lib/python3.12/site-packages/airflow/example_dags/tutorial.py
[2026-06-08T20:11:02.908+0000] {processor.py:840} INFO - DAG(s) 'tutorial' retrieved from /home/airflow/.local/lib/python3.12/site-packages/airflow/example_dags/tutorial.py
[2026-06-08T20:11:03.004+0000] {logging_mixin.py:188} INFO - [2026-06-08T20:11:03.004+0000] {dag.py:3096} INFO - Sync 1 DAGs
[2026-06-08T20:11:03.060+0000] {logging_mixin.py:188} INFO - [2026-06-08T20:11:03.060+0000] {dag.py:3954} INFO - Setting next_dagrun for tutorial to 2026-06-07 00:00:00+00:00, run_after=2026-06-08 00:00:00+00:00
[2026-06-08T20:11:03.085+0000] {processor.py:183} INFO - Processing /home/airflow/.local/lib/python3.12/site-packages/airflow/example_dags/tutorial.py took 0.195 seconds
[2026-06-08T20:11:33.374+0000] {processor.py:161} INFO - Started process (PID=434) to work on /home/airflow/.local/lib/python3.12/site-packages/airflow/example_dags/tutorial.py
[2026-06-08T20:11:33.376+0000] {processor.py:830} INFO - Processing file /home/airflow/.local/lib/python3.12/site-packages/airflow/example_dags/tutorial.py for tasks to queue
[2026-06-08T20:11:33.378+0000] {logging_mixin.py:188} INFO - [2026-06-08T20:11:33.378+0000] {dagbag.py:545} INFO - Filling up the DagBag from /home/airflow/.local/lib/python3.12/site-packages/airflow/example_dags/tutorial.py
[2026-06-08T20:11:33.385+0000] {processor.py:840} INFO - DAG(s) 'tutorial' retrieved from /home/airflow/.local/lib/python3.12/site-packages/airflow/example_dags/tutorial.py
[2026-06-08T20:11:33.414+0000] {logging_mixin.py:188} INFO - [2026-06-08T20:11:33.413+0000] {dag.py:3096} INFO - Sync 1 DAGs
[2026-06-08T20:11:33.444+0000] {logging_mixin.py:188} INFO - [2026-06-08T20:11:33.444+0000] {dag.py:3954} INFO - Setting next_dagrun for tutorial to 2026-06-07 00:00:00+00:00, run_after=2026-06-08 00:00:00+00:00
[2026-06-08T20:11:33.475+0000] {processor.py:183} INFO - Processing /home/airflow/.local/lib/python3.12/site-packages/airflow/example_dags/tutorial.py took 0.107 seconds
[2026-06-08T20:12:04.503+0000] {processor.py:161} INFO - Started process (PID=493) to work on /home/airflow/.local/lib/python3.12/site-packages/airflow/example_dags/tutorial.py
[2026-06-08T20:12:04.507+0000] {processor.py:830} INFO - Processing file /home/airflow/.local/lib/python3.12/site-packages/airflow/example_dags/tutorial.py for tasks to queue
[2026-06-08T20:12:04.535+0000] {logging_mixin.py:188} INFO - [2026-06-08T20:12:04.531+0000] {dagbag.py:545} INFO - Filling up the DagBag from /home/airflow/.local/lib/python3.12/site-packages/airflow/example_dags/tutorial.py
[2026-06-08T20:12:04.699+0000] {processor.py:840} INFO - DAG(s) 'tutorial' retrieved from /home/airflow/.local/lib/python3.12/site-packages/airflow/example_dags/tutorial.py
[2026-06-08T20:12:04.986+0000] {logging_mixin.py:188} INFO - [2026-06-08T20:12:04.980+0000] {dag.py:3096} INFO - Sync 1 DAGs
[2026-06-08T20:12:05.209+0000] {logging_mixin.py:188} INFO - [2026-06-08T20:12:05.209+0000] {dag.py:3954} INFO - Setting next_dagrun for tutorial to 2026-06-07 00:00:00+00:00, run_after=2026-06-08 00:00:00+00:00
[2026-06-08T20:12:05.287+0000] {processor.py:183} INFO - Processing /home/airflow/.local/lib/python3.12/site-packages/airflow/example_dags/tutorial.py took 0.835 seconds
[2026-06-08T20:12:36.205+0000] {processor.py:161} INFO - Started process (PID=551) to work on /home/airflow/.local/lib/python3.12/site-packages/airflow/example_dags/tutorial.py
[2026-06-08T20:12:36.207+0000] {processor.py:830} INFO - Processing file /home/airflow/.local/lib/python3.12/site-packages/airflow/example_dags/tutorial.py for tasks to queue
[2026-06-08T20:12:36.211+0000] {logging_mixin.py:188} INFO - [2026-06-08T20:12:36.210+0000] {dagbag.py:545} INFO - Filling up the DagBag from /home/airflow/.local/lib/python3.12/site-packages/airflow/example_dags/tutorial.py
[2026-06-08T20:12:36.237+0000] {processor.py:840} INFO - DAG(s) 'tutorial' retrieved from /home/airflow/.local/lib/python3.12/site-packages/airflow/example_dags/tutorial.py
[2026-06-08T20:12:36.372+0000] {logging_mixin.py:188} INFO - [2026-06-08T20:12:36.372+0000] {dag.py:3096} INFO - Sync 1 DAGs
[2026-06-08T20:12:36.445+0000] {logging_mixin.py:188} INFO - [2026-06-08T20:12:36.443+0000] {dag.py:3954} INFO - Setting next_dagrun for tutorial to 2026-06-07 00:00:00+00:00, run_after=2026-06-08 00:00:00+00:00
[2026-06-08T20:12:36.552+0000] {processor.py:183} INFO - Processing /home/airflow/.local/lib/python3.12/site-packages/airflow/example_dags/tutorial.py took 0.376 seconds
[2026-06-08T20:13:06.961+0000] {processor.py:161} INFO - Started process (PID=609) to work on /home/airflow/.local/lib/python3.12/site-packages/airflow/example_dags/tutorial.py
[2026-06-08T20:13:06.962+0000] {processor.py:830} INFO - Processing file /home/airflow/.local/lib/python3.12/site-packages/airflow/example_dags/tutorial.py for tasks to queue
[2026-06-08T20:13:06.964+0000] {logging_mixin.py:188} INFO - [2026-06-08T20:13:06.964+0000] {dagbag.py:545} INFO - Filling up the DagBag from /home/airflow/.local/lib/python3.12/site-packages/airflow/example_dags/tutorial.py
[2026-06-08T20:13:06.977+0000] {processor.py:840} INFO - DAG(s) 'tutorial' retrieved from /home/airflow/.local/lib/python3.12/site-packages/airflow/example_dags/tutorial.py
[2026-06-08T20:13:07.004+0000] {logging_mixin.py:188} INFO - [2026-06-08T20:13:07.003+0000] {dag.py:3096} INFO - Sync 1 DAGs
[2026-06-08T20:13:07.034+0000] {logging_mixin.py:188} INFO - [2026-06-08T20:13:07.034+0000] {dag.py:3954} INFO - Setting next_dagrun for tutorial to 2026-06-07 00:00:00+00:00, run_after=2026-06-08 00:00:00+00:00
[2026-06-08T20:13:07.057+0000] {processor.py:183} INFO - Processing /home/airflow/.local/lib/python3.12/site-packages/airflow/example_dags/tutorial.py took 0.103 seconds
[2026-06-08T20:13:40.342+0000] {processor.py:161} INFO - Started process (PID=666) to work on /home/airflow/.local/lib/python3.12/site-packages/airflow/example_dags/tutorial.py
[2026-06-08T20:13:40.347+0000] {processor.py:830} INFO - Processing file /home/airflow/.local/lib/python3.12/site-packages/airflow/example_dags/tutorial.py for tasks to queue
[2026-06-08T20:13:40.351+0000] {logging_mixin.py:188} INFO - [2026-06-08T20:13:40.350+0000] {dagbag.py:545} INFO - Filling up the DagBag from /home/airflow/.local/lib/python3.12/site-packages/airflow/example_dags/tutorial.py
[2026-06-08T20:13:40.365+0000] {processor.py:840} INFO - DAG(s) 'tutorial' retrieved from /home/airflow/.local/lib/python3.12/site-packages/airflow/example_dags/tutorial.py
[2026-06-08T20:13:40.469+0000] {logging_mixin.py:188} INFO - [2026-06-08T20:13:40.469+0000] {dag.py:3096} INFO - Sync 1 DAGs
[2026-06-08T20:13:40.614+0000] {logging_mixin.py:188} INFO - [2026-06-08T20:13:40.614+0000] {dag.py:3954} INFO - Setting next_dagrun for tutorial to 2026-06-07 00:00:00+00:00, run_after=2026-06-08 00:00:00+00:00
[2026-06-08T20:13:40.715+0000] {processor.py:183} INFO - Processing /home/airflow/.local/lib/python3.12/site-packages/airflow/example_dags/tutorial.py took 0.399 seconds
[2026-06-08T20:14:11.302+0000] {processor.py:161} INFO - Started process (PID=724) to work on /home/airflow/.local/lib/python3.12/site-packages/airflow/example_dags/tutorial.py
[2026-06-08T20:14:11.304+0000] {processor.py:830} INFO - Processing file /home/airflow/.local/lib/python3.12/site-packages/airflow/example_dags/tutorial.py for tasks to queue
[2026-06-08T20:14:11.306+0000] {logging_mixin.py:188} INFO - [2026-06-08T20:14:11.306+0000] {dagbag.py:545} INFO - Filling up the DagBag from /home/airflow/.local/lib/python3.12/site-packages/airflow/example_dags/tutorial.py
[2026-06-08T20:14:11.314+0000] {processor.py:840} INFO - DAG(s) 'tutorial' retrieved from /home/airflow/.local/lib/python3.12/site-packages/airflow/example_dags/tutorial.py
[2026-06-08T20:14:11.341+0000] {logging_mixin.py:188} INFO - [2026-06-08T20:14:11.340+0000] {dag.py:3096} INFO - Sync 1 DAGs
[2026-06-08T20:14:11.371+0000] {logging_mixin.py:188} INFO - [2026-06-08T20:14:11.370+0000] {dag.py:3954} INFO - Setting next_dagrun for tutorial to 2026-06-07 00:00:00+00:00, run_after=2026-06-08 00:00:00+00:00
[2026-06-08T20:14:11.393+0000] {processor.py:183} INFO - Processing /home/airflow/.local/lib/python3.12/site-packages/airflow/example_dags/tutorial.py took 0.103 seconds
[2026-06-08T20:14:42.416+0000] {processor.py:161} INFO - Started process (PID=782) to work on /home/airflow/.local/lib/python3.12/site-packages/airflow/example_dags/tutorial.py
[2026-06-08T20:14:42.427+0000] {processor.py:830} INFO - Processing file /home/airflow/.local/lib/python3.12/site-packages/airflow/example_dags/tutorial.py for tasks to queue
[2026-06-08T20:14:42.430+0000] {logging_mixin.py:188} INFO - [2026-06-08T20:14:42.430+0000] {dagbag.py:545} INFO - Filling up the DagBag from /home/airflow/.local/lib/python3.12/site-packages/airflow/example_dags/tutorial.py
[2026-06-08T20:14:42.450+0000] {processor.py:840} INFO - DAG(s) 'tutorial' retrieved from /home/airflow/.local/lib/python3.12/site-packages/airflow/example_dags/tutorial.py
[2026-06-08T20:14:42.603+0000] {logging_mixin.py:188} INFO - [2026-06-08T20:14:42.601+0000] {dag.py:3096} INFO - Sync 1 DAGs
[2026-06-08T20:14:42.736+0000] {logging_mixin.py:188} INFO - [2026-06-08T20:14:42.732+0000] {dag.py:3954} INFO - Setting next_dagrun for tutorial to 2026-06-07 00:00:00+00:00, run_after=2026-06-08 00:00:00+00:00
[2026-06-08T20:14:42.924+0000] {processor.py:183} INFO - Processing /home/airflow/.local/lib/python3.12/site-packages/airflow/example_dags/tutorial.py took 0.527 seconds
[2026-06-08T20:15:13.779+0000] {processor.py:161} INFO - Started process (PID=840) to work on /home/airflow/.local/lib/python3.12/site-packages/airflow/example_dags/tutorial.py
[2026-06-08T20:15:13.780+0000] {processor.py:830} INFO - Processing file /home/airflow/.local/lib/python3.12/site-packages/airflow/example_dags/tutorial.py for tasks to queue
[2026-06-08T20:15:13.781+0000] {logging_mixin.py:188} INFO - [2026-06-08T20:15:13.781+0000] {dagbag.py:545} INFO - Filling up the DagBag from /home/airflow/.local/lib/python3.12/site-packages/airflow/example_dags/tutorial.py
[2026-06-08T20:15:13.789+0000] {processor.py:840} INFO - DAG(s) 'tutorial' retrieved from /home/airflow/.local/lib/python3.12/site-packages/airflow/example_dags/tutorial.py
[2026-06-08T20:15:13.814+0000] {logging_mixin.py:188} INFO - [2026-06-08T20:15:13.814+0000] {dag.py:3096} INFO - Sync 1 DAGs
[2026-06-08T20:15:13.844+0000] {logging_mixin.py:188} INFO - [2026-06-08T20:15:13.844+0000] {dag.py:3954} INFO - Setting next_dagrun for tutorial to 2026-06-07 00:00:00+00:00, run_after=2026-06-08 00:00:00+00:00
[2026-06-08T20:15:13.867+0000] {processor.py:183} INFO - Processing /home/airflow/.local/lib/python3.12/site-packages/airflow/example_dags/tutorial.py took 0.095 seconds
[2026-06-08T20:15:44.435+0000] {processor.py:161} INFO - Started process (PID=898) to work on /home/airflow/.local/lib/python3.12/site-packages/airflow/example_dags/tutorial.py
[2026-06-08T20:15:44.436+0000] {processor.py:830} INFO - Processing file /home/airflow/.local/lib/python3.12/site-packages/airflow/example_dags/tutorial.py for tasks to queue
[2026-06-08T20:15:44.438+0000] {logging_mixin.py:188} INFO - [2026-06-08T20:15:44.438+0000] {dagbag.py:545} INFO - Filling up the DagBag from /home/airflow/.local/lib/python3.12/site-packages/airflow/example_dags/tutorial.py
[2026-06-08T20:15:44.446+0000] {processor.py:840} INFO - DAG(s) 'tutorial' retrieved from /home/airflow/.local/lib/python3.12/site-packages/airflow/example_dags/tutorial.py
[2026-06-08T20:15:44.473+0000] {logging_mixin.py:188} INFO - [2026-06-08T20:15:44.472+0000] {dag.py:3096} INFO - Sync 1 DAGs
[2026-06-08T20:15:44.502+0000] {logging_mixin.py:188} INFO - [2026-06-08T20:15:44.502+0000] {dag.py:3954} INFO - Setting next_dagrun for tutorial to 2026-06-07 00:00:00+00:00, run_after=2026-06-08 00:00:00+00:00
[2026-06-08T20:15:44.528+0000] {processor.py:183} INFO - Processing /home/airflow/.local/lib/python3.12/site-packages/airflow/example_dags/tutorial.py took 0.099 seconds
[2026-06-08T20:16:14.946+0000] {processor.py:161} INFO - Started process (PID=956) to work on /home/airflow/.local/lib/python3.12/site-packages/airflow/example_dags/tutorial.py
[2026-06-08T20:16:14.949+0000] {processor.py:830} INFO - Processing file /home/airflow/.local/lib/python3.12/site-packages/airflow/example_dags/tutorial.py for tasks to queue
[2026-06-08T20:16:14.959+0000] {logging_mixin.py:188} INFO - [2026-06-08T20:16:14.959+0000] {dagbag.py:545} INFO - Filling up the DagBag from /home/airflow/.local/lib/python3.12/site-packages/airflow/example_dags/tutorial.py
[2026-06-08T20:16:14.988+0000] {processor.py:840} INFO - DAG(s) 'tutorial' retrieved from /home/airflow/.local/lib/python3.12/site-packages/airflow/example_dags/tutorial.py
[2026-06-08T20:16:15.049+0000] {logging_mixin.py:188} INFO - [2026-06-08T20:16:15.046+0000] {dag.py:3096} INFO - Sync 1 DAGs
[2026-06-08T20:16:15.092+0000] {logging_mixin.py:188} INFO - [2026-06-08T20:16:15.092+0000] {dag.py:3954} INFO - Setting next_dagrun for tutorial to 2026-06-07 00:00:00+00:00, run_after=2026-06-08 00:00:00+00:00
[2026-06-08T20:16:15.113+0000] {processor.py:183} INFO - Processing /home/airflow/.local/lib/python3.12/site-packages/airflow/example_dags/tutorial.py took 0.214 seconds
[2026-06-08T20:16:46.004+0000] {processor.py:161} INFO - Started process (PID=1014) to work on /home/airflow/.local/lib/python3.12/site-packages/airflow/example_dags/tutorial.py
[2026-06-08T20:16:46.005+0000] {processor.py:830} INFO - Processing file /home/airflow/.local/lib/python3.12/site-packages/airflow/example_dags/tutorial.py for tasks to queue
[2026-06-08T20:16:46.007+0000] {logging_mixin.py:188} INFO - [2026-06-08T20:16:46.006+0000] {dagbag.py:545} INFO - Filling up the DagBag from /home/airflow/.local/lib/python3.12/site-packages/airflow/example_dags/tutorial.py
[2026-06-08T20:16:46.014+0000] {processor.py:840} INFO - DAG(s) 'tutorial' retrieved from /home/airflow/.local/lib/python3.12/site-packages/airflow/example_dags/tutorial.py
[2026-06-08T20:16:46.044+0000] {logging_mixin.py:188} INFO - [2026-06-08T20:16:46.044+0000] {dag.py:3096} INFO - Sync 1 DAGs
[2026-06-08T20:16:46.074+0000] {logging_mixin.py:188} INFO - [2026-06-08T20:16:46.074+0000] {dag.py:3954} INFO - Setting next_dagrun for tutorial to 2026-06-07 00:00:00+00:00, run_after=2026-06-08 00:00:00+00:00
[2026-06-08T20:16:46.110+0000] {processor.py:183} INFO - Processing /home/airflow/.local/lib/python3.12/site-packages/airflow/example_dags/tutorial.py took 0.113 seconds
[2026-06-08T20:17:16.654+0000] {processor.py:161} INFO - Started process (PID=1072) to work on /home/airflow/.local/lib/python3.12/site-packages/airflow/example_dags/tutorial.py
[2026-06-08T20:17:16.655+0000] {processor.py:830} INFO - Processing file /home/airflow/.local/lib/python3.12/site-packages/airflow/example_dags/tutorial.py for tasks to queue
[2026-06-08T20:17:16.657+0000] {logging_mixin.py:188} INFO - [2026-06-08T20:17:16.657+0000] {dagbag.py:545} INFO - Filling up the DagBag from /home/airflow/.local/lib/python3.12/site-packages/airflow/example_dags/tutorial.py
[2026-06-08T20:17:16.665+0000] {processor.py:840} INFO - DAG(s) 'tutorial' retrieved from /home/airflow/.local/lib/python3.12/site-packages/airflow/example_dags/tutorial.py
[2026-06-08T20:17:16.692+0000] {logging_mixin.py:188} INFO - [2026-06-08T20:17:16.692+0000] {dag.py:3096} INFO - Sync 1 DAGs
[2026-06-08T20:17:16.722+0000] {logging_mixin.py:188} INFO - [2026-06-08T20:17:16.722+0000] {dag.py:3954} INFO - Setting next_dagrun for tutorial to 2026-06-07 00:00:00+00:00, run_after=2026-06-08 00:00:00+00:00
[2026-06-08T20:17:16.746+0000] {processor.py:183} INFO - Processing /home/airflow/.local/lib/python3.12/site-packages/airflow/example_dags/tutorial.py took 0.098 seconds
[2026-06-08T20:18:56.232+0000] {processor.py:161} INFO - Started process (PID=82) to work on /home/airflow/.local/lib/python3.12/site-packages/airflow/example_dags/tutorial.py
[2026-06-08T20:18:56.238+0000] {processor.py:830} INFO - Processing file /home/airflow/.local/lib/python3.12/site-packages/airflow/example_dags/tutorial.py for tasks to queue
[2026-06-08T20:18:56.242+0000] {logging_mixin.py:188} INFO - [2026-06-08T20:18:56.242+0000] {dagbag.py:545} INFO - Filling up the DagBag from /home/airflow/.local/lib/python3.12/site-packages/airflow/example_dags/tutorial.py
[2026-06-08T20:18:56.267+0000] {processor.py:840} INFO - DAG(s) 'tutorial' retrieved from /home/airflow/.local/lib/python3.12/site-packages/airflow/example_dags/tutorial.py
[2026-06-08T20:18:56.543+0000] {logging_mixin.py:188} INFO - [2026-06-08T20:18:56.542+0000] {dag.py:3096} INFO - Sync 1 DAGs
[2026-06-08T20:18:56.603+0000] {logging_mixin.py:188} INFO - [2026-06-08T20:18:56.603+0000] {dag.py:3954} INFO - Setting next_dagrun for tutorial to 2026-06-07 00:00:00+00:00, run_after=2026-06-08 00:00:00+00:00
[2026-06-08T20:18:56.664+0000] {processor.py:183} INFO - Processing /home/airflow/.local/lib/python3.12/site-packages/airflow/example_dags/tutorial.py took 0.463 seconds
[2026-06-08T20:19:27.609+0000] {processor.py:161} INFO - Started process (PID=141) to work on /home/airflow/.local/lib/python3.12/site-packages/airflow/example_dags/tutorial.py
[2026-06-08T20:19:27.611+0000] {processor.py:830} INFO - Processing file /home/airflow/.local/lib/python3.12/site-packages/airflow/example_dags/tutorial.py for tasks to queue
[2026-06-08T20:19:27.619+0000] {logging_mixin.py:188} INFO - [2026-06-08T20:19:27.615+0000] {dagbag.py:545} INFO - Filling up the DagBag from /home/airflow/.local/lib/python3.12/site-packages/airflow/example_dags/tutorial.py
[2026-06-08T20:19:27.639+0000] {processor.py:840} INFO - DAG(s) 'tutorial' retrieved from /home/airflow/.local/lib/python3.12/site-packages/airflow/example_dags/tutorial.py
[2026-06-08T20:19:27.698+0000] {logging_mixin.py:188} INFO - [2026-06-08T20:19:27.697+0000] {dag.py:3096} INFO - Sync 1 DAGs
[2026-06-08T20:19:27.733+0000] {logging_mixin.py:188} INFO - [2026-06-08T20:19:27.733+0000] {dag.py:3954} INFO - Setting next_dagrun for tutorial to 2026-06-07 00:00:00+00:00, run_after=2026-06-08 00:00:00+00:00
[2026-06-08T20:19:27.798+0000] {processor.py:183} INFO - Processing /home/airflow/.local/lib/python3.12/site-packages/airflow/example_dags/tutorial.py took 0.211 seconds
[2026-06-08T20:19:58.187+0000] {processor.py:161} INFO - Started process (PID=200) to work on /home/airflow/.local/lib/python3.12/site-packages/airflow/example_dags/tutorial.py
[2026-06-08T20:19:58.194+0000] {processor.py:830} INFO - Processing file /home/airflow/.local/lib/python3.12/site-packages/airflow/example_dags/tutorial.py for tasks to queue
[2026-06-08T20:19:58.200+0000] {logging_mixin.py:188} INFO - [2026-06-08T20:19:58.200+0000] {dagbag.py:545} INFO - Filling up the DagBag from /home/airflow/.local/lib/python3.12/site-packages/airflow/example_dags/tutorial.py
[2026-06-08T20:19:58.225+0000] {processor.py:840} INFO - DAG(s) 'tutorial' retrieved from /home/airflow/.local/lib/python3.12/site-packages/airflow/example_dags/tutorial.py
[2026-06-08T20:19:58.289+0000] {logging_mixin.py:188} INFO - [2026-06-08T20:19:58.288+0000] {dag.py:3096} INFO - Sync 1 DAGs
[2026-06-08T20:19:58.352+0000] {logging_mixin.py:188} INFO - [2026-06-08T20:19:58.351+0000] {dag.py:3954} INFO - Setting next_dagrun for tutorial to 2026-06-07 00:00:00+00:00, run_after=2026-06-08 00:00:00+00:00
[2026-06-08T20:19:58.406+0000] {processor.py:183} INFO - Processing /home/airflow/.local/lib/python3.12/site-packages/airflow/example_dags/tutorial.py took 0.242 seconds
[2026-06-08T20:20:28.751+0000] {processor.py:161} INFO - Started process (PID=258) to work on /home/airflow/.local/lib/python3.12/site-packages/airflow/example_dags/tutorial.py
[2026-06-08T20:20:28.752+0000] {processor.py:830} INFO - Processing file /home/airflow/.local/lib/python3.12/site-packages/airflow/example_dags/tutorial.py for tasks to queue
[2026-06-08T20:20:28.754+0000] {logging_mixin.py:188} INFO - [2026-06-08T20:20:28.754+0000] {dagbag.py:545} INFO - Filling up the DagBag from /home/airflow/.local/lib/python3.12/site-packages/airflow/example_dags/tutorial.py
[2026-06-08T20:20:28.763+0000] {processor.py:840} INFO - DAG(s) 'tutorial' retrieved from /home/airflow/.local/lib/python3.12/site-packages/airflow/example_dags/tutorial.py
[2026-06-08T20:20:28.841+0000] {logging_mixin.py:188} INFO - [2026-06-08T20:20:28.840+0000] {dag.py:3096} INFO - Sync 1 DAGs
[2026-06-08T20:20:28.899+0000] {logging_mixin.py:188} INFO - [2026-06-08T20:20:28.899+0000] {dag.py:3954} INFO - Setting next_dagrun for tutorial to 2026-06-07 00:00:00+00:00, run_after=2026-06-08 00:00:00+00:00
[2026-06-08T20:20:28.926+0000] {processor.py:183} INFO - Processing /home/airflow/.local/lib/python3.12/site-packages/airflow/example_dags/tutorial.py took 0.184 seconds
[2026-06-08T20:20:59.408+0000] {processor.py:161} INFO - Started process (PID=317) to work on /home/airflow/.local/lib/python3.12/site-packages/airflow/example_dags/tutorial.py
[2026-06-08T20:20:59.409+0000] {processor.py:830} INFO - Processing file /home/airflow/.local/lib/python3.12/site-packages/airflow/example_dags/tutorial.py for tasks to queue
[2026-06-08T20:20:59.411+0000] {logging_mixin.py:188} INFO - [2026-06-08T20:20:59.411+0000] {dagbag.py:545} INFO - Filling up the DagBag from /home/airflow/.local/lib/python3.12/site-packages/airflow/example_dags/tutorial.py
[2026-06-08T20:20:59.418+0000] {processor.py:840} INFO - DAG(s) 'tutorial' retrieved from /home/airflow/.local/lib/python3.12/site-packages/airflow/example_dags/tutorial.py
[2026-06-08T20:20:59.444+0000] {logging_mixin.py:188} INFO - [2026-06-08T20:20:59.443+0000] {dag.py:3096} INFO - Sync 1 DAGs
[2026-06-08T20:20:59.473+0000] {logging_mixin.py:188} INFO - [2026-06-08T20:20:59.472+0000] {dag.py:3954} INFO - Setting next_dagrun for tutorial to 2026-06-07 00:00:00+00:00, run_after=2026-06-08 00:00:00+00:00
[2026-06-08T20:20:59.493+0000] {processor.py:183} INFO - Processing /home/airflow/.local/lib/python3.12/site-packages/airflow/example_dags/tutorial.py took 0.093 seconds
[2026-06-08T20:21:30.035+0000] {processor.py:161} INFO - Started process (PID=375) to work on /home/airflow/.local/lib/python3.12/site-packages/airflow/example_dags/tutorial.py
[2026-06-08T20:21:30.036+0000] {processor.py:830} INFO - Processing file /home/airflow/.local/lib/python3.12/site-packages/airflow/example_dags/tutorial.py for tasks to queue
[2026-06-08T20:21:30.038+0000] {logging_mixin.py:188} INFO - [2026-06-08T20:21:30.037+0000] {dagbag.py:545} INFO - Filling up the DagBag from /home/airflow/.local/lib/python3.12/site-packages/airflow/example_dags/tutorial.py
[2026-06-08T20:21:30.045+0000] {processor.py:840} INFO - DAG(s) 'tutorial' retrieved from /home/airflow/.local/lib/python3.12/site-packages/airflow/example_dags/tutorial.py
[2026-06-08T20:21:30.072+0000] {logging_mixin.py:188} INFO - [2026-06-08T20:21:30.072+0000] {dag.py:3096} INFO - Sync 1 DAGs
[2026-06-08T20:21:30.101+0000] {logging_mixin.py:188} INFO - [2026-06-08T20:21:30.101+0000] {dag.py:3954} INFO - Setting next_dagrun for tutorial to 2026-06-07 00:00:00+00:00, run_after=2026-06-08 00:00:00+00:00
[2026-06-08T20:21:30.123+0000] {processor.py:183} INFO - Processing /home/airflow/.local/lib/python3.12/site-packages/airflow/example_dags/tutorial.py took 0.097 seconds
[2026-06-08T20:22:00.302+0000] {processor.py:161} INFO - Started process (PID=434) to work on /home/airflow/.local/lib/python3.12/site-packages/airflow/example_dags/tutorial.py
[2026-06-08T20:22:00.303+0000] {processor.py:830} INFO - Processing file /home/airflow/.local/lib/python3.12/site-packages/airflow/example_dags/tutorial.py for tasks to queue
[2026-06-08T20:22:00.306+0000] {logging_mixin.py:188} INFO - [2026-06-08T20:22:00.305+0000] {dagbag.py:545} INFO - Filling up the DagBag from /home/airflow/.local/lib/python3.12/site-packages/airflow/example_dags/tutorial.py
[2026-06-08T20:22:00.313+0000] {processor.py:840} INFO - DAG(s) 'tutorial' retrieved from /home/airflow/.local/lib/python3.12/site-packages/airflow/example_dags/tutorial.py
[2026-06-08T20:22:00.346+0000] {logging_mixin.py:188} INFO - [2026-06-08T20:22:00.346+0000] {dag.py:3096} INFO - Sync 1 DAGs
[2026-06-08T20:22:00.377+0000] {logging_mixin.py:188} INFO - [2026-06-08T20:22:00.376+0000] {dag.py:3954} INFO - Setting next_dagrun for tutorial to 2026-06-07 00:00:00+00:00, run_after=2026-06-08 00:00:00+00:00
[2026-06-08T20:22:00.397+0000] {processor.py:183} INFO - Processing /home/airflow/.local/lib/python3.12/site-packages/airflow/example_dags/tutorial.py took 0.105 seconds
[2026-06-08T20:22:30.805+0000] {processor.py:161} INFO - Started process (PID=493) to work on /home/airflow/.local/lib/python3.12/site-packages/airflow/example_dags/tutorial.py
[2026-06-08T20:22:30.806+0000] {processor.py:830} INFO - Processing file /home/airflow/.local/lib/python3.12/site-packages/airflow/example_dags/tutorial.py for tasks to queue
[2026-06-08T20:22:30.808+0000] {logging_mixin.py:188} INFO - [2026-06-08T20:22:30.807+0000] {dagbag.py:545} INFO - Filling up the DagBag from /home/airflow/.local/lib/python3.12/site-packages/airflow/example_dags/tutorial.py
[2026-06-08T20:22:30.814+0000] {processor.py:840} INFO - DAG(s) 'tutorial' retrieved from /home/airflow/.local/lib/python3.12/site-packages/airflow/example_dags/tutorial.py
[2026-06-08T20:22:30.841+0000] {logging_mixin.py:188} INFO - [2026-06-08T20:22:30.841+0000] {dag.py:3096} INFO - Sync 1 DAGs
[2026-06-08T20:22:30.870+0000] {logging_mixin.py:188} INFO - [2026-06-08T20:22:30.870+0000] {dag.py:3954} INFO - Setting next_dagrun for tutorial to 2026-06-07 00:00:00+00:00, run_after=2026-06-08 00:00:00+00:00
[2026-06-08T20:22:30.890+0000] {processor.py:183} INFO - Processing /home/airflow/.local/lib/python3.12/site-packages/airflow/example_dags/tutorial.py took 0.093 seconds
[2026-06-08T20:23:01.880+0000] {processor.py:161} INFO - Started process (PID=552) to work on /home/airflow/.local/lib/python3.12/site-packages/airflow/example_dags/tutorial.py
[2026-06-08T20:23:01.881+0000] {processor.py:830} INFO - Processing file /home/airflow/.local/lib/python3.12/site-packages/airflow/example_dags/tutorial.py for tasks to queue
[2026-06-08T20:23:01.883+0000] {logging_mixin.py:188} INFO - [2026-06-08T20:23:01.883+0000] {dagbag.py:545} INFO - Filling up the DagBag from /home/airflow/.local/lib/python3.12/site-packages/airflow/example_dags/tutorial.py
[2026-06-08T20:23:01.890+0000] {processor.py:840} INFO - DAG(s) 'tutorial' retrieved from /home/airflow/.local/lib/python3.12/site-packages/airflow/example_dags/tutorial.py
[2026-06-08T20:23:01.917+0000] {logging_mixin.py:188} INFO - [2026-06-08T20:23:01.916+0000] {dag.py:3096} INFO - Sync 1 DAGs
[2026-06-08T20:23:01.950+0000] {logging_mixin.py:188} INFO - [2026-06-08T20:23:01.950+0000] {dag.py:3954} INFO - Setting next_dagrun for tutorial to 2026-06-07 00:00:00+00:00, run_after=2026-06-08 00:00:00+00:00
[2026-06-08T20:23:01.974+0000] {processor.py:183} INFO - Processing /home/airflow/.local/lib/python3.12/site-packages/airflow/example_dags/tutorial.py took 0.101 seconds
[2026-06-08T20:23:32.636+0000] {processor.py:161} INFO - Started process (PID=611) to work on /home/airflow/.local/lib/python3.12/site-packages/airflow/example_dags/tutorial.py
[2026-06-08T20:23:32.639+0000] {processor.py:830} INFO - Processing file /home/airflow/.local/lib/python3.12/site-packages/airflow/example_dags/tutorial.py for tasks to queue
[2026-06-08T20:23:32.645+0000] {logging_mixin.py:188} INFO - [2026-06-08T20:23:32.645+0000] {dagbag.py:545} INFO - Filling up the DagBag from /home/airflow/.local/lib/python3.12/site-packages/airflow/example_dags/tutorial.py
[2026-06-08T20:23:32.671+0000] {processor.py:840} INFO - DAG(s) 'tutorial' retrieved from /home/airflow/.local/lib/python3.12/site-packages/airflow/example_dags/tutorial.py
[2026-06-08T20:23:32.843+0000] {logging_mixin.py:188} INFO - [2026-06-08T20:23:32.842+0000] {dag.py:3096} INFO - Sync 1 DAGs
[2026-06-08T20:23:33.050+0000] {logging_mixin.py:188} INFO - [2026-06-08T20:23:33.050+0000] {dag.py:3954} INFO - Setting next_dagrun for tutorial to 2026-06-07 00:00:00+00:00, run_after=2026-06-08 00:00:00+00:00
[2026-06-08T20:23:33.204+0000] {processor.py:183} INFO - Processing /home/airflow/.local/lib/python3.12/site-packages/airflow/example_dags/tutorial.py took 0.590 seconds
