[2026-06-08T20:03:50.914+0000] {processor.py:161} INFO - Started process (PID=93) to work on /home/airflow/.local/lib/python3.12/site-packages/airflow/example_dags/tutorial_taskflow_api.py
[2026-06-08T20:03:50.916+0000] {processor.py:830} INFO - Processing file /home/airflow/.local/lib/python3.12/site-packages/airflow/example_dags/tutorial_taskflow_api.py for tasks to queue
[2026-06-08T20:03:50.918+0000] {logging_mixin.py:188} INFO - [2026-06-08T20:03:50.918+0000] {dagbag.py:545} INFO - Filling up the DagBag from /home/airflow/.local/lib/python3.12/site-packages/airflow/example_dags/tutorial_taskflow_api.py
[2026-06-08T20:03:50.930+0000] {processor.py:840} INFO - DAG(s) 'tutorial_taskflow_api' retrieved from /home/airflow/.local/lib/python3.12/site-packages/airflow/example_dags/tutorial_taskflow_api.py
[2026-06-08T20:03:51.231+0000] {logging_mixin.py:188} INFO - [2026-06-08T20:03:51.230+0000] {dag.py:3096} INFO - Sync 1 DAGs
[2026-06-08T20:03:51.291+0000] {logging_mixin.py:188} INFO - [2026-06-08T20:03:51.291+0000] {dag.py:3954} INFO - Setting next_dagrun for tutorial_taskflow_api to None, run_after=None
[2026-06-08T20:03:51.326+0000] {processor.py:183} INFO - Processing /home/airflow/.local/lib/python3.12/site-packages/airflow/example_dags/tutorial_taskflow_api.py took 0.422 seconds
[2026-06-08T20:04:21.891+0000] {processor.py:161} INFO - Started process (PID=151) to work on /home/airflow/.local/lib/python3.12/site-packages/airflow/example_dags/tutorial_taskflow_api.py
[2026-06-08T20:04:21.892+0000] {processor.py:830} INFO - Processing file /home/airflow/.local/lib/python3.12/site-packages/airflow/example_dags/tutorial_taskflow_api.py for tasks to queue
[2026-06-08T20:04:21.894+0000] {logging_mixin.py:188} INFO - [2026-06-08T20:04:21.894+0000] {dagbag.py:545} INFO - Filling up the DagBag from /home/airflow/.local/lib/python3.12/site-packages/airflow/example_dags/tutorial_taskflow_api.py
[2026-06-08T20:04:21.902+0000] {processor.py:840} INFO - DAG(s) 'tutorial_taskflow_api' retrieved from /home/airflow/.local/lib/python3.12/site-packages/airflow/example_dags/tutorial_taskflow_api.py
[2026-06-08T20:04:21.923+0000] {logging_mixin.py:188} INFO - [2026-06-08T20:04:21.922+0000] {dag.py:3096} INFO - Sync 1 DAGs
[2026-06-08T20:04:21.936+0000] {logging_mixin.py:188} INFO - [2026-06-08T20:04:21.936+0000] {dag.py:3954} INFO - Setting next_dagrun for tutorial_taskflow_api to None, run_after=None
[2026-06-08T20:04:21.954+0000] {processor.py:183} INFO - Processing /home/airflow/.local/lib/python3.12/site-packages/airflow/example_dags/tutorial_taskflow_api.py took 0.070 seconds
[2026-06-08T20:04:52.064+0000] {processor.py:161} INFO - Started process (PID=209) to work on /home/airflow/.local/lib/python3.12/site-packages/airflow/example_dags/tutorial_taskflow_api.py
[2026-06-08T20:04:52.065+0000] {processor.py:830} INFO - Processing file /home/airflow/.local/lib/python3.12/site-packages/airflow/example_dags/tutorial_taskflow_api.py for tasks to queue
[2026-06-08T20:04:52.067+0000] {logging_mixin.py:188} INFO - [2026-06-08T20:04:52.066+0000] {dagbag.py:545} INFO - Filling up the DagBag from /home/airflow/.local/lib/python3.12/site-packages/airflow/example_dags/tutorial_taskflow_api.py
[2026-06-08T20:04:52.074+0000] {processor.py:840} INFO - DAG(s) 'tutorial_taskflow_api' retrieved from /home/airflow/.local/lib/python3.12/site-packages/airflow/example_dags/tutorial_taskflow_api.py
[2026-06-08T20:04:52.113+0000] {logging_mixin.py:188} INFO - [2026-06-08T20:04:52.113+0000] {dag.py:3096} INFO - Sync 1 DAGs
[2026-06-08T20:04:52.131+0000] {logging_mixin.py:188} INFO - [2026-06-08T20:04:52.131+0000] {dag.py:3954} INFO - Setting next_dagrun for tutorial_taskflow_api to None, run_after=None
[2026-06-08T20:04:52.175+0000] {processor.py:183} INFO - Processing /home/airflow/.local/lib/python3.12/site-packages/airflow/example_dags/tutorial_taskflow_api.py took 0.118 seconds
[2026-06-08T20:05:23.440+0000] {processor.py:161} INFO - Started process (PID=267) to work on /home/airflow/.local/lib/python3.12/site-packages/airflow/example_dags/tutorial_taskflow_api.py
[2026-06-08T20:05:23.441+0000] {processor.py:830} INFO - Processing file /home/airflow/.local/lib/python3.12/site-packages/airflow/example_dags/tutorial_taskflow_api.py for tasks to queue
[2026-06-08T20:05:23.447+0000] {logging_mixin.py:188} INFO - [2026-06-08T20:05:23.446+0000] {dagbag.py:545} INFO - Filling up the DagBag from /home/airflow/.local/lib/python3.12/site-packages/airflow/example_dags/tutorial_taskflow_api.py
[2026-06-08T20:05:23.463+0000] {processor.py:840} INFO - DAG(s) 'tutorial_taskflow_api' retrieved from /home/airflow/.local/lib/python3.12/site-packages/airflow/example_dags/tutorial_taskflow_api.py
[2026-06-08T20:05:23.554+0000] {logging_mixin.py:188} INFO - [2026-06-08T20:05:23.554+0000] {dag.py:3096} INFO - Sync 1 DAGs
[2026-06-08T20:05:23.619+0000] {logging_mixin.py:188} INFO - [2026-06-08T20:05:23.618+0000] {dag.py:3954} INFO - Setting next_dagrun for tutorial_taskflow_api to None, run_after=None
[2026-06-08T20:05:23.726+0000] {processor.py:183} INFO - Processing /home/airflow/.local/lib/python3.12/site-packages/airflow/example_dags/tutorial_taskflow_api.py took 0.323 seconds
[2026-06-08T20:05:54.518+0000] {processor.py:161} INFO - Started process (PID=331) to work on /home/airflow/.local/lib/python3.12/site-packages/airflow/example_dags/tutorial_taskflow_api.py
[2026-06-08T20:05:54.519+0000] {processor.py:830} INFO - Processing file /home/airflow/.local/lib/python3.12/site-packages/airflow/example_dags/tutorial_taskflow_api.py for tasks to queue
[2026-06-08T20:05:54.521+0000] {logging_mixin.py:188} INFO - [2026-06-08T20:05:54.520+0000] {dagbag.py:545} INFO - Filling up the DagBag from /home/airflow/.local/lib/python3.12/site-packages/airflow/example_dags/tutorial_taskflow_api.py
[2026-06-08T20:05:54.528+0000] {processor.py:840} INFO - DAG(s) 'tutorial_taskflow_api' retrieved from /home/airflow/.local/lib/python3.12/site-packages/airflow/example_dags/tutorial_taskflow_api.py
[2026-06-08T20:05:54.553+0000] {logging_mixin.py:188} INFO - [2026-06-08T20:05:54.552+0000] {dag.py:3096} INFO - Sync 1 DAGs
[2026-06-08T20:05:54.569+0000] {logging_mixin.py:188} INFO - [2026-06-08T20:05:54.569+0000] {dag.py:3954} INFO - Setting next_dagrun for tutorial_taskflow_api to None, run_after=None
[2026-06-08T20:05:54.599+0000] {processor.py:183} INFO - Processing /home/airflow/.local/lib/python3.12/site-packages/airflow/example_dags/tutorial_taskflow_api.py took 0.089 seconds
[2026-06-08T20:06:25.682+0000] {processor.py:161} INFO - Started process (PID=389) to work on /home/airflow/.local/lib/python3.12/site-packages/airflow/example_dags/tutorial_taskflow_api.py
[2026-06-08T20:06:25.683+0000] {processor.py:830} INFO - Processing file /home/airflow/.local/lib/python3.12/site-packages/airflow/example_dags/tutorial_taskflow_api.py for tasks to queue
[2026-06-08T20:06:25.685+0000] {logging_mixin.py:188} INFO - [2026-06-08T20:06:25.684+0000] {dagbag.py:545} INFO - Filling up the DagBag from /home/airflow/.local/lib/python3.12/site-packages/airflow/example_dags/tutorial_taskflow_api.py
[2026-06-08T20:06:25.692+0000] {processor.py:840} INFO - DAG(s) 'tutorial_taskflow_api' retrieved from /home/airflow/.local/lib/python3.12/site-packages/airflow/example_dags/tutorial_taskflow_api.py
[2026-06-08T20:06:25.723+0000] {logging_mixin.py:188} INFO - [2026-06-08T20:06:25.722+0000] {dag.py:3096} INFO - Sync 1 DAGs
[2026-06-08T20:06:25.758+0000] {logging_mixin.py:188} INFO - [2026-06-08T20:06:25.758+0000] {dag.py:3954} INFO - Setting next_dagrun for tutorial_taskflow_api to None, run_after=None
[2026-06-08T20:06:25.815+0000] {processor.py:183} INFO - Processing /home/airflow/.local/lib/python3.12/site-packages/airflow/example_dags/tutorial_taskflow_api.py took 0.140 seconds
[2026-06-08T20:06:56.714+0000] {processor.py:161} INFO - Started process (PID=447) to work on /home/airflow/.local/lib/python3.12/site-packages/airflow/example_dags/tutorial_taskflow_api.py
[2026-06-08T20:06:56.715+0000] {processor.py:830} INFO - Processing file /home/airflow/.local/lib/python3.12/site-packages/airflow/example_dags/tutorial_taskflow_api.py for tasks to queue
[2026-06-08T20:06:56.717+0000] {logging_mixin.py:188} INFO - [2026-06-08T20:06:56.717+0000] {dagbag.py:545} INFO - Filling up the DagBag from /home/airflow/.local/lib/python3.12/site-packages/airflow/example_dags/tutorial_taskflow_api.py
[2026-06-08T20:06:56.724+0000] {processor.py:840} INFO - DAG(s) 'tutorial_taskflow_api' retrieved from /home/airflow/.local/lib/python3.12/site-packages/airflow/example_dags/tutorial_taskflow_api.py
[2026-06-08T20:06:56.749+0000] {logging_mixin.py:188} INFO - [2026-06-08T20:06:56.748+0000] {dag.py:3096} INFO - Sync 1 DAGs
[2026-06-08T20:06:56.768+0000] {logging_mixin.py:188} INFO - [2026-06-08T20:06:56.767+0000] {dag.py:3954} INFO - Setting next_dagrun for tutorial_taskflow_api to None, run_after=None
[2026-06-08T20:06:56.790+0000] {processor.py:183} INFO - Processing /home/airflow/.local/lib/python3.12/site-packages/airflow/example_dags/tutorial_taskflow_api.py took 0.083 seconds
[2026-06-08T20:08:30.278+0000] {processor.py:161} INFO - Started process (PID=91) to work on /home/airflow/.local/lib/python3.12/site-packages/airflow/example_dags/tutorial_taskflow_api.py
[2026-06-08T20:08:30.279+0000] {processor.py:830} INFO - Processing file /home/airflow/.local/lib/python3.12/site-packages/airflow/example_dags/tutorial_taskflow_api.py for tasks to queue
[2026-06-08T20:08:30.283+0000] {logging_mixin.py:188} INFO - [2026-06-08T20:08:30.283+0000] {dagbag.py:545} INFO - Filling up the DagBag from /home/airflow/.local/lib/python3.12/site-packages/airflow/example_dags/tutorial_taskflow_api.py
[2026-06-08T20:08:30.298+0000] {processor.py:840} INFO - DAG(s) 'tutorial_taskflow_api' retrieved from /home/airflow/.local/lib/python3.12/site-packages/airflow/example_dags/tutorial_taskflow_api.py
[2026-06-08T20:08:30.681+0000] {logging_mixin.py:188} INFO - [2026-06-08T20:08:30.681+0000] {dag.py:3096} INFO - Sync 1 DAGs
[2026-06-08T20:08:30.719+0000] {logging_mixin.py:188} INFO - [2026-06-08T20:08:30.719+0000] {dag.py:3954} INFO - Setting next_dagrun for tutorial_taskflow_api to None, run_after=None
[2026-06-08T20:08:30.785+0000] {processor.py:183} INFO - Processing /home/airflow/.local/lib/python3.12/site-packages/airflow/example_dags/tutorial_taskflow_api.py took 0.524 seconds
[2026-06-08T20:09:01.683+0000] {processor.py:161} INFO - Started process (PID=149) to work on /home/airflow/.local/lib/python3.12/site-packages/airflow/example_dags/tutorial_taskflow_api.py
[2026-06-08T20:09:01.694+0000] {processor.py:830} INFO - Processing file /home/airflow/.local/lib/python3.12/site-packages/airflow/example_dags/tutorial_taskflow_api.py for tasks to queue
[2026-06-08T20:09:01.698+0000] {logging_mixin.py:188} INFO - [2026-06-08T20:09:01.698+0000] {dagbag.py:545} INFO - Filling up the DagBag from /home/airflow/.local/lib/python3.12/site-packages/airflow/example_dags/tutorial_taskflow_api.py
[2026-06-08T20:09:01.712+0000] {processor.py:840} INFO - DAG(s) 'tutorial_taskflow_api' retrieved from /home/airflow/.local/lib/python3.12/site-packages/airflow/example_dags/tutorial_taskflow_api.py
[2026-06-08T20:09:01.752+0000] {logging_mixin.py:188} INFO - [2026-06-08T20:09:01.751+0000] {dag.py:3096} INFO - Sync 1 DAGs
[2026-06-08T20:09:01.773+0000] {logging_mixin.py:188} INFO - [2026-06-08T20:09:01.772+0000] {dag.py:3954} INFO - Setting next_dagrun for tutorial_taskflow_api to None, run_after=None
[2026-06-08T20:09:01.814+0000] {processor.py:183} INFO - Processing /home/airflow/.local/lib/python3.12/site-packages/airflow/example_dags/tutorial_taskflow_api.py took 0.144 seconds
[2026-06-08T20:09:32.620+0000] {processor.py:161} INFO - Started process (PID=207) to work on /home/airflow/.local/lib/python3.12/site-packages/airflow/example_dags/tutorial_taskflow_api.py
[2026-06-08T20:09:32.621+0000] {processor.py:830} INFO - Processing file /home/airflow/.local/lib/python3.12/site-packages/airflow/example_dags/tutorial_taskflow_api.py for tasks to queue
[2026-06-08T20:09:32.623+0000] {logging_mixin.py:188} INFO - [2026-06-08T20:09:32.623+0000] {dagbag.py:545} INFO - Filling up the DagBag from /home/airflow/.local/lib/python3.12/site-packages/airflow/example_dags/tutorial_taskflow_api.py
[2026-06-08T20:09:32.630+0000] {processor.py:840} INFO - DAG(s) 'tutorial_taskflow_api' retrieved from /home/airflow/.local/lib/python3.12/site-packages/airflow/example_dags/tutorial_taskflow_api.py
[2026-06-08T20:09:32.659+0000] {logging_mixin.py:188} INFO - [2026-06-08T20:09:32.659+0000] {dag.py:3096} INFO - Sync 1 DAGs
[2026-06-08T20:09:32.683+0000] {logging_mixin.py:188} INFO - [2026-06-08T20:09:32.683+0000] {dag.py:3954} INFO - Setting next_dagrun for tutorial_taskflow_api to None, run_after=None
[2026-06-08T20:09:32.724+0000] {processor.py:183} INFO - Processing /home/airflow/.local/lib/python3.12/site-packages/airflow/example_dags/tutorial_taskflow_api.py took 0.110 seconds
[2026-06-08T20:10:02.887+0000] {processor.py:161} INFO - Started process (PID=267) to work on /home/airflow/.local/lib/python3.12/site-packages/airflow/example_dags/tutorial_taskflow_api.py
[2026-06-08T20:10:02.888+0000] {processor.py:830} INFO - Processing file /home/airflow/.local/lib/python3.12/site-packages/airflow/example_dags/tutorial_taskflow_api.py for tasks to queue
[2026-06-08T20:10:02.890+0000] {logging_mixin.py:188} INFO - [2026-06-08T20:10:02.890+0000] {dagbag.py:545} INFO - Filling up the DagBag from /home/airflow/.local/lib/python3.12/site-packages/airflow/example_dags/tutorial_taskflow_api.py
[2026-06-08T20:10:02.898+0000] {processor.py:840} INFO - DAG(s) 'tutorial_taskflow_api' retrieved from /home/airflow/.local/lib/python3.12/site-packages/airflow/example_dags/tutorial_taskflow_api.py
[2026-06-08T20:10:02.924+0000] {logging_mixin.py:188} INFO - [2026-06-08T20:10:02.924+0000] {dag.py:3096} INFO - Sync 1 DAGs
[2026-06-08T20:10:02.945+0000] {logging_mixin.py:188} INFO - [2026-06-08T20:10:02.945+0000] {dag.py:3954} INFO - Setting next_dagrun for tutorial_taskflow_api to None, run_after=None
[2026-06-08T20:10:02.975+0000] {processor.py:183} INFO - Processing /home/airflow/.local/lib/python3.12/site-packages/airflow/example_dags/tutorial_taskflow_api.py took 0.102 seconds
[2026-06-08T20:10:33.849+0000] {processor.py:161} INFO - Started process (PID=325) to work on /home/airflow/.local/lib/python3.12/site-packages/airflow/example_dags/tutorial_taskflow_api.py
[2026-06-08T20:10:33.851+0000] {processor.py:830} INFO - Processing file /home/airflow/.local/lib/python3.12/site-packages/airflow/example_dags/tutorial_taskflow_api.py for tasks to queue
[2026-06-08T20:10:33.853+0000] {logging_mixin.py:188} INFO - [2026-06-08T20:10:33.853+0000] {dagbag.py:545} INFO - Filling up the DagBag from /home/airflow/.local/lib/python3.12/site-packages/airflow/example_dags/tutorial_taskflow_api.py
[2026-06-08T20:10:33.861+0000] {processor.py:840} INFO - DAG(s) 'tutorial_taskflow_api' retrieved from /home/airflow/.local/lib/python3.12/site-packages/airflow/example_dags/tutorial_taskflow_api.py
[2026-06-08T20:10:33.888+0000] {logging_mixin.py:188} INFO - [2026-06-08T20:10:33.888+0000] {dag.py:3096} INFO - Sync 1 DAGs
[2026-06-08T20:10:33.906+0000] {logging_mixin.py:188} INFO - [2026-06-08T20:10:33.905+0000] {dag.py:3954} INFO - Setting next_dagrun for tutorial_taskflow_api to None, run_after=None
[2026-06-08T20:10:33.950+0000] {processor.py:183} INFO - Processing /home/airflow/.local/lib/python3.12/site-packages/airflow/example_dags/tutorial_taskflow_api.py took 0.107 seconds
[2026-06-08T20:11:04.398+0000] {processor.py:161} INFO - Started process (PID=383) to work on /home/airflow/.local/lib/python3.12/site-packages/airflow/example_dags/tutorial_taskflow_api.py
[2026-06-08T20:11:04.399+0000] {processor.py:830} INFO - Processing file /home/airflow/.local/lib/python3.12/site-packages/airflow/example_dags/tutorial_taskflow_api.py for tasks to queue
[2026-06-08T20:11:04.401+0000] {logging_mixin.py:188} INFO - [2026-06-08T20:11:04.401+0000] {dagbag.py:545} INFO - Filling up the DagBag from /home/airflow/.local/lib/python3.12/site-packages/airflow/example_dags/tutorial_taskflow_api.py
[2026-06-08T20:11:04.409+0000] {processor.py:840} INFO - DAG(s) 'tutorial_taskflow_api' retrieved from /home/airflow/.local/lib/python3.12/site-packages/airflow/example_dags/tutorial_taskflow_api.py
[2026-06-08T20:11:04.435+0000] {logging_mixin.py:188} INFO - [2026-06-08T20:11:04.435+0000] {dag.py:3096} INFO - Sync 1 DAGs
[2026-06-08T20:11:04.453+0000] {logging_mixin.py:188} INFO - [2026-06-08T20:11:04.453+0000] {dag.py:3954} INFO - Setting next_dagrun for tutorial_taskflow_api to None, run_after=None
[2026-06-08T20:11:04.475+0000] {processor.py:183} INFO - Processing /home/airflow/.local/lib/python3.12/site-packages/airflow/example_dags/tutorial_taskflow_api.py took 0.084 seconds
[2026-06-08T20:11:34.993+0000] {processor.py:161} INFO - Started process (PID=440) to work on /home/airflow/.local/lib/python3.12/site-packages/airflow/example_dags/tutorial_taskflow_api.py
[2026-06-08T20:11:34.994+0000] {processor.py:830} INFO - Processing file /home/airflow/.local/lib/python3.12/site-packages/airflow/example_dags/tutorial_taskflow_api.py for tasks to queue
[2026-06-08T20:11:34.996+0000] {logging_mixin.py:188} INFO - [2026-06-08T20:11:34.995+0000] {dagbag.py:545} INFO - Filling up the DagBag from /home/airflow/.local/lib/python3.12/site-packages/airflow/example_dags/tutorial_taskflow_api.py
[2026-06-08T20:11:35.003+0000] {processor.py:840} INFO - DAG(s) 'tutorial_taskflow_api' retrieved from /home/airflow/.local/lib/python3.12/site-packages/airflow/example_dags/tutorial_taskflow_api.py
[2026-06-08T20:11:35.029+0000] {logging_mixin.py:188} INFO - [2026-06-08T20:11:35.029+0000] {dag.py:3096} INFO - Sync 1 DAGs
[2026-06-08T20:11:35.047+0000] {logging_mixin.py:188} INFO - [2026-06-08T20:11:35.047+0000] {dag.py:3954} INFO - Setting next_dagrun for tutorial_taskflow_api to None, run_after=None
[2026-06-08T20:11:35.069+0000] {processor.py:183} INFO - Processing /home/airflow/.local/lib/python3.12/site-packages/airflow/example_dags/tutorial_taskflow_api.py took 0.083 seconds
[2026-06-08T20:12:06.445+0000] {processor.py:161} INFO - Started process (PID=499) to work on /home/airflow/.local/lib/python3.12/site-packages/airflow/example_dags/tutorial_taskflow_api.py
[2026-06-08T20:12:06.451+0000] {processor.py:830} INFO - Processing file /home/airflow/.local/lib/python3.12/site-packages/airflow/example_dags/tutorial_taskflow_api.py for tasks to queue
[2026-06-08T20:12:06.457+0000] {logging_mixin.py:188} INFO - [2026-06-08T20:12:06.457+0000] {dagbag.py:545} INFO - Filling up the DagBag from /home/airflow/.local/lib/python3.12/site-packages/airflow/example_dags/tutorial_taskflow_api.py
[2026-06-08T20:12:06.481+0000] {processor.py:840} INFO - DAG(s) 'tutorial_taskflow_api' retrieved from /home/airflow/.local/lib/python3.12/site-packages/airflow/example_dags/tutorial_taskflow_api.py
[2026-06-08T20:12:06.560+0000] {logging_mixin.py:188} INFO - [2026-06-08T20:12:06.560+0000] {dag.py:3096} INFO - Sync 1 DAGs
[2026-06-08T20:12:06.644+0000] {logging_mixin.py:188} INFO - [2026-06-08T20:12:06.644+0000] {dag.py:3954} INFO - Setting next_dagrun for tutorial_taskflow_api to None, run_after=None
[2026-06-08T20:12:06.765+0000] {processor.py:183} INFO - Processing /home/airflow/.local/lib/python3.12/site-packages/airflow/example_dags/tutorial_taskflow_api.py took 0.344 seconds
[2026-06-08T20:12:37.246+0000] {processor.py:161} INFO - Started process (PID=557) to work on /home/airflow/.local/lib/python3.12/site-packages/airflow/example_dags/tutorial_taskflow_api.py
[2026-06-08T20:12:37.247+0000] {processor.py:830} INFO - Processing file /home/airflow/.local/lib/python3.12/site-packages/airflow/example_dags/tutorial_taskflow_api.py for tasks to queue
[2026-06-08T20:12:37.249+0000] {logging_mixin.py:188} INFO - [2026-06-08T20:12:37.249+0000] {dagbag.py:545} INFO - Filling up the DagBag from /home/airflow/.local/lib/python3.12/site-packages/airflow/example_dags/tutorial_taskflow_api.py
[2026-06-08T20:12:37.258+0000] {processor.py:840} INFO - DAG(s) 'tutorial_taskflow_api' retrieved from /home/airflow/.local/lib/python3.12/site-packages/airflow/example_dags/tutorial_taskflow_api.py
[2026-06-08T20:12:37.286+0000] {logging_mixin.py:188} INFO - [2026-06-08T20:12:37.286+0000] {dag.py:3096} INFO - Sync 1 DAGs
[2026-06-08T20:12:37.312+0000] {logging_mixin.py:188} INFO - [2026-06-08T20:12:37.312+0000] {dag.py:3954} INFO - Setting next_dagrun for tutorial_taskflow_api to None, run_after=None
[2026-06-08T20:12:37.349+0000] {processor.py:183} INFO - Processing /home/airflow/.local/lib/python3.12/site-packages/airflow/example_dags/tutorial_taskflow_api.py took 0.111 seconds
[2026-06-08T20:13:08.971+0000] {processor.py:161} INFO - Started process (PID=615) to work on /home/airflow/.local/lib/python3.12/site-packages/airflow/example_dags/tutorial_taskflow_api.py
[2026-06-08T20:13:08.982+0000] {processor.py:830} INFO - Processing file /home/airflow/.local/lib/python3.12/site-packages/airflow/example_dags/tutorial_taskflow_api.py for tasks to queue
[2026-06-08T20:13:09.001+0000] {logging_mixin.py:188} INFO - [2026-06-08T20:13:08.995+0000] {dagbag.py:545} INFO - Filling up the DagBag from /home/airflow/.local/lib/python3.12/site-packages/airflow/example_dags/tutorial_taskflow_api.py
[2026-06-08T20:13:09.060+0000] {processor.py:840} INFO - DAG(s) 'tutorial_taskflow_api' retrieved from /home/airflow/.local/lib/python3.12/site-packages/airflow/example_dags/tutorial_taskflow_api.py
[2026-06-08T20:13:09.258+0000] {logging_mixin.py:188} INFO - [2026-06-08T20:13:09.258+0000] {dag.py:3096} INFO - Sync 1 DAGs
[2026-06-08T20:13:09.359+0000] {logging_mixin.py:188} INFO - [2026-06-08T20:13:09.358+0000] {dag.py:3954} INFO - Setting next_dagrun for tutorial_taskflow_api to None, run_after=None
[2026-06-08T20:13:09.599+0000] {processor.py:183} INFO - Processing /home/airflow/.local/lib/python3.12/site-packages/airflow/example_dags/tutorial_taskflow_api.py took 0.656 seconds
[2026-06-08T20:13:41.368+0000] {processor.py:161} INFO - Started process (PID=672) to work on /home/airflow/.local/lib/python3.12/site-packages/airflow/example_dags/tutorial_taskflow_api.py
[2026-06-08T20:13:41.370+0000] {processor.py:830} INFO - Processing file /home/airflow/.local/lib/python3.12/site-packages/airflow/example_dags/tutorial_taskflow_api.py for tasks to queue
[2026-06-08T20:13:41.374+0000] {logging_mixin.py:188} INFO - [2026-06-08T20:13:41.374+0000] {dagbag.py:545} INFO - Filling up the DagBag from /home/airflow/.local/lib/python3.12/site-packages/airflow/example_dags/tutorial_taskflow_api.py
[2026-06-08T20:13:41.388+0000] {processor.py:840} INFO - DAG(s) 'tutorial_taskflow_api' retrieved from /home/airflow/.local/lib/python3.12/site-packages/airflow/example_dags/tutorial_taskflow_api.py
[2026-06-08T20:13:41.457+0000] {logging_mixin.py:188} INFO - [2026-06-08T20:13:41.457+0000] {dag.py:3096} INFO - Sync 1 DAGs
[2026-06-08T20:13:41.514+0000] {logging_mixin.py:188} INFO - [2026-06-08T20:13:41.514+0000] {dag.py:3954} INFO - Setting next_dagrun for tutorial_taskflow_api to None, run_after=None
[2026-06-08T20:13:41.579+0000] {processor.py:183} INFO - Processing /home/airflow/.local/lib/python3.12/site-packages/airflow/example_dags/tutorial_taskflow_api.py took 0.219 seconds
[2026-06-08T20:14:11.787+0000] {processor.py:161} INFO - Started process (PID=730) to work on /home/airflow/.local/lib/python3.12/site-packages/airflow/example_dags/tutorial_taskflow_api.py
[2026-06-08T20:14:11.788+0000] {processor.py:830} INFO - Processing file /home/airflow/.local/lib/python3.12/site-packages/airflow/example_dags/tutorial_taskflow_api.py for tasks to queue
[2026-06-08T20:14:11.790+0000] {logging_mixin.py:188} INFO - [2026-06-08T20:14:11.790+0000] {dagbag.py:545} INFO - Filling up the DagBag from /home/airflow/.local/lib/python3.12/site-packages/airflow/example_dags/tutorial_taskflow_api.py
[2026-06-08T20:14:11.798+0000] {processor.py:840} INFO - DAG(s) 'tutorial_taskflow_api' retrieved from /home/airflow/.local/lib/python3.12/site-packages/airflow/example_dags/tutorial_taskflow_api.py
[2026-06-08T20:14:11.827+0000] {logging_mixin.py:188} INFO - [2026-06-08T20:14:11.827+0000] {dag.py:3096} INFO - Sync 1 DAGs
[2026-06-08T20:14:11.845+0000] {logging_mixin.py:188} INFO - [2026-06-08T20:14:11.845+0000] {dag.py:3954} INFO - Setting next_dagrun for tutorial_taskflow_api to None, run_after=None
[2026-06-08T20:14:11.870+0000] {processor.py:183} INFO - Processing /home/airflow/.local/lib/python3.12/site-packages/airflow/example_dags/tutorial_taskflow_api.py took 0.090 seconds
[2026-06-08T20:14:43.892+0000] {processor.py:161} INFO - Started process (PID=788) to work on /home/airflow/.local/lib/python3.12/site-packages/airflow/example_dags/tutorial_taskflow_api.py
[2026-06-08T20:14:43.897+0000] {processor.py:830} INFO - Processing file /home/airflow/.local/lib/python3.12/site-packages/airflow/example_dags/tutorial_taskflow_api.py for tasks to queue
[2026-06-08T20:14:43.902+0000] {logging_mixin.py:188} INFO - [2026-06-08T20:14:43.902+0000] {dagbag.py:545} INFO - Filling up the DagBag from /home/airflow/.local/lib/python3.12/site-packages/airflow/example_dags/tutorial_taskflow_api.py
[2026-06-08T20:14:43.927+0000] {processor.py:840} INFO - DAG(s) 'tutorial_taskflow_api' retrieved from /home/airflow/.local/lib/python3.12/site-packages/airflow/example_dags/tutorial_taskflow_api.py
[2026-06-08T20:14:44.018+0000] {logging_mixin.py:188} INFO - [2026-06-08T20:14:44.017+0000] {dag.py:3096} INFO - Sync 1 DAGs
[2026-06-08T20:14:44.079+0000] {logging_mixin.py:188} INFO - [2026-06-08T20:14:44.079+0000] {dag.py:3954} INFO - Setting next_dagrun for tutorial_taskflow_api to None, run_after=None
[2026-06-08T20:14:44.125+0000] {processor.py:183} INFO - Processing /home/airflow/.local/lib/python3.12/site-packages/airflow/example_dags/tutorial_taskflow_api.py took 0.262 seconds
[2026-06-08T20:15:14.274+0000] {processor.py:161} INFO - Started process (PID=846) to work on /home/airflow/.local/lib/python3.12/site-packages/airflow/example_dags/tutorial_taskflow_api.py
[2026-06-08T20:15:14.275+0000] {processor.py:830} INFO - Processing file /home/airflow/.local/lib/python3.12/site-packages/airflow/example_dags/tutorial_taskflow_api.py for tasks to queue
[2026-06-08T20:15:14.277+0000] {logging_mixin.py:188} INFO - [2026-06-08T20:15:14.277+0000] {dagbag.py:545} INFO - Filling up the DagBag from /home/airflow/.local/lib/python3.12/site-packages/airflow/example_dags/tutorial_taskflow_api.py
[2026-06-08T20:15:14.285+0000] {processor.py:840} INFO - DAG(s) 'tutorial_taskflow_api' retrieved from /home/airflow/.local/lib/python3.12/site-packages/airflow/example_dags/tutorial_taskflow_api.py
[2026-06-08T20:15:14.349+0000] {logging_mixin.py:188} INFO - [2026-06-08T20:15:14.349+0000] {dag.py:3096} INFO - Sync 1 DAGs
[2026-06-08T20:15:14.399+0000] {logging_mixin.py:188} INFO - [2026-06-08T20:15:14.398+0000] {dag.py:3954} INFO - Setting next_dagrun for tutorial_taskflow_api to None, run_after=None
[2026-06-08T20:15:14.449+0000] {processor.py:183} INFO - Processing /home/airflow/.local/lib/python3.12/site-packages/airflow/example_dags/tutorial_taskflow_api.py took 0.187 seconds
[2026-06-08T20:15:45.075+0000] {processor.py:161} INFO - Started process (PID=904) to work on /home/airflow/.local/lib/python3.12/site-packages/airflow/example_dags/tutorial_taskflow_api.py
[2026-06-08T20:15:45.076+0000] {processor.py:830} INFO - Processing file /home/airflow/.local/lib/python3.12/site-packages/airflow/example_dags/tutorial_taskflow_api.py for tasks to queue
[2026-06-08T20:15:45.078+0000] {logging_mixin.py:188} INFO - [2026-06-08T20:15:45.078+0000] {dagbag.py:545} INFO - Filling up the DagBag from /home/airflow/.local/lib/python3.12/site-packages/airflow/example_dags/tutorial_taskflow_api.py
[2026-06-08T20:15:45.087+0000] {processor.py:840} INFO - DAG(s) 'tutorial_taskflow_api' retrieved from /home/airflow/.local/lib/python3.12/site-packages/airflow/example_dags/tutorial_taskflow_api.py
[2026-06-08T20:15:45.114+0000] {logging_mixin.py:188} INFO - [2026-06-08T20:15:45.114+0000] {dag.py:3096} INFO - Sync 1 DAGs
[2026-06-08T20:15:45.133+0000] {logging_mixin.py:188} INFO - [2026-06-08T20:15:45.133+0000] {dag.py:3954} INFO - Setting next_dagrun for tutorial_taskflow_api to None, run_after=None
[2026-06-08T20:15:45.156+0000] {processor.py:183} INFO - Processing /home/airflow/.local/lib/python3.12/site-packages/airflow/example_dags/tutorial_taskflow_api.py took 0.091 seconds
[2026-06-08T20:16:15.448+0000] {processor.py:161} INFO - Started process (PID=962) to work on /home/airflow/.local/lib/python3.12/site-packages/airflow/example_dags/tutorial_taskflow_api.py
[2026-06-08T20:16:15.449+0000] {processor.py:830} INFO - Processing file /home/airflow/.local/lib/python3.12/site-packages/airflow/example_dags/tutorial_taskflow_api.py for tasks to queue
[2026-06-08T20:16:15.450+0000] {logging_mixin.py:188} INFO - [2026-06-08T20:16:15.450+0000] {dagbag.py:545} INFO - Filling up the DagBag from /home/airflow/.local/lib/python3.12/site-packages/airflow/example_dags/tutorial_taskflow_api.py
[2026-06-08T20:16:15.458+0000] {processor.py:840} INFO - DAG(s) 'tutorial_taskflow_api' retrieved from /home/airflow/.local/lib/python3.12/site-packages/airflow/example_dags/tutorial_taskflow_api.py
[2026-06-08T20:16:15.484+0000] {logging_mixin.py:188} INFO - [2026-06-08T20:16:15.484+0000] {dag.py:3096} INFO - Sync 1 DAGs
[2026-06-08T20:16:15.503+0000] {logging_mixin.py:188} INFO - [2026-06-08T20:16:15.503+0000] {dag.py:3954} INFO - Setting next_dagrun for tutorial_taskflow_api to None, run_after=None
[2026-06-08T20:16:15.526+0000] {processor.py:183} INFO - Processing /home/airflow/.local/lib/python3.12/site-packages/airflow/example_dags/tutorial_taskflow_api.py took 0.085 seconds
[2026-06-08T20:16:46.439+0000] {processor.py:161} INFO - Started process (PID=1020) to work on /home/airflow/.local/lib/python3.12/site-packages/airflow/example_dags/tutorial_taskflow_api.py
[2026-06-08T20:16:46.440+0000] {processor.py:830} INFO - Processing file /home/airflow/.local/lib/python3.12/site-packages/airflow/example_dags/tutorial_taskflow_api.py for tasks to queue
[2026-06-08T20:16:46.443+0000] {logging_mixin.py:188} INFO - [2026-06-08T20:16:46.442+0000] {dagbag.py:545} INFO - Filling up the DagBag from /home/airflow/.local/lib/python3.12/site-packages/airflow/example_dags/tutorial_taskflow_api.py
[2026-06-08T20:16:46.450+0000] {processor.py:840} INFO - DAG(s) 'tutorial_taskflow_api' retrieved from /home/airflow/.local/lib/python3.12/site-packages/airflow/example_dags/tutorial_taskflow_api.py
[2026-06-08T20:16:46.478+0000] {logging_mixin.py:188} INFO - [2026-06-08T20:16:46.478+0000] {dag.py:3096} INFO - Sync 1 DAGs
[2026-06-08T20:16:46.496+0000] {logging_mixin.py:188} INFO - [2026-06-08T20:16:46.495+0000] {dag.py:3954} INFO - Setting next_dagrun for tutorial_taskflow_api to None, run_after=None
[2026-06-08T20:16:46.523+0000] {processor.py:183} INFO - Processing /home/airflow/.local/lib/python3.12/site-packages/airflow/example_dags/tutorial_taskflow_api.py took 0.093 seconds
[2026-06-08T20:17:17.062+0000] {processor.py:161} INFO - Started process (PID=1077) to work on /home/airflow/.local/lib/python3.12/site-packages/airflow/example_dags/tutorial_taskflow_api.py
[2026-06-08T20:17:17.063+0000] {processor.py:830} INFO - Processing file /home/airflow/.local/lib/python3.12/site-packages/airflow/example_dags/tutorial_taskflow_api.py for tasks to queue
[2026-06-08T20:17:17.065+0000] {logging_mixin.py:188} INFO - [2026-06-08T20:17:17.065+0000] {dagbag.py:545} INFO - Filling up the DagBag from /home/airflow/.local/lib/python3.12/site-packages/airflow/example_dags/tutorial_taskflow_api.py
[2026-06-08T20:17:17.075+0000] {processor.py:840} INFO - DAG(s) 'tutorial_taskflow_api' retrieved from /home/airflow/.local/lib/python3.12/site-packages/airflow/example_dags/tutorial_taskflow_api.py
[2026-06-08T20:17:17.102+0000] {logging_mixin.py:188} INFO - [2026-06-08T20:17:17.101+0000] {dag.py:3096} INFO - Sync 1 DAGs
[2026-06-08T20:17:17.120+0000] {logging_mixin.py:188} INFO - [2026-06-08T20:17:17.120+0000] {dag.py:3954} INFO - Setting next_dagrun for tutorial_taskflow_api to None, run_after=None
[2026-06-08T20:17:17.145+0000] {processor.py:183} INFO - Processing /home/airflow/.local/lib/python3.12/site-packages/airflow/example_dags/tutorial_taskflow_api.py took 0.091 seconds
[2026-06-08T20:18:58.118+0000] {processor.py:161} INFO - Started process (PID=88) to work on /home/airflow/.local/lib/python3.12/site-packages/airflow/example_dags/tutorial_taskflow_api.py
[2026-06-08T20:18:58.124+0000] {processor.py:830} INFO - Processing file /home/airflow/.local/lib/python3.12/site-packages/airflow/example_dags/tutorial_taskflow_api.py for tasks to queue
[2026-06-08T20:18:58.128+0000] {logging_mixin.py:188} INFO - [2026-06-08T20:18:58.127+0000] {dagbag.py:545} INFO - Filling up the DagBag from /home/airflow/.local/lib/python3.12/site-packages/airflow/example_dags/tutorial_taskflow_api.py
[2026-06-08T20:18:58.144+0000] {processor.py:840} INFO - DAG(s) 'tutorial_taskflow_api' retrieved from /home/airflow/.local/lib/python3.12/site-packages/airflow/example_dags/tutorial_taskflow_api.py
[2026-06-08T20:18:58.411+0000] {logging_mixin.py:188} INFO - [2026-06-08T20:18:58.410+0000] {dag.py:3096} INFO - Sync 1 DAGs
[2026-06-08T20:18:58.444+0000] {logging_mixin.py:188} INFO - [2026-06-08T20:18:58.442+0000] {dag.py:3954} INFO - Setting next_dagrun for tutorial_taskflow_api to None, run_after=None
[2026-06-08T20:18:58.499+0000] {processor.py:183} INFO - Processing /home/airflow/.local/lib/python3.12/site-packages/airflow/example_dags/tutorial_taskflow_api.py took 0.402 seconds
[2026-06-08T20:19:28.671+0000] {processor.py:161} INFO - Started process (PID=147) to work on /home/airflow/.local/lib/python3.12/site-packages/airflow/example_dags/tutorial_taskflow_api.py
[2026-06-08T20:19:28.672+0000] {processor.py:830} INFO - Processing file /home/airflow/.local/lib/python3.12/site-packages/airflow/example_dags/tutorial_taskflow_api.py for tasks to queue
[2026-06-08T20:19:28.675+0000] {logging_mixin.py:188} INFO - [2026-06-08T20:19:28.674+0000] {dagbag.py:545} INFO - Filling up the DagBag from /home/airflow/.local/lib/python3.12/site-packages/airflow/example_dags/tutorial_taskflow_api.py
[2026-06-08T20:19:28.683+0000] {processor.py:840} INFO - DAG(s) 'tutorial_taskflow_api' retrieved from /home/airflow/.local/lib/python3.12/site-packages/airflow/example_dags/tutorial_taskflow_api.py
[2026-06-08T20:19:28.710+0000] {logging_mixin.py:188} INFO - [2026-06-08T20:19:28.710+0000] {dag.py:3096} INFO - Sync 1 DAGs
[2026-06-08T20:19:28.732+0000] {logging_mixin.py:188} INFO - [2026-06-08T20:19:28.732+0000] {dag.py:3954} INFO - Setting next_dagrun for tutorial_taskflow_api to None, run_after=None
[2026-06-08T20:19:28.756+0000] {processor.py:183} INFO - Processing /home/airflow/.local/lib/python3.12/site-packages/airflow/example_dags/tutorial_taskflow_api.py took 0.093 seconds
[2026-06-08T20:19:59.457+0000] {processor.py:161} INFO - Started process (PID=206) to work on /home/airflow/.local/lib/python3.12/site-packages/airflow/example_dags/tutorial_taskflow_api.py
[2026-06-08T20:19:59.462+0000] {processor.py:830} INFO - Processing file /home/airflow/.local/lib/python3.12/site-packages/airflow/example_dags/tutorial_taskflow_api.py for tasks to queue
[2026-06-08T20:19:59.470+0000] {logging_mixin.py:188} INFO - [2026-06-08T20:19:59.469+0000] {dagbag.py:545} INFO - Filling up the DagBag from /home/airflow/.local/lib/python3.12/site-packages/airflow/example_dags/tutorial_taskflow_api.py
[2026-06-08T20:19:59.495+0000] {processor.py:840} INFO - DAG(s) 'tutorial_taskflow_api' retrieved from /home/airflow/.local/lib/python3.12/site-packages/airflow/example_dags/tutorial_taskflow_api.py
[2026-06-08T20:19:59.586+0000] {logging_mixin.py:188} INFO - [2026-06-08T20:19:59.586+0000] {dag.py:3096} INFO - Sync 1 DAGs
[2026-06-08T20:19:59.632+0000] {logging_mixin.py:188} INFO - [2026-06-08T20:19:59.632+0000] {dag.py:3954} INFO - Setting next_dagrun for tutorial_taskflow_api to None, run_after=None
[2026-06-08T20:19:59.686+0000] {processor.py:183} INFO - Processing /home/airflow/.local/lib/python3.12/site-packages/airflow/example_dags/tutorial_taskflow_api.py took 0.250 seconds
[2026-06-08T20:20:29.776+0000] {processor.py:161} INFO - Started process (PID=264) to work on /home/airflow/.local/lib/python3.12/site-packages/airflow/example_dags/tutorial_taskflow_api.py
[2026-06-08T20:20:29.777+0000] {processor.py:830} INFO - Processing file /home/airflow/.local/lib/python3.12/site-packages/airflow/example_dags/tutorial_taskflow_api.py for tasks to queue
[2026-06-08T20:20:29.778+0000] {logging_mixin.py:188} INFO - [2026-06-08T20:20:29.778+0000] {dagbag.py:545} INFO - Filling up the DagBag from /home/airflow/.local/lib/python3.12/site-packages/airflow/example_dags/tutorial_taskflow_api.py
[2026-06-08T20:20:29.784+0000] {processor.py:840} INFO - DAG(s) 'tutorial_taskflow_api' retrieved from /home/airflow/.local/lib/python3.12/site-packages/airflow/example_dags/tutorial_taskflow_api.py
[2026-06-08T20:20:29.803+0000] {logging_mixin.py:188} INFO - [2026-06-08T20:20:29.802+0000] {dag.py:3096} INFO - Sync 1 DAGs
[2026-06-08T20:20:29.819+0000] {logging_mixin.py:188} INFO - [2026-06-08T20:20:29.818+0000] {dag.py:3954} INFO - Setting next_dagrun for tutorial_taskflow_api to None, run_after=None
[2026-06-08T20:20:29.860+0000] {processor.py:183} INFO - Processing /home/airflow/.local/lib/python3.12/site-packages/airflow/example_dags/tutorial_taskflow_api.py took 0.089 seconds
[2026-06-08T20:20:59.926+0000] {processor.py:161} INFO - Started process (PID=323) to work on /home/airflow/.local/lib/python3.12/site-packages/airflow/example_dags/tutorial_taskflow_api.py
[2026-06-08T20:20:59.927+0000] {processor.py:830} INFO - Processing file /home/airflow/.local/lib/python3.12/site-packages/airflow/example_dags/tutorial_taskflow_api.py for tasks to queue
[2026-06-08T20:20:59.928+0000] {logging_mixin.py:188} INFO - [2026-06-08T20:20:59.928+0000] {dagbag.py:545} INFO - Filling up the DagBag from /home/airflow/.local/lib/python3.12/site-packages/airflow/example_dags/tutorial_taskflow_api.py
[2026-06-08T20:20:59.934+0000] {processor.py:840} INFO - DAG(s) 'tutorial_taskflow_api' retrieved from /home/airflow/.local/lib/python3.12/site-packages/airflow/example_dags/tutorial_taskflow_api.py
[2026-06-08T20:20:59.953+0000] {logging_mixin.py:188} INFO - [2026-06-08T20:20:59.953+0000] {dag.py:3096} INFO - Sync 1 DAGs
[2026-06-08T20:20:59.965+0000] {logging_mixin.py:188} INFO - [2026-06-08T20:20:59.965+0000] {dag.py:3954} INFO - Setting next_dagrun for tutorial_taskflow_api to None, run_after=None
[2026-06-08T20:20:59.982+0000] {processor.py:183} INFO - Processing /home/airflow/.local/lib/python3.12/site-packages/airflow/example_dags/tutorial_taskflow_api.py took 0.062 seconds
[2026-06-08T20:21:30.492+0000] {processor.py:161} INFO - Started process (PID=381) to work on /home/airflow/.local/lib/python3.12/site-packages/airflow/example_dags/tutorial_taskflow_api.py
[2026-06-08T20:21:30.493+0000] {processor.py:830} INFO - Processing file /home/airflow/.local/lib/python3.12/site-packages/airflow/example_dags/tutorial_taskflow_api.py for tasks to queue
[2026-06-08T20:21:30.495+0000] {logging_mixin.py:188} INFO - [2026-06-08T20:21:30.494+0000] {dagbag.py:545} INFO - Filling up the DagBag from /home/airflow/.local/lib/python3.12/site-packages/airflow/example_dags/tutorial_taskflow_api.py
[2026-06-08T20:21:30.503+0000] {processor.py:840} INFO - DAG(s) 'tutorial_taskflow_api' retrieved from /home/airflow/.local/lib/python3.12/site-packages/airflow/example_dags/tutorial_taskflow_api.py
[2026-06-08T20:21:30.527+0000] {logging_mixin.py:188} INFO - [2026-06-08T20:21:30.527+0000] {dag.py:3096} INFO - Sync 1 DAGs
[2026-06-08T20:21:30.545+0000] {logging_mixin.py:188} INFO - [2026-06-08T20:21:30.545+0000] {dag.py:3954} INFO - Setting next_dagrun for tutorial_taskflow_api to None, run_after=None
[2026-06-08T20:21:30.568+0000] {processor.py:183} INFO - Processing /home/airflow/.local/lib/python3.12/site-packages/airflow/example_dags/tutorial_taskflow_api.py took 0.085 seconds
[2026-06-08T20:22:00.757+0000] {processor.py:161} INFO - Started process (PID=440) to work on /home/airflow/.local/lib/python3.12/site-packages/airflow/example_dags/tutorial_taskflow_api.py
[2026-06-08T20:22:00.758+0000] {processor.py:830} INFO - Processing file /home/airflow/.local/lib/python3.12/site-packages/airflow/example_dags/tutorial_taskflow_api.py for tasks to queue
[2026-06-08T20:22:00.760+0000] {logging_mixin.py:188} INFO - [2026-06-08T20:22:00.759+0000] {dagbag.py:545} INFO - Filling up the DagBag from /home/airflow/.local/lib/python3.12/site-packages/airflow/example_dags/tutorial_taskflow_api.py
[2026-06-08T20:22:00.768+0000] {processor.py:840} INFO - DAG(s) 'tutorial_taskflow_api' retrieved from /home/airflow/.local/lib/python3.12/site-packages/airflow/example_dags/tutorial_taskflow_api.py
[2026-06-08T20:22:00.793+0000] {logging_mixin.py:188} INFO - [2026-06-08T20:22:00.793+0000] {dag.py:3096} INFO - Sync 1 DAGs
[2026-06-08T20:22:00.810+0000] {logging_mixin.py:188} INFO - [2026-06-08T20:22:00.809+0000] {dag.py:3954} INFO - Setting next_dagrun for tutorial_taskflow_api to None, run_after=None
[2026-06-08T20:22:00.830+0000] {processor.py:183} INFO - Processing /home/airflow/.local/lib/python3.12/site-packages/airflow/example_dags/tutorial_taskflow_api.py took 0.082 seconds
[2026-06-08T20:22:31.253+0000] {processor.py:161} INFO - Started process (PID=499) to work on /home/airflow/.local/lib/python3.12/site-packages/airflow/example_dags/tutorial_taskflow_api.py
[2026-06-08T20:22:31.254+0000] {processor.py:830} INFO - Processing file /home/airflow/.local/lib/python3.12/site-packages/airflow/example_dags/tutorial_taskflow_api.py for tasks to queue
[2026-06-08T20:22:31.257+0000] {logging_mixin.py:188} INFO - [2026-06-08T20:22:31.256+0000] {dagbag.py:545} INFO - Filling up the DagBag from /home/airflow/.local/lib/python3.12/site-packages/airflow/example_dags/tutorial_taskflow_api.py
[2026-06-08T20:22:31.265+0000] {processor.py:840} INFO - DAG(s) 'tutorial_taskflow_api' retrieved from /home/airflow/.local/lib/python3.12/site-packages/airflow/example_dags/tutorial_taskflow_api.py
[2026-06-08T20:22:31.292+0000] {logging_mixin.py:188} INFO - [2026-06-08T20:22:31.292+0000] {dag.py:3096} INFO - Sync 1 DAGs
[2026-06-08T20:22:31.310+0000] {logging_mixin.py:188} INFO - [2026-06-08T20:22:31.310+0000] {dag.py:3954} INFO - Setting next_dagrun for tutorial_taskflow_api to None, run_after=None
[2026-06-08T20:22:31.334+0000] {processor.py:183} INFO - Processing /home/airflow/.local/lib/python3.12/site-packages/airflow/example_dags/tutorial_taskflow_api.py took 0.088 seconds
[2026-06-08T20:23:02.327+0000] {processor.py:161} INFO - Started process (PID=558) to work on /home/airflow/.local/lib/python3.12/site-packages/airflow/example_dags/tutorial_taskflow_api.py
[2026-06-08T20:23:02.327+0000] {processor.py:830} INFO - Processing file /home/airflow/.local/lib/python3.12/site-packages/airflow/example_dags/tutorial_taskflow_api.py for tasks to queue
[2026-06-08T20:23:02.330+0000] {logging_mixin.py:188} INFO - [2026-06-08T20:23:02.329+0000] {dagbag.py:545} INFO - Filling up the DagBag from /home/airflow/.local/lib/python3.12/site-packages/airflow/example_dags/tutorial_taskflow_api.py
[2026-06-08T20:23:02.337+0000] {processor.py:840} INFO - DAG(s) 'tutorial_taskflow_api' retrieved from /home/airflow/.local/lib/python3.12/site-packages/airflow/example_dags/tutorial_taskflow_api.py
[2026-06-08T20:23:02.363+0000] {logging_mixin.py:188} INFO - [2026-06-08T20:23:02.363+0000] {dag.py:3096} INFO - Sync 1 DAGs
[2026-06-08T20:23:02.382+0000] {logging_mixin.py:188} INFO - [2026-06-08T20:23:02.382+0000] {dag.py:3954} INFO - Setting next_dagrun for tutorial_taskflow_api to None, run_after=None
[2026-06-08T20:23:02.403+0000] {processor.py:183} INFO - Processing /home/airflow/.local/lib/python3.12/site-packages/airflow/example_dags/tutorial_taskflow_api.py took 0.084 seconds
[2026-06-08T20:23:34.525+0000] {processor.py:161} INFO - Started process (PID=617) to work on /home/airflow/.local/lib/python3.12/site-packages/airflow/example_dags/tutorial_taskflow_api.py
[2026-06-08T20:23:34.528+0000] {processor.py:830} INFO - Processing file /home/airflow/.local/lib/python3.12/site-packages/airflow/example_dags/tutorial_taskflow_api.py for tasks to queue
[2026-06-08T20:23:34.534+0000] {logging_mixin.py:188} INFO - [2026-06-08T20:23:34.534+0000] {dagbag.py:545} INFO - Filling up the DagBag from /home/airflow/.local/lib/python3.12/site-packages/airflow/example_dags/tutorial_taskflow_api.py
[2026-06-08T20:23:34.561+0000] {processor.py:840} INFO - DAG(s) 'tutorial_taskflow_api' retrieved from /home/airflow/.local/lib/python3.12/site-packages/airflow/example_dags/tutorial_taskflow_api.py
[2026-06-08T20:23:34.646+0000] {logging_mixin.py:188} INFO - [2026-06-08T20:23:34.646+0000] {dag.py:3096} INFO - Sync 1 DAGs
[2026-06-08T20:23:34.715+0000] {logging_mixin.py:188} INFO - [2026-06-08T20:23:34.711+0000] {dag.py:3954} INFO - Setting next_dagrun for tutorial_taskflow_api to None, run_after=None
[2026-06-08T20:23:34.794+0000] {processor.py:183} INFO - Processing /home/airflow/.local/lib/python3.12/site-packages/airflow/example_dags/tutorial_taskflow_api.py took 0.299 seconds
