[2026-06-10T22:17:52.427+0000] {local_task_job_runner.py:120} INFO - ::group::Pre task execution logs
[2026-06-10T22:17:52.445+0000] {taskinstance.py:2076} INFO - Dependencies all met for dep_context=non-requeueable deps ti=<TaskInstance: dag_backfill.upload_to_bronze manual__2026-06-10T22:17:23.095050+00:00 [queued]>
[2026-06-10T22:17:52.451+0000] {taskinstance.py:2076} INFO - Dependencies all met for dep_context=requeueable deps ti=<TaskInstance: dag_backfill.upload_to_bronze manual__2026-06-10T22:17:23.095050+00:00 [queued]>
[2026-06-10T22:17:52.451+0000] {taskinstance.py:2306} INFO - Starting attempt 1 of 4
[2026-06-10T22:17:52.468+0000] {taskinstance.py:2330} INFO - Executing <Task(PythonOperator): upload_to_bronze> on 2026-06-10 22:17:23.095050+00:00
[2026-06-10T22:17:52.482+0000] {warnings.py:110} WARNING - /home/***/.local/lib/python3.12/site-packages/***/task/task_runner/standard_task_runner.py:61: DeprecationWarning: This process (pid=116) is multi-threaded, use of fork() may lead to deadlocks in the child.
  pid = os.fork()

[2026-06-10T22:17:52.484+0000] {standard_task_runner.py:63} INFO - Started process 118 to run task
[2026-06-10T22:17:52.485+0000] {standard_task_runner.py:90} INFO - Running: ['***', 'tasks', 'run', 'dag_backfill', 'upload_to_bronze', 'manual__2026-06-10T22:17:23.095050+00:00', '--job-id', '11', '--raw', '--subdir', 'DAGS_FOLDER/dag_backfill.py', '--cfg-path', '/tmp/tmp7hsq7mzu']
[2026-06-10T22:17:52.489+0000] {standard_task_runner.py:91} INFO - Job 11: Subtask upload_to_bronze
[2026-06-10T22:17:52.553+0000] {task_command.py:426} INFO - Running <TaskInstance: dag_backfill.upload_to_bronze manual__2026-06-10T22:17:23.095050+00:00 [running]> on host 1fca64daf2a8
[2026-06-10T22:17:52.637+0000] {taskinstance.py:2648} INFO - Exporting env vars: AIRFLOW_CTX_DAG_OWNER='***' AIRFLOW_CTX_DAG_ID='dag_backfill' AIRFLOW_CTX_TASK_ID='upload_to_bronze' AIRFLOW_CTX_EXECUTION_DATE='2026-06-10T22:17:23.095050+00:00' AIRFLOW_CTX_TRY_NUMBER='1' AIRFLOW_CTX_DAG_RUN_ID='manual__2026-06-10T22:17:23.095050+00:00'
[2026-06-10T22:17:52.639+0000] {taskinstance.py:430} INFO - ::endgroup::
[2026-06-10T22:17:53.188+0000] {logging_mixin.py:188} INFO - Uploaded AVAXUSDT_backfill_20260610_2217.json to gs://crypto-trading-signal-pipeline/bronze/ohlcv/AVAXUSDT_backfill_20260610_2217.json
[2026-06-10T22:17:53.190+0000] {logging_mixin.py:188} INFO - Deleted staging file: AVAXUSDT_backfill_20260610_2217.json
[2026-06-10T22:17:53.418+0000] {logging_mixin.py:188} INFO - Uploaded ETHUSDT_backfill_20260610_2217.json to gs://crypto-trading-signal-pipeline/bronze/ohlcv/ETHUSDT_backfill_20260610_2217.json
[2026-06-10T22:17:53.419+0000] {logging_mixin.py:188} INFO - Deleted staging file: ETHUSDT_backfill_20260610_2217.json
[2026-06-10T22:17:53.664+0000] {logging_mixin.py:188} INFO - Uploaded ADAUSDT_backfill_20260610_2217.json to gs://crypto-trading-signal-pipeline/bronze/ohlcv/ADAUSDT_backfill_20260610_2217.json
[2026-06-10T22:17:53.665+0000] {logging_mixin.py:188} INFO - Deleted staging file: ADAUSDT_backfill_20260610_2217.json
[2026-06-10T22:17:53.884+0000] {logging_mixin.py:188} INFO - Uploaded LINKUSDT_backfill_20260610_2217.json to gs://crypto-trading-signal-pipeline/bronze/ohlcv/LINKUSDT_backfill_20260610_2217.json
[2026-06-10T22:17:53.884+0000] {logging_mixin.py:188} INFO - Deleted staging file: LINKUSDT_backfill_20260610_2217.json
[2026-06-10T22:17:54.104+0000] {logging_mixin.py:188} INFO - Uploaded BNBUSDT_backfill_20260610_2217.json to gs://crypto-trading-signal-pipeline/bronze/ohlcv/BNBUSDT_backfill_20260610_2217.json
[2026-06-10T22:17:54.105+0000] {logging_mixin.py:188} INFO - Deleted staging file: BNBUSDT_backfill_20260610_2217.json
[2026-06-10T22:17:54.308+0000] {logging_mixin.py:188} INFO - Uploaded SOLUSDT_backfill_20260610_2217.json to gs://crypto-trading-signal-pipeline/bronze/ohlcv/SOLUSDT_backfill_20260610_2217.json
[2026-06-10T22:17:54.309+0000] {logging_mixin.py:188} INFO - Deleted staging file: SOLUSDT_backfill_20260610_2217.json
[2026-06-10T22:17:54.530+0000] {logging_mixin.py:188} INFO - Uploaded LTCUSDT_backfill_20260610_2217.json to gs://crypto-trading-signal-pipeline/bronze/ohlcv/LTCUSDT_backfill_20260610_2217.json
[2026-06-10T22:17:54.531+0000] {logging_mixin.py:188} INFO - Deleted staging file: LTCUSDT_backfill_20260610_2217.json
[2026-06-10T22:17:54.731+0000] {logging_mixin.py:188} INFO - Uploaded BTCUSDT_backfill_20260610_2217.json to gs://crypto-trading-signal-pipeline/bronze/ohlcv/BTCUSDT_backfill_20260610_2217.json
[2026-06-10T22:17:54.732+0000] {logging_mixin.py:188} INFO - Deleted staging file: BTCUSDT_backfill_20260610_2217.json
[2026-06-10T22:17:54.965+0000] {logging_mixin.py:188} INFO - Uploaded DOGEUSDT_backfill_20260610_2217.json to gs://crypto-trading-signal-pipeline/bronze/ohlcv/DOGEUSDT_backfill_20260610_2217.json
[2026-06-10T22:17:54.966+0000] {logging_mixin.py:188} INFO - Deleted staging file: DOGEUSDT_backfill_20260610_2217.json
[2026-06-10T22:17:55.184+0000] {logging_mixin.py:188} INFO - Uploaded XRPUSDT_backfill_20260610_2217.json to gs://crypto-trading-signal-pipeline/bronze/ohlcv/XRPUSDT_backfill_20260610_2217.json
[2026-06-10T22:17:55.193+0000] {logging_mixin.py:188} INFO - Deleted staging file: XRPUSDT_backfill_20260610_2217.json
[2026-06-10T22:17:55.193+0000] {python.py:237} INFO - Done. Returned value was: None
[2026-06-10T22:17:55.195+0000] {taskinstance.py:441} INFO - ::group::Post task execution logs
[2026-06-10T22:17:55.233+0000] {taskinstance.py:1206} INFO - Marking task as SUCCESS. dag_id=dag_backfill, task_id=upload_to_bronze, run_id=manual__2026-06-10T22:17:23.095050+00:00, execution_date=20260610T221723, start_date=20260610T221752, end_date=20260610T221755
[2026-06-10T22:17:55.331+0000] {local_task_job_runner.py:240} INFO - Task exited with return code 0
[2026-06-10T22:17:55.434+0000] {taskinstance.py:3498} INFO - 0 downstream tasks scheduled from follow-on schedule check
[2026-06-10T22:17:55.469+0000] {local_task_job_runner.py:222} INFO - ::endgroup::
