[2026-06-12T22:10:56.775+0000] {local_task_job_runner.py:120} INFO - ::group::Pre task execution logs
[2026-06-12T22:10:56.851+0000] {taskinstance.py:2076} INFO - Dependencies all met for dep_context=non-requeueable deps ti=<TaskInstance: dag_incremental.upload_to_bronze scheduled__2026-06-12T21:00:00+00:00 [queued]>
[2026-06-12T22:10:56.879+0000] {taskinstance.py:2076} INFO - Dependencies all met for dep_context=requeueable deps ti=<TaskInstance: dag_incremental.upload_to_bronze scheduled__2026-06-12T21:00:00+00:00 [queued]>
[2026-06-12T22:10:56.880+0000] {taskinstance.py:2306} INFO - Starting attempt 1 of 4
[2026-06-12T22:10:56.914+0000] {taskinstance.py:2330} INFO - Executing <Task(PythonOperator): upload_to_bronze> on 2026-06-12 21:00:00+00:00
[2026-06-12T22:10:56.929+0000] {warnings.py:110} WARNING - /home/***/.local/lib/python3.12/site-packages/***/task/task_runner/standard_task_runner.py:61: DeprecationWarning: This process (pid=121) is multi-threaded, use of fork() may lead to deadlocks in the child.
  pid = os.fork()

[2026-06-12T22:10:56.933+0000] {standard_task_runner.py:63} INFO - Started process 123 to run task
[2026-06-12T22:10:56.933+0000] {standard_task_runner.py:90} INFO - Running: ['***', 'tasks', 'run', 'dag_incremental', 'upload_to_bronze', 'scheduled__2026-06-12T21:00:00+00:00', '--job-id', '32', '--raw', '--subdir', 'DAGS_FOLDER/dag_incremental.py', '--cfg-path', '/tmp/tmp2cdbwhqz']
[2026-06-12T22:10:56.936+0000] {standard_task_runner.py:91} INFO - Job 32: Subtask upload_to_bronze
[2026-06-12T22:10:56.998+0000] {task_command.py:426} INFO - Running <TaskInstance: dag_incremental.upload_to_bronze scheduled__2026-06-12T21:00:00+00:00 [running]> on host 1fca64daf2a8
[2026-06-12T22:10:57.122+0000] {taskinstance.py:2648} INFO - Exporting env vars: AIRFLOW_CTX_DAG_OWNER='***' AIRFLOW_CTX_DAG_ID='dag_incremental' AIRFLOW_CTX_TASK_ID='upload_to_bronze' AIRFLOW_CTX_EXECUTION_DATE='2026-06-12T21:00:00+00:00' AIRFLOW_CTX_TRY_NUMBER='1' AIRFLOW_CTX_DAG_RUN_ID='scheduled__2026-06-12T21:00:00+00:00'
[2026-06-12T22:10:57.124+0000] {taskinstance.py:430} INFO - ::endgroup::
[2026-06-12T22:10:57.347+0000] {logging_mixin.py:188} INFO - No files found in staging. Skipping.
[2026-06-12T22:10:57.347+0000] {python.py:237} INFO - Done. Returned value was: None
[2026-06-12T22:10:57.348+0000] {taskinstance.py:441} INFO - ::group::Post task execution logs
[2026-06-12T22:10:57.356+0000] {taskinstance.py:1206} INFO - Marking task as SUCCESS. dag_id=dag_incremental, task_id=upload_to_bronze, run_id=scheduled__2026-06-12T21:00:00+00:00, execution_date=20260612T210000, start_date=20260612T221056, end_date=20260612T221057
[2026-06-12T22:10:57.392+0000] {local_task_job_runner.py:240} INFO - Task exited with return code 0
[2026-06-12T22:10:57.406+0000] {taskinstance.py:3498} INFO - 0 downstream tasks scheduled from follow-on schedule check
[2026-06-12T22:10:57.408+0000] {local_task_job_runner.py:222} INFO - ::endgroup::
