[2026-06-08T20:20:24.899+0000] {local_task_job_runner.py:120} INFO - ::group::Pre task execution logs
[2026-06-08T20:20:24.925+0000] {taskinstance.py:2076} INFO - Dependencies all met for dep_context=non-requeueable deps ti=<TaskInstance: dag_binance_to_gcs.fetch_binance_data scheduled__2026-06-08T19:00:00+00:00 [queued]>
[2026-06-08T20:20:24.933+0000] {taskinstance.py:2076} INFO - Dependencies all met for dep_context=requeueable deps ti=<TaskInstance: dag_binance_to_gcs.fetch_binance_data scheduled__2026-06-08T19:00:00+00:00 [queued]>
[2026-06-08T20:20:24.933+0000] {taskinstance.py:2306} INFO - Starting attempt 1 of 4
[2026-06-08T20:20:24.948+0000] {taskinstance.py:2330} INFO - Executing <Task(PythonOperator): fetch_binance_data> on 2026-06-08 19:00:00+00:00
[2026-06-08T20:20:24.958+0000] {warnings.py:110} WARNING - /home/***/.local/lib/python3.12/site-packages/***/task/task_runner/standard_task_runner.py:61: DeprecationWarning: This process (pid=78) is multi-threaded, use of fork() may lead to deadlocks in the child.
  pid = os.fork()

[2026-06-08T20:20:24.960+0000] {standard_task_runner.py:63} INFO - Started process 80 to run task
[2026-06-08T20:20:24.960+0000] {standard_task_runner.py:90} INFO - Running: ['***', 'tasks', 'run', 'dag_binance_to_gcs', 'fetch_binance_data', 'scheduled__2026-06-08T19:00:00+00:00', '--job-id', '7', '--raw', '--subdir', 'DAGS_FOLDER/dag_binance_to_gcs.py', '--cfg-path', '/tmp/tmpqzwskldm']
[2026-06-08T20:20:24.963+0000] {standard_task_runner.py:91} INFO - Job 7: Subtask fetch_binance_data
[2026-06-08T20:20:25.005+0000] {task_command.py:426} INFO - Running <TaskInstance: dag_binance_to_gcs.fetch_binance_data scheduled__2026-06-08T19:00:00+00:00 [running]> on host 73e6e6a13a36
[2026-06-08T20:20:25.105+0000] {taskinstance.py:2648} INFO - Exporting env vars: AIRFLOW_CTX_DAG_OWNER='***' AIRFLOW_CTX_DAG_ID='dag_binance_to_gcs' AIRFLOW_CTX_TASK_ID='fetch_binance_data' AIRFLOW_CTX_EXECUTION_DATE='2026-06-08T19:00:00+00:00' AIRFLOW_CTX_TRY_NUMBER='1' AIRFLOW_CTX_DAG_RUN_ID='scheduled__2026-06-08T19:00:00+00:00'
[2026-06-08T20:20:25.108+0000] {taskinstance.py:430} INFO - ::endgroup::
[2026-06-08T20:20:25.112+0000] {warnings.py:110} WARNING - /home/***/.local/lib/python3.12/site-packages/***/utils/context.py:320: AirflowContextDeprecationWarning: Accessing 'execution_date' from the template is deprecated and will be removed in a future version. Please use 'data_interval_start' or 'logical_date' instead.
  warnings.warn(_create_deprecation_warning(k, replacements))

[2026-06-08T20:20:25.438+0000] {logging_mixin.py:188} INFO - Fetched BTCUSDT: [[1780948800000, '63372.01000000', '63432.84000000', '63160.50000000', '63222.02000000', '189.36712000', 1780952399999, '11984043.62746230', 40530, '68.44531000', '4330992.53998000', '0']]
[2026-06-08T20:20:25.773+0000] {logging_mixin.py:188} INFO - Fetched ETHUSDT: [[1780948800000, '1684.78000000', '1688.79000000', '1680.00000000', '1681.19000000', '4112.31480000', 1780952399999, '6925493.89071100', 53338, '1926.81170000', '3244434.15274700', '0']]
[2026-06-08T20:20:26.051+0000] {logging_mixin.py:188} INFO - Fetched BNBUSDT: [[1780948800000, '607.67000000', '608.19000000', '605.48000000', '606.03000000', '676.74100000', 1780952399999, '410636.50899000', 4073, '202.35700000', '122826.43326000', '0']]
[2026-06-08T20:20:26.422+0000] {logging_mixin.py:188} INFO - Fetched XRPUSDT: [[1780948800000, '1.17990000', '1.18160000', '1.16980000', '1.17010000', '2077084.10000000', 1780952399999, '2441976.36934000', 13162, '953393.10000000', '1120733.39661000', '0']]
[2026-06-08T20:20:26.590+0000] {logging_mixin.py:188} INFO - Fetched SOLUSDT: [[1780948800000, '67.46000000', '67.53000000', '66.95000000', '67.00000000', '44092.27800000', 1780952399999, '2965646.24723000', 10973, '21595.42300000', '1452806.63477000', '0']]
[2026-06-08T20:20:27.245+0000] {logging_mixin.py:188} INFO - Fetched DOGEUSDT: [[1780948800000, '0.08681000', '0.08685000', '0.08632000', '0.08640000', '3128807.00000000', 1780952399999, '270737.82926000', 5179, '1128689.00000000', '97694.81947000', '0']]
[2026-06-08T20:20:27.531+0000] {logging_mixin.py:188} INFO - Fetched AVAXUSDT: [[1780948800000, '6.82300000', '6.82500000', '6.75300000', '6.76600000', '49469.53000000', 1780952399999, '335382.26824000', 2763, '16181.00000000', '109783.14351000', '0']]
[2026-06-08T20:20:27.796+0000] {logging_mixin.py:188} INFO - Fetched LINKUSDT: [[1780948800000, '8.06300000', '8.06500000', '8.00900000', '8.01600000', '22193.95000000', 1780952399999, '178492.23855000', 1665, '9950.43000000', '80041.95096000', '0']]
[2026-06-08T20:20:28.036+0000] {logging_mixin.py:188} INFO - Fetched ADAUSDT: [[1780948800000, '0.17190000', '0.17190000', '0.16890000', '0.16920000', '2130062.60000000', 1780952399999, '362297.33861000', 2441, '662515.40000000', '112698.57752000', '0']]
[2026-06-08T20:20:28.262+0000] {logging_mixin.py:188} INFO - Fetched LTCUSDT: [[1780948800000, '43.41000000', '43.45000000', '43.16000000', '43.17000000', '3546.96000000', 1780952399999, '153683.75275000', 2570, '1788.05600000', '77476.32248000', '0']]
[2026-06-08T20:20:28.272+0000] {python.py:237} INFO - Done. Returned value was: None
[2026-06-08T20:20:28.277+0000] {taskinstance.py:441} INFO - ::group::Post task execution logs
[2026-06-08T20:20:28.316+0000] {taskinstance.py:1206} INFO - Marking task as SUCCESS. dag_id=dag_binance_to_gcs, task_id=fetch_binance_data, run_id=scheduled__2026-06-08T19:00:00+00:00, execution_date=20260608T190000, start_date=20260608T202024, end_date=20260608T202028
[2026-06-08T20:20:28.456+0000] {local_task_job_runner.py:240} INFO - Task exited with return code 0
[2026-06-08T20:20:28.521+0000] {taskinstance.py:3498} INFO - 0 downstream tasks scheduled from follow-on schedule check
[2026-06-08T20:20:28.543+0000] {local_task_job_runner.py:222} INFO - ::endgroup::
