[2026-06-09T20:29:51.057+0000] {local_task_job_runner.py:120} INFO - ::group::Pre task execution logs
[2026-06-09T20:29:51.079+0000] {taskinstance.py:2076} INFO - Dependencies all met for dep_context=non-requeueable deps ti=<TaskInstance: dag_backfill.fetch_backfill manual__2026-06-09T20:29:42.655199+00:00 [queued]>
[2026-06-09T20:29:51.085+0000] {taskinstance.py:2076} INFO - Dependencies all met for dep_context=requeueable deps ti=<TaskInstance: dag_backfill.fetch_backfill manual__2026-06-09T20:29:42.655199+00:00 [queued]>
[2026-06-09T20:29:51.085+0000] {taskinstance.py:2306} INFO - Starting attempt 1 of 4
[2026-06-09T20:29:51.095+0000] {taskinstance.py:2330} INFO - Executing <Task(PythonOperator): fetch_backfill> on 2026-06-09 20:29:42.655199+00:00
[2026-06-09T20:29:51.104+0000] {warnings.py:110} WARNING - /home/***/.local/lib/python3.12/site-packages/***/task/task_runner/standard_task_runner.py:61: DeprecationWarning: This process (pid=92) is multi-threaded, use of fork() may lead to deadlocks in the child.
  pid = os.fork()

[2026-06-09T20:29:51.105+0000] {standard_task_runner.py:63} INFO - Started process 94 to run task
[2026-06-09T20:29:51.106+0000] {standard_task_runner.py:90} INFO - Running: ['***', 'tasks', 'run', 'dag_backfill', 'fetch_backfill', 'manual__2026-06-09T20:29:42.655199+00:00', '--job-id', '3', '--raw', '--subdir', 'DAGS_FOLDER/dag_backfill.py', '--cfg-path', '/tmp/tmpem7wgu4e']
[2026-06-09T20:29:51.108+0000] {standard_task_runner.py:91} INFO - Job 3: Subtask fetch_backfill
[2026-06-09T20:29:51.173+0000] {task_command.py:426} INFO - Running <TaskInstance: dag_backfill.fetch_backfill manual__2026-06-09T20:29:42.655199+00:00 [running]> on host 7326a480c255
[2026-06-09T20:29:51.400+0000] {taskinstance.py:2648} INFO - Exporting env vars: AIRFLOW_CTX_DAG_OWNER='***' AIRFLOW_CTX_DAG_ID='dag_backfill' AIRFLOW_CTX_TASK_ID='fetch_backfill' AIRFLOW_CTX_EXECUTION_DATE='2026-06-09T20:29:42.655199+00:00' AIRFLOW_CTX_TRY_NUMBER='1' AIRFLOW_CTX_DAG_RUN_ID='manual__2026-06-09T20:29:42.655199+00:00'
[2026-06-09T20:29:51.405+0000] {taskinstance.py:430} INFO - ::endgroup::
[2026-06-09T20:29:51.805+0000] {logging_mixin.py:188} INFO - BTCUSDT: fetched 1000 candles so far
[2026-06-09T20:29:52.246+0000] {logging_mixin.py:188} INFO - BTCUSDT: fetched 2000 candles so far
[2026-06-09T20:29:52.380+0000] {logging_mixin.py:188} INFO - BTCUSDT: fetched 3000 candles so far
[2026-06-09T20:29:52.516+0000] {logging_mixin.py:188} INFO - BTCUSDT: fetched 4000 candles so far
[2026-06-09T20:29:52.651+0000] {logging_mixin.py:188} INFO - BTCUSDT: fetched 5000 candles so far
[2026-06-09T20:29:53.293+0000] {logging_mixin.py:188} INFO - BTCUSDT: fetched 6000 candles so far
[2026-06-09T20:29:53.548+0000] {logging_mixin.py:188} INFO - BTCUSDT: fetched 7000 candles so far
[2026-06-09T20:29:53.835+0000] {logging_mixin.py:188} INFO - BTCUSDT: fetched 8000 candles so far
[2026-06-09T20:29:54.034+0000] {logging_mixin.py:188} INFO - BTCUSDT: fetched 8760 candles so far
[2026-06-09T20:29:54.118+0000] {logging_mixin.py:188} INFO - BTCUSDT: total 8760 candles saved
[2026-06-09T20:29:54.530+0000] {logging_mixin.py:188} INFO - ETHUSDT: fetched 1000 candles so far
[2026-06-09T20:29:54.852+0000] {logging_mixin.py:188} INFO - ETHUSDT: fetched 2000 candles so far
[2026-06-09T20:29:54.995+0000] {logging_mixin.py:188} INFO - ETHUSDT: fetched 3000 candles so far
[2026-06-09T20:29:55.120+0000] {logging_mixin.py:188} INFO - ETHUSDT: fetched 4000 candles so far
[2026-06-09T20:29:55.268+0000] {logging_mixin.py:188} INFO - ETHUSDT: fetched 5000 candles so far
[2026-06-09T20:29:55.396+0000] {logging_mixin.py:188} INFO - ETHUSDT: fetched 6000 candles so far
[2026-06-09T20:29:55.520+0000] {logging_mixin.py:188} INFO - ETHUSDT: fetched 7000 candles so far
[2026-06-09T20:29:55.642+0000] {logging_mixin.py:188} INFO - ETHUSDT: fetched 8000 candles so far
[2026-06-09T20:29:55.822+0000] {logging_mixin.py:188} INFO - ETHUSDT: fetched 8760 candles so far
[2026-06-09T20:29:55.891+0000] {logging_mixin.py:188} INFO - ETHUSDT: total 8760 candles saved
[2026-06-09T20:29:56.042+0000] {logging_mixin.py:188} INFO - BNBUSDT: fetched 1000 candles so far
[2026-06-09T20:29:56.170+0000] {logging_mixin.py:188} INFO - BNBUSDT: fetched 2000 candles so far
[2026-06-09T20:29:56.361+0000] {logging_mixin.py:188} INFO - BNBUSDT: fetched 3000 candles so far
[2026-06-09T20:29:56.493+0000] {logging_mixin.py:188} INFO - BNBUSDT: fetched 4000 candles so far
[2026-06-09T20:29:56.617+0000] {logging_mixin.py:188} INFO - BNBUSDT: fetched 5000 candles so far
[2026-06-09T20:29:56.746+0000] {logging_mixin.py:188} INFO - BNBUSDT: fetched 6000 candles so far
[2026-06-09T20:29:56.878+0000] {logging_mixin.py:188} INFO - BNBUSDT: fetched 7000 candles so far
[2026-06-09T20:29:57.117+0000] {logging_mixin.py:188} INFO - BNBUSDT: fetched 8000 candles so far
[2026-06-09T20:29:57.287+0000] {logging_mixin.py:188} INFO - BNBUSDT: fetched 8760 candles so far
[2026-06-09T20:29:57.695+0000] {logging_mixin.py:188} INFO - BNBUSDT: total 8760 candles saved
[2026-06-09T20:29:58.059+0000] {logging_mixin.py:188} INFO - XRPUSDT: fetched 1000 candles so far
[2026-06-09T20:29:58.488+0000] {logging_mixin.py:188} INFO - XRPUSDT: fetched 2000 candles so far
[2026-06-09T20:29:58.960+0000] {logging_mixin.py:188} INFO - XRPUSDT: fetched 3000 candles so far
[2026-06-09T20:29:59.167+0000] {logging_mixin.py:188} INFO - XRPUSDT: fetched 4000 candles so far
[2026-06-09T20:29:59.652+0000] {logging_mixin.py:188} INFO - XRPUSDT: fetched 5000 candles so far
[2026-06-09T20:29:59.794+0000] {logging_mixin.py:188} INFO - XRPUSDT: fetched 6000 candles so far
[2026-06-09T20:30:00.013+0000] {logging_mixin.py:188} INFO - XRPUSDT: fetched 7000 candles so far
[2026-06-09T20:30:00.145+0000] {logging_mixin.py:188} INFO - XRPUSDT: fetched 8000 candles so far
[2026-06-09T20:30:00.263+0000] {logging_mixin.py:188} INFO - XRPUSDT: fetched 8760 candles so far
[2026-06-09T20:30:00.306+0000] {logging_mixin.py:188} INFO - XRPUSDT: total 8760 candles saved
[2026-06-09T20:30:00.842+0000] {logging_mixin.py:188} INFO - SOLUSDT: fetched 1000 candles so far
[2026-06-09T20:30:01.484+0000] {logging_mixin.py:188} INFO - SOLUSDT: fetched 2000 candles so far
[2026-06-09T20:30:02.310+0000] {logging_mixin.py:188} INFO - SOLUSDT: fetched 3000 candles so far
[2026-06-09T20:30:02.971+0000] {logging_mixin.py:188} INFO - SOLUSDT: fetched 4000 candles so far
[2026-06-09T20:30:03.434+0000] {logging_mixin.py:188} INFO - SOLUSDT: fetched 5000 candles so far
[2026-06-09T20:30:03.829+0000] {logging_mixin.py:188} INFO - SOLUSDT: fetched 6000 candles so far
[2026-06-09T20:30:04.063+0000] {logging_mixin.py:188} INFO - SOLUSDT: fetched 7000 candles so far
[2026-06-09T20:30:04.276+0000] {logging_mixin.py:188} INFO - SOLUSDT: fetched 8000 candles so far
[2026-06-09T20:30:04.452+0000] {logging_mixin.py:188} INFO - SOLUSDT: fetched 8760 candles so far
[2026-06-09T20:30:04.541+0000] {logging_mixin.py:188} INFO - SOLUSDT: total 8760 candles saved
[2026-06-09T20:30:04.699+0000] {logging_mixin.py:188} INFO - DOGEUSDT: fetched 1000 candles so far
[2026-06-09T20:30:04.826+0000] {logging_mixin.py:188} INFO - DOGEUSDT: fetched 2000 candles so far
[2026-06-09T20:30:04.969+0000] {logging_mixin.py:188} INFO - DOGEUSDT: fetched 3000 candles so far
[2026-06-09T20:30:05.276+0000] {logging_mixin.py:188} INFO - DOGEUSDT: fetched 4000 candles so far
[2026-06-09T20:30:05.457+0000] {logging_mixin.py:188} INFO - DOGEUSDT: fetched 5000 candles so far
[2026-06-09T20:30:05.581+0000] {logging_mixin.py:188} INFO - DOGEUSDT: fetched 6000 candles so far
[2026-06-09T20:30:05.715+0000] {logging_mixin.py:188} INFO - DOGEUSDT: fetched 7000 candles so far
[2026-06-09T20:30:06.021+0000] {logging_mixin.py:188} INFO - DOGEUSDT: fetched 8000 candles so far
[2026-06-09T20:30:06.263+0000] {logging_mixin.py:188} INFO - DOGEUSDT: fetched 8760 candles so far
[2026-06-09T20:30:06.304+0000] {logging_mixin.py:188} INFO - DOGEUSDT: total 8760 candles saved
[2026-06-09T20:30:06.600+0000] {logging_mixin.py:188} INFO - AVAXUSDT: fetched 1000 candles so far
[2026-06-09T20:30:06.726+0000] {logging_mixin.py:188} INFO - AVAXUSDT: fetched 2000 candles so far
[2026-06-09T20:30:06.856+0000] {logging_mixin.py:188} INFO - AVAXUSDT: fetched 3000 candles so far
[2026-06-09T20:30:06.980+0000] {logging_mixin.py:188} INFO - AVAXUSDT: fetched 4000 candles so far
[2026-06-09T20:30:07.249+0000] {logging_mixin.py:188} INFO - AVAXUSDT: fetched 5000 candles so far
[2026-06-09T20:30:07.398+0000] {logging_mixin.py:188} INFO - AVAXUSDT: fetched 6000 candles so far
[2026-06-09T20:30:07.659+0000] {logging_mixin.py:188} INFO - AVAXUSDT: fetched 7000 candles so far
[2026-06-09T20:30:07.782+0000] {logging_mixin.py:188} INFO - AVAXUSDT: fetched 8000 candles so far
[2026-06-09T20:30:08.016+0000] {logging_mixin.py:188} INFO - AVAXUSDT: fetched 8760 candles so far
[2026-06-09T20:30:08.130+0000] {logging_mixin.py:188} INFO - AVAXUSDT: total 8760 candles saved
[2026-06-09T20:30:08.356+0000] {logging_mixin.py:188} INFO - LINKUSDT: fetched 1000 candles so far
[2026-06-09T20:30:08.645+0000] {logging_mixin.py:188} INFO - LINKUSDT: fetched 2000 candles so far
[2026-06-09T20:30:08.917+0000] {logging_mixin.py:188} INFO - LINKUSDT: fetched 3000 candles so far
[2026-06-09T20:30:09.041+0000] {logging_mixin.py:188} INFO - LINKUSDT: fetched 4000 candles so far
[2026-06-09T20:30:09.259+0000] {logging_mixin.py:188} INFO - LINKUSDT: fetched 5000 candles so far
[2026-06-09T20:30:09.428+0000] {logging_mixin.py:188} INFO - LINKUSDT: fetched 6000 candles so far
[2026-06-09T20:30:09.629+0000] {logging_mixin.py:188} INFO - LINKUSDT: fetched 7000 candles so far
[2026-06-09T20:30:09.840+0000] {logging_mixin.py:188} INFO - LINKUSDT: fetched 8000 candles so far
[2026-06-09T20:30:09.969+0000] {logging_mixin.py:188} INFO - LINKUSDT: fetched 8760 candles so far
[2026-06-09T20:30:10.064+0000] {logging_mixin.py:188} INFO - LINKUSDT: total 8760 candles saved
[2026-06-09T20:30:10.262+0000] {logging_mixin.py:188} INFO - ADAUSDT: fetched 1000 candles so far
[2026-06-09T20:30:10.503+0000] {logging_mixin.py:188} INFO - ADAUSDT: fetched 2000 candles so far
[2026-06-09T20:30:10.629+0000] {logging_mixin.py:188} INFO - ADAUSDT: fetched 3000 candles so far
[2026-06-09T20:30:10.885+0000] {logging_mixin.py:188} INFO - ADAUSDT: fetched 4000 candles so far
[2026-06-09T20:30:11.011+0000] {logging_mixin.py:188} INFO - ADAUSDT: fetched 5000 candles so far
[2026-06-09T20:30:11.279+0000] {logging_mixin.py:188} INFO - ADAUSDT: fetched 6000 candles so far
[2026-06-09T20:30:11.406+0000] {logging_mixin.py:188} INFO - ADAUSDT: fetched 7000 candles so far
[2026-06-09T20:30:11.536+0000] {logging_mixin.py:188} INFO - ADAUSDT: fetched 8000 candles so far
[2026-06-09T20:30:11.655+0000] {logging_mixin.py:188} INFO - ADAUSDT: fetched 8760 candles so far
[2026-06-09T20:30:11.699+0000] {logging_mixin.py:188} INFO - ADAUSDT: total 8760 candles saved
[2026-06-09T20:30:11.835+0000] {logging_mixin.py:188} INFO - LTCUSDT: fetched 1000 candles so far
[2026-06-09T20:30:12.018+0000] {logging_mixin.py:188} INFO - LTCUSDT: fetched 2000 candles so far
[2026-06-09T20:30:12.184+0000] {logging_mixin.py:188} INFO - LTCUSDT: fetched 3000 candles so far
[2026-06-09T20:30:12.384+0000] {logging_mixin.py:188} INFO - LTCUSDT: fetched 4000 candles so far
[2026-06-09T20:30:12.509+0000] {logging_mixin.py:188} INFO - LTCUSDT: fetched 5000 candles so far
[2026-06-09T20:30:12.636+0000] {logging_mixin.py:188} INFO - LTCUSDT: fetched 6000 candles so far
[2026-06-09T20:30:12.838+0000] {logging_mixin.py:188} INFO - LTCUSDT: fetched 7000 candles so far
[2026-06-09T20:30:12.963+0000] {logging_mixin.py:188} INFO - LTCUSDT: fetched 8000 candles so far
[2026-06-09T20:30:13.085+0000] {logging_mixin.py:188} INFO - LTCUSDT: fetched 8760 candles so far
[2026-06-09T20:30:13.129+0000] {logging_mixin.py:188} INFO - LTCUSDT: total 8760 candles saved
[2026-06-09T20:30:13.132+0000] {python.py:237} INFO - Done. Returned value was: None
[2026-06-09T20:30:13.132+0000] {taskinstance.py:441} INFO - ::group::Post task execution logs
[2026-06-09T20:30:13.141+0000] {taskinstance.py:1206} INFO - Marking task as SUCCESS. dag_id=dag_backfill, task_id=fetch_backfill, run_id=manual__2026-06-09T20:29:42.655199+00:00, execution_date=20260609T202942, start_date=20260609T202951, end_date=20260609T203013
[2026-06-09T20:30:13.178+0000] {local_task_job_runner.py:240} INFO - Task exited with return code 0
[2026-06-09T20:30:13.197+0000] {taskinstance.py:3498} INFO - 0 downstream tasks scheduled from follow-on schedule check
[2026-06-09T20:30:13.199+0000] {local_task_job_runner.py:222} INFO - ::endgroup::
