[2026-06-12T22:10:44.682+0000] {local_task_job_runner.py:120} INFO - ::group::Pre task execution logs
[2026-06-12T22:10:44.740+0000] {taskinstance.py:2076} INFO - Dependencies all met for dep_context=non-requeueable deps ti=<TaskInstance: dag_incremental.fetch_incremental scheduled__2026-06-12T21:00:00+00:00 [queued]>
[2026-06-12T22:10:44.760+0000] {taskinstance.py:2076} INFO - Dependencies all met for dep_context=requeueable deps ti=<TaskInstance: dag_incremental.fetch_incremental scheduled__2026-06-12T21:00:00+00:00 [queued]>
[2026-06-12T22:10:44.761+0000] {taskinstance.py:2306} INFO - Starting attempt 2 of 4
[2026-06-12T22:10:44.821+0000] {taskinstance.py:2330} INFO - Executing <Task(PythonOperator): fetch_incremental> on 2026-06-12 21:00:00+00:00
[2026-06-12T22:10:44.856+0000] {warnings.py:110} WARNING - /home/***/.local/lib/python3.12/site-packages/***/task/task_runner/standard_task_runner.py:61: DeprecationWarning: This process (pid=108) is multi-threaded, use of fork() may lead to deadlocks in the child.
  pid = os.fork()

[2026-06-12T22:10:44.864+0000] {standard_task_runner.py:63} INFO - Started process 110 to run task
[2026-06-12T22:10:44.861+0000] {standard_task_runner.py:90} INFO - Running: ['***', 'tasks', 'run', 'dag_incremental', 'fetch_incremental', 'scheduled__2026-06-12T21:00:00+00:00', '--job-id', '31', '--raw', '--subdir', 'DAGS_FOLDER/dag_incremental.py', '--cfg-path', '/tmp/tmpi596qvgs']
[2026-06-12T22:10:44.866+0000] {standard_task_runner.py:91} INFO - Job 31: Subtask fetch_incremental
[2026-06-12T22:10:44.964+0000] {task_command.py:426} INFO - Running <TaskInstance: dag_incremental.fetch_incremental scheduled__2026-06-12T21:00:00+00:00 [running]> on host 1fca64daf2a8
[2026-06-12T22:10:45.092+0000] {taskinstance.py:2648} INFO - Exporting env vars: AIRFLOW_CTX_DAG_OWNER='***' AIRFLOW_CTX_DAG_ID='dag_incremental' AIRFLOW_CTX_TASK_ID='fetch_incremental' AIRFLOW_CTX_EXECUTION_DATE='2026-06-12T21:00:00+00:00' AIRFLOW_CTX_TRY_NUMBER='2' AIRFLOW_CTX_DAG_RUN_ID='scheduled__2026-06-12T21:00:00+00:00'
[2026-06-12T22:10:45.097+0000] {taskinstance.py:430} INFO - ::endgroup::
[2026-06-12T22:10:45.936+0000] {logging_mixin.py:188} INFO - BTCUSDT: resuming from 2026-06-12 23:00:00
[2026-06-12T22:10:45.937+0000] {logging_mixin.py:188} INFO - BTCUSDT: already up to date, skipping
[2026-06-12T22:10:46.361+0000] {logging_mixin.py:188} INFO - ETHUSDT: resuming from 2026-06-12 23:00:00
[2026-06-12T22:10:46.362+0000] {logging_mixin.py:188} INFO - ETHUSDT: already up to date, skipping
[2026-06-12T22:10:46.808+0000] {logging_mixin.py:188} INFO - BNBUSDT: resuming from 2026-06-12 23:00:00
[2026-06-12T22:10:46.808+0000] {logging_mixin.py:188} INFO - BNBUSDT: already up to date, skipping
[2026-06-12T22:10:47.423+0000] {logging_mixin.py:188} INFO - XRPUSDT: resuming from 2026-06-12 23:00:00
[2026-06-12T22:10:47.426+0000] {logging_mixin.py:188} INFO - XRPUSDT: already up to date, skipping
[2026-06-12T22:10:48.045+0000] {logging_mixin.py:188} INFO - SOLUSDT: resuming from 2026-06-12 23:00:00
[2026-06-12T22:10:48.051+0000] {logging_mixin.py:188} INFO - SOLUSDT: already up to date, skipping
[2026-06-12T22:10:48.484+0000] {logging_mixin.py:188} INFO - DOGEUSDT: resuming from 2026-06-12 23:00:00
[2026-06-12T22:10:48.493+0000] {logging_mixin.py:188} INFO - DOGEUSDT: already up to date, skipping
[2026-06-12T22:10:48.939+0000] {logging_mixin.py:188} INFO - AVAXUSDT: resuming from 2026-06-12 23:00:00
[2026-06-12T22:10:48.945+0000] {logging_mixin.py:188} INFO - AVAXUSDT: already up to date, skipping
[2026-06-12T22:10:49.355+0000] {logging_mixin.py:188} INFO - LINKUSDT: resuming from 2026-06-12 23:00:00
[2026-06-12T22:10:49.362+0000] {logging_mixin.py:188} INFO - LINKUSDT: already up to date, skipping
[2026-06-12T22:10:49.789+0000] {logging_mixin.py:188} INFO - ADAUSDT: resuming from 2026-06-12 23:00:00
[2026-06-12T22:10:49.791+0000] {logging_mixin.py:188} INFO - ADAUSDT: already up to date, skipping
[2026-06-12T22:10:50.219+0000] {logging_mixin.py:188} INFO - LTCUSDT: resuming from 2026-06-12 23:00:00
[2026-06-12T22:10:50.220+0000] {logging_mixin.py:188} INFO - LTCUSDT: already up to date, skipping
[2026-06-12T22:10:50.221+0000] {python.py:237} INFO - Done. Returned value was: None
[2026-06-12T22:10:50.223+0000] {taskinstance.py:441} INFO - ::group::Post task execution logs
[2026-06-12T22:10:50.267+0000] {taskinstance.py:1206} INFO - Marking task as SUCCESS. dag_id=dag_incremental, task_id=fetch_incremental, run_id=scheduled__2026-06-12T21:00:00+00:00, execution_date=20260612T210000, start_date=20260612T221044, end_date=20260612T221050
[2026-06-12T22:10:50.377+0000] {local_task_job_runner.py:240} INFO - Task exited with return code 0
[2026-06-12T22:10:50.476+0000] {taskinstance.py:3498} INFO - 0 downstream tasks scheduled from follow-on schedule check
[2026-06-12T22:10:50.482+0000] {local_task_job_runner.py:222} INFO - ::endgroup::
